Archive member included to satisfy reference by file (symbol)

C:\Users\Erik\code\SDL2-2.32.10\x86_64-w64-mingw32\lib/libSDL2.dll.a(SDL2_dll_d000678.o)
                              exotique.o (SDL_UpdateTexture)
C:\Users\Erik\code\SDL2-2.32.10\x86_64-w64-mingw32\lib/libSDL2.dll.a(SDL2_dll_d000652.o)
                              exotique.o (SDL_ShowCursor)
C:\Users\Erik\code\SDL2-2.32.10\x86_64-w64-mingw32\lib/libSDL2.dll.a(SDL2_dll_d000558.o)
                              exotique.o (SDL_RenderSetLogicalSize)
C:\Users\Erik\code\SDL2-2.32.10\x86_64-w64-mingw32\lib/libSDL2.dll.a(SDL2_dll_d000557.o)
                              exotique.o (SDL_RenderSetIntegerScale)
C:\Users\Erik\code\SDL2-2.32.10\x86_64-w64-mingw32\lib/libSDL2.dll.a(SDL2_dll_d000554.o)
                              exotique.o (SDL_RenderPresent)
C:\Users\Erik\code\SDL2-2.32.10\x86_64-w64-mingw32\lib/libSDL2.dll.a(SDL2_dll_d000518.o)
                              exotique.o (SDL_RenderCopy)
C:\Users\Erik\code\SDL2-2.32.10\x86_64-w64-mingw32\lib/libSDL2.dll.a(SDL2_dll_d000517.o)
                              exotique.o (SDL_RenderClear)
C:\Users\Erik\code\SDL2-2.32.10\x86_64-w64-mingw32\lib/libSDL2.dll.a(SDL2_dll_d000493.o)
                              exotique.o (SDL_Quit)
C:\Users\Erik\code\SDL2-2.32.10\x86_64-w64-mingw32\lib/libSDL2.dll.a(SDL2_dll_d000489.o)
                              exotique.o (SDL_PumpEvents)
C:\Users\Erik\code\SDL2-2.32.10\x86_64-w64-mingw32\lib/libSDL2.dll.a(SDL2_dll_d000487.o)
                              exotique.o (SDL_PollEvent)
C:\Users\Erik\code\SDL2-2.32.10\x86_64-w64-mingw32\lib/libSDL2.dll.a(SDL2_dll_d000453.o)
                              exotique.o (SDL_LogWarn)
C:\Users\Erik\code\SDL2-2.32.10\x86_64-w64-mingw32\lib/libSDL2.dll.a(SDL2_dll_d000449.o)
                              exotique.o (SDL_LogSetAllPriority)
C:\Users\Erik\code\SDL2-2.32.10\x86_64-w64-mingw32\lib/libSDL2.dll.a(SDL2_dll_d000445.o)
                              exotique.o (SDL_LogInfo)
C:\Users\Erik\code\SDL2-2.32.10\x86_64-w64-mingw32\lib/libSDL2.dll.a(SDL2_dll_d000440.o)
                              exotique.o (SDL_LogCritical)
C:\Users\Erik\code\SDL2-2.32.10\x86_64-w64-mingw32\lib/libSDL2.dll.a(SDL2_dll_d000356.o)
                              exotique.o (SDL_Init)
C:\Users\Erik\code\SDL2-2.32.10\x86_64-w64-mingw32\lib/libSDL2.dll.a(SDL2_dll_d000269.o)
                              exotique.o (SDL_GetTicks64)
C:\Users\Erik\code\SDL2-2.32.10\x86_64-w64-mingw32\lib/libSDL2.dll.a(SDL2_dll_d000218.o)
                              exotique.o (SDL_GetMouseState)
C:\Users\Erik\code\SDL2-2.32.10\x86_64-w64-mingw32\lib/libSDL2.dll.a(SDL2_dll_d000214.o)
                              exotique.o (SDL_GetKeyboardState)
C:\Users\Erik\code\SDL2-2.32.10\x86_64-w64-mingw32\lib/libSDL2.dll.a(SDL2_dll_d000202.o)
                              exotique.o (SDL_GetError)
C:\Users\Erik\code\SDL2-2.32.10\x86_64-w64-mingw32\lib/libSDL2.dll.a(SDL2_dll_d000163.o)
                              exotique.o (SDL_GameControllerOpen)
C:\Users\Erik\code\SDL2-2.32.10\x86_64-w64-mingw32\lib/libSDL2.dll.a(SDL2_dll_d000130.o)
                              exotique.o (SDL_GameControllerGetButton)
C:\Users\Erik\code\SDL2-2.32.10\x86_64-w64-mingw32\lib/libSDL2.dll.a(SDL2_dll_d000126.o)
                              exotique.o (SDL_GameControllerGetAxis)
C:\Users\Erik\code\SDL2-2.32.10\x86_64-w64-mingw32\lib/libSDL2.dll.a(SDL2_dll_d000121.o)
                              exotique.o (SDL_GameControllerFromInstanceID)
C:\Users\Erik\code\SDL2-2.32.10\x86_64-w64-mingw32\lib/libSDL2.dll.a(SDL2_dll_d000119.o)
                              exotique.o (SDL_GameControllerClose)
C:\Users\Erik\code\SDL2-2.32.10\x86_64-w64-mingw32\lib/libSDL2.dll.a(SDL2_dll_d000073.o)
                              exotique.o (SDL_DestroyWindow)
C:\Users\Erik\code\SDL2-2.32.10\x86_64-w64-mingw32\lib/libSDL2.dll.a(SDL2_dll_d000072.o)
                              exotique.o (SDL_DestroyTexture)
C:\Users\Erik\code\SDL2-2.32.10\x86_64-w64-mingw32\lib/libSDL2.dll.a(SDL2_dll_d000070.o)
                              exotique.o (SDL_DestroyRenderer)
C:\Users\Erik\code\SDL2-2.32.10\x86_64-w64-mingw32\lib/libSDL2.dll.a(SDL2_dll_d000059.o)
                              exotique.o (SDL_CreateWindow)
C:\Users\Erik\code\SDL2-2.32.10\x86_64-w64-mingw32\lib/libSDL2.dll.a(SDL2_dll_d000055.o)
                              exotique.o (SDL_CreateTexture)
C:\Users\Erik\code\SDL2-2.32.10\x86_64-w64-mingw32\lib/libSDL2.dll.a(SDL2_dll_d000050.o)
                              exotique.o (SDL_CreateRenderer)
C:\Users\Erik\code\SDL2-2.32.10\x86_64-w64-mingw32\lib/libSDL2.dll.a(SDL2_dll_d000000.o)
                              C:\Users\Erik\code\SDL2-2.32.10\x86_64-w64-mingw32\lib/libSDL2.dll.a(SDL2_dll_d000678.o) (_head_SDL2_dll)
C:\Users\Erik\code\SDL2-2.32.10\x86_64-w64-mingw32\lib/libSDL2.dll.a(SDL2_dll_d000846.o)
[...]
Memory Configuration

Name             Origin             Length             Attributes
*default*        0x0000000000000000 0xffffffffffffffff

Linker script and memory map

                0x0000000140000000                __image_base__ = 0x140000000
                0x0000000000000000                __dll__ = 0x0
                0x0000000140000000                __ImageBase = 0x140000000
                0x0000000000001000                __section_alignment__ = 0x1000
                0x0000000000000200                __file_alignment__ = 0x200
                0x0000000000000004                __major_os_version__ = 0x4
                0x0000000000000000                __minor_os_version__ = 0x0
                0x0000000000000000                __major_image_version__ = 0x0
                0x0000000000000000                __minor_image_version__ = 0x0
                0x0000000000000005                __major_subsystem_version__ = 0x5
                0x0000000000000002                __minor_subsystem_version__ = 0x2
                0x0000000000000003                __subsystem__ = 0x3
                0x0000000000200000                __size_of_stack_reserve__ = 0x200000
                0x0000000000001000                __size_of_stack_commit__ = 0x1000
                0x0000000000100000                __size_of_heap_reserve__ = 0x100000
                0x0000000000001000                __size_of_heap_commit__ = 0x1000
                0x0000000000000000                __loader_flags__ = 0x0
                0x0000000000000160                __dll_characteristics__ = 0x160
LOAD C:/msys64/ucrt64/bin/../lib/gcc/x86_64-w64-mingw32/13.1.0/../../../../lib/crt2.o
LOAD C:/msys64/ucrt64/bin/../lib/gcc/x86_64-w64-mingw32/13.1.0/crtbegin.o
LOAD exotique.o
LOAD mahjong.o
LOAD C:\Users\Erik\code\SDL2-2.32.10\x86_64-w64-mingw32\lib/libSDL2.dll.a
LOAD C:/msys64/ucrt64/bin/../lib/gcc/x86_64-w64-mingw32/13.1.0/../../../../lib/libmingw32.a
LOAD C:/msys64/ucrt64/bin/../lib/gcc/x86_64-w64-mingw32/13.1.0/libgcc.a
LOAD C:/msys64/ucrt64/bin/../lib/gcc/x86_64-w64-mingw32/13.1.0/libgcc_eh.a
LOAD C:/msys64/ucrt64/bin/../lib/gcc/x86_64-w64-mingw32/13.1.0/../../../../lib/libmoldname.a
LOAD C:/msys64/ucrt64/bin/../lib/gcc/x86_64-w64-mingw32/13.1.0/../../../../lib/libmingwex.a
LOAD C:/msys64/ucrt64/bin/../lib/gcc/x86_64-w64-mingw32/13.1.0/../../../../lib/libmsvcrt.a
LOAD C:/msys64/ucrt64/bin/../lib/gcc/x86_64-w64-mingw32/13.1.0/../../../../lib/libkernel32.a
LOAD C:/msys64/ucrt64/bin/../lib/gcc/x86_64-w64-mingw32/13.1.0/../../../../lib/libpthread.dll.a
LOAD C:/msys64/ucrt64/bin/../lib/gcc/x86_64-w64-mingw32/13.1.0/../../../../lib/libadvapi32.a
LOAD C:/msys64/ucrt64/bin/../lib/gcc/x86_64-w64-mingw32/13.1.0/../../../../lib/libshell32.a
LOAD C:/msys64/ucrt64/bin/../lib/gcc/x86_64-w64-mingw32/13.1.0/../../../../lib/libuser32.a
LOAD C:/msys64/ucrt64/bin/../lib/gcc/x86_64-w64-mingw32/13.1.0/../../../../lib/libkernel32.a
LOAD C:/msys64/ucrt64/bin/../lib/gcc/x86_64-w64-mingw32/13.1.0/../../../../lib/libmingw32.a
LOAD C:/msys64/ucrt64/bin/../lib/gcc/x86_64-w64-mingw32/13.1.0/libgcc.a
LOAD C:/msys64/ucrt64/bin/../lib/gcc/x86_64-w64-mingw32/13.1.0/libgcc_eh.a
LOAD C:/msys64/ucrt64/bin/../lib/gcc/x86_64-w64-mingw32/13.1.0/../../../../lib/libmoldname.a
LOAD C:/msys64/ucrt64/bin/../lib/gcc/x86_64-w64-mingw32/13.1.0/../../../../lib/libmingwex.a
LOAD C:/msys64/ucrt64/bin/../lib/gcc/x86_64-w64-mingw32/13.1.0/../../../../lib/libmsvcrt.a
LOAD C:/msys64/ucrt64/bin/../lib/gcc/x86_64-w64-mingw32/13.1.0/../../../../lib/libkernel32.a
LOAD C:/msys64/ucrt64/bin/../lib/gcc/x86_64-w64-mingw32/13.1.0/../../../../lib/default-manifest.o
LOAD C:/msys64/ucrt64/bin/../lib/gcc/x86_64-w64-mingw32/13.1.0/crtend.o
                0x00000000000004a8                . = SIZEOF_HEADERS
                0x0000000000001000                . = ALIGN (__section_alignment__)

.text           0x0000000140001000    0x10800
 *(SORT_NONE(.init))
 *(.text)
 .text          0x0000000140001000      0x430 C:/msys64/ucrt64/bin/../lib/gcc/x86_64-w64-mingw32/13.1.0/../../../../lib/crt2.o
                0x00000001400013d0                WinMainCRTStartup
                0x00000001400013f0                mainCRTStartup
                0x0000000140001410                atexit
 .text          0x0000000140001430       0x20 C:/msys64/ucrt64/bin/../lib/gcc/x86_64-w64-mingw32/13.1.0/crtbegin.o
                0x0000000140001430                __gcc_register_frame
                0x0000000140001440                __gcc_deregister_frame
 .text          0x0000000140001450       0xc0 exotique.o
                0x00000001400014df                exotique_printf
 .text          0x0000000140001510     0xe2e0 mahjong.o
                0x0000000140001510                compare_f32
                0x0000000140001540                cos
                0x0000000140001660                sin
                0x00000001400017a0                cosf
                0x00000001400018d0                sinf
                0x0000000140001a10                f32s_equal
                0x0000000140001a40                fabsf
                0x0000000140001a50                lerp
                0x0000000140001a60                fast_atan2
                0x0000000140001ae0                mat_mul_mat
                0x0000000140001b60                mat_inverse_affine
                0x0000000140001cf0                transform_to_matrix
                0x0000000140002280                translation_matrix
                0x00000001400022e0                rotation_x_matrix
                0x00000001400025c0                rotation_y_matrix
                0x00000001400028c0                transform_to_view_matrix
                0x0000000140002f90                mat_mul_vert3
                0x0000000140003030                mat_mul_normal
                0x00000001400030f0                triangle_backfacing
                0x0000000140003150                fast_log2
                0x0000000140003160                absf
                0x0000000140003170                parallel_pixel_shader
                0x00000001400032c0                pixel_shader
                0x0000000140003380                triangle_block
                0x0000000140003e80                no_tmap_triangle_block
                0x00000001400046c0                orbit_camera_position
                0x0000000140004bc0                look_at_yx
                0x0000000140004d60                lfsr16
                0x0000000140004da0                rand_word
                0x0000000140004de0                init_tiles
                0x0000000140004e60                clear_tile_bins
                0x0000000140004eb0                reset_tile_hi_z
                0x0000000140004f00                project_coord
                0x0000000140004f50                clip_bounding_box
                0x00000001400052e0                get_mesh_bbox
                0x00000001400059d0                nextrand
                0x0000000140005a40                roll_die
                0x0000000140005ac0                decompress_texture
                0x0000000140005c60                rgba_to_f32_rgb
                0x0000000140005cb0                color_dist
                0x0000000140005d50                closest_base_color_idx
                0x0000000140006220                closest_overall_color_idx
                0x0000000140006360                mip_texture
                0x00000001400065f0                decompress_textures
                0x00000001400069f0                get_frames_for_duration
                0x0000000140006a20                init_empty_wall
                0x0000000140006b00                init_hand
                0x0000000140006b20                init_empty_hand
                0x0000000140006b50                clear_shuffle
                0x0000000140006b60                reset_game
                0x0000000140006cd0                output_palette
                0x0000000140006d30                output_full_light_remap_table
                0x0000000140006dd0                game_load
                0x00000001400084b0                step_shuffle_and_setup
                0x00000001400085b0                step_deal
                0x00000001400087f0                sort_hand
                0x00000001400089b0                discard_current_tile
                0x0000000140008c90                draw_next_tile
                0x0000000140008d10                game_update
                0x0000000140009c70                draw_tile
                0x0000000140009ec0                draw_tiles
                0x0000000140009f30                orient2d
                0x0000000140009f70                calc_edges
                0x000000014000a060                check_trivial_reject_accept
                0x000000014000a1e0                bin_triangle
                0x000000014000ab00                vcache_reset
                0x000000014000ab30                vcache_lookup
                0x000000014000ab40                vcache_insert
                0x000000014000ab50                vertex_shader
                0x000000014000ad30                submit_mesh_draw_call
                0x000000014000b3d0                sort_draw_calls_near_to_far
                0x000000014000b3e0                submit_draw_calls
                0x000000014000b450                identity_transform
                0x000000014000b470                calc_wall_tile_x_position
                0x000000014000b490                calc_wall_tile_y_position
                0x000000014000b520                mod_positive
                0x000000014000b540                calc_wall_tile_global_position
                0x000000014000b960                calc_hand_x_position
                0x000000014000b990                calc_hand_y_position
                0x000000014000b9c0                calc_global_hand_position
                0x000000014000ba50                calc_animated_hand_tile_position
                0x000000014000bc10                draw_hand
                0x000000014000e090                draw_wall
                0x000000014000ee40                draw_board
                0x000000014000f6d0                game_draw
 .text          0x000000014000f7f0        0x8 C:\Users\Erik\code\SDL2-2.32.10\x86_64-w64-mingw32\lib/libSDL2.dll.a(SDL2_dll_d000678.o)
                0x000000014000f7f0                SDL_UpdateTexture
 .text          0x000000014000f7f8        0x8 C:\Users\Erik\code\SDL2-2.32.10\x86_64-w64-mingw32\lib/libSDL2.dll.a(SDL2_dll_d000652.o)
                0x000000014000f7f8                SDL_ShowCursor
 .text          0x000000014000f800        0x8 C:\Users\Erik\code\SDL2-2.32.10\x86_64-w64-mingw32\lib/libSDL2.dll.a(SDL2_dll_d000558.o)
                0x000000014000f800                SDL_RenderSetLogicalSize
 .text          0x000000014000f808        0x8 C:\Users\Erik\code\SDL2-2.32.10\x86_64-w64-mingw32\lib/libSDL2.dll.a(SDL2_dll_d000557.o)
                0x000000014000f808                SDL_RenderSetIntegerScale
 .text          0x000000014000f810        0x8 C:\Users\Erik\code\SDL2-2.32.10\x86_64-w64-mingw32\lib/libSDL2.dll.a(SDL2_dll_d000554.o)
                0x000000014000f810                SDL_RenderPresent
 .text          0x000000014000f818        0x8 C:\Users\Erik\code\SDL2-2.32.10\x86_64-w64-mingw32\lib/libSDL2.dll.a(SDL2_dll_d000518.o)
                0x000000014000f818                SDL_RenderCopy
 .text          0x000000014000f820        0x8 C:\Users\Erik\code\SDL2-2.32.10\x86_64-w64-mingw32\lib/libSDL2.dll.a(SDL2_dll_d000517.o)
                0x000000014000f820                SDL_RenderClear
 .text          0x000000014000f828        0x8 C:\Users\Erik\code\SDL2-2.32.10\x86_64-w64-mingw32\lib/libSDL2.dll.a(SDL2_dll_d000493.o)
                0x000000014000f828                SDL_Quit
 .text          0x000000014000f830        0x8 C:\Users\Erik\code\SDL2-2.32.10\x86_64-w64-mingw32\lib/libSDL2.dll.a(SDL2_dll_d000489.o)
                0x000000014000f830                SDL_PumpEvents
 .text          0x000000014000f838        0x8 C:\Users\Erik\code\SDL2-2.32.10\x86_64-w64-mingw32\lib/libSDL2.dll.a(SDL2_dll_d000487.o)
                0x000000014000f838                SDL_PollEvent
 .text          0x000000014000f840        0x8 C:\Users\Erik\code\SDL2-2.32.10\x86_64-w64-mingw32\lib/libSDL2.dll.a(SDL2_dll_d000453.o)
                0x000000014000f840                SDL_LogWarn
 .text          0x000000014000f848        0x8 C:\Users\Erik\code\SDL2-2.32.10\x86_64-w64-mingw32\lib/libSDL2.dll.a(SDL2_dll_d000449.o)
                0x000000014000f848                SDL_LogSetAllPriority
 .text          0x000000014000f850        0x8 C:\Users\Erik\code\SDL2-2.32.10\x86_64-w64-mingw32\lib/libSDL2.dll.a(SDL2_dll_d000445.o)
                0x000000014000f850                SDL_LogInfo
 .text          0x000000014000f858        0x8 C:\Users\Erik\code\SDL2-2.32.10\x86_64-w64-mingw32\lib/libSDL2.dll.a(SDL2_dll_d000440.o)
                0x000000014000f858                SDL_LogCritical
 .text          0x000000014000f860        0x8 C:\Users\Erik\code\SDL2-2.32.10\x86_64-w64-mingw32\lib/libSDL2.dll.a(SDL2_dll_d000356.o)
                0x000000014000f860                SDL_Init
 .text          0x000000014000f868        0x8 C:\Users\Erik\code\SDL2-2.32.10\x86_64-w64-mingw32\lib/libSDL2.dll.a(SDL2_dll_d000269.o)
                0x000000014000f868                SDL_GetTicks64
 .text          0x000000014000f870        0x8 C:\Users\Erik\code\SDL2-2.32.10\x86_64-w64-mingw32\lib/libSDL2.dll.a(SDL2_dll_d000218.o)
                0x000000014000f870                SDL_GetMouseState
 .text          0x000000014000f878        0x8 C:\Users\Erik\code\SDL2-2.32.10\x86_64-w64-mingw32\lib/libSDL2.dll.a(SDL2_dll_d000214.o)
                0x000000014000f878                SDL_GetKeyboardState
 .text          0x000000014000f880        0x8 C:\Users\Erik\code\SDL2-2.32.10\x86_64-w64-mingw32\lib/libSDL2.dll.a(SDL2_dll_d000202.o)
                0x000000014000f880                SDL_GetError
 .text          0x000000014000f888        0x8 C:\Users\Erik\code\SDL2-2.32.10\x86_64-w64-mingw32\lib/libSDL2.dll.a(SDL2_dll_d000163.o)
                0x000000014000f888                SDL_GameControllerOpen
 .text          0x000000014000f890        0x8 C:\Users\Erik\code\SDL2-2.32.10\x86_64-w64-mingw32\lib/libSDL2.dll.a(SDL2_dll_d000130.o)
                0x000000014000f890                SDL_GameControllerGetButton
 .text          0x000000014000f898        0x8 C:\Users\Erik\code\SDL2-2.32.10\x86_64-w64-mingw32\lib/libSDL2.dll.a(SDL2_dll_d000126.o)
                0x000000014000f898                SDL_GameControllerGetAxis
 .text          0x000000014000f8a0        0x8 C:\Users\Erik\code\SDL2-2.32.10\x86_64-w64-mingw32\lib/libSDL2.dll.a(SDL2_dll_d000121.o)
                0x000000014000f8a0                SDL_GameControllerFromInstanceID
 .text          0x000000014000f8a8        0x8 C:\Users\Erik\code\SDL2-2.32.10\x86_64-w64-mingw32\lib/libSDL2.dll.a(SDL2_dll_d000119.o)
                0x000000014000f8a8                SDL_GameControllerClose
 .text          0x000000014000f8b0        0x8 C:\Users\Erik\code\SDL2-2.32.10\x86_64-w64-mingw32\lib/libSDL2.dll.a(SDL2_dll_d000073.o)
                0x000000014000f8b0                SDL_DestroyWindow
 .text          0x000000014000f8b8        0x8 C:\Users\Erik\code\SDL2-2.32.10\x86_64-w64-mingw32\lib/libSDL2.dll.a(SDL2_dll_d000072.o)
                0x000000014000f8b8                SDL_DestroyTexture
 .text          0x000000014000f8c0        0x8 C:\Users\Erik\code\SDL2-2.32.10\x86_64-w64-mingw32\lib/libSDL2.dll.a(SDL2_dll_d000070.o)
                0x000000014000f8c0                SDL_DestroyRenderer
 .text          0x000000014000f8c8        0x8 C:\Users\Erik\code\SDL2-2.32.10\x86_64-w64-mingw32\lib/libSDL2.dll.a(SDL2_dll_d000059.o)
                0x000000014000f8c8                SDL_CreateWindow
 .text          0x000000014000f8d0        0x8 C:\Users\Erik\code\SDL2-2.32.10\x86_64-w64-mingw32\lib/libSDL2.dll.a(SDL2_dll_d000055.o)
                0x000000014000f8d0                SDL_CreateTexture
 .text          0x000000014000f8d8        0x8 C:\Users\Erik\code\SDL2-2.32.10\x86_64-w64-mingw32\lib/libSDL2.dll.a(SDL2_dll_d000050.o)
                0x000000014000f8d8                SDL_CreateRenderer
 .text          0x000000014000f8e0       0xd0 C:/msys64/ucrt64/bin/../lib/gcc/x86_64-w64-mingw32/13.1.0/../../../../lib/libmingw32.a(lib64_libmingw32_a-gccmain.o)
                0x000000014000f8e0                __do_global_dtors
                0x000000014000f920                __do_global_ctors
                0x000000014000f990                __main
 .text          0x000000014000f9b0        0x0 C:/msys64/ucrt64/bin/../lib/gcc/x86_64-w64-mingw32/13.1.0/../../../../lib/libmingw32.a(lib64_libmingw32_a-natstart.o)
 .text          0x000000014000f9b0        0x0 C:/msys64/ucrt64/bin/../lib/gcc/x86_64-w64-mingw32/13.1.0/../../../../lib/libmingw32.a(lib64_libmingw32_a-wildcard.o)
 .text          0x000000014000f9b0       0x10 C:/msys64/ucrt64/bin/../lib/gcc/x86_64-w64-mingw32/13.1.0/../../../../lib/libmingw32.a(lib64_libmingw32_a-dllargv.o)
                0x000000014000f9b0                _setargv
 .text          0x000000014000f9c0        0x0 C:/msys64/ucrt64/bin/../lib/gcc/x86_64-w64-mingw32/13.1.0/../../../../lib/libmingw32.a(lib64_libmingw32_a-_newmode.o)
 .text          0x000000014000f9c0       0xd0 C:/msys64/ucrt64/bin/../lib/gcc/x86_64-w64-mingw32/13.1.0/../../../../lib/libmingw32.a(lib64_libmingw32_a-tlssup.o)
                0x000000014000f9f0                __dyn_tls_init
                0x000000014000fa80                __tlregdtor
 .text          0x000000014000fa90        0x0 C:/msys64/ucrt64/bin/../lib/gcc/x86_64-w64-mingw32/13.1.0/../../../../lib/libmingw32.a(lib64_libmingw32_a-xncommod.o)
 .text          0x000000014000fa90        0x0 C:/msys64/ucrt64/bin/../lib/gcc/x86_64-w64-mingw32/13.1.0/../../../../lib/libmingw32.a(lib64_libmingw32_a-cinitexe.o)
 .text          0x000000014000fa90      0x100 C:/msys64/ucrt64/bin/../lib/gcc/x86_64-w64-mingw32/13.1.0/../../../../lib/libmingw32.a(lib64_libmingw32_a-merr.o)
                0x000000014000fa90                _matherr
 .text          0x000000014000fb90       0x10 C:/msys64/ucrt64/bin/../lib/gcc/x86_64-w64-mingw32/13.1.0/../../../../lib/libmingw32.a(lib64_libmingw32_a-CRT_fp10.o)
                0x000000014000fb90                fpreset
                0x000000014000fb90                _fpreset
 .text          0x000000014000fba0        0x0 C:/msys64/ucrt64/bin/../lib/gcc/x86_64-w64-mingw32/13.1.0/../../../../lib/libmingw32.a(lib64_libmingw32_a-mingw_helpers.o)
 .text          0x000000014000fba0      0x540 C:/msys64/ucrt64/bin/../lib/gcc/x86_64-w64-mingw32/13.1.0/../../../../lib/libmingw32.a(lib64_libmingw32_a-pseudo-reloc.o)
                0x000000014000fd80                _pei386_runtime_relocator
 .text          0x00000001400100e0       0x50 C:/msys64/ucrt64/bin/../lib/gcc/x86_64-w64-mingw32/13.1.0/../../../../lib/libmingw32.a(lib64_libmingw32_a-usermatherr.o)
                0x00000001400100e0                __mingw_raise_matherr
                0x0000000140010120                __mingw_setusermatherr
 .text          0x0000000140010130        0x0 C:/msys64/ucrt64/bin/../lib/gcc/x86_64-w64-mingw32/13.1.0/../../../../lib/libmingw32.a(lib64_libmingw32_a-xtxtmode.o)
 .text          0x0000000140010130      0x1a0 C:/msys64/ucrt64/bin/../lib/gcc/x86_64-w64-mingw32/13.1.0/../../../../lib/libmingw32.a(lib64_libmingw32_a-crt_handler.o)
                0x0000000140010130                _gnu_exception_handler
 .text          0x00000001400102d0      0x270 C:/msys64/ucrt64/bin/../lib/gcc/x86_64-w64-mingw32/13.1.0/../../../../lib/libmingw32.a(lib64_libmingw32_a-tlsthrd.o)
                0x0000000140010340                ___w64_mingwthr_add_key_dtor
                0x00000001400103b0                ___w64_mingwthr_remove_key_dtor
                0x0000000140010440                __mingw_TLScallback
 .text          0x0000000140010540        0x0 C:/msys64/ucrt64/bin/../lib/gcc/x86_64-w64-mingw32/13.1.0/../../../../lib/libmingw32.a(lib64_libmingw32_a-tlsmcrt.o)
 .text          0x0000000140010540        0x0 C:/msys64/ucrt64/bin/../lib/gcc/x86_64-w64-mingw32/13.1.0/../../../../lib/libmingw32.a(lib64_libmingw32_a-pseudo-reloc-list.o)
 .text          0x0000000140010540      0x400 C:/msys64/ucrt64/bin/../lib/gcc/x86_64-w64-mingw32/13.1.0/../../../../lib/libmingw32.a(lib64_libmingw32_a-pesect.o)
                0x0000000140010540                _ValidateImageBase
                0x0000000140010570                _FindPESection
                0x00000001400105c0                _FindPESectionByName
                0x0000000140010660                __mingw_GetSectionForAddress
                0x00000001400106e0                __mingw_GetSectionCount
                0x0000000140010720                _FindPESectionExec
                0x00000001400107a0                _GetPEImageBase
                0x00000001400107e0                _IsNonwritableInCurrentImage
                0x0000000140010870                __mingw_enum_import_library_names
 .text          0x0000000140010940       0x40 C:/msys64/ucrt64/bin/../lib/gcc/x86_64-w64-mingw32/13.1.0/libgcc.a(_chkstk_ms.o)
                0x0000000140010940                ___chkstk_ms
 .text          0x0000000140010980        0x0 C:/msys64/ucrt64/bin/../lib/gcc/x86_64-w64-mingw32/13.1.0/libgcc.a(_ctors.o)
 .text          0x0000000140010980        0x0 C:/msys64/ucrt64/bin/../lib/gcc/x86_64-w64-mingw32/13.1.0/../../../../lib/libmingwex.a(lib64_libmingwex_a-mingw_matherr.o)
 .text          0x0000000140010980       0x40 C:/msys64/ucrt64/bin/../lib/gcc/x86_64-w64-mingw32/13.1.0/../../../../lib/libmsvcrt.a(lib64_libucrt_extra_a-ucrt_vprintf.o)
                0x0000000140010980                vprintf
 .text          0x00000001400109c0       0x20 C:/msys64/ucrt64/bin/../lib/gcc/x86_64-w64-mingw32/13.1.0/../../../../lib/libmsvcrt.a(lib64_libucrt_extra_a-ucrt_vfprintf.o)
                0x00000001400109c0                vfprintf
 .text          0x00000001400109e0       0x40 C:/msys64/ucrt64/bin/../lib/gcc/x86_64-w64-mingw32/13.1.0/../../../../lib/libmsvcrt.a(lib64_libucrt_extra_a-ucrt_fprintf.o)
                0x00000001400109e0                fprintf
 .text          0x0000000140010a20        0x0 C:/msys64/ucrt64/bin/../lib/gcc/x86_64-w64-mingw32/13.1.0/../../../../lib/libmsvcrt.a(lib64_libucrt_extra_a-__initenv.o)
 .text          0x0000000140010a20      0x220 C:/msys64/ucrt64/bin/../lib/gcc/x86_64-w64-mingw32/13.1.0/../../../../lib/libmsvcrt.a(lib64_libucrt_extra_a-ucrtbase_compat.o)
                0x0000000140010a20                _get_output_format
                0x0000000140010a30                __getmainargs
                0x0000000140010aa0                __wgetmainargs
                0x0000000140010b10                _onexit
                0x0000000140010b30                at_quick_exit
                0x0000000140010b50                _amsg_exit
                0x0000000140010b80                __ms_fwprintf
                0x0000000140010bc0                tzset
                0x0000000140010c00                _tzset
 .text          0x0000000140010c40        0x8 C:/msys64/ucrt64/bin/../lib/gcc/x86_64-w64-mingw32/13.1.0/../../../../lib/libmsvcrt.a(libapi-ms-win-crt-time-l1-1-0s00008.o)
                0x0000000140010c40                __daylight
 .text          0x0000000140010c48        0x8 C:/msys64/ucrt64/bin/../lib/gcc/x86_64-w64-mingw32/13.1.0/../../../../lib/libmsvcrt.a(libapi-ms-win-crt-time-l1-1-0s00010.o)
                0x0000000140010c48                __timezone
 .text          0x0000000140010c50        0x8 C:/msys64/ucrt64/bin/../lib/gcc/x86_64-w64-mingw32/13.1.0/../../../../lib/libmsvcrt.a(libapi-ms-win-crt-time-l1-1-0s00011.o)
                0x0000000140010c50                __tzname
 .text          0x0000000140010c58        0x0 C:/msys64/ucrt64/bin/../lib/gcc/x86_64-w64-mingw32/13.1.0/../../../../lib/libmsvcrt.a(libapi-ms-win-crt-time-l1-1-0s00058.o)
 *fill*         0x0000000140010c58        0x8 
 .text          0x0000000140010c60        0x0 C:/msys64/ucrt64/bin/../lib/gcc/x86_64-w64-mingw32/13.1.0/../../../../lib/libmsvcrt.a(libapi-ms-win-crt-time-l1-1-0h.o)
 .text          0x0000000140010c60        0x0 C:/msys64/ucrt64/bin/../lib/gcc/x86_64-w64-mingw32/13.1.0/../../../../lib/libmsvcrt.a(libapi-ms-win-crt-time-l1-1-0t.o)
 .text          0x0000000140010c60        0x8 C:/msys64/ucrt64/bin/../lib/gcc/x86_64-w64-mingw32/13.1.0/../../../../lib/libmsvcrt.a(libapi-ms-win-crt-string-l1-1-0s00167.o)
                0x0000000140010c60                strlen
 .text          0x0000000140010c68        0x8 C:/msys64/ucrt64/bin/../lib/gcc/x86_64-w64-mingw32/13.1.0/../../../../lib/libmsvcrt.a(libapi-ms-win-crt-string-l1-1-0s00170.o)
                0x0000000140010c68                strncmp
 .text          0x0000000140010c70        0x0 C:/msys64/ucrt64/bin/../lib/gcc/x86_64-w64-mingw32/13.1.0/../../../../lib/libmsvcrt.a(libapi-ms-win-crt-string-l1-1-0h.o)
 .text          0x0000000140010c70        0x0 C:/msys64/ucrt64/bin/../lib/gcc/x86_64-w64-mingw32/13.1.0/../../../../lib/libmsvcrt.a(libapi-ms-win-crt-string-l1-1-0t.o)
 .text          0x0000000140010c70        0x8 C:/msys64/ucrt64/bin/../lib/gcc/x86_64-w64-mingw32/13.1.0/../../../../lib/libmsvcrt.a(libapi-ms-win-crt-stdio-l1-1-0s00000.o)
                0x0000000140010c70                __acrt_iob_func
 .text          0x0000000140010c78        0x8 C:/msys64/ucrt64/bin/../lib/gcc/x86_64-w64-mingw32/13.1.0/../../../../lib/libmsvcrt.a(libapi-ms-win-crt-stdio-l1-1-0s00001.o)
                0x0000000140010c78                __p__commode
 .text          0x0000000140010c80        0x8 C:/msys64/ucrt64/bin/../lib/gcc/x86_64-w64-mingw32/13.1.0/../../../../lib/libmsvcrt.a(libapi-ms-win-crt-stdio-l1-1-0s00002.o)
                0x0000000140010c80                __p__fmode
 .text          0x0000000140010c88        0x8 C:/msys64/ucrt64/bin/../lib/gcc/x86_64-w64-mingw32/13.1.0/../../../../lib/libmsvcrt.a(libapi-ms-win-crt-stdio-l1-1-0s00003.o)
                0x0000000140010c88                __stdio_common_vfprintf
 .text          0x0000000140010c90        0x8 C:/msys64/ucrt64/bin/../lib/gcc/x86_64-w64-mingw32/13.1.0/../../../../lib/libmsvcrt.a(libapi-ms-win-crt-stdio-l1-1-0s00007.o)
                0x0000000140010c90                __stdio_common_vfwprintf
 .text          0x0000000140010c98        0x8 C:/msys64/ucrt64/bin/../lib/gcc/x86_64-w64-mingw32/13.1.0/../../../../lib/libmsvcrt.a(libapi-ms-win-crt-stdio-l1-1-0s00168.o)
                0x0000000140010c98                fwrite
 .text          0x0000000140010ca0        0x0 C:/msys64/ucrt64/bin/../lib/gcc/x86_64-w64-mingw32/13.1.0/../../../../lib/libmsvcrt.a(libapi-ms-win-crt-stdio-l1-1-0h.o)
 .text          0x0000000140010ca0        0x0 C:/msys64/ucrt64/bin/../lib/gcc/x86_64-w64-mingw32/13.1.0/../../../../lib/libmsvcrt.a(libapi-ms-win-crt-stdio-l1-1-0t.o)
 .text          0x0000000140010ca0        0x8 C:/msys64/ucrt64/bin/../lib/gcc/x86_64-w64-mingw32/13.1.0/../../../../lib/libmsvcrt.a(libapi-ms-win-crt-runtime-l1-1-0s00004.o)
                0x0000000140010ca0                __p___argc
 .text          0x0000000140010ca8        0x8 C:/msys64/ucrt64/bin/../lib/gcc/x86_64-w64-mingw32/13.1.0/../../../../lib/libmsvcrt.a(libapi-ms-win-crt-runtime-l1-1-0s00005.o)
                0x0000000140010ca8                __p___argv
 .text          0x0000000140010cb0        0x8 C:/msys64/ucrt64/bin/../lib/gcc/x86_64-w64-mingw32/13.1.0/../../../../lib/libmsvcrt.a(libapi-ms-win-crt-runtime-l1-1-0s00006.o)
                0x0000000140010cb0                __p___wargv
 .text          0x0000000140010cb8        0x8 C:/msys64/ucrt64/bin/../lib/gcc/x86_64-w64-mingw32/13.1.0/../../../../lib/libmsvcrt.a(libapi-ms-win-crt-runtime-l1-1-0s00022.o)
                0x0000000140010cb8                _cexit
 .text          0x0000000140010cc0        0x8 C:/msys64/ucrt64/bin/../lib/gcc/x86_64-w64-mingw32/13.1.0/../../../../lib/libmsvcrt.a(libapi-ms-win-crt-runtime-l1-1-0s00024.o)
                0x0000000140010cc0                _configure_narrow_argv
 .text          0x0000000140010cc8        0x8 C:/msys64/ucrt64/bin/../lib/gcc/x86_64-w64-mingw32/13.1.0/../../../../lib/libmsvcrt.a(libapi-ms-win-crt-runtime-l1-1-0s00025.o)
                0x0000000140010cc8                _configure_wide_argv
 .text          0x0000000140010cd0        0x8 C:/msys64/ucrt64/bin/../lib/gcc/x86_64-w64-mingw32/13.1.0/../../../../lib/libmsvcrt.a(libapi-ms-win-crt-runtime-l1-1-0s00029.o)
                0x0000000140010cd0                _crt_at_quick_exit
 .text          0x0000000140010cd8        0x8 C:/msys64/ucrt64/bin/../lib/gcc/x86_64-w64-mingw32/13.1.0/../../../../lib/libmsvcrt.a(libapi-ms-win-crt-runtime-l1-1-0s00030.o)
                0x0000000140010cd8                _crt_atexit
 .text          0x0000000140010ce0        0x8 C:/msys64/ucrt64/bin/../lib/gcc/x86_64-w64-mingw32/13.1.0/../../../../lib/libmsvcrt.a(libapi-ms-win-crt-runtime-l1-1-0s00036.o)
                0x0000000140010ce0                _exit
 .text          0x0000000140010ce8        0x8 C:/msys64/ucrt64/bin/../lib/gcc/x86_64-w64-mingw32/13.1.0/../../../../lib/libmsvcrt.a(libapi-ms-win-crt-runtime-l1-1-0s00053.o)
                0x0000000140010ce8                _initialize_narrow_environment
 .text          0x0000000140010cf0        0x8 C:/msys64/ucrt64/bin/../lib/gcc/x86_64-w64-mingw32/13.1.0/../../../../lib/libmsvcrt.a(libapi-ms-win-crt-runtime-l1-1-0s00055.o)
                0x0000000140010cf0                _initialize_wide_environment
 .text          0x0000000140010cf8        0x8 C:/msys64/ucrt64/bin/../lib/gcc/x86_64-w64-mingw32/13.1.0/../../../../lib/libmsvcrt.a(libapi-ms-win-crt-runtime-l1-1-0s00056.o)
                0x0000000140010cf8                _initterm
 .text          0x0000000140010d00        0x8 C:/msys64/ucrt64/bin/../lib/gcc/x86_64-w64-mingw32/13.1.0/../../../../lib/libmsvcrt.a(libapi-ms-win-crt-runtime-l1-1-0s00068.o)
                0x0000000140010d00                __set_app_type
 .text          0x0000000140010d08        0x8 C:/msys64/ucrt64/bin/../lib/gcc/x86_64-w64-mingw32/13.1.0/../../../../lib/libmsvcrt.a(libapi-ms-win-crt-runtime-l1-1-0s00074.o)
                0x0000000140010d08                _set_invalid_parameter_handler
 .text          0x0000000140010d10        0x8 C:/msys64/ucrt64/bin/../lib/gcc/x86_64-w64-mingw32/13.1.0/../../../../lib/libmsvcrt.a(libapi-ms-win-crt-runtime-l1-1-0s00087.o)
                0x0000000140010d10                abort
 .text          0x0000000140010d18        0x8 C:/msys64/ucrt64/bin/../lib/gcc/x86_64-w64-mingw32/13.1.0/../../../../lib/libmsvcrt.a(libapi-ms-win-crt-runtime-l1-1-0s00088.o)
                0x0000000140010d18                exit
 .text          0x0000000140010d20        0x8 C:/msys64/ucrt64/bin/../lib/gcc/x86_64-w64-mingw32/13.1.0/../../../../lib/libmsvcrt.a(libapi-ms-win-crt-runtime-l1-1-0s00102.o)
                0x0000000140010d20                signal
 *fill*         0x0000000140010d28        0x8 
 .text          0x0000000140010d30        0x0 C:/msys64/ucrt64/bin/../lib/gcc/x86_64-w64-mingw32/13.1.0/../../../../lib/libmsvcrt.a(libapi-ms-win-crt-runtime-l1-1-0h.o)
 .text          0x0000000140010d30        0x0 C:/msys64/ucrt64/bin/../lib/gcc/x86_64-w64-mingw32/13.1.0/../../../../lib/libmsvcrt.a(libapi-ms-win-crt-runtime-l1-1-0t.o)
 .text          0x0000000140010d30        0x8 C:/msys64/ucrt64/bin/../lib/gcc/x86_64-w64-mingw32/13.1.0/../../../../lib/libmsvcrt.a(libapi-ms-win-crt-private-l1-1-0s00015.o)
                0x0000000140010d30                __C_specific_handler
 .text          0x0000000140010d38        0x8 C:/msys64/ucrt64/bin/../lib/gcc/x86_64-w64-mingw32/13.1.0/../../../../lib/libmsvcrt.a(libapi-ms-win-crt-private-l1-1-0s01143.o)
                0x0000000140010d38                memcpy
 .text          0x0000000140010d40        0x0 C:/msys64/ucrt64/bin/../lib/gcc/x86_64-w64-mingw32/13.1.0/../../../../lib/libmsvcrt.a(libapi-ms-win-crt-private-l1-1-0h.o)
 .text          0x0000000140010d40        0x0 C:/msys64/ucrt64/bin/../lib/gcc/x86_64-w64-mingw32/13.1.0/../../../../lib/libmsvcrt.a(libapi-ms-win-crt-private-l1-1-0t.o)
 .text          0x0000000140010d40        0x8 C:/msys64/ucrt64/bin/../lib/gcc/x86_64-w64-mingw32/13.1.0/../../../../lib/libmsvcrt.a(libapi-ms-win-crt-math-l1-1-0s00009.o)
                0x0000000140010d40                __setusermatherr
 *fill*         0x0000000140010d48        0x8 
 .text          0x0000000140010d50        0x0 C:/msys64/ucrt64/bin/../lib/gcc/x86_64-w64-mingw32/13.1.0/../../../../lib/libmsvcrt.a(libapi-ms-win-crt-math-l1-1-0h.o)
 .text          0x0000000140010d50        0x0 C:/msys64/ucrt64/bin/../lib/gcc/x86_64-w64-mingw32/13.1.0/../../../../lib/libmsvcrt.a(libapi-ms-win-crt-math-l1-1-0t.o)
 .text          0x0000000140010d50        0x8 C:/msys64/ucrt64/bin/../lib/gcc/x86_64-w64-mingw32/13.1.0/../../../../lib/libmsvcrt.a(libapi-ms-win-crt-heap-l1-1-0s00023.o)
                0x0000000140010d50                _set_new_mode
 .text          0x0000000140010d58        0x8 C:/msys64/ucrt64/bin/../lib/gcc/x86_64-w64-mingw32/13.1.0/../../../../lib/libmsvcrt.a(libapi-ms-win-crt-heap-l1-1-0s00024.o)
                0x0000000140010d58                calloc
 .text          0x0000000140010d60        0x8 C:/msys64/ucrt64/bin/../lib/gcc/x86_64-w64-mingw32/13.1.0/../../../../lib/libmsvcrt.a(libapi-ms-win-crt-heap-l1-1-0s00025.o)
                0x0000000140010d60                free
 .text          0x0000000140010d68        0x8 C:/msys64/ucrt64/bin/../lib/gcc/x86_64-w64-mingw32/13.1.0/../../../../lib/libmsvcrt.a(libapi-ms-win-crt-heap-l1-1-0s00026.o)
                0x0000000140010d68                malloc
 .text          0x0000000140010d70        0x0 C:/msys64/ucrt64/bin/../lib/gcc/x86_64-w64-mingw32/13.1.0/../../../../lib/libmsvcrt.a(libapi-ms-win-crt-heap-l1-1-0h.o)
 .text          0x0000000140010d70        0x0 C:/msys64/ucrt64/bin/../lib/gcc/x86_64-w64-mingw32/13.1.0/../../../../lib/libmsvcrt.a(libapi-ms-win-crt-heap-l1-1-0t.o)
 .text          0x0000000140010d70        0x8 C:/msys64/ucrt64/bin/../lib/gcc/x86_64-w64-mingw32/13.1.0/../../../../lib/libmsvcrt.a(libapi-ms-win-crt-environment-l1-1-0s00000.o)
                0x0000000140010d70                __p__environ
 .text          0x0000000140010d78        0x8 C:/msys64/ucrt64/bin/../lib/gcc/x86_64-w64-mingw32/13.1.0/../../../../lib/libmsvcrt.a(libapi-ms-win-crt-environment-l1-1-0s00001.o)
                0x0000000140010d78                __p__wenviron
 .text          0x0000000140010d80        0x0 C:/msys64/ucrt64/bin/../lib/gcc/x86_64-w64-mingw32/13.1.0/../../../../lib/libmsvcrt.a(libapi-ms-win-crt-environment-l1-1-0h.o)
 .text          0x0000000140010d80        0x0 C:/msys64/ucrt64/bin/../lib/gcc/x86_64-w64-mingw32/13.1.0/../../../../lib/libmsvcrt.a(libapi-ms-win-crt-environment-l1-1-0t.o)
 .text          0x0000000140010d80        0x8 C:/msys64/ucrt64/bin/../lib/gcc/x86_64-w64-mingw32/13.1.0/../../../../lib/libkernel32.a(libkernel32s01490.o)
                0x0000000140010d80                VirtualQuery
 .text          0x0000000140010d88        0x8 C:/msys64/ucrt64/bin/../lib/gcc/x86_64-w64-mingw32/13.1.0/../../../../lib/libkernel32.a(libkernel32s01488.o)
                0x0000000140010d88                VirtualProtect
 .text          0x0000000140010d90        0x8 C:/msys64/ucrt64/bin/../lib/gcc/x86_64-w64-mingw32/13.1.0/../../../../lib/libkernel32.a(libkernel32s01441.o)
                0x0000000140010d90                TlsGetValue
 .text          0x0000000140010d98        0x8 C:/msys64/ucrt64/bin/../lib/gcc/x86_64-w64-mingw32/13.1.0/../../../../lib/libkernel32.a(libkernel32s01406.o)
                0x0000000140010d98                Sleep
 .text          0x0000000140010da0        0x8 C:/msys64/ucrt64/bin/../lib/gcc/x86_64-w64-mingw32/13.1.0/../../../../lib/libkernel32.a(libkernel32s01390.o)
                0x0000000140010da0                SetUnhandledExceptionFilter
 .text          0x0000000140010da8        0x8 C:/msys64/ucrt64/bin/../lib/gcc/x86_64-w64-mingw32/13.1.0/../../../../lib/libkernel32.a(libkernel32s00981.o)
                0x0000000140010da8                LeaveCriticalSection
 .text          0x0000000140010db0        0x8 C:/msys64/ucrt64/bin/../lib/gcc/x86_64-w64-mingw32/13.1.0/../../../../lib/libkernel32.a(libkernel32s00889.o)
                0x0000000140010db0                InitializeCriticalSection
 .text          0x0000000140010db8        0x8 C:/msys64/ucrt64/bin/../lib/gcc/x86_64-w64-mingw32/13.1.0/../../../../lib/libkernel32.a(libkernel32s00627.o)
                0x0000000140010db8                GetLastError
 .text          0x0000000140010dc0        0x8 C:/msys64/ucrt64/bin/../lib/gcc/x86_64-w64-mingw32/13.1.0/../../../../lib/libkernel32.a(libkernel32s00316.o)
                0x0000000140010dc0                EnterCriticalSection
 .text          0x0000000140010dc8        0x8 C:/msys64/ucrt64/bin/../lib/gcc/x86_64-w64-mingw32/13.1.0/../../../../lib/libkernel32.a(libkernel32s00280.o)
                0x0000000140010dc8                DeleteCriticalSection
 .text          0x0000000140010dd0        0x0 C:/msys64/ucrt64/bin/../lib/gcc/x86_64-w64-mingw32/13.1.0/../../../../lib/libkernel32.a(libkernel32h.o)
 .text          0x0000000140010dd0        0x0 C:/msys64/ucrt64/bin/../lib/gcc/x86_64-w64-mingw32/13.1.0/../../../../lib/libkernel32.a(libkernel32t.o)
 .text          0x0000000140010dd0        0x0 C:/msys64/ucrt64/bin/../lib/gcc/x86_64-w64-mingw32/13.1.0/crtend.o
 *(SORT_BY_NAME(.text$*))
 *(.text.*)
 .text.startup  0x0000000140010dd0      0x930 exotique.o
                0x0000000140010dd0                main
 .text.startup  0x0000000140011700       0x10 C:/msys64/ucrt64/bin/../lib/gcc/x86_64-w64-mingw32/13.1.0/crtend.o
 *(.gnu.linkonce.t.*)
 *(.glue_7t)
 *(.glue_7)
                0x0000000140011710                . = ALIGN (0x8)
                0x0000000140011710                ___CTOR_LIST__ = .
                0x0000000140011710                __CTOR_LIST__ = .
                0x0000000140011710        0x4 LONG 0xffffffffffffffff
                0x0000000140011714        0x4 LONG 0xffffffffffffffff
 *(.ctors)
 *(.ctor)
 *(SORT_BY_NAME(.ctors.*))
 .ctors.65535   0x0000000140011718        0x8 C:/msys64/ucrt64/bin/../lib/gcc/x86_64-w64-mingw32/13.1.0/crtend.o
                0x0000000140011720        0x4 LONG 0x0
                0x0000000140011724        0x4 LONG 0x0
                0x0000000140011728                ___DTOR_LIST__ = .
                0x0000000140011728                __DTOR_LIST__ = .
                0x0000000140011728        0x4 LONG 0xffffffffffffffff
                0x000000014001172c        0x4 LONG 0xffffffffffffffff
 *(.dtors)
 *(.dtor)
 *(SORT_BY_NAME(.dtors.*))
                0x0000000140011730        0x4 LONG 0x0
                0x0000000140011734        0x4 LONG 0x0
 *(SORT_NONE(.fini))
 *(.gcc_exc)
                [!provide]                        PROVIDE (etext = .)
 *(.gcc_except_table)

.data           0x0000000140012000    0x78600
                0x0000000140012000                __data_start__ = .
 *(.data)
 .data          0x0000000140012000        0x0 C:/msys64/ucrt64/bin/../lib/gcc/x86_64-w64-mingw32/13.1.0/../../../../lib/crt2.o
 .data          0x0000000140012000        0x0 C:/msys64/ucrt64/bin/../lib/gcc/x86_64-w64-mingw32/13.1.0/crtbegin.o
 .data          0x0000000140012000        0x0 exotique.o
 .data          0x0000000140012000    0x78460 mahjong.o
                0x0000000140012000                wall_rots_y
                0x0000000140012010                wall_offsets_z
                0x0000000140012020                wall_offsets_x
                0x0000000140012040                textures
                0x0000000140012468                texture_board
                0x0000000140012470                comp_tex_two_sou
                0x0000000140012480                comp_tex_two_sou_packets
                0x0000000140012c30                comp_tex_seven_man
                0x0000000140012c40                comp_tex_seven_man_packets
                0x00000001400135b0                comp_tex_five_man
                0x00000001400135c0                comp_tex_five_man_packets
                0x00000001400141c0                comp_tex_eight_pin
                0x00000001400141e0                comp_tex_eight_pin_packets
                0x0000000140016bc0                comp_tex_five_pin
                0x0000000140016be0                comp_tex_five_pin_packets
                0x0000000140018920                comp_tex_four_pin
                0x0000000140018940                comp_tex_four_pin_packets
                0x000000014001a0d0                comp_tex_three_pin
                0x000000014001a0e0                comp_tex_three_pin_packets
                0x000000014001b480                comp_tex_two_pin
                0x000000014001b4a0                comp_tex_two_pin_packets
                0x000000014001c680                comp_tex_one_pin
                0x000000014001c6a0                comp_tex_one_pin_packets
                0x000000014001eb40                comp_tex_west
                0x000000014001eb60                comp_tex_west_packets
                0x000000014001f4f0                comp_tex_south
                0x000000014001f500                comp_tex_south_packets
                0x000000014001fe70                comp_tex_east
                0x000000014001fe80                comp_tex_east_packets
                0x0000000140020720                comp_tex_north
                0x0000000140020740                comp_tex_north_packets
                0x0000000140020ea0                comp_tex_white_dragon
                0x0000000140020eb0                comp_tex_white_dragon_packets
                0x0000000140020ed0                comp_tex_red_dragon
                0x0000000140020ee0                comp_tex_red_dragon_packets
                0x0000000140021570                comp_tex_green_dragon
                0x0000000140021580                comp_tex_green_dragon_packets
                0x00000001400220a0                texture_background
                0x00000001400874b4                trivial_reject_enabled
                0x00000001400874b8                hi_z_enabled
                0x00000001400874c0                light
                0x00000001400874cc                camera_radius_top
                0x00000001400874d0                camera_radius
                0x00000001400874d4                camera_rot_x
                0x00000001400874e0                board_mesh
                0x0000000140087500                tile_mesh
                0x0000000140087520                palette_background
                0x0000000140087720                palette
                0x0000000140087b20                board_indexes
                0x0000000140087fa0                board_vertexes
                0x00000001400892e0                mahjong_tile_indexes
                0x0000000140089460                mahjong_tile_vertexes
 .data          0x000000014008a460       0x10 C:/msys64/ucrt64/bin/../lib/gcc/x86_64-w64-mingw32/13.1.0/../../../../lib/libmingw32.a(lib64_libmingw32_a-gccmain.o)
 .data          0x000000014008a470       0x10 C:/msys64/ucrt64/bin/../lib/gcc/x86_64-w64-mingw32/13.1.0/../../../../lib/libmingw32.a(lib64_libmingw32_a-natstart.o)
                0x000000014008a470                __native_vcclrit_reason
                0x000000014008a474                __native_dllmain_reason
 .data          0x000000014008a480       0x10 C:/msys64/ucrt64/bin/../lib/gcc/x86_64-w64-mingw32/13.1.0/../../../../lib/libmingw32.a(lib64_libmingw32_a-wildcard.o)
                0x000000014008a480                _dowildcard
 .data          0x000000014008a490        0x0 C:/msys64/ucrt64/bin/../lib/gcc/x86_64-w64-mingw32/13.1.0/../../../../lib/libmingw32.a(lib64_libmingw32_a-dllargv.o)
 .data          0x000000014008a490        0x0 C:/msys64/ucrt64/bin/../lib/gcc/x86_64-w64-mingw32/13.1.0/../../../../lib/libmingw32.a(lib64_libmingw32_a-_newmode.o)
 .data          0x000000014008a490        0x0 C:/msys64/ucrt64/bin/../lib/gcc/x86_64-w64-mingw32/13.1.0/../../../../lib/libmingw32.a(lib64_libmingw32_a-tlssup.o)
 .data          0x000000014008a490        0x0 C:/msys64/ucrt64/bin/../lib/gcc/x86_64-w64-mingw32/13.1.0/../../../../lib/libmingw32.a(lib64_libmingw32_a-xncommod.o)
 .data          0x000000014008a490        0x0 C:/msys64/ucrt64/bin/../lib/gcc/x86_64-w64-mingw32/13.1.0/../../../../lib/libmingw32.a(lib64_libmingw32_a-cinitexe.o)
 .data          0x000000014008a490        0x0 C:/msys64/ucrt64/bin/../lib/gcc/x86_64-w64-mingw32/13.1.0/../../../../lib/libmingw32.a(lib64_libmingw32_a-merr.o)
 .data          0x000000014008a490        0x0 C:/msys64/ucrt64/bin/../lib/gcc/x86_64-w64-mingw32/13.1.0/../../../../lib/libmingw32.a(lib64_libmingw32_a-CRT_fp10.o)
 .data          0x000000014008a490        0x0 C:/msys64/ucrt64/bin/../lib/gcc/x86_64-w64-mingw32/13.1.0/../../../../lib/libmingw32.a(lib64_libmingw32_a-mingw_helpers.o)
 .data          0x000000014008a490        0x0 C:/msys64/ucrt64/bin/../lib/gcc/x86_64-w64-mingw32/13.1.0/../../../../lib/libmingw32.a(lib64_libmingw32_a-pseudo-reloc.o)
 .data          0x000000014008a490        0x0 C:/msys64/ucrt64/bin/../lib/gcc/x86_64-w64-mingw32/13.1.0/../../../../lib/libmingw32.a(lib64_libmingw32_a-usermatherr.o)
 .data          0x000000014008a490        0x0 C:/msys64/ucrt64/bin/../lib/gcc/x86_64-w64-mingw32/13.1.0/../../../../lib/libmingw32.a(lib64_libmingw32_a-xtxtmode.o)
 .data          0x000000014008a490        0x0 C:/msys64/ucrt64/bin/../lib/gcc/x86_64-w64-mingw32/13.1.0/../../../../lib/libmingw32.a(lib64_libmingw32_a-crt_handler.o)
 .data          0x000000014008a490        0x0 C:/msys64/ucrt64/bin/../lib/gcc/x86_64-w64-mingw32/13.1.0/../../../../lib/libmingw32.a(lib64_libmingw32_a-tlsthrd.o)
 .data          0x000000014008a490       0x10 C:/msys64/ucrt64/bin/../lib/gcc/x86_64-w64-mingw32/13.1.0/../../../../lib/libmingw32.a(lib64_libmingw32_a-tlsmcrt.o)
                0x000000014008a490                _CRT_MT
 .data          0x000000014008a4a0        0x0 C:/msys64/ucrt64/bin/../lib/gcc/x86_64-w64-mingw32/13.1.0/../../../../lib/libmingw32.a(lib64_libmingw32_a-pseudo-reloc-list.o)
 .data          0x000000014008a4a0        0x0 C:/msys64/ucrt64/bin/../lib/gcc/x86_64-w64-mingw32/13.1.0/../../../../lib/libmingw32.a(lib64_libmingw32_a-pesect.o)
 .data          0x000000014008a4a0        0x0 C:/msys64/ucrt64/bin/../lib/gcc/x86_64-w64-mingw32/13.1.0/libgcc.a(_chkstk_ms.o)
 .data          0x000000014008a4a0        0x0 C:/msys64/ucrt64/bin/../lib/gcc/x86_64-w64-mingw32/13.1.0/libgcc.a(_ctors.o)
 .data          0x000000014008a4a0       0x10 C:/msys64/ucrt64/bin/../lib/gcc/x86_64-w64-mingw32/13.1.0/../../../../lib/libmingwex.a(lib64_libmingwex_a-mingw_matherr.o)
                0x000000014008a4a0                _MINGW_INSTALL_DEBUG_MATHERR
 .data          0x000000014008a4b0       0x10 C:/msys64/ucrt64/bin/../lib/gcc/x86_64-w64-mingw32/13.1.0/../../../../lib/libmsvcrt.a(lib64_libucrt_extra_a-ucrt_vprintf.o)
                0x000000014008a4b0                __imp_vprintf
 .data          0x000000014008a4c0       0x10 C:/msys64/ucrt64/bin/../lib/gcc/x86_64-w64-mingw32/13.1.0/../../../../lib/libmsvcrt.a(lib64_libucrt_extra_a-ucrt_vfprintf.o)
                0x000000014008a4c0                __imp_vfprintf
 .data          0x000000014008a4d0       0x10 C:/msys64/ucrt64/bin/../lib/gcc/x86_64-w64-mingw32/13.1.0/../../../../lib/libmsvcrt.a(lib64_libucrt_extra_a-ucrt_fprintf.o)
                0x000000014008a4d0                __imp_fprintf
 .data          0x000000014008a4e0       0x10 C:/msys64/ucrt64/bin/../lib/gcc/x86_64-w64-mingw32/13.1.0/../../../../lib/libmsvcrt.a(lib64_libucrt_extra_a-__initenv.o)
                0x000000014008a4e0                __imp___winitenv
                0x000000014008a4e8                __imp___initenv
 .data          0x000000014008a4f0       0x80 C:/msys64/ucrt64/bin/../lib/gcc/x86_64-w64-mingw32/13.1.0/../../../../lib/libmsvcrt.a(lib64_libucrt_extra_a-ucrtbase_compat.o)
                0x000000014008a4f0                __imp___ms_fwprintf
                0x000000014008a4f8                __imp_tzset
                0x000000014008a500                __imp__get_output_format
                0x000000014008a508                __imp__amsg_exit
                0x000000014008a510                __imp___wgetmainargs
                0x000000014008a518                __imp___getmainargs
                0x000000014008a520                __imp_daylight
                0x000000014008a528                __imp_timezone
                0x000000014008a530                __imp_tzname
                0x000000014008a558                __imp_at_quick_exit
                0x000000014008a560                __imp__onexit
 .data          0x000000014008a570        0x0 C:/msys64/ucrt64/bin/../lib/gcc/x86_64-w64-mingw32/13.1.0/../../../../lib/libmsvcrt.a(libapi-ms-win-crt-time-l1-1-0s00008.o)
 .data          0x000000014008a570        0x0 C:/msys64/ucrt64/bin/../lib/gcc/x86_64-w64-mingw32/13.1.0/../../../../lib/libmsvcrt.a(libapi-ms-win-crt-time-l1-1-0s00010.o)
 .data          0x000000014008a570        0x0 C:/msys64/ucrt64/bin/../lib/gcc/x86_64-w64-mingw32/13.1.0/../../../../lib/libmsvcrt.a(libapi-ms-win-crt-time-l1-1-0s00011.o)
 .data          0x000000014008a570        0x0 C:/msys64/ucrt64/bin/../lib/gcc/x86_64-w64-mingw32/13.1.0/../../../../lib/libmsvcrt.a(libapi-ms-win-crt-time-l1-1-0s00058.o)
 .data          0x000000014008a570        0x0 C:/msys64/ucrt64/bin/../lib/gcc/x86_64-w64-mingw32/13.1.0/../../../../lib/libmsvcrt.a(libapi-ms-win-crt-time-l1-1-0h.o)
 .data          0x000000014008a570        0x0 C:/msys64/ucrt64/bin/../lib/gcc/x86_64-w64-mingw32/13.1.0/../../../../lib/libmsvcrt.a(libapi-ms-win-crt-time-l1-1-0t.o)
 .data          0x000000014008a570        0x0 C:/msys64/ucrt64/bin/../lib/gcc/x86_64-w64-mingw32/13.1.0/../../../../lib/libmsvcrt.a(libapi-ms-win-crt-string-l1-1-0s00167.o)
 .data          0x000000014008a570        0x0 C:/msys64/ucrt64/bin/../lib/gcc/x86_64-w64-mingw32/13.1.0/../../../../lib/libmsvcrt.a(libapi-ms-win-crt-string-l1-1-0s00170.o)
 .data          0x000000014008a570        0x0 C:/msys64/ucrt64/bin/../lib/gcc/x86_64-w64-mingw32/13.1.0/../../../../lib/libmsvcrt.a(libapi-ms-win-crt-string-l1-1-0h.o)
 .data          0x000000014008a570        0x0 C:/msys64/ucrt64/bin/../lib/gcc/x86_64-w64-mingw32/13.1.0/../../../../lib/libmsvcrt.a(libapi-ms-win-crt-string-l1-1-0t.o)
 .data          0x000000014008a570        0x0 C:/msys64/ucrt64/bin/../lib/gcc/x86_64-w64-mingw32/13.1.0/../../../../lib/libmsvcrt.a(libapi-ms-win-crt-stdio-l1-1-0s00000.o)
 .data          0x000000014008a570        0x0 C:/msys64/ucrt64/bin/../lib/gcc/x86_64-w64-mingw32/13.1.0/../../../../lib/libmsvcrt.a(libapi-ms-win-crt-stdio-l1-1-0s00001.o)
 .data          0x000000014008a570        0x0 C:/msys64/ucrt64/bin/../lib/gcc/x86_64-w64-mingw32/13.1.0/../../../../lib/libmsvcrt.a(libapi-ms-win-crt-stdio-l1-1-0s00002.o)
 .data          0x000000014008a570        0x0 C:/msys64/ucrt64/bin/../lib/gcc/x86_64-w64-mingw32/13.1.0/../../../../lib/libmsvcrt.a(libapi-ms-win-crt-stdio-l1-1-0s00003.o)
 .data          0x000000014008a570        0x0 C:/msys64/ucrt64/bin/../lib/gcc/x86_64-w64-mingw32/13.1.0/../../../../lib/libmsvcrt.a(libapi-ms-win-crt-stdio-l1-1-0s00007.o)
 .data          0x000000014008a570        0x0 C:/msys64/ucrt64/bin/../lib/gcc/x86_64-w64-mingw32/13.1.0/../../../../lib/libmsvcrt.a(libapi-ms-win-crt-stdio-l1-1-0s00168.o)
 .data          0x000000014008a570        0x0 C:/msys64/ucrt64/bin/../lib/gcc/x86_64-w64-mingw32/13.1.0/../../../../lib/libmsvcrt.a(libapi-ms-win-crt-stdio-l1-1-0h.o)
 .data          0x000000014008a570        0x0 C:/msys64/ucrt64/bin/../lib/gcc/x86_64-w64-mingw32/13.1.0/../../../../lib/libmsvcrt.a(libapi-ms-win-crt-stdio-l1-1-0t.o)
 .data          0x000000014008a570        0x0 C:/msys64/ucrt64/bin/../lib/gcc/x86_64-w64-mingw32/13.1.0/../../../../lib/libmsvcrt.a(libapi-ms-win-crt-runtime-l1-1-0s00004.o)
 .data          0x000000014008a570        0x0 C:/msys64/ucrt64/bin/../lib/gcc/x86_64-w64-mingw32/13.1.0/../../../../lib/libmsvcrt.a(libapi-ms-win-crt-runtime-l1-1-0s00005.o)
 .data          0x000000014008a570        0x0 C:/msys64/ucrt64/bin/../lib/gcc/x86_64-w64-mingw32/13.1.0/../../../../lib/libmsvcrt.a(libapi-ms-win-crt-runtime-l1-1-0s00006.o)
 .data          0x000000014008a570        0x0 C:/msys64/ucrt64/bin/../lib/gcc/x86_64-w64-mingw32/13.1.0/../../../../lib/libmsvcrt.a(libapi-ms-win-crt-runtime-l1-1-0s00022.o)
 .data          0x000000014008a570        0x0 C:/msys64/ucrt64/bin/../lib/gcc/x86_64-w64-mingw32/13.1.0/../../../../lib/libmsvcrt.a(libapi-ms-win-crt-runtime-l1-1-0s00024.o)
 .data          0x000000014008a570        0x0 C:/msys64/ucrt64/bin/../lib/gcc/x86_64-w64-mingw32/13.1.0/../../../../lib/libmsvcrt.a(libapi-ms-win-crt-runtime-l1-1-0s00025.o)
 .data          0x000000014008a570        0x0 C:/msys64/ucrt64/bin/../lib/gcc/x86_64-w64-mingw32/13.1.0/../../../../lib/libmsvcrt.a(libapi-ms-win-crt-runtime-l1-1-0s00029.o)
 .data          0x000000014008a570        0x0 C:/msys64/ucrt64/bin/../lib/gcc/x86_64-w64-mingw32/13.1.0/../../../../lib/libmsvcrt.a(libapi-ms-win-crt-runtime-l1-1-0s00030.o)
 .data          0x000000014008a570        0x0 C:/msys64/ucrt64/bin/../lib/gcc/x86_64-w64-mingw32/13.1.0/../../../../lib/libmsvcrt.a(libapi-ms-win-crt-runtime-l1-1-0s00036.o)
 .data          0x000000014008a570        0x0 C:/msys64/ucrt64/bin/../lib/gcc/x86_64-w64-mingw32/13.1.0/../../../../lib/libmsvcrt.a(libapi-ms-win-crt-runtime-l1-1-0s00053.o)
 .data          0x000000014008a570        0x0 C:/msys64/ucrt64/bin/../lib/gcc/x86_64-w64-mingw32/13.1.0/../../../../lib/libmsvcrt.a(libapi-ms-win-crt-runtime-l1-1-0s00055.o)
 .data          0x000000014008a570        0x0 C:/msys64/ucrt64/bin/../lib/gcc/x86_64-w64-mingw32/13.1.0/../../../../lib/libmsvcrt.a(libapi-ms-win-crt-runtime-l1-1-0s00056.o)
 .data          0x000000014008a570        0x0 C:/msys64/ucrt64/bin/../lib/gcc/x86_64-w64-mingw32/13.1.0/../../../../lib/libmsvcrt.a(libapi-ms-win-crt-runtime-l1-1-0s00068.o)
 .data          0x000000014008a570        0x0 C:/msys64/ucrt64/bin/../lib/gcc/x86_64-w64-mingw32/13.1.0/../../../../lib/libmsvcrt.a(libapi-ms-win-crt-runtime-l1-1-0s00074.o)
 .data          0x000000014008a570        0x0 C:/msys64/ucrt64/bin/../lib/gcc/x86_64-w64-mingw32/13.1.0/../../../../lib/libmsvcrt.a(libapi-ms-win-crt-runtime-l1-1-0s00087.o)
 .data          0x000000014008a570        0x0 C:/msys64/ucrt64/bin/../lib/gcc/x86_64-w64-mingw32/13.1.0/../../../../lib/libmsvcrt.a(libapi-ms-win-crt-runtime-l1-1-0s00088.o)
 .data          0x000000014008a570        0x0 C:/msys64/ucrt64/bin/../lib/gcc/x86_64-w64-mingw32/13.1.0/../../../../lib/libmsvcrt.a(libapi-ms-win-crt-runtime-l1-1-0s00102.o)
 .data          0x000000014008a570        0x0 C:/msys64/ucrt64/bin/../lib/gcc/x86_64-w64-mingw32/13.1.0/../../../../lib/libmsvcrt.a(libapi-ms-win-crt-runtime-l1-1-0h.o)
 .data          0x000000014008a570        0x0 C:/msys64/ucrt64/bin/../lib/gcc/x86_64-w64-mingw32/13.1.0/../../../../lib/libmsvcrt.a(libapi-ms-win-crt-runtime-l1-1-0t.o)
 .data          0x000000014008a570        0x0 C:/msys64/ucrt64/bin/../lib/gcc/x86_64-w64-mingw32/13.1.0/../../../../lib/libmsvcrt.a(libapi-ms-win-crt-private-l1-1-0s00015.o)
 .data          0x000000014008a570        0x0 C:/msys64/ucrt64/bin/../lib/gcc/x86_64-w64-mingw32/13.1.0/../../../../lib/libmsvcrt.a(libapi-ms-win-crt-private-l1-1-0s01143.o)
 .data          0x000000014008a570        0x0 C:/msys64/ucrt64/bin/../lib/gcc/x86_64-w64-mingw32/13.1.0/../../../../lib/libmsvcrt.a(libapi-ms-win-crt-private-l1-1-0h.o)
 .data          0x000000014008a570        0x0 C:/msys64/ucrt64/bin/../lib/gcc/x86_64-w64-mingw32/13.1.0/../../../../lib/libmsvcrt.a(libapi-ms-win-crt-private-l1-1-0t.o)
 .data          0x000000014008a570        0x0 C:/msys64/ucrt64/bin/../lib/gcc/x86_64-w64-mingw32/13.1.0/../../../../lib/libmsvcrt.a(libapi-ms-win-crt-math-l1-1-0s00009.o)
 .data          0x000000014008a570        0x0 C:/msys64/ucrt64/bin/../lib/gcc/x86_64-w64-mingw32/13.1.0/../../../../lib/libmsvcrt.a(libapi-ms-win-crt-math-l1-1-0h.o)
 .data          0x000000014008a570        0x0 C:/msys64/ucrt64/bin/../lib/gcc/x86_64-w64-mingw32/13.1.0/../../../../lib/libmsvcrt.a(libapi-ms-win-crt-math-l1-1-0t.o)
 .data          0x000000014008a570        0x0 C:/msys64/ucrt64/bin/../lib/gcc/x86_64-w64-mingw32/13.1.0/../../../../lib/libmsvcrt.a(libapi-ms-win-crt-heap-l1-1-0s00023.o)
 .data          0x000000014008a570        0x0 C:/msys64/ucrt64/bin/../lib/gcc/x86_64-w64-mingw32/13.1.0/../../../../lib/libmsvcrt.a(libapi-ms-win-crt-heap-l1-1-0s00024.o)
 .data          0x000000014008a570        0x0 C:/msys64/ucrt64/bin/../lib/gcc/x86_64-w64-mingw32/13.1.0/../../../../lib/libmsvcrt.a(libapi-ms-win-crt-heap-l1-1-0s00025.o)
 .data          0x000000014008a570        0x0 C:/msys64/ucrt64/bin/../lib/gcc/x86_64-w64-mingw32/13.1.0/../../../../lib/libmsvcrt.a(libapi-ms-win-crt-heap-l1-1-0s00026.o)
 .data          0x000000014008a570        0x0 C:/msys64/ucrt64/bin/../lib/gcc/x86_64-w64-mingw32/13.1.0/../../../../lib/libmsvcrt.a(libapi-ms-win-crt-heap-l1-1-0h.o)
 .data          0x000000014008a570        0x0 C:/msys64/ucrt64/bin/../lib/gcc/x86_64-w64-mingw32/13.1.0/../../../../lib/libmsvcrt.a(libapi-ms-win-crt-heap-l1-1-0t.o)
 .data          0x000000014008a570        0x0 C:/msys64/ucrt64/bin/../lib/gcc/x86_64-w64-mingw32/13.1.0/../../../../lib/libmsvcrt.a(libapi-ms-win-crt-environment-l1-1-0s00000.o)
 .data          0x000000014008a570        0x0 C:/msys64/ucrt64/bin/../lib/gcc/x86_64-w64-mingw32/13.1.0/../../../../lib/libmsvcrt.a(libapi-ms-win-crt-environment-l1-1-0s00001.o)
 .data          0x000000014008a570        0x0 C:/msys64/ucrt64/bin/../lib/gcc/x86_64-w64-mingw32/13.1.0/../../../../lib/libmsvcrt.a(libapi-ms-win-crt-environment-l1-1-0h.o)
 .data          0x000000014008a570        0x0 C:/msys64/ucrt64/bin/../lib/gcc/x86_64-w64-mingw32/13.1.0/../../../../lib/libmsvcrt.a(libapi-ms-win-crt-environment-l1-1-0t.o)
 .data          0x000000014008a570        0x0 C:/msys64/ucrt64/bin/../lib/gcc/x86_64-w64-mingw32/13.1.0/../../../../lib/libkernel32.a(libkernel32s01490.o)
 .data          0x000000014008a570        0x0 C:/msys64/ucrt64/bin/../lib/gcc/x86_64-w64-mingw32/13.1.0/../../../../lib/libkernel32.a(libkernel32s01488.o)
 .data          0x000000014008a570        0x0 C:/msys64/ucrt64/bin/../lib/gcc/x86_64-w64-mingw32/13.1.0/../../../../lib/libkernel32.a(libkernel32s01441.o)
 .data          0x000000014008a570        0x0 C:/msys64/ucrt64/bin/../lib/gcc/x86_64-w64-mingw32/13.1.0/../../../../lib/libkernel32.a(libkernel32s01406.o)
 .data          0x000000014008a570        0x0 C:/msys64/ucrt64/bin/../lib/gcc/x86_64-w64-mingw32/13.1.0/../../../../lib/libkernel32.a(libkernel32s01390.o)
 .data          0x000000014008a570        0x0 C:/msys64/ucrt64/bin/../lib/gcc/x86_64-w64-mingw32/13.1.0/../../../../lib/libkernel32.a(libkernel32s00981.o)
 .data          0x000000014008a570        0x0 C:/msys64/ucrt64/bin/../lib/gcc/x86_64-w64-mingw32/13.1.0/../../../../lib/libkernel32.a(libkernel32s00889.o)
 .data          0x000000014008a570        0x0 C:/msys64/ucrt64/bin/../lib/gcc/x86_64-w64-mingw32/13.1.0/../../../../lib/libkernel32.a(libkernel32s00627.o)
 .data          0x000000014008a570        0x0 C:/msys64/ucrt64/bin/../lib/gcc/x86_64-w64-mingw32/13.1.0/../../../../lib/libkernel32.a(libkernel32s00316.o)
 .data          0x000000014008a570        0x0 C:/msys64/ucrt64/bin/../lib/gcc/x86_64-w64-mingw32/13.1.0/../../../../lib/libkernel32.a(libkernel32s00280.o)
 .data          0x000000014008a570        0x0 C:/msys64/ucrt64/bin/../lib/gcc/x86_64-w64-mingw32/13.1.0/../../../../lib/libkernel32.a(libkernel32h.o)
 .data          0x000000014008a570        0x0 C:/msys64/ucrt64/bin/../lib/gcc/x86_64-w64-mingw32/13.1.0/../../../../lib/libkernel32.a(libkernel32t.o)
 .data          0x000000014008a570        0x0 C:/msys64/ucrt64/bin/../lib/gcc/x86_64-w64-mingw32/13.1.0/crtend.o
 *(.data2)
 *(SORT_BY_NAME(.data$*))
 *(.jcr)
                0x000000014008a570                __data_end__ = .
 *(.data_cygwin_nocopy)

.rdata          0x000000014008b000     0x1600
 *(.rdata)
 .rdata         0x000000014008b000      0x2d0 exotique.o
 *fill*         0x000000014008b2d0       0x30 
 .rdata         0x000000014008b300      0x680 mahjong.o
                0x000000014008b330                hand_tile_spacing
                0x000000014008b334                wall_tile_spacing
                0x000000014008b338                camy
                0x000000014008b33c                camx
                0x000000014008b340                NEAR_Z
                0x000000014008b344                FAR_Z
                0x000000014008b348                kScreenHeight
                0x000000014008b34c                kScreenWidth
 .rdata         0x000000014008b980       0x60 C:/msys64/ucrt64/bin/../lib/gcc/x86_64-w64-mingw32/13.1.0/../../../../lib/libmingw32.a(lib64_libmingw32_a-tlssup.o)
                0x000000014008b980                __dyn_tls_init_callback
                0x000000014008b9a0                _tls_used
 .rdata         0x000000014008b9e0      0x140 C:/msys64/ucrt64/bin/../lib/gcc/x86_64-w64-mingw32/13.1.0/../../../../lib/libmingw32.a(lib64_libmingw32_a-merr.o)
 .rdata         0x000000014008bb20      0x160 C:/msys64/ucrt64/bin/../lib/gcc/x86_64-w64-mingw32/13.1.0/../../../../lib/libmingw32.a(lib64_libmingw32_a-pseudo-reloc.o)
 .rdata         0x000000014008bc80       0x30 C:/msys64/ucrt64/bin/../lib/gcc/x86_64-w64-mingw32/13.1.0/../../../../lib/libmingw32.a(lib64_libmingw32_a-crt_handler.o)
 .rdata         0x000000014008bcb0       0x20 C:/msys64/ucrt64/bin/../lib/gcc/x86_64-w64-mingw32/13.1.0/../../../../lib/libmsvcrt.a(lib64_libucrt_extra_a-ucrtbase_compat.o)
 *(SORT_BY_NAME(.rdata$*))
 .rdata$.refptr._CRT_MT
                0x000000014008bcd0       0x10 C:/msys64/ucrt64/bin/../lib/gcc/x86_64-w64-mingw32/13.1.0/../../../../lib/libmingw32.a(lib64_libmingw32_a-tlssup.o)
                0x000000014008bcd0                .refptr._CRT_MT
 .rdata$.refptr._MINGW_INSTALL_DEBUG_MATHERR
                0x000000014008bce0       0x10 C:/msys64/ucrt64/bin/../lib/gcc/x86_64-w64-mingw32/13.1.0/../../../../lib/crt2.o
                0x000000014008bce0                .refptr._MINGW_INSTALL_DEBUG_MATHERR
 .rdata$.refptr.__CTOR_LIST__
                0x000000014008bcf0       0x10 C:/msys64/ucrt64/bin/../lib/gcc/x86_64-w64-mingw32/13.1.0/../../../../lib/libmingw32.a(lib64_libmingw32_a-gccmain.o)
                0x000000014008bcf0                .refptr.__CTOR_LIST__
 .rdata$.refptr.__RUNTIME_PSEUDO_RELOC_LIST_END__
                0x000000014008bd00       0x10 C:/msys64/ucrt64/bin/../lib/gcc/x86_64-w64-mingw32/13.1.0/../../../../lib/libmingw32.a(lib64_libmingw32_a-pseudo-reloc.o)
                0x000000014008bd00                .refptr.__RUNTIME_PSEUDO_RELOC_LIST_END__
 .rdata$.refptr.__RUNTIME_PSEUDO_RELOC_LIST__
                0x000000014008bd10       0x10 C:/msys64/ucrt64/bin/../lib/gcc/x86_64-w64-mingw32/13.1.0/../../../../lib/libmingw32.a(lib64_libmingw32_a-pseudo-reloc.o)
                0x000000014008bd10                .refptr.__RUNTIME_PSEUDO_RELOC_LIST__
 .rdata$.refptr.__dyn_tls_init_callback
                0x000000014008bd20       0x10 C:/msys64/ucrt64/bin/../lib/gcc/x86_64-w64-mingw32/13.1.0/../../../../lib/crt2.o
                0x000000014008bd20                .refptr.__dyn_tls_init_callback
 .rdata$.refptr.__image_base__
                0x000000014008bd30       0x10 C:/msys64/ucrt64/bin/../lib/gcc/x86_64-w64-mingw32/13.1.0/../../../../lib/crt2.o
                0x000000014008bd30                .refptr.__image_base__
 .rdata$.refptr.__imp___initenv
                0x000000014008bd40       0x10 C:/msys64/ucrt64/bin/../lib/gcc/x86_64-w64-mingw32/13.1.0/../../../../lib/crt2.o
                0x000000014008bd40                .refptr.__imp___initenv
 .rdata$.refptr.__imp__tzset
                0x000000014008bd50       0x10 C:/msys64/ucrt64/bin/../lib/gcc/x86_64-w64-mingw32/13.1.0/../../../../lib/libmsvcrt.a(lib64_libucrt_extra_a-ucrtbase_compat.o)
                0x000000014008bd50                .refptr.__imp__tzset
 .rdata$.refptr.__mingw_app_type
                0x000000014008bd60       0x10 C:/msys64/ucrt64/bin/../lib/gcc/x86_64-w64-mingw32/13.1.0/../../../../lib/crt2.o
                0x000000014008bd60                .refptr.__mingw_app_type
 .rdata$.refptr.__mingw_initltsdrot_force
                0x000000014008bd70       0x10 C:/msys64/ucrt64/bin/../lib/gcc/x86_64-w64-mingw32/13.1.0/../../../../lib/crt2.o
                0x000000014008bd70                .refptr.__mingw_initltsdrot_force
 .rdata$.refptr.__mingw_initltsdyn_force
                0x000000014008bd80       0x10 C:/msys64/ucrt64/bin/../lib/gcc/x86_64-w64-mingw32/13.1.0/../../../../lib/crt2.o
                0x000000014008bd80                .refptr.__mingw_initltsdyn_force
 .rdata$.refptr.__mingw_initltssuo_force
                0x000000014008bd90       0x10 C:/msys64/ucrt64/bin/../lib/gcc/x86_64-w64-mingw32/13.1.0/../../../../lib/crt2.o
                0x000000014008bd90                .refptr.__mingw_initltssuo_force
 .rdata$.refptr.__mingw_module_is_dll
                0x000000014008bda0       0x10 C:/msys64/ucrt64/bin/../lib/gcc/x86_64-w64-mingw32/13.1.0/../../../../lib/libmsvcrt.a(lib64_libucrt_extra_a-ucrtbase_compat.o)
                0x000000014008bda0                .refptr.__mingw_module_is_dll
 .rdata$.refptr.__mingw_oldexcpt_handler
                0x000000014008bdb0       0x10 C:/msys64/ucrt64/bin/../lib/gcc/x86_64-w64-mingw32/13.1.0/../../../../lib/crt2.o
                0x000000014008bdb0                .refptr.__mingw_oldexcpt_handler
 .rdata$.refptr.__native_startup_lock
                0x000000014008bdc0       0x10 C:/msys64/ucrt64/bin/../lib/gcc/x86_64-w64-mingw32/13.1.0/../../../../lib/crt2.o
                0x000000014008bdc0                .refptr.__native_startup_lock
 .rdata$.refptr.__native_startup_state
                0x000000014008bdd0       0x10 C:/msys64/ucrt64/bin/../lib/gcc/x86_64-w64-mingw32/13.1.0/../../../../lib/crt2.o
                0x000000014008bdd0                .refptr.__native_startup_state
 .rdata$.refptr.__xc_a
                0x000000014008bde0       0x10 C:/msys64/ucrt64/bin/../lib/gcc/x86_64-w64-mingw32/13.1.0/../../../../lib/crt2.o
                0x000000014008bde0                .refptr.__xc_a
 .rdata$.refptr.__xc_z
                0x000000014008bdf0       0x10 C:/msys64/ucrt64/bin/../lib/gcc/x86_64-w64-mingw32/13.1.0/../../../../lib/crt2.o
                0x000000014008bdf0                .refptr.__xc_z
 .rdata$.refptr.__xi_a
                0x000000014008be00       0x10 C:/msys64/ucrt64/bin/../lib/gcc/x86_64-w64-mingw32/13.1.0/../../../../lib/crt2.o
                0x000000014008be00                .refptr.__xi_a
 .rdata$.refptr.__xi_z
                0x000000014008be10       0x10 C:/msys64/ucrt64/bin/../lib/gcc/x86_64-w64-mingw32/13.1.0/../../../../lib/crt2.o
                0x000000014008be10                .refptr.__xi_z
 .rdata$.refptr._commode
                0x000000014008be20       0x10 C:/msys64/ucrt64/bin/../lib/gcc/x86_64-w64-mingw32/13.1.0/../../../../lib/crt2.o
                0x000000014008be20                .refptr._commode
 .rdata$.refptr._dowildcard
                0x000000014008be30       0x10 C:/msys64/ucrt64/bin/../lib/gcc/x86_64-w64-mingw32/13.1.0/../../../../lib/crt2.o
                0x000000014008be30                .refptr._dowildcard
 .rdata$.refptr._fmode
                0x000000014008be40       0x10 C:/msys64/ucrt64/bin/../lib/gcc/x86_64-w64-mingw32/13.1.0/../../../../lib/crt2.o
                0x000000014008be40                .refptr._fmode
 .rdata$.refptr._gnu_exception_handler
                0x000000014008be50       0x10 C:/msys64/ucrt64/bin/../lib/gcc/x86_64-w64-mingw32/13.1.0/../../../../lib/crt2.o
                0x000000014008be50                .refptr._gnu_exception_handler
 .rdata$.refptr._matherr
                0x000000014008be60       0x10 C:/msys64/ucrt64/bin/../lib/gcc/x86_64-w64-mingw32/13.1.0/../../../../lib/crt2.o
                0x000000014008be60                .refptr._matherr
 .rdata$.refptr._newmode
                0x000000014008be70       0x10 C:/msys64/ucrt64/bin/../lib/gcc/x86_64-w64-mingw32/13.1.0/../../../../lib/crt2.o
                0x000000014008be70                .refptr._newmode
 .rdata$.refptr.kScreenHeight
                0x000000014008be80       0x10 exotique.o
                0x000000014008be80                .refptr.kScreenHeight
 .rdata$.refptr.kScreenWidth
                0x000000014008be90       0x10 exotique.o
                0x000000014008be90                .refptr.kScreenWidth
 .rdata$zzz     0x000000014008bea0       0x30 C:/msys64/ucrt64/bin/../lib/gcc/x86_64-w64-mingw32/13.1.0/../../../../lib/crt2.o
 .rdata$zzz     0x000000014008bed0       0x30 C:/msys64/ucrt64/bin/../lib/gcc/x86_64-w64-mingw32/13.1.0/crtbegin.o
 .rdata$zzz     0x000000014008bf00       0x30 exotique.o
 .rdata$zzz     0x000000014008bf30       0x30 mahjong.o
 .rdata$zzz     0x000000014008bf60       0x30 C:/msys64/ucrt64/bin/../lib/gcc/x86_64-w64-mingw32/13.1.0/../../../../lib/libmingw32.a(lib64_libmingw32_a-gccmain.o)
 .rdata$zzz     0x000000014008bf90       0x30 C:/msys64/ucrt64/bin/../lib/gcc/x86_64-w64-mingw32/13.1.0/../../../../lib/libmingw32.a(lib64_libmingw32_a-natstart.o)
 .rdata$zzz     0x000000014008bfc0       0x30 C:/msys64/ucrt64/bin/../lib/gcc/x86_64-w64-mingw32/13.1.0/../../../../lib/libmingw32.a(lib64_libmingw32_a-wildcard.o)
 .rdata$zzz     0x000000014008bff0       0x30 C:/msys64/ucrt64/bin/../lib/gcc/x86_64-w64-mingw32/13.1.0/../../../../lib/libmingw32.a(lib64_libmingw32_a-dllargv.o)
 .rdata$zzz     0x000000014008c020       0x30 C:/msys64/ucrt64/bin/../lib/gcc/x86_64-w64-mingw32/13.1.0/../../../../lib/libmingw32.a(lib64_libmingw32_a-_newmode.o)
 .rdata$zzz     0x000000014008c050       0x30 C:/msys64/ucrt64/bin/../lib/gcc/x86_64-w64-mingw32/13.1.0/../../../../lib/libmingw32.a(lib64_libmingw32_a-tlssup.o)
 .rdata$zzz     0x000000014008c080       0x30 C:/msys64/ucrt64/bin/../lib/gcc/x86_64-w64-mingw32/13.1.0/../../../../lib/libmingw32.a(lib64_libmingw32_a-xncommod.o)
 .rdata$zzz     0x000000014008c0b0       0x30 C:/msys64/ucrt64/bin/../lib/gcc/x86_64-w64-mingw32/13.1.0/../../../../lib/libmingw32.a(lib64_libmingw32_a-cinitexe.o)
 .rdata$zzz     0x000000014008c0e0       0x30 C:/msys64/ucrt64/bin/../lib/gcc/x86_64-w64-mingw32/13.1.0/../../../../lib/libmingw32.a(lib64_libmingw32_a-merr.o)
 .rdata$zzz     0x000000014008c110       0x30 C:/msys64/ucrt64/bin/../lib/gcc/x86_64-w64-mingw32/13.1.0/../../../../lib/libmingw32.a(lib64_libmingw32_a-CRT_fp10.o)
 .rdata$zzz     0x000000014008c140       0x30 C:/msys64/ucrt64/bin/../lib/gcc/x86_64-w64-mingw32/13.1.0/../../../../lib/libmingw32.a(lib64_libmingw32_a-mingw_helpers.o)
 .rdata$zzz     0x000000014008c170       0x30 C:/msys64/ucrt64/bin/../lib/gcc/x86_64-w64-mingw32/13.1.0/../../../../lib/libmingw32.a(lib64_libmingw32_a-pseudo-reloc.o)
 .rdata$zzz     0x000000014008c1a0       0x30 C:/msys64/ucrt64/bin/../lib/gcc/x86_64-w64-mingw32/13.1.0/../../../../lib/libmingw32.a(lib64_libmingw32_a-usermatherr.o)
 .rdata$zzz     0x000000014008c1d0       0x30 C:/msys64/ucrt64/bin/../lib/gcc/x86_64-w64-mingw32/13.1.0/../../../../lib/libmingw32.a(lib64_libmingw32_a-xtxtmode.o)
 .rdata$zzz     0x000000014008c200       0x30 C:/msys64/ucrt64/bin/../lib/gcc/x86_64-w64-mingw32/13.1.0/../../../../lib/libmingw32.a(lib64_libmingw32_a-crt_handler.o)
 .rdata$zzz     0x000000014008c230       0x30 C:/msys64/ucrt64/bin/../lib/gcc/x86_64-w64-mingw32/13.1.0/../../../../lib/libmingw32.a(lib64_libmingw32_a-tlsthrd.o)
 .rdata$zzz     0x000000014008c260       0x30 C:/msys64/ucrt64/bin/../lib/gcc/x86_64-w64-mingw32/13.1.0/../../../../lib/libmingw32.a(lib64_libmingw32_a-tlsmcrt.o)
 .rdata$zzz     0x000000014008c290       0x30 C:/msys64/ucrt64/bin/../lib/gcc/x86_64-w64-mingw32/13.1.0/../../../../lib/libmingw32.a(lib64_libmingw32_a-pseudo-reloc-list.o)
 .rdata$zzz     0x000000014008c2c0       0x30 C:/msys64/ucrt64/bin/../lib/gcc/x86_64-w64-mingw32/13.1.0/../../../../lib/libmingw32.a(lib64_libmingw32_a-pesect.o)
 .rdata$zzz     0x000000014008c2f0       0x30 C:/msys64/ucrt64/bin/../lib/gcc/x86_64-w64-mingw32/13.1.0/libgcc.a(_ctors.o)
 .rdata$zzz     0x000000014008c320       0x30 C:/msys64/ucrt64/bin/../lib/gcc/x86_64-w64-mingw32/13.1.0/../../../../lib/libmingwex.a(lib64_libmingwex_a-mingw_matherr.o)
 .rdata$zzz     0x000000014008c350       0x30 C:/msys64/ucrt64/bin/../lib/gcc/x86_64-w64-mingw32/13.1.0/../../../../lib/libmsvcrt.a(lib64_libucrt_extra_a-ucrt_vprintf.o)
 .rdata$zzz     0x000000014008c380       0x30 C:/msys64/ucrt64/bin/../lib/gcc/x86_64-w64-mingw32/13.1.0/../../../../lib/libmsvcrt.a(lib64_libucrt_extra_a-ucrt_vfprintf.o)
 .rdata$zzz     0x000000014008c3b0       0x30 C:/msys64/ucrt64/bin/../lib/gcc/x86_64-w64-mingw32/13.1.0/../../../../lib/libmsvcrt.a(lib64_libucrt_extra_a-ucrt_fprintf.o)
 .rdata$zzz     0x000000014008c3e0       0x30 C:/msys64/ucrt64/bin/../lib/gcc/x86_64-w64-mingw32/13.1.0/../../../../lib/libmsvcrt.a(lib64_libucrt_extra_a-__initenv.o)
 .rdata$zzz     0x000000014008c410       0x30 C:/msys64/ucrt64/bin/../lib/gcc/x86_64-w64-mingw32/13.1.0/../../../../lib/libmsvcrt.a(lib64_libucrt_extra_a-ucrtbase_compat.o)
 .rdata$zzz     0x000000014008c440       0x30 C:/msys64/ucrt64/bin/../lib/gcc/x86_64-w64-mingw32/13.1.0/crtend.o
                0x000000014008c470                . = ALIGN (0x4)
                0x000000014008c470                __rt_psrelocs_start = .
 *(.rdata_runtime_pseudo_reloc)
                0x000000014008c470                __rt_psrelocs_end = .
                0x0000000000000000                __rt_psrelocs_size = (__rt_psrelocs_end - __rt_psrelocs_start)
                0x000000014008c470                ___RUNTIME_PSEUDO_RELOC_LIST_END__ = .
                0x000000014008c470                __RUNTIME_PSEUDO_RELOC_LIST_END__ = .
                0x000000014008c470                ___RUNTIME_PSEUDO_RELOC_LIST__ = (. - __rt_psrelocs_size)
                0x000000014008c470                __RUNTIME_PSEUDO_RELOC_LIST__ = (. - __rt_psrelocs_size)

.eh_frame
 *(.eh_frame*)

.pdata          0x000000014008d000      0x800
 *(.pdata*)
 .pdata         0x000000014008d000       0x54 C:/msys64/ucrt64/bin/../lib/gcc/x86_64-w64-mingw32/13.1.0/../../../../lib/crt2.o
 .pdata         0x000000014008d054       0x18 C:/msys64/ucrt64/bin/../lib/gcc/x86_64-w64-mingw32/13.1.0/crtbegin.o
 .pdata         0x000000014008d06c       0x24 exotique.o
 .pdata.startup
                0x000000014008d090        0xc exotique.o
 .pdata         0x000000014008d09c      0x3fc mahjong.o
 .pdata         0x000000014008d498       0x24 C:/msys64/ucrt64/bin/../lib/gcc/x86_64-w64-mingw32/13.1.0/../../../../lib/libmingw32.a(lib64_libmingw32_a-gccmain.o)
 .pdata         0x000000014008d4bc        0xc C:/msys64/ucrt64/bin/../lib/gcc/x86_64-w64-mingw32/13.1.0/../../../../lib/libmingw32.a(lib64_libmingw32_a-dllargv.o)
 .pdata         0x000000014008d4c8       0x24 C:/msys64/ucrt64/bin/../lib/gcc/x86_64-w64-mingw32/13.1.0/../../../../lib/libmingw32.a(lib64_libmingw32_a-tlssup.o)
 .pdata         0x000000014008d4ec        0xc C:/msys64/ucrt64/bin/../lib/gcc/x86_64-w64-mingw32/13.1.0/../../../../lib/libmingw32.a(lib64_libmingw32_a-merr.o)
 .pdata         0x000000014008d4f8        0xc C:/msys64/ucrt64/bin/../lib/gcc/x86_64-w64-mingw32/13.1.0/../../../../lib/libmingw32.a(lib64_libmingw32_a-CRT_fp10.o)
 .pdata         0x000000014008d504       0x24 C:/msys64/ucrt64/bin/../lib/gcc/x86_64-w64-mingw32/13.1.0/../../../../lib/libmingw32.a(lib64_libmingw32_a-pseudo-reloc.o)
 .pdata         0x000000014008d528       0x18 C:/msys64/ucrt64/bin/../lib/gcc/x86_64-w64-mingw32/13.1.0/../../../../lib/libmingw32.a(lib64_libmingw32_a-usermatherr.o)
 .pdata         0x000000014008d540        0xc C:/msys64/ucrt64/bin/../lib/gcc/x86_64-w64-mingw32/13.1.0/../../../../lib/libmingw32.a(lib64_libmingw32_a-crt_handler.o)
 .pdata         0x000000014008d54c       0x30 C:/msys64/ucrt64/bin/../lib/gcc/x86_64-w64-mingw32/13.1.0/../../../../lib/libmingw32.a(lib64_libmingw32_a-tlsthrd.o)
 .pdata         0x000000014008d57c       0x6c C:/msys64/ucrt64/bin/../lib/gcc/x86_64-w64-mingw32/13.1.0/../../../../lib/libmingw32.a(lib64_libmingw32_a-pesect.o)
 .pdata         0x000000014008d5e8        0xc C:/msys64/ucrt64/bin/../lib/gcc/x86_64-w64-mingw32/13.1.0/../../../../lib/libmsvcrt.a(lib64_libucrt_extra_a-ucrt_vprintf.o)
 .pdata         0x000000014008d5f4        0xc C:/msys64/ucrt64/bin/../lib/gcc/x86_64-w64-mingw32/13.1.0/../../../../lib/libmsvcrt.a(lib64_libucrt_extra_a-ucrt_vfprintf.o)
 .pdata         0x000000014008d600        0xc C:/msys64/ucrt64/bin/../lib/gcc/x86_64-w64-mingw32/13.1.0/../../../../lib/libmsvcrt.a(lib64_libucrt_extra_a-ucrt_fprintf.o)
 .pdata         0x000000014008d60c       0x6c C:/msys64/ucrt64/bin/../lib/gcc/x86_64-w64-mingw32/13.1.0/../../../../lib/libmsvcrt.a(lib64_libucrt_extra_a-ucrtbase_compat.o)
 .pdata.startup
                0x000000014008d678        0xc C:/msys64/ucrt64/bin/../lib/gcc/x86_64-w64-mingw32/13.1.0/crtend.o

.xdata          0x000000014008e000      0x600
 *(.xdata*)
 .xdata         0x000000014008e000       0x6c C:/msys64/ucrt64/bin/../lib/gcc/x86_64-w64-mingw32/13.1.0/../../../../lib/crt2.o
 .xdata         0x000000014008e06c        0x8 C:/msys64/ucrt64/bin/../lib/gcc/x86_64-w64-mingw32/13.1.0/crtbegin.o
 .xdata         0x000000014008e074       0x1c exotique.o
 .xdata.startup
                0x000000014008e090       0x18 exotique.o
 .xdata         0x000000014008e0a8      0x3d4 mahjong.o
 .xdata         0x000000014008e47c       0x18 C:/msys64/ucrt64/bin/../lib/gcc/x86_64-w64-mingw32/13.1.0/../../../../lib/libmingw32.a(lib64_libmingw32_a-gccmain.o)
 .xdata         0x000000014008e494        0x4 C:/msys64/ucrt64/bin/../lib/gcc/x86_64-w64-mingw32/13.1.0/../../../../lib/libmingw32.a(lib64_libmingw32_a-dllargv.o)
 .xdata         0x000000014008e498       0x18 C:/msys64/ucrt64/bin/../lib/gcc/x86_64-w64-mingw32/13.1.0/../../../../lib/libmingw32.a(lib64_libmingw32_a-tlssup.o)
 .xdata         0x000000014008e4b0       0x18 C:/msys64/ucrt64/bin/../lib/gcc/x86_64-w64-mingw32/13.1.0/../../../../lib/libmingw32.a(lib64_libmingw32_a-merr.o)
 .xdata         0x000000014008e4c8        0x4 C:/msys64/ucrt64/bin/../lib/gcc/x86_64-w64-mingw32/13.1.0/../../../../lib/libmingw32.a(lib64_libmingw32_a-CRT_fp10.o)
 .xdata         0x000000014008e4cc       0x30 C:/msys64/ucrt64/bin/../lib/gcc/x86_64-w64-mingw32/13.1.0/../../../../lib/libmingw32.a(lib64_libmingw32_a-pseudo-reloc.o)
 .xdata         0x000000014008e4fc        0xc C:/msys64/ucrt64/bin/../lib/gcc/x86_64-w64-mingw32/13.1.0/../../../../lib/libmingw32.a(lib64_libmingw32_a-usermatherr.o)
 .xdata         0x000000014008e508        0x8 C:/msys64/ucrt64/bin/../lib/gcc/x86_64-w64-mingw32/13.1.0/../../../../lib/libmingw32.a(lib64_libmingw32_a-crt_handler.o)
 .xdata         0x000000014008e510       0x30 C:/msys64/ucrt64/bin/../lib/gcc/x86_64-w64-mingw32/13.1.0/../../../../lib/libmingw32.a(lib64_libmingw32_a-tlsthrd.o)
 .xdata         0x000000014008e540       0x2c C:/msys64/ucrt64/bin/../lib/gcc/x86_64-w64-mingw32/13.1.0/../../../../lib/libmingw32.a(lib64_libmingw32_a-pesect.o)
 .xdata         0x000000014008e56c        0xc C:/msys64/ucrt64/bin/../lib/gcc/x86_64-w64-mingw32/13.1.0/../../../../lib/libmsvcrt.a(lib64_libucrt_extra_a-ucrt_vprintf.o)
 .xdata         0x000000014008e578        0x8 C:/msys64/ucrt64/bin/../lib/gcc/x86_64-w64-mingw32/13.1.0/../../../../lib/libmsvcrt.a(lib64_libucrt_extra_a-ucrt_vfprintf.o)
 .xdata         0x000000014008e580        0x8 C:/msys64/ucrt64/bin/../lib/gcc/x86_64-w64-mingw32/13.1.0/../../../../lib/libmsvcrt.a(lib64_libucrt_extra_a-ucrt_fprintf.o)
 .xdata         0x000000014008e588       0x50 C:/msys64/ucrt64/bin/../lib/gcc/x86_64-w64-mingw32/13.1.0/../../../../lib/libmsvcrt.a(lib64_libucrt_extra_a-ucrtbase_compat.o)
 .xdata.startup
                0x000000014008e5d8        0x4 C:/msys64/ucrt64/bin/../lib/gcc/x86_64-w64-mingw32/13.1.0/crtend.o

.bss            0x000000014008f000  0x9c43ee0
                0x000000014008f000                __bss_start__ = .
 *(.bss)
 .bss           0x000000014008f000       0x30 C:/msys64/ucrt64/bin/../lib/gcc/x86_64-w64-mingw32/13.1.0/../../../../lib/crt2.o
                0x000000014008f000                __mingw_module_is_dll
 .bss           0x000000014008f030        0x0 C:/msys64/ucrt64/bin/../lib/gcc/x86_64-w64-mingw32/13.1.0/crtbegin.o
 *fill*         0x000000014008f030       0x10 
 .bss           0x000000014008f040      0x520 exotique.o
                0x000000014008f040                g_exotique_interface
 .bss           0x000000014008f560  0x9c43840 mahjong.o
                0x000000014008f560                misses
                0x000000014008f564                hits
                0x000000014008f568                vert_cache_next_entry
                0x000000014008f56c                vert_cache_idxs
                0x000000014008f580                vert_cache
                0x000000014008f5b0                triangles_transformed
                0x000000014008f5b4                meshes_transformed
                0x000000014008f5b8                triangles_hi_z_culled
                0x000000014008f5bc                triangles_rasterized
                0x000000014008f5c0                zoom
                0x000000014008f5c4                prev_cam_radius
                0x000000014008f5c8                last_y_pushed
                0x000000014008f5cc                last_x_pushed
                0x000000014008f5d0                last_right_pushed
                0x000000014008f5d4                last_left_pushed
                0x000000014008f5d8                last_a_pushed
                0x000000014008f5dc                last_select_pushed
                0x000000014008f5e0                last_start_pushed
                0x000000014008f5e4                paused
                0x000000014008f5e8                cur_player
                0x000000014008f5ec                deal_steps
                0x000000014008f5f0                frame
                0x000000014008f5f4                cur_game_state
                0x000000014008f600                game_board
                0x000000014008fe60                texture_mip_3_buffer
                0x00000001400b1e60                texture_mip_2_buffer
                0x0000000140139e60                texture_mip_buffer
                0x0000000140359e60                texture_buffer
                0x0000000140bd9e60                board_bbox
                0x0000000140bd9e80                tile_bbox
                0x0000000140bd9ea0                cam_view_trans
                0x0000000140bd9ec4                draw_mode
                0x0000000140bd9ee0                mix_table
                0x0000000140be9ee0                full_light_remap_table
                0x0000000140beb7e0                light_remap_table
                0x0000000140beb878                camera_rot_y
                0x0000000140beb880                global_tri_buffer
                0x0000000144cc5180                tiles
                0x0000000149ccdd80                zbuf
                0x0000000149cd1d80                render_target
 .bss           0x0000000149cd2da0       0x10 C:/msys64/ucrt64/bin/../lib/gcc/x86_64-w64-mingw32/13.1.0/../../../../lib/libmingw32.a(lib64_libmingw32_a-gccmain.o)
 .bss           0x0000000149cd2db0       0x10 C:/msys64/ucrt64/bin/../lib/gcc/x86_64-w64-mingw32/13.1.0/../../../../lib/libmingw32.a(lib64_libmingw32_a-natstart.o)
                0x0000000149cd2db0                __native_startup_lock
                0x0000000149cd2db8                __native_startup_state
 .bss           0x0000000149cd2dc0        0x0 C:/msys64/ucrt64/bin/../lib/gcc/x86_64-w64-mingw32/13.1.0/../../../../lib/libmingw32.a(lib64_libmingw32_a-wildcard.o)
 .bss           0x0000000149cd2dc0        0x0 C:/msys64/ucrt64/bin/../lib/gcc/x86_64-w64-mingw32/13.1.0/../../../../lib/libmingw32.a(lib64_libmingw32_a-dllargv.o)
 .bss           0x0000000149cd2dc0       0x10 C:/msys64/ucrt64/bin/../lib/gcc/x86_64-w64-mingw32/13.1.0/../../../../lib/libmingw32.a(lib64_libmingw32_a-_newmode.o)
                0x0000000149cd2dc0                _newmode
 .bss           0x0000000149cd2dd0       0x10 C:/msys64/ucrt64/bin/../lib/gcc/x86_64-w64-mingw32/13.1.0/../../../../lib/libmingw32.a(lib64_libmingw32_a-tlssup.o)
                0x0000000149cd2dd0                __mingw_initltssuo_force
                0x0000000149cd2dd4                __mingw_initltsdyn_force
                0x0000000149cd2dd8                __mingw_initltsdrot_force
                0x0000000149cd2ddc                _tls_index
 .bss           0x0000000149cd2de0       0x10 C:/msys64/ucrt64/bin/../lib/gcc/x86_64-w64-mingw32/13.1.0/../../../../lib/libmingw32.a(lib64_libmingw32_a-xncommod.o)
                0x0000000149cd2de0                _commode
 .bss           0x0000000149cd2df0        0x0 C:/msys64/ucrt64/bin/../lib/gcc/x86_64-w64-mingw32/13.1.0/../../../../lib/libmingw32.a(lib64_libmingw32_a-cinitexe.o)
 .bss           0x0000000149cd2df0        0x0 C:/msys64/ucrt64/bin/../lib/gcc/x86_64-w64-mingw32/13.1.0/../../../../lib/libmingw32.a(lib64_libmingw32_a-merr.o)
 .bss           0x0000000149cd2df0        0x0 C:/msys64/ucrt64/bin/../lib/gcc/x86_64-w64-mingw32/13.1.0/../../../../lib/libmingw32.a(lib64_libmingw32_a-CRT_fp10.o)
 .bss           0x0000000149cd2df0       0x10 C:/msys64/ucrt64/bin/../lib/gcc/x86_64-w64-mingw32/13.1.0/../../../../lib/libmingw32.a(lib64_libmingw32_a-mingw_helpers.o)
                0x0000000149cd2df0                __mingw_app_type
 .bss           0x0000000149cd2e00       0x10 C:/msys64/ucrt64/bin/../lib/gcc/x86_64-w64-mingw32/13.1.0/../../../../lib/libmingw32.a(lib64_libmingw32_a-pseudo-reloc.o)
 .bss           0x0000000149cd2e10       0x10 C:/msys64/ucrt64/bin/../lib/gcc/x86_64-w64-mingw32/13.1.0/../../../../lib/libmingw32.a(lib64_libmingw32_a-usermatherr.o)
 .bss           0x0000000149cd2e20       0x10 C:/msys64/ucrt64/bin/../lib/gcc/x86_64-w64-mingw32/13.1.0/../../../../lib/libmingw32.a(lib64_libmingw32_a-xtxtmode.o)
                0x0000000149cd2e20                _fmode
 .bss           0x0000000149cd2e30       0x10 C:/msys64/ucrt64/bin/../lib/gcc/x86_64-w64-mingw32/13.1.0/../../../../lib/libmingw32.a(lib64_libmingw32_a-crt_handler.o)
                0x0000000149cd2e30                __mingw_oldexcpt_handler
 .bss           0x0000000149cd2e40       0x60 C:/msys64/ucrt64/bin/../lib/gcc/x86_64-w64-mingw32/13.1.0/../../../../lib/libmingw32.a(lib64_libmingw32_a-tlsthrd.o)
 .bss           0x0000000149cd2ea0        0x0 C:/msys64/ucrt64/bin/../lib/gcc/x86_64-w64-mingw32/13.1.0/../../../../lib/libmingw32.a(lib64_libmingw32_a-tlsmcrt.o)
 .bss           0x0000000149cd2ea0       0x10 C:/msys64/ucrt64/bin/../lib/gcc/x86_64-w64-mingw32/13.1.0/../../../../lib/libmingw32.a(lib64_libmingw32_a-pseudo-reloc-list.o)
 .bss           0x0000000149cd2eb0        0x0 C:/msys64/ucrt64/bin/../lib/gcc/x86_64-w64-mingw32/13.1.0/../../../../lib/libmingw32.a(lib64_libmingw32_a-pesect.o)
 .bss           0x0000000149cd2eb0        0x0 C:/msys64/ucrt64/bin/../lib/gcc/x86_64-w64-mingw32/13.1.0/libgcc.a(_chkstk_ms.o)
 .bss           0x0000000149cd2eb0       0x20 C:/msys64/ucrt64/bin/../lib/gcc/x86_64-w64-mingw32/13.1.0/libgcc.a(_ctors.o)
 .bss           0x0000000149cd2ed0        0x0 C:/msys64/ucrt64/bin/../lib/gcc/x86_64-w64-mingw32/13.1.0/../../../../lib/libmingwex.a(lib64_libmingwex_a-mingw_matherr.o)
 .bss           0x0000000149cd2ed0        0x0 C:/msys64/ucrt64/bin/../lib/gcc/x86_64-w64-mingw32/13.1.0/../../../../lib/libmsvcrt.a(lib64_libucrt_extra_a-ucrt_vprintf.o)
 .bss           0x0000000149cd2ed0        0x0 C:/msys64/ucrt64/bin/../lib/gcc/x86_64-w64-mingw32/13.1.0/../../../../lib/libmsvcrt.a(lib64_libucrt_extra_a-ucrt_vfprintf.o)
 .bss           0x0000000149cd2ed0        0x0 C:/msys64/ucrt64/bin/../lib/gcc/x86_64-w64-mingw32/13.1.0/../../../../lib/libmsvcrt.a(lib64_libucrt_extra_a-ucrt_fprintf.o)
 .bss           0x0000000149cd2ed0       0x10 C:/msys64/ucrt64/bin/../lib/gcc/x86_64-w64-mingw32/13.1.0/../../../../lib/libmsvcrt.a(lib64_libucrt_extra_a-__initenv.o)
 .bss           0x0000000149cd2ee0        0x0 C:/msys64/ucrt64/bin/../lib/gcc/x86_64-w64-mingw32/13.1.0/../../../../lib/libmsvcrt.a(lib64_libucrt_extra_a-ucrtbase_compat.o)
 .bss           0x0000000149cd2ee0        0x0 C:/msys64/ucrt64/bin/../lib/gcc/x86_64-w64-mingw32/13.1.0/../../../../lib/libmsvcrt.a(libapi-ms-win-crt-time-l1-1-0s00008.o)
 .bss           0x0000000149cd2ee0        0x0 C:/msys64/ucrt64/bin/../lib/gcc/x86_64-w64-mingw32/13.1.0/../../../../lib/libmsvcrt.a(libapi-ms-win-crt-time-l1-1-0s00010.o)
 .bss           0x0000000149cd2ee0        0x0 C:/msys64/ucrt64/bin/../lib/gcc/x86_64-w64-mingw32/13.1.0/../../../../lib/libmsvcrt.a(libapi-ms-win-crt-time-l1-1-0s00011.o)
 .bss           0x0000000149cd2ee0        0x0 C:/msys64/ucrt64/bin/../lib/gcc/x86_64-w64-mingw32/13.1.0/../../../../lib/libmsvcrt.a(libapi-ms-win-crt-time-l1-1-0s00058.o)
 .bss           0x0000000149cd2ee0        0x0 C:/msys64/ucrt64/bin/../lib/gcc/x86_64-w64-mingw32/13.1.0/../../../../lib/libmsvcrt.a(libapi-ms-win-crt-time-l1-1-0h.o)
 .bss           0x0000000149cd2ee0        0x0 C:/msys64/ucrt64/bin/../lib/gcc/x86_64-w64-mingw32/13.1.0/../../../../lib/libmsvcrt.a(libapi-ms-win-crt-time-l1-1-0t.o)
 .bss           0x0000000149cd2ee0        0x0 C:/msys64/ucrt64/bin/../lib/gcc/x86_64-w64-mingw32/13.1.0/../../../../lib/libmsvcrt.a(libapi-ms-win-crt-string-l1-1-0s00167.o)
 .bss           0x0000000149cd2ee0        0x0 C:/msys64/ucrt64/bin/../lib/gcc/x86_64-w64-mingw32/13.1.0/../../../../lib/libmsvcrt.a(libapi-ms-win-crt-string-l1-1-0s00170.o)
 .bss           0x0000000149cd2ee0        0x0 C:/msys64/ucrt64/bin/../lib/gcc/x86_64-w64-mingw32/13.1.0/../../../../lib/libmsvcrt.a(libapi-ms-win-crt-string-l1-1-0h.o)
 .bss           0x0000000149cd2ee0        0x0 C:/msys64/ucrt64/bin/../lib/gcc/x86_64-w64-mingw32/13.1.0/../../../../lib/libmsvcrt.a(libapi-ms-win-crt-string-l1-1-0t.o)
 .bss           0x0000000149cd2ee0        0x0 C:/msys64/ucrt64/bin/../lib/gcc/x86_64-w64-mingw32/13.1.0/../../../../lib/libmsvcrt.a(libapi-ms-win-crt-stdio-l1-1-0s00000.o)
 .bss           0x0000000149cd2ee0        0x0 C:/msys64/ucrt64/bin/../lib/gcc/x86_64-w64-mingw32/13.1.0/../../../../lib/libmsvcrt.a(libapi-ms-win-crt-stdio-l1-1-0s00001.o)
 .bss           0x0000000149cd2ee0        0x0 C:/msys64/ucrt64/bin/../lib/gcc/x86_64-w64-mingw32/13.1.0/../../../../lib/libmsvcrt.a(libapi-ms-win-crt-stdio-l1-1-0s00002.o)
 .bss           0x0000000149cd2ee0        0x0 C:/msys64/ucrt64/bin/../lib/gcc/x86_64-w64-mingw32/13.1.0/../../../../lib/libmsvcrt.a(libapi-ms-win-crt-stdio-l1-1-0s00003.o)
 .bss           0x0000000149cd2ee0        0x0 C:/msys64/ucrt64/bin/../lib/gcc/x86_64-w64-mingw32/13.1.0/../../../../lib/libmsvcrt.a(libapi-ms-win-crt-stdio-l1-1-0s00007.o)
 .bss           0x0000000149cd2ee0        0x0 C:/msys64/ucrt64/bin/../lib/gcc/x86_64-w64-mingw32/13.1.0/../../../../lib/libmsvcrt.a(libapi-ms-win-crt-stdio-l1-1-0s00168.o)
 .bss           0x0000000149cd2ee0        0x0 C:/msys64/ucrt64/bin/../lib/gcc/x86_64-w64-mingw32/13.1.0/../../../../lib/libmsvcrt.a(libapi-ms-win-crt-stdio-l1-1-0h.o)
 .bss           0x0000000149cd2ee0        0x0 C:/msys64/ucrt64/bin/../lib/gcc/x86_64-w64-mingw32/13.1.0/../../../../lib/libmsvcrt.a(libapi-ms-win-crt-stdio-l1-1-0t.o)
 .bss           0x0000000149cd2ee0        0x0 C:/msys64/ucrt64/bin/../lib/gcc/x86_64-w64-mingw32/13.1.0/../../../../lib/libmsvcrt.a(libapi-ms-win-crt-runtime-l1-1-0s00004.o)
 .bss           0x0000000149cd2ee0        0x0 C:/msys64/ucrt64/bin/../lib/gcc/x86_64-w64-mingw32/13.1.0/../../../../lib/libmsvcrt.a(libapi-ms-win-crt-runtime-l1-1-0s00005.o)
 .bss           0x0000000149cd2ee0        0x0 C:/msys64/ucrt64/bin/../lib/gcc/x86_64-w64-mingw32/13.1.0/../../../../lib/libmsvcrt.a(libapi-ms-win-crt-runtime-l1-1-0s00006.o)
 .bss           0x0000000149cd2ee0        0x0 C:/msys64/ucrt64/bin/../lib/gcc/x86_64-w64-mingw32/13.1.0/../../../../lib/libmsvcrt.a(libapi-ms-win-crt-runtime-l1-1-0s00022.o)
 .bss           0x0000000149cd2ee0        0x0 C:/msys64/ucrt64/bin/../lib/gcc/x86_64-w64-mingw32/13.1.0/../../../../lib/libmsvcrt.a(libapi-ms-win-crt-runtime-l1-1-0s00024.o)
 .bss           0x0000000149cd2ee0        0x0 C:/msys64/ucrt64/bin/../lib/gcc/x86_64-w64-mingw32/13.1.0/../../../../lib/libmsvcrt.a(libapi-ms-win-crt-runtime-l1-1-0s00025.o)
 .bss           0x0000000149cd2ee0        0x0 C:/msys64/ucrt64/bin/../lib/gcc/x86_64-w64-mingw32/13.1.0/../../../../lib/libmsvcrt.a(libapi-ms-win-crt-runtime-l1-1-0s00029.o)
 .bss           0x0000000149cd2ee0        0x0 C:/msys64/ucrt64/bin/../lib/gcc/x86_64-w64-mingw32/13.1.0/../../../../lib/libmsvcrt.a(libapi-ms-win-crt-runtime-l1-1-0s00030.o)
 .bss           0x0000000149cd2ee0        0x0 C:/msys64/ucrt64/bin/../lib/gcc/x86_64-w64-mingw32/13.1.0/../../../../lib/libmsvcrt.a(libapi-ms-win-crt-runtime-l1-1-0s00036.o)
 .bss           0x0000000149cd2ee0        0x0 C:/msys64/ucrt64/bin/../lib/gcc/x86_64-w64-mingw32/13.1.0/../../../../lib/libmsvcrt.a(libapi-ms-win-crt-runtime-l1-1-0s00053.o)
 .bss           0x0000000149cd2ee0        0x0 C:/msys64/ucrt64/bin/../lib/gcc/x86_64-w64-mingw32/13.1.0/../../../../lib/libmsvcrt.a(libapi-ms-win-crt-runtime-l1-1-0s00055.o)
 .bss           0x0000000149cd2ee0        0x0 C:/msys64/ucrt64/bin/../lib/gcc/x86_64-w64-mingw32/13.1.0/../../../../lib/libmsvcrt.a(libapi-ms-win-crt-runtime-l1-1-0s00056.o)
 .bss           0x0000000149cd2ee0        0x0 C:/msys64/ucrt64/bin/../lib/gcc/x86_64-w64-mingw32/13.1.0/../../../../lib/libmsvcrt.a(libapi-ms-win-crt-runtime-l1-1-0s00068.o)
 .bss           0x0000000149cd2ee0        0x0 C:/msys64/ucrt64/bin/../lib/gcc/x86_64-w64-mingw32/13.1.0/../../../../lib/libmsvcrt.a(libapi-ms-win-crt-runtime-l1-1-0s00074.o)
 .bss           0x0000000149cd2ee0        0x0 C:/msys64/ucrt64/bin/../lib/gcc/x86_64-w64-mingw32/13.1.0/../../../../lib/libmsvcrt.a(libapi-ms-win-crt-runtime-l1-1-0s00087.o)
 .bss           0x0000000149cd2ee0        0x0 C:/msys64/ucrt64/bin/../lib/gcc/x86_64-w64-mingw32/13.1.0/../../../../lib/libmsvcrt.a(libapi-ms-win-crt-runtime-l1-1-0s00088.o)
 .bss           0x0000000149cd2ee0        0x0 C:/msys64/ucrt64/bin/../lib/gcc/x86_64-w64-mingw32/13.1.0/../../../../lib/libmsvcrt.a(libapi-ms-win-crt-runtime-l1-1-0s00102.o)