Archive member included to satisfy reference by file (symbol)

C:\Users\Erik\code\SDL2-2.32.10\x86_64-w64-mingw32\lib/libSDL2.dll.a(SDL2_dll_d000678.o)
                              exotique.o (SDL_UpdateTexture)
C:\Users\Erik\code\SDL2-2.32.10\x86_64-w64-mingw32\lib/libSDL2.dll.a(SDL2_dll_d000652.o)
                              exotique.o (SDL_ShowCursor)
C:\Users\Erik\code\SDL2-2.32.10\x86_64-w64-mingw32\lib/libSDL2.dll.a(SDL2_dll_d000558.o)
                              exotique.o (SDL_RenderSetLogicalSize)
C:\Users\Erik\code\SDL2-2.32.10\x86_64-w64-mingw32\lib/libSDL2.dll.a(SDL2_dll_d000557.o)
                              exotique.o (SDL_RenderSetIntegerScale)
C:\Users\Erik\code\SDL2-2.32.10\x86_64-w64-mingw32\lib/libSDL2.dll.a(SDL2_dll_d000554.o)
                              exotique.o (SDL_RenderPresent)
C:\Users\Erik\code\SDL2-2.32.10\x86_64-w64-mingw32\lib/libSDL2.dll.a(SDL2_dll_d000518.o)
                              exotique.o (SDL_RenderCopy)
C:\Users\Erik\code\SDL2-2.32.10\x86_64-w64-mingw32\lib/libSDL2.dll.a(SDL2_dll_d000517.o)
                              exotique.o (SDL_RenderClear)
C:\Users\Erik\code\SDL2-2.32.10\x86_64-w64-mingw32\lib/libSDL2.dll.a(SDL2_dll_d000493.o)
                              exotique.o (SDL_Quit)
C:\Users\Erik\code\SDL2-2.32.10\x86_64-w64-mingw32\lib/libSDL2.dll.a(SDL2_dll_d000489.o)
                              exotique.o (SDL_PumpEvents)
C:\Users\Erik\code\SDL2-2.32.10\x86_64-w64-mingw32\lib/libSDL2.dll.a(SDL2_dll_d000487.o)
                              exotique.o (SDL_PollEvent)
C:\Users\Erik\code\SDL2-2.32.10\x86_64-w64-mingw32\lib/libSDL2.dll.a(SDL2_dll_d000453.o)
                              exotique.o (SDL_LogWarn)
C:\Users\Erik\code\SDL2-2.32.10\x86_64-w64-mingw32\lib/libSDL2.dll.a(SDL2_dll_d000449.o)
                              exotique.o (SDL_LogSetAllPriority)
C:\Users\Erik\code\SDL2-2.32.10\x86_64-w64-mingw32\lib/libSDL2.dll.a(SDL2_dll_d000445.o)
                              exotique.o (SDL_LogInfo)
C:\Users\Erik\code\SDL2-2.32.10\x86_64-w64-mingw32\lib/libSDL2.dll.a(SDL2_dll_d000440.o)
                              exotique.o (SDL_LogCritical)
C:\Users\Erik\code\SDL2-2.32.10\x86_64-w64-mingw32\lib/libSDL2.dll.a(SDL2_dll_d000356.o)
                              exotique.o (SDL_Init)
C:\Users\Erik\code\SDL2-2.32.10\x86_64-w64-mingw32\lib/libSDL2.dll.a(SDL2_dll_d000269.o)
                              exotique.o (SDL_GetTicks64)
C:\Users\Erik\code\SDL2-2.32.10\x86_64-w64-mingw32\lib/libSDL2.dll.a(SDL2_dll_d000218.o)
                              exotique.o (SDL_GetMouseState)
C:\Users\Erik\code\SDL2-2.32.10\x86_64-w64-mingw32\lib/libSDL2.dll.a(SDL2_dll_d000214.o)
                              exotique.o (SDL_GetKeyboardState)
C:\Users\Erik\code\SDL2-2.32.10\x86_64-w64-mingw32\lib/libSDL2.dll.a(SDL2_dll_d000202.o)
                              exotique.o (SDL_GetError)
C:\Users\Erik\code\SDL2-2.32.10\x86_64-w64-mingw32\lib/libSDL2.dll.a(SDL2_dll_d000163.o)
                              exotique.o (SDL_GameControllerOpen)
C:\Users\Erik\code\SDL2-2.32.10\x86_64-w64-mingw32\lib/libSDL2.dll.a(SDL2_dll_d000130.o)
                              exotique.o (SDL_GameControllerGetButton)
C:\Users\Erik\code\SDL2-2.32.10\x86_64-w64-mingw32\lib/libSDL2.dll.a(SDL2_dll_d000126.o)
                              exotique.o (SDL_GameControllerGetAxis)
C:\Users\Erik\code\SDL2-2.32.10\x86_64-w64-mingw32\lib/libSDL2.dll.a(SDL2_dll_d000121.o)
                              exotique.o (SDL_GameControllerFromInstanceID)
C:\Users\Erik\code\SDL2-2.32.10\x86_64-w64-mingw32\lib/libSDL2.dll.a(SDL2_dll_d000119.o)
                              exotique.o (SDL_GameControllerClose)
C:\Users\Erik\code\SDL2-2.32.10\x86_64-w64-mingw32\lib/libSDL2.dll.a(SDL2_dll_d000073.o)
                              exotique.o (SDL_DestroyWindow)
C:\Users\Erik\code\SDL2-2.32.10\x86_64-w64-mingw32\lib/libSDL2.dll.a(SDL2_dll_d000072.o)
                              exotique.o (SDL_DestroyTexture)
C:\Users\Erik\code\SDL2-2.32.10\x86_64-w64-mingw32\lib/libSDL2.dll.a(SDL2_dll_d000070.o)
                              exotique.o (SDL_DestroyRenderer)
C:\Users\Erik\code\SDL2-2.32.10\x86_64-w64-mingw32\lib/libSDL2.dll.a(SDL2_dll_d000059.o)
                              exotique.o (SDL_CreateWindow)
C:\Users\Erik\code\SDL2-2.32.10\x86_64-w64-mingw32\lib/libSDL2.dll.a(SDL2_dll_d000055.o)
                              exotique.o (SDL_CreateTexture)
C:\Users\Erik\code\SDL2-2.32.10\x86_64-w64-mingw32\lib/libSDL2.dll.a(SDL2_dll_d000050.o)
                              exotique.o (SDL_CreateRenderer)
C:\Users\Erik\code\SDL2-2.32.10\x86_64-w64-mingw32\lib/libSDL2.dll.a(SDL2_dll_d000000.o)
                              C:\Users\Erik\code\SDL2-2.32.10\x86_64-w64-mingw32\lib/libSDL2.dll.a(SDL2_dll_d000678.o) (_head_SDL2_dll)
C:\Users\Erik\code\SDL2-2.32.10\x86_64-w64-mingw32\lib/libSDL2.dll.a(SDL2_dll_d000846.o)
[...]
Memory Configuration

Name             Origin             Length             Attributes
*default*        0x0000000000000000 0xffffffffffffffff

Linker script and memory map

                0x0000000140000000                __image_base__ = 0x140000000
                0x0000000000000000                __dll__ = 0x0
                0x0000000140000000                __ImageBase = 0x140000000
                0x0000000000001000                __section_alignment__ = 0x1000
                0x0000000000000200                __file_alignment__ = 0x200
                0x0000000000000004                __major_os_version__ = 0x4
                0x0000000000000000                __minor_os_version__ = 0x0
                0x0000000000000000                __major_image_version__ = 0x0
                0x0000000000000000                __minor_image_version__ = 0x0
                0x0000000000000005                __major_subsystem_version__ = 0x5
                0x0000000000000002                __minor_subsystem_version__ = 0x2
                0x0000000000000003                __subsystem__ = 0x3
                0x0000000000200000                __size_of_stack_reserve__ = 0x200000
                0x0000000000001000                __size_of_stack_commit__ = 0x1000
                0x0000000000100000                __size_of_heap_reserve__ = 0x100000
                0x0000000000001000                __size_of_heap_commit__ = 0x1000
                0x0000000000000000                __loader_flags__ = 0x0
                0x0000000000000160                __dll_characteristics__ = 0x160
LOAD C:/msys64/ucrt64/bin/../lib/gcc/x86_64-w64-mingw32/13.1.0/../../../../lib/crt2.o
LOAD C:/msys64/ucrt64/bin/../lib/gcc/x86_64-w64-mingw32/13.1.0/crtbegin.o
LOAD exotique.o
LOAD mahjong.o
LOAD C:\Users\Erik\code\SDL2-2.32.10\x86_64-w64-mingw32\lib/libSDL2.dll.a
LOAD C:/msys64/ucrt64/bin/../lib/gcc/x86_64-w64-mingw32/13.1.0/../../../../lib/libmingw32.a
LOAD C:/msys64/ucrt64/bin/../lib/gcc/x86_64-w64-mingw32/13.1.0/libgcc.a
LOAD C:/msys64/ucrt64/bin/../lib/gcc/x86_64-w64-mingw32/13.1.0/libgcc_eh.a
LOAD C:/msys64/ucrt64/bin/../lib/gcc/x86_64-w64-mingw32/13.1.0/../../../../lib/libmoldname.a
LOAD C:/msys64/ucrt64/bin/../lib/gcc/x86_64-w64-mingw32/13.1.0/../../../../lib/libmingwex.a
LOAD C:/msys64/ucrt64/bin/../lib/gcc/x86_64-w64-mingw32/13.1.0/../../../../lib/libmsvcrt.a
LOAD C:/msys64/ucrt64/bin/../lib/gcc/x86_64-w64-mingw32/13.1.0/../../../../lib/libkernel32.a
LOAD C:/msys64/ucrt64/bin/../lib/gcc/x86_64-w64-mingw32/13.1.0/../../../../lib/libpthread.dll.a
LOAD C:/msys64/ucrt64/bin/../lib/gcc/x86_64-w64-mingw32/13.1.0/../../../../lib/libadvapi32.a
LOAD C:/msys64/ucrt64/bin/../lib/gcc/x86_64-w64-mingw32/13.1.0/../../../../lib/libshell32.a
LOAD C:/msys64/ucrt64/bin/../lib/gcc/x86_64-w64-mingw32/13.1.0/../../../../lib/libuser32.a
LOAD C:/msys64/ucrt64/bin/../lib/gcc/x86_64-w64-mingw32/13.1.0/../../../../lib/libkernel32.a
LOAD C:/msys64/ucrt64/bin/../lib/gcc/x86_64-w64-mingw32/13.1.0/../../../../lib/libmingw32.a
LOAD C:/msys64/ucrt64/bin/../lib/gcc/x86_64-w64-mingw32/13.1.0/libgcc.a
LOAD C:/msys64/ucrt64/bin/../lib/gcc/x86_64-w64-mingw32/13.1.0/libgcc_eh.a
LOAD C:/msys64/ucrt64/bin/../lib/gcc/x86_64-w64-mingw32/13.1.0/../../../../lib/libmoldname.a
LOAD C:/msys64/ucrt64/bin/../lib/gcc/x86_64-w64-mingw32/13.1.0/../../../../lib/libmingwex.a
LOAD C:/msys64/ucrt64/bin/../lib/gcc/x86_64-w64-mingw32/13.1.0/../../../../lib/libmsvcrt.a
LOAD C:/msys64/ucrt64/bin/../lib/gcc/x86_64-w64-mingw32/13.1.0/../../../../lib/libkernel32.a
LOAD C:/msys64/ucrt64/bin/../lib/gcc/x86_64-w64-mingw32/13.1.0/../../../../lib/default-manifest.o
LOAD C:/msys64/ucrt64/bin/../lib/gcc/x86_64-w64-mingw32/13.1.0/crtend.o
                0x00000000000004a8                . = SIZEOF_HEADERS
                0x0000000000001000                . = ALIGN (__section_alignment__)

.text           0x0000000140001000    0x10200
 *(SORT_NONE(.init))
 *(.text)
 .text          0x0000000140001000      0x430 C:/msys64/ucrt64/bin/../lib/gcc/x86_64-w64-mingw32/13.1.0/../../../../lib/crt2.o
                0x00000001400013d0                WinMainCRTStartup
                0x00000001400013f0                mainCRTStartup
                0x0000000140001410                atexit
 .text          0x0000000140001430       0x20 C:/msys64/ucrt64/bin/../lib/gcc/x86_64-w64-mingw32/13.1.0/crtbegin.o
                0x0000000140001430                __gcc_register_frame
                0x0000000140001440                __gcc_deregister_frame
 .text          0x0000000140001450       0xc0 exotique.o
                0x00000001400014df                exotique_printf
 .text          0x0000000140001510     0xdcc0 mahjong.o
                0x0000000140001510                compare_f32
                0x0000000140001540                cos
                0x0000000140001660                sin
                0x00000001400017a0                cosf
                0x00000001400018d0                sinf
                0x0000000140001a10                f32s_equal
                0x0000000140001a40                fabsf
                0x0000000140001a50                lerp
                0x0000000140001a60                fast_atan2
                0x0000000140001ae0                mat_mul_mat
                0x0000000140001b60                mat_inverse_affine
                0x0000000140001cf0                transform_to_matrix
                0x0000000140002280                translation_matrix
                0x00000001400022e0                rotation_x_matrix
                0x00000001400025c0                rotation_y_matrix
                0x00000001400028c0                transform_to_view_matrix
                0x0000000140002f90                mat_mul_vert3
                0x0000000140003030                mat_mul_normal
                0x00000001400030f0                triangle_backfacing
                0x0000000140003150                fast_log2
                0x0000000140003160                absf
                0x0000000140003170                parallel_pixel_shader
                0x00000001400032c0                pixel_shader
                0x0000000140003380                triangle_block
                0x0000000140003e80                no_tmap_triangle_block
                0x00000001400046c0                orbit_camera_position
                0x0000000140004bc0                look_at_yx
                0x0000000140004d60                lfsr16
                0x0000000140004da0                rand_word
                0x0000000140004de0                init_tiles
                0x0000000140004e60                clear_tile_bins
                0x0000000140004eb0                reset_tile_hi_z
                0x0000000140004f00                project_coord
                0x0000000140004f50                clip_bounding_box
                0x00000001400052e0                get_mesh_bbox
                0x00000001400059d0                nextrand
                0x0000000140005a40                roll_die
                0x0000000140005ac0                decompress_texture
                0x0000000140005c60                rgba_to_f32_rgb
                0x0000000140005cb0                color_dist
                0x0000000140005d50                closest_base_color_idx
                0x0000000140006220                closest_overall_color_idx
                0x0000000140006360                mip_texture
                0x00000001400065f0                decompress_textures
                0x00000001400069f0                get_frames_for_duration
                0x0000000140006a20                init_empty_wall
                0x0000000140006b00                init_hand
                0x0000000140006b20                init_empty_hand
                0x0000000140006b50                clear_shuffle
                0x0000000140006b60                reset_game
                0x0000000140006cd0                output_palette
                0x0000000140006d30                output_full_light_remap_table
                0x0000000140006dd0                game_load
                0x0000000140007db0                step_shuffle_and_setup
                0x0000000140007eb0                step_deal
                0x00000001400080f0                sort_hand
                0x00000001400082b0                discard_current_tile
                0x0000000140008590                draw_next_tile
                0x0000000140008610                game_update
                0x0000000140009570                draw_tile
                0x00000001400097c0                draw_tiles
                0x0000000140009830                orient2d
                0x0000000140009870                calc_edges
                0x0000000140009960                check_trivial_reject_accept
                0x0000000140009ae0                bin_triangle
                0x000000014000a410                submit_mesh_draw_call
                0x000000014000ae40                sort_draw_calls_near_to_far
                0x000000014000ae50                submit_draw_calls
                0x000000014000aed0                identity_transform
                0x000000014000aef0                calc_wall_tile_x_position
                0x000000014000af10                calc_wall_tile_y_position
                0x000000014000afa0                mod_positive
                0x000000014000afc0                calc_wall_tile_global_position
                0x000000014000b3e0                calc_hand_x_position
                0x000000014000b410                calc_hand_y_position
                0x000000014000b440                calc_global_hand_position
                0x000000014000b4d0                calc_animated_hand_tile_position
                0x000000014000b690                draw_hand
                0x000000014000da90                draw_wall
                0x000000014000e820                draw_board
                0x000000014000f0b0                game_draw
 .text          0x000000014000f1d0        0x8 C:\Users\Erik\code\SDL2-2.32.10\x86_64-w64-mingw32\lib/libSDL2.dll.a(SDL2_dll_d000678.o)
                0x000000014000f1d0                SDL_UpdateTexture
 .text          0x000000014000f1d8        0x8 C:\Users\Erik\code\SDL2-2.32.10\x86_64-w64-mingw32\lib/libSDL2.dll.a(SDL2_dll_d000652.o)
                0x000000014000f1d8                SDL_ShowCursor
 .text          0x000000014000f1e0        0x8 C:\Users\Erik\code\SDL2-2.32.10\x86_64-w64-mingw32\lib/libSDL2.dll.a(SDL2_dll_d000558.o)
                0x000000014000f1e0                SDL_RenderSetLogicalSize
 .text          0x000000014000f1e8        0x8 C:\Users\Erik\code\SDL2-2.32.10\x86_64-w64-mingw32\lib/libSDL2.dll.a(SDL2_dll_d000557.o)
                0x000000014000f1e8                SDL_RenderSetIntegerScale
 .text          0x000000014000f1f0        0x8 C:\Users\Erik\code\SDL2-2.32.10\x86_64-w64-mingw32\lib/libSDL2.dll.a(SDL2_dll_d000554.o)
                0x000000014000f1f0                SDL_RenderPresent
 .text          0x000000014000f1f8        0x8 C:\Users\Erik\code\SDL2-2.32.10\x86_64-w64-mingw32\lib/libSDL2.dll.a(SDL2_dll_d000518.o)
                0x000000014000f1f8                SDL_RenderCopy
 .text          0x000000014000f200        0x8 C:\Users\Erik\code\SDL2-2.32.10\x86_64-w64-mingw32\lib/libSDL2.dll.a(SDL2_dll_d000517.o)
                0x000000014000f200                SDL_RenderClear
 .text          0x000000014000f208        0x8 C:\Users\Erik\code\SDL2-2.32.10\x86_64-w64-mingw32\lib/libSDL2.dll.a(SDL2_dll_d000493.o)
                0x000000014000f208                SDL_Quit
 .text          0x000000014000f210        0x8 C:\Users\Erik\code\SDL2-2.32.10\x86_64-w64-mingw32\lib/libSDL2.dll.a(SDL2_dll_d000489.o)
                0x000000014000f210                SDL_PumpEvents
 .text          0x000000014000f218        0x8 C:\Users\Erik\code\SDL2-2.32.10\x86_64-w64-mingw32\lib/libSDL2.dll.a(SDL2_dll_d000487.o)
                0x000000014000f218                SDL_PollEvent
 .text          0x000000014000f220        0x8 C:\Users\Erik\code\SDL2-2.32.10\x86_64-w64-mingw32\lib/libSDL2.dll.a(SDL2_dll_d000453.o)
                0x000000014000f220                SDL_LogWarn
 .text          0x000000014000f228        0x8 C:\Users\Erik\code\SDL2-2.32.10\x86_64-w64-mingw32\lib/libSDL2.dll.a(SDL2_dll_d000449.o)
                0x000000014000f228                SDL_LogSetAllPriority
 .text          0x000000014000f230        0x8 C:\Users\Erik\code\SDL2-2.32.10\x86_64-w64-mingw32\lib/libSDL2.dll.a(SDL2_dll_d000445.o)
                0x000000014000f230                SDL_LogInfo
 .text          0x000000014000f238        0x8 C:\Users\Erik\code\SDL2-2.32.10\x86_64-w64-mingw32\lib/libSDL2.dll.a(SDL2_dll_d000440.o)
                0x000000014000f238                SDL_LogCritical
 .text          0x000000014000f240        0x8 C:\Users\Erik\code\SDL2-2.32.10\x86_64-w64-mingw32\lib/libSDL2.dll.a(SDL2_dll_d000356.o)
                0x000000014000f240                SDL_Init
 .text          0x000000014000f248        0x8 C:\Users\Erik\code\SDL2-2.32.10\x86_64-w64-mingw32\lib/libSDL2.dll.a(SDL2_dll_d000269.o)
                0x000000014000f248                SDL_GetTicks64
 .text          0x000000014000f250        0x8 C:\Users\Erik\code\SDL2-2.32.10\x86_64-w64-mingw32\lib/libSDL2.dll.a(SDL2_dll_d000218.o)
                0x000000014000f250                SDL_GetMouseState
 .text          0x000000014000f258        0x8 C:\Users\Erik\code\SDL2-2.32.10\x86_64-w64-mingw32\lib/libSDL2.dll.a(SDL2_dll_d000214.o)
                0x000000014000f258                SDL_GetKeyboardState
 .text          0x000000014000f260        0x8 C:\Users\Erik\code\SDL2-2.32.10\x86_64-w64-mingw32\lib/libSDL2.dll.a(SDL2_dll_d000202.o)
                0x000000014000f260                SDL_GetError
 .text          0x000000014000f268        0x8 C:\Users\Erik\code\SDL2-2.32.10\x86_64-w64-mingw32\lib/libSDL2.dll.a(SDL2_dll_d000163.o)
                0x000000014000f268                SDL_GameControllerOpen
 .text          0x000000014000f270        0x8 C:\Users\Erik\code\SDL2-2.32.10\x86_64-w64-mingw32\lib/libSDL2.dll.a(SDL2_dll_d000130.o)
                0x000000014000f270                SDL_GameControllerGetButton
 .text          0x000000014000f278        0x8 C:\Users\Erik\code\SDL2-2.32.10\x86_64-w64-mingw32\lib/libSDL2.dll.a(SDL2_dll_d000126.o)
                0x000000014000f278                SDL_GameControllerGetAxis
 .text          0x000000014000f280        0x8 C:\Users\Erik\code\SDL2-2.32.10\x86_64-w64-mingw32\lib/libSDL2.dll.a(SDL2_dll_d000121.o)
                0x000000014000f280                SDL_GameControllerFromInstanceID
 .text          0x000000014000f288        0x8 C:\Users\Erik\code\SDL2-2.32.10\x86_64-w64-mingw32\lib/libSDL2.dll.a(SDL2_dll_d000119.o)
                0x000000014000f288                SDL_GameControllerClose
 .text          0x000000014000f290        0x8 C:\Users\Erik\code\SDL2-2.32.10\x86_64-w64-mingw32\lib/libSDL2.dll.a(SDL2_dll_d000073.o)
                0x000000014000f290                SDL_DestroyWindow
 .text          0x000000014000f298        0x8 C:\Users\Erik\code\SDL2-2.32.10\x86_64-w64-mingw32\lib/libSDL2.dll.a(SDL2_dll_d000072.o)
                0x000000014000f298                SDL_DestroyTexture
 .text          0x000000014000f2a0        0x8 C:\Users\Erik\code\SDL2-2.32.10\x86_64-w64-mingw32\lib/libSDL2.dll.a(SDL2_dll_d000070.o)
                0x000000014000f2a0                SDL_DestroyRenderer
 .text          0x000000014000f2a8        0x8 C:\Users\Erik\code\SDL2-2.32.10\x86_64-w64-mingw32\lib/libSDL2.dll.a(SDL2_dll_d000059.o)
                0x000000014000f2a8                SDL_CreateWindow
 .text          0x000000014000f2b0        0x8 C:\Users\Erik\code\SDL2-2.32.10\x86_64-w64-mingw32\lib/libSDL2.dll.a(SDL2_dll_d000055.o)
                0x000000014000f2b0                SDL_CreateTexture
 .text          0x000000014000f2b8        0x8 C:\Users\Erik\code\SDL2-2.32.10\x86_64-w64-mingw32\lib/libSDL2.dll.a(SDL2_dll_d000050.o)
                0x000000014000f2b8                SDL_CreateRenderer
 .text          0x000000014000f2c0       0xd0 C:/msys64/ucrt64/bin/../lib/gcc/x86_64-w64-mingw32/13.1.0/../../../../lib/libmingw32.a(lib64_libmingw32_a-gccmain.o)
                0x000000014000f2c0                __do_global_dtors
                0x000000014000f300                __do_global_ctors
                0x000000014000f370                __main
 .text          0x000000014000f390        0x0 C:/msys64/ucrt64/bin/../lib/gcc/x86_64-w64-mingw32/13.1.0/../../../../lib/libmingw32.a(lib64_libmingw32_a-natstart.o)
 .text          0x000000014000f390        0x0 C:/msys64/ucrt64/bin/../lib/gcc/x86_64-w64-mingw32/13.1.0/../../../../lib/libmingw32.a(lib64_libmingw32_a-wildcard.o)
 .text          0x000000014000f390       0x10 C:/msys64/ucrt64/bin/../lib/gcc/x86_64-w64-mingw32/13.1.0/../../../../lib/libmingw32.a(lib64_libmingw32_a-dllargv.o)
                0x000000014000f390                _setargv
 .text          0x000000014000f3a0        0x0 C:/msys64/ucrt64/bin/../lib/gcc/x86_64-w64-mingw32/13.1.0/../../../../lib/libmingw32.a(lib64_libmingw32_a-_newmode.o)
 .text          0x000000014000f3a0       0xd0 C:/msys64/ucrt64/bin/../lib/gcc/x86_64-w64-mingw32/13.1.0/../../../../lib/libmingw32.a(lib64_libmingw32_a-tlssup.o)
                0x000000014000f3d0                __dyn_tls_init
                0x000000014000f460                __tlregdtor
 .text          0x000000014000f470        0x0 C:/msys64/ucrt64/bin/../lib/gcc/x86_64-w64-mingw32/13.1.0/../../../../lib/libmingw32.a(lib64_libmingw32_a-xncommod.o)
 .text          0x000000014000f470        0x0 C:/msys64/ucrt64/bin/../lib/gcc/x86_64-w64-mingw32/13.1.0/../../../../lib/libmingw32.a(lib64_libmingw32_a-cinitexe.o)
 .text          0x000000014000f470      0x100 C:/msys64/ucrt64/bin/../lib/gcc/x86_64-w64-mingw32/13.1.0/../../../../lib/libmingw32.a(lib64_libmingw32_a-merr.o)
                0x000000014000f470                _matherr
 .text          0x000000014000f570       0x10 C:/msys64/ucrt64/bin/../lib/gcc/x86_64-w64-mingw32/13.1.0/../../../../lib/libmingw32.a(lib64_libmingw32_a-CRT_fp10.o)
                0x000000014000f570                fpreset
                0x000000014000f570                _fpreset
 .text          0x000000014000f580        0x0 C:/msys64/ucrt64/bin/../lib/gcc/x86_64-w64-mingw32/13.1.0/../../../../lib/libmingw32.a(lib64_libmingw32_a-mingw_helpers.o)
 .text          0x000000014000f580      0x540 C:/msys64/ucrt64/bin/../lib/gcc/x86_64-w64-mingw32/13.1.0/../../../../lib/libmingw32.a(lib64_libmingw32_a-pseudo-reloc.o)
                0x000000014000f760                _pei386_runtime_relocator
 .text          0x000000014000fac0       0x50 C:/msys64/ucrt64/bin/../lib/gcc/x86_64-w64-mingw32/13.1.0/../../../../lib/libmingw32.a(lib64_libmingw32_a-usermatherr.o)
                0x000000014000fac0                __mingw_raise_matherr
                0x000000014000fb00                __mingw_setusermatherr
 .text          0x000000014000fb10        0x0 C:/msys64/ucrt64/bin/../lib/gcc/x86_64-w64-mingw32/13.1.0/../../../../lib/libmingw32.a(lib64_libmingw32_a-xtxtmode.o)
 .text          0x000000014000fb10      0x1a0 C:/msys64/ucrt64/bin/../lib/gcc/x86_64-w64-mingw32/13.1.0/../../../../lib/libmingw32.a(lib64_libmingw32_a-crt_handler.o)
                0x000000014000fb10                _gnu_exception_handler
 .text          0x000000014000fcb0      0x270 C:/msys64/ucrt64/bin/../lib/gcc/x86_64-w64-mingw32/13.1.0/../../../../lib/libmingw32.a(lib64_libmingw32_a-tlsthrd.o)
                0x000000014000fd20                ___w64_mingwthr_add_key_dtor
                0x000000014000fd90                ___w64_mingwthr_remove_key_dtor
                0x000000014000fe20                __mingw_TLScallback
 .text          0x000000014000ff20        0x0 C:/msys64/ucrt64/bin/../lib/gcc/x86_64-w64-mingw32/13.1.0/../../../../lib/libmingw32.a(lib64_libmingw32_a-tlsmcrt.o)
 .text          0x000000014000ff20        0x0 C:/msys64/ucrt64/bin/../lib/gcc/x86_64-w64-mingw32/13.1.0/../../../../lib/libmingw32.a(lib64_libmingw32_a-pseudo-reloc-list.o)
 .text          0x000000014000ff20      0x400 C:/msys64/ucrt64/bin/../lib/gcc/x86_64-w64-mingw32/13.1.0/../../../../lib/libmingw32.a(lib64_libmingw32_a-pesect.o)
                0x000000014000ff20                _ValidateImageBase
                0x000000014000ff50                _FindPESection
                0x000000014000ffa0                _FindPESectionByName
                0x0000000140010040                __mingw_GetSectionForAddress
                0x00000001400100c0                __mingw_GetSectionCount
                0x0000000140010100                _FindPESectionExec
                0x0000000140010180                _GetPEImageBase
                0x00000001400101c0                _IsNonwritableInCurrentImage
                0x0000000140010250                __mingw_enum_import_library_names
 .text          0x0000000140010320       0x40 C:/msys64/ucrt64/bin/../lib/gcc/x86_64-w64-mingw32/13.1.0/libgcc.a(_chkstk_ms.o)
                0x0000000140010320                ___chkstk_ms
 .text          0x0000000140010360        0x0 C:/msys64/ucrt64/bin/../lib/gcc/x86_64-w64-mingw32/13.1.0/libgcc.a(_ctors.o)
 .text          0x0000000140010360        0x0 C:/msys64/ucrt64/bin/../lib/gcc/x86_64-w64-mingw32/13.1.0/../../../../lib/libmingwex.a(lib64_libmingwex_a-mingw_matherr.o)
 .text          0x0000000140010360       0x40 C:/msys64/ucrt64/bin/../lib/gcc/x86_64-w64-mingw32/13.1.0/../../../../lib/libmsvcrt.a(lib64_libucrt_extra_a-ucrt_vprintf.o)
                0x0000000140010360                vprintf
 .text          0x00000001400103a0       0x20 C:/msys64/ucrt64/bin/../lib/gcc/x86_64-w64-mingw32/13.1.0/../../../../lib/libmsvcrt.a(lib64_libucrt_extra_a-ucrt_vfprintf.o)
                0x00000001400103a0                vfprintf
 .text          0x00000001400103c0       0x40 C:/msys64/ucrt64/bin/../lib/gcc/x86_64-w64-mingw32/13.1.0/../../../../lib/libmsvcrt.a(lib64_libucrt_extra_a-ucrt_fprintf.o)
                0x00000001400103c0                fprintf
 .text          0x0000000140010400        0x0 C:/msys64/ucrt64/bin/../lib/gcc/x86_64-w64-mingw32/13.1.0/../../../../lib/libmsvcrt.a(lib64_libucrt_extra_a-__initenv.o)
 .text          0x0000000140010400      0x220 C:/msys64/ucrt64/bin/../lib/gcc/x86_64-w64-mingw32/13.1.0/../../../../lib/libmsvcrt.a(lib64_libucrt_extra_a-ucrtbase_compat.o)
                0x0000000140010400                _get_output_format
                0x0000000140010410                __getmainargs
                0x0000000140010480                __wgetmainargs
                0x00000001400104f0                _onexit
                0x0000000140010510                at_quick_exit
                0x0000000140010530                _amsg_exit
                0x0000000140010560                __ms_fwprintf
                0x00000001400105a0                tzset
                0x00000001400105e0                _tzset
 .text          0x0000000140010620        0x8 C:/msys64/ucrt64/bin/../lib/gcc/x86_64-w64-mingw32/13.1.0/../../../../lib/libmsvcrt.a(libapi-ms-win-crt-time-l1-1-0s00008.o)
                0x0000000140010620                __daylight
 .text          0x0000000140010628        0x8 C:/msys64/ucrt64/bin/../lib/gcc/x86_64-w64-mingw32/13.1.0/../../../../lib/libmsvcrt.a(libapi-ms-win-crt-time-l1-1-0s00010.o)
                0x0000000140010628                __timezone
 .text          0x0000000140010630        0x8 C:/msys64/ucrt64/bin/../lib/gcc/x86_64-w64-mingw32/13.1.0/../../../../lib/libmsvcrt.a(libapi-ms-win-crt-time-l1-1-0s00011.o)
                0x0000000140010630                __tzname
 .text          0x0000000140010638        0x0 C:/msys64/ucrt64/bin/../lib/gcc/x86_64-w64-mingw32/13.1.0/../../../../lib/libmsvcrt.a(libapi-ms-win-crt-time-l1-1-0s00058.o)
 *fill*         0x0000000140010638        0x8 
 .text          0x0000000140010640        0x0 C:/msys64/ucrt64/bin/../lib/gcc/x86_64-w64-mingw32/13.1.0/../../../../lib/libmsvcrt.a(libapi-ms-win-crt-time-l1-1-0h.o)
 .text          0x0000000140010640        0x0 C:/msys64/ucrt64/bin/../lib/gcc/x86_64-w64-mingw32/13.1.0/../../../../lib/libmsvcrt.a(libapi-ms-win-crt-time-l1-1-0t.o)
 .text          0x0000000140010640        0x8 C:/msys64/ucrt64/bin/../lib/gcc/x86_64-w64-mingw32/13.1.0/../../../../lib/libmsvcrt.a(libapi-ms-win-crt-string-l1-1-0s00167.o)
                0x0000000140010640                strlen
 .text          0x0000000140010648        0x8 C:/msys64/ucrt64/bin/../lib/gcc/x86_64-w64-mingw32/13.1.0/../../../../lib/libmsvcrt.a(libapi-ms-win-crt-string-l1-1-0s00170.o)
                0x0000000140010648                strncmp
 .text          0x0000000140010650        0x0 C:/msys64/ucrt64/bin/../lib/gcc/x86_64-w64-mingw32/13.1.0/../../../../lib/libmsvcrt.a(libapi-ms-win-crt-string-l1-1-0h.o)
 .text          0x0000000140010650        0x0 C:/msys64/ucrt64/bin/../lib/gcc/x86_64-w64-mingw32/13.1.0/../../../../lib/libmsvcrt.a(libapi-ms-win-crt-string-l1-1-0t.o)
 .text          0x0000000140010650        0x8 C:/msys64/ucrt64/bin/../lib/gcc/x86_64-w64-mingw32/13.1.0/../../../../lib/libmsvcrt.a(libapi-ms-win-crt-stdio-l1-1-0s00000.o)
                0x0000000140010650                __acrt_iob_func
 .text          0x0000000140010658        0x8 C:/msys64/ucrt64/bin/../lib/gcc/x86_64-w64-mingw32/13.1.0/../../../../lib/libmsvcrt.a(libapi-ms-win-crt-stdio-l1-1-0s00001.o)
                0x0000000140010658                __p__commode
 .text          0x0000000140010660        0x8 C:/msys64/ucrt64/bin/../lib/gcc/x86_64-w64-mingw32/13.1.0/../../../../lib/libmsvcrt.a(libapi-ms-win-crt-stdio-l1-1-0s00002.o)
                0x0000000140010660                __p__fmode
 .text          0x0000000140010668        0x8 C:/msys64/ucrt64/bin/../lib/gcc/x86_64-w64-mingw32/13.1.0/../../../../lib/libmsvcrt.a(libapi-ms-win-crt-stdio-l1-1-0s00003.o)
                0x0000000140010668                __stdio_common_vfprintf
 .text          0x0000000140010670        0x8 C:/msys64/ucrt64/bin/../lib/gcc/x86_64-w64-mingw32/13.1.0/../../../../lib/libmsvcrt.a(libapi-ms-win-crt-stdio-l1-1-0s00007.o)
                0x0000000140010670                __stdio_common_vfwprintf
 .text          0x0000000140010678        0x8 C:/msys64/ucrt64/bin/../lib/gcc/x86_64-w64-mingw32/13.1.0/../../../../lib/libmsvcrt.a(libapi-ms-win-crt-stdio-l1-1-0s00168.o)
                0x0000000140010678                fwrite
 .text          0x0000000140010680        0x0 C:/msys64/ucrt64/bin/../lib/gcc/x86_64-w64-mingw32/13.1.0/../../../../lib/libmsvcrt.a(libapi-ms-win-crt-stdio-l1-1-0h.o)
 .text          0x0000000140010680        0x0 C:/msys64/ucrt64/bin/../lib/gcc/x86_64-w64-mingw32/13.1.0/../../../../lib/libmsvcrt.a(libapi-ms-win-crt-stdio-l1-1-0t.o)
 .text          0x0000000140010680        0x8 C:/msys64/ucrt64/bin/../lib/gcc/x86_64-w64-mingw32/13.1.0/../../../../lib/libmsvcrt.a(libapi-ms-win-crt-runtime-l1-1-0s00004.o)
                0x0000000140010680                __p___argc
 .text          0x0000000140010688        0x8 C:/msys64/ucrt64/bin/../lib/gcc/x86_64-w64-mingw32/13.1.0/../../../../lib/libmsvcrt.a(libapi-ms-win-crt-runtime-l1-1-0s00005.o)
                0x0000000140010688                __p___argv
 .text          0x0000000140010690        0x8 C:/msys64/ucrt64/bin/../lib/gcc/x86_64-w64-mingw32/13.1.0/../../../../lib/libmsvcrt.a(libapi-ms-win-crt-runtime-l1-1-0s00006.o)
                0x0000000140010690                __p___wargv
 .text          0x0000000140010698        0x8 C:/msys64/ucrt64/bin/../lib/gcc/x86_64-w64-mingw32/13.1.0/../../../../lib/libmsvcrt.a(libapi-ms-win-crt-runtime-l1-1-0s00022.o)
                0x0000000140010698                _cexit
 .text          0x00000001400106a0        0x8 C:/msys64/ucrt64/bin/../lib/gcc/x86_64-w64-mingw32/13.1.0/../../../../lib/libmsvcrt.a(libapi-ms-win-crt-runtime-l1-1-0s00024.o)
                0x00000001400106a0                _configure_narrow_argv
 .text          0x00000001400106a8        0x8 C:/msys64/ucrt64/bin/../lib/gcc/x86_64-w64-mingw32/13.1.0/../../../../lib/libmsvcrt.a(libapi-ms-win-crt-runtime-l1-1-0s00025.o)
                0x00000001400106a8                _configure_wide_argv
 .text          0x00000001400106b0        0x8 C:/msys64/ucrt64/bin/../lib/gcc/x86_64-w64-mingw32/13.1.0/../../../../lib/libmsvcrt.a(libapi-ms-win-crt-runtime-l1-1-0s00029.o)
                0x00000001400106b0                _crt_at_quick_exit
 .text          0x00000001400106b8        0x8 C:/msys64/ucrt64/bin/../lib/gcc/x86_64-w64-mingw32/13.1.0/../../../../lib/libmsvcrt.a(libapi-ms-win-crt-runtime-l1-1-0s00030.o)
                0x00000001400106b8                _crt_atexit
 .text          0x00000001400106c0        0x8 C:/msys64/ucrt64/bin/../lib/gcc/x86_64-w64-mingw32/13.1.0/../../../../lib/libmsvcrt.a(libapi-ms-win-crt-runtime-l1-1-0s00036.o)
                0x00000001400106c0                _exit
 .text          0x00000001400106c8        0x8 C:/msys64/ucrt64/bin/../lib/gcc/x86_64-w64-mingw32/13.1.0/../../../../lib/libmsvcrt.a(libapi-ms-win-crt-runtime-l1-1-0s00053.o)
                0x00000001400106c8                _initialize_narrow_environment
 .text          0x00000001400106d0        0x8 C:/msys64/ucrt64/bin/../lib/gcc/x86_64-w64-mingw32/13.1.0/../../../../lib/libmsvcrt.a(libapi-ms-win-crt-runtime-l1-1-0s00055.o)
                0x00000001400106d0                _initialize_wide_environment
 .text          0x00000001400106d8        0x8 C:/msys64/ucrt64/bin/../lib/gcc/x86_64-w64-mingw32/13.1.0/../../../../lib/libmsvcrt.a(libapi-ms-win-crt-runtime-l1-1-0s00056.o)
                0x00000001400106d8                _initterm
 .text          0x00000001400106e0        0x8 C:/msys64/ucrt64/bin/../lib/gcc/x86_64-w64-mingw32/13.1.0/../../../../lib/libmsvcrt.a(libapi-ms-win-crt-runtime-l1-1-0s00068.o)
                0x00000001400106e0                __set_app_type
 .text          0x00000001400106e8        0x8 C:/msys64/ucrt64/bin/../lib/gcc/x86_64-w64-mingw32/13.1.0/../../../../lib/libmsvcrt.a(libapi-ms-win-crt-runtime-l1-1-0s00074.o)
                0x00000001400106e8                _set_invalid_parameter_handler
 .text          0x00000001400106f0        0x8 C:/msys64/ucrt64/bin/../lib/gcc/x86_64-w64-mingw32/13.1.0/../../../../lib/libmsvcrt.a(libapi-ms-win-crt-runtime-l1-1-0s00087.o)
                0x00000001400106f0                abort
 .text          0x00000001400106f8        0x8 C:/msys64/ucrt64/bin/../lib/gcc/x86_64-w64-mingw32/13.1.0/../../../../lib/libmsvcrt.a(libapi-ms-win-crt-runtime-l1-1-0s00088.o)
                0x00000001400106f8                exit
 .text          0x0000000140010700        0x8 C:/msys64/ucrt64/bin/../lib/gcc/x86_64-w64-mingw32/13.1.0/../../../../lib/libmsvcrt.a(libapi-ms-win-crt-runtime-l1-1-0s00102.o)
                0x0000000140010700                signal
 *fill*         0x0000000140010708        0x8 
 .text          0x0000000140010710        0x0 C:/msys64/ucrt64/bin/../lib/gcc/x86_64-w64-mingw32/13.1.0/../../../../lib/libmsvcrt.a(libapi-ms-win-crt-runtime-l1-1-0h.o)
 .text          0x0000000140010710        0x0 C:/msys64/ucrt64/bin/../lib/gcc/x86_64-w64-mingw32/13.1.0/../../../../lib/libmsvcrt.a(libapi-ms-win-crt-runtime-l1-1-0t.o)
 .text          0x0000000140010710        0x8 C:/msys64/ucrt64/bin/../lib/gcc/x86_64-w64-mingw32/13.1.0/../../../../lib/libmsvcrt.a(libapi-ms-win-crt-private-l1-1-0s00015.o)
                0x0000000140010710                __C_specific_handler
 .text          0x0000000140010718        0x8 C:/msys64/ucrt64/bin/../lib/gcc/x86_64-w64-mingw32/13.1.0/../../../../lib/libmsvcrt.a(libapi-ms-win-crt-private-l1-1-0s01143.o)
                0x0000000140010718                memcpy
 .text          0x0000000140010720        0x0 C:/msys64/ucrt64/bin/../lib/gcc/x86_64-w64-mingw32/13.1.0/../../../../lib/libmsvcrt.a(libapi-ms-win-crt-private-l1-1-0h.o)
 .text          0x0000000140010720        0x0 C:/msys64/ucrt64/bin/../lib/gcc/x86_64-w64-mingw32/13.1.0/../../../../lib/libmsvcrt.a(libapi-ms-win-crt-private-l1-1-0t.o)
 .text          0x0000000140010720        0x8 C:/msys64/ucrt64/bin/../lib/gcc/x86_64-w64-mingw32/13.1.0/../../../../lib/libmsvcrt.a(libapi-ms-win-crt-math-l1-1-0s00009.o)
                0x0000000140010720                __setusermatherr
 *fill*         0x0000000140010728        0x8 
 .text          0x0000000140010730        0x0 C:/msys64/ucrt64/bin/../lib/gcc/x86_64-w64-mingw32/13.1.0/../../../../lib/libmsvcrt.a(libapi-ms-win-crt-math-l1-1-0h.o)
 .text          0x0000000140010730        0x0 C:/msys64/ucrt64/bin/../lib/gcc/x86_64-w64-mingw32/13.1.0/../../../../lib/libmsvcrt.a(libapi-ms-win-crt-math-l1-1-0t.o)
 .text          0x0000000140010730        0x8 C:/msys64/ucrt64/bin/../lib/gcc/x86_64-w64-mingw32/13.1.0/../../../../lib/libmsvcrt.a(libapi-ms-win-crt-heap-l1-1-0s00023.o)
                0x0000000140010730                _set_new_mode
 .text          0x0000000140010738        0x8 C:/msys64/ucrt64/bin/../lib/gcc/x86_64-w64-mingw32/13.1.0/../../../../lib/libmsvcrt.a(libapi-ms-win-crt-heap-l1-1-0s00024.o)
                0x0000000140010738                calloc
 .text          0x0000000140010740        0x8 C:/msys64/ucrt64/bin/../lib/gcc/x86_64-w64-mingw32/13.1.0/../../../../lib/libmsvcrt.a(libapi-ms-win-crt-heap-l1-1-0s00025.o)
                0x0000000140010740                free
 .text          0x0000000140010748        0x8 C:/msys64/ucrt64/bin/../lib/gcc/x86_64-w64-mingw32/13.1.0/../../../../lib/libmsvcrt.a(libapi-ms-win-crt-heap-l1-1-0s00026.o)
                0x0000000140010748                malloc
 .text          0x0000000140010750        0x0 C:/msys64/ucrt64/bin/../lib/gcc/x86_64-w64-mingw32/13.1.0/../../../../lib/libmsvcrt.a(libapi-ms-win-crt-heap-l1-1-0h.o)
 .text          0x0000000140010750        0x0 C:/msys64/ucrt64/bin/../lib/gcc/x86_64-w64-mingw32/13.1.0/../../../../lib/libmsvcrt.a(libapi-ms-win-crt-heap-l1-1-0t.o)
 .text          0x0000000140010750        0x8 C:/msys64/ucrt64/bin/../lib/gcc/x86_64-w64-mingw32/13.1.0/../../../../lib/libmsvcrt.a(libapi-ms-win-crt-environment-l1-1-0s00000.o)
                0x0000000140010750                __p__environ
 .text          0x0000000140010758        0x8 C:/msys64/ucrt64/bin/../lib/gcc/x86_64-w64-mingw32/13.1.0/../../../../lib/libmsvcrt.a(libapi-ms-win-crt-environment-l1-1-0s00001.o)
                0x0000000140010758                __p__wenviron
 .text          0x0000000140010760        0x0 C:/msys64/ucrt64/bin/../lib/gcc/x86_64-w64-mingw32/13.1.0/../../../../lib/libmsvcrt.a(libapi-ms-win-crt-environment-l1-1-0h.o)
 .text          0x0000000140010760        0x0 C:/msys64/ucrt64/bin/../lib/gcc/x86_64-w64-mingw32/13.1.0/../../../../lib/libmsvcrt.a(libapi-ms-win-crt-environment-l1-1-0t.o)
 .text          0x0000000140010760        0x8 C:/msys64/ucrt64/bin/../lib/gcc/x86_64-w64-mingw32/13.1.0/../../../../lib/libkernel32.a(libkernel32s01490.o)
                0x0000000140010760                VirtualQuery
 .text          0x0000000140010768        0x8 C:/msys64/ucrt64/bin/../lib/gcc/x86_64-w64-mingw32/13.1.0/../../../../lib/libkernel32.a(libkernel32s01488.o)
                0x0000000140010768                VirtualProtect
 .text          0x0000000140010770        0x8 C:/msys64/ucrt64/bin/../lib/gcc/x86_64-w64-mingw32/13.1.0/../../../../lib/libkernel32.a(libkernel32s01441.o)
                0x0000000140010770                TlsGetValue
 .text          0x0000000140010778        0x8 C:/msys64/ucrt64/bin/../lib/gcc/x86_64-w64-mingw32/13.1.0/../../../../lib/libkernel32.a(libkernel32s01406.o)
                0x0000000140010778                Sleep
 .text          0x0000000140010780        0x8 C:/msys64/ucrt64/bin/../lib/gcc/x86_64-w64-mingw32/13.1.0/../../../../lib/libkernel32.a(libkernel32s01390.o)
                0x0000000140010780                SetUnhandledExceptionFilter
 .text          0x0000000140010788        0x8 C:/msys64/ucrt64/bin/../lib/gcc/x86_64-w64-mingw32/13.1.0/../../../../lib/libkernel32.a(libkernel32s00981.o)
                0x0000000140010788                LeaveCriticalSection
 .text          0x0000000140010790        0x8 C:/msys64/ucrt64/bin/../lib/gcc/x86_64-w64-mingw32/13.1.0/../../../../lib/libkernel32.a(libkernel32s00889.o)
                0x0000000140010790                InitializeCriticalSection
 .text          0x0000000140010798        0x8 C:/msys64/ucrt64/bin/../lib/gcc/x86_64-w64-mingw32/13.1.0/../../../../lib/libkernel32.a(libkernel32s00627.o)
                0x0000000140010798                GetLastError
 .text          0x00000001400107a0        0x8 C:/msys64/ucrt64/bin/../lib/gcc/x86_64-w64-mingw32/13.1.0/../../../../lib/libkernel32.a(libkernel32s00316.o)
                0x00000001400107a0                EnterCriticalSection
 .text          0x00000001400107a8        0x8 C:/msys64/ucrt64/bin/../lib/gcc/x86_64-w64-mingw32/13.1.0/../../../../lib/libkernel32.a(libkernel32s00280.o)
                0x00000001400107a8                DeleteCriticalSection
 .text          0x00000001400107b0        0x0 C:/msys64/ucrt64/bin/../lib/gcc/x86_64-w64-mingw32/13.1.0/../../../../lib/libkernel32.a(libkernel32h.o)
 .text          0x00000001400107b0        0x0 C:/msys64/ucrt64/bin/../lib/gcc/x86_64-w64-mingw32/13.1.0/../../../../lib/libkernel32.a(libkernel32t.o)
 .text          0x00000001400107b0        0x0 C:/msys64/ucrt64/bin/../lib/gcc/x86_64-w64-mingw32/13.1.0/crtend.o
 *(SORT_BY_NAME(.text$*))
 *(.text.*)
 .text.startup  0x00000001400107b0      0x930 exotique.o
                0x00000001400107b0                main
 .text.startup  0x00000001400110e0       0x10 C:/msys64/ucrt64/bin/../lib/gcc/x86_64-w64-mingw32/13.1.0/crtend.o
 *(.gnu.linkonce.t.*)
 *(.glue_7t)
 *(.glue_7)
                0x00000001400110f0                . = ALIGN (0x8)
                0x00000001400110f0                ___CTOR_LIST__ = .
                0x00000001400110f0                __CTOR_LIST__ = .
                0x00000001400110f0        0x4 LONG 0xffffffffffffffff
                0x00000001400110f4        0x4 LONG 0xffffffffffffffff
 *(.ctors)
 *(.ctor)
 *(SORT_BY_NAME(.ctors.*))
 .ctors.65535   0x00000001400110f8        0x8 C:/msys64/ucrt64/bin/../lib/gcc/x86_64-w64-mingw32/13.1.0/crtend.o
                0x0000000140011100        0x4 LONG 0x0
                0x0000000140011104        0x4 LONG 0x0
                0x0000000140011108                ___DTOR_LIST__ = .
                0x0000000140011108                __DTOR_LIST__ = .
                0x0000000140011108        0x4 LONG 0xffffffffffffffff
                0x000000014001110c        0x4 LONG 0xffffffffffffffff
 *(.dtors)
 *(.dtor)
 *(SORT_BY_NAME(.dtors.*))
                0x0000000140011110        0x4 LONG 0x0
                0x0000000140011114        0x4 LONG 0x0
 *(SORT_NONE(.fini))
 *(.gcc_exc)
                [!provide]                        PROVIDE (etext = .)
 *(.gcc_except_table)

.data           0x0000000140012000    0x8d800
                0x0000000140012000                __data_start__ = .
 *(.data)
 .data          0x0000000140012000        0x0 C:/msys64/ucrt64/bin/../lib/gcc/x86_64-w64-mingw32/13.1.0/../../../../lib/crt2.o
 .data          0x0000000140012000        0x0 C:/msys64/ucrt64/bin/../lib/gcc/x86_64-w64-mingw32/13.1.0/crtbegin.o
 .data          0x0000000140012000        0x0 exotique.o
 .data          0x0000000140012000    0x8d6c0 mahjong.o
                0x0000000140012000                wall_rots_y
                0x0000000140012010                wall_offsets_z
                0x0000000140012020                wall_offsets_x
                0x0000000140012040                textures
                0x0000000140012468                texture_board
                0x0000000140012470                comp_tex_two_sou
                0x0000000140012480                comp_tex_two_sou_packets
                0x0000000140012c30                comp_tex_seven_man
                0x0000000140012c40                comp_tex_seven_man_packets
                0x00000001400135b0                comp_tex_five_man
                0x00000001400135c0                comp_tex_five_man_packets
                0x00000001400141c0                comp_tex_eight_pin
                0x00000001400141e0                comp_tex_eight_pin_packets
                0x0000000140016bc0                comp_tex_five_pin
                0x0000000140016be0                comp_tex_five_pin_packets
                0x0000000140018920                comp_tex_four_pin
                0x0000000140018940                comp_tex_four_pin_packets
                0x000000014001a0d0                comp_tex_three_pin
                0x000000014001a0e0                comp_tex_three_pin_packets
                0x000000014001b480                comp_tex_two_pin
                0x000000014001b4a0                comp_tex_two_pin_packets
                0x000000014001c680                comp_tex_one_pin
                0x000000014001c6a0                comp_tex_one_pin_packets
                0x000000014001eb40                comp_tex_west
                0x000000014001eb60                comp_tex_west_packets
                0x000000014001f4f0                comp_tex_south
                0x000000014001f500                comp_tex_south_packets
                0x000000014001fe70                comp_tex_east
                0x000000014001fe80                comp_tex_east_packets
                0x0000000140020720                comp_tex_north
                0x0000000140020740                comp_tex_north_packets
                0x0000000140020ea0                comp_tex_white_dragon
                0x0000000140020eb0                comp_tex_white_dragon_packets
                0x0000000140020ed0                comp_tex_red_dragon
                0x0000000140020ee0                comp_tex_red_dragon_packets
                0x0000000140021570                comp_tex_green_dragon
                0x0000000140021580                comp_tex_green_dragon_packets
                0x00000001400220a0                texture_background
                0x00000001400874b4                trivial_reject_enabled
                0x00000001400874b8                hi_z_enabled
                0x00000001400874c0                light
                0x00000001400874cc                camera_radius_top
                0x00000001400874d0                camera_radius
                0x00000001400874d4                camera_rot_x
                0x00000001400874e0                board_mesh
                0x0000000140087500                tile_mesh
                0x0000000140087520                palette_background
                0x0000000140087720                palette
                0x0000000140087b20                board_indexes
                0x0000000140090b20                board_vertexes
                0x000000014009e3e0                mahjong_tile_indexes
                0x000000014009e6c0                mahjong_tile_vertexes
 .data          0x000000014009f6c0       0x10 C:/msys64/ucrt64/bin/../lib/gcc/x86_64-w64-mingw32/13.1.0/../../../../lib/libmingw32.a(lib64_libmingw32_a-gccmain.o)
 .data          0x000000014009f6d0       0x10 C:/msys64/ucrt64/bin/../lib/gcc/x86_64-w64-mingw32/13.1.0/../../../../lib/libmingw32.a(lib64_libmingw32_a-natstart.o)
                0x000000014009f6d0                __native_vcclrit_reason
                0x000000014009f6d4                __native_dllmain_reason
 .data          0x000000014009f6e0       0x10 C:/msys64/ucrt64/bin/../lib/gcc/x86_64-w64-mingw32/13.1.0/../../../../lib/libmingw32.a(lib64_libmingw32_a-wildcard.o)
                0x000000014009f6e0                _dowildcard
 .data          0x000000014009f6f0        0x0 C:/msys64/ucrt64/bin/../lib/gcc/x86_64-w64-mingw32/13.1.0/../../../../lib/libmingw32.a(lib64_libmingw32_a-dllargv.o)
 .data          0x000000014009f6f0        0x0 C:/msys64/ucrt64/bin/../lib/gcc/x86_64-w64-mingw32/13.1.0/../../../../lib/libmingw32.a(lib64_libmingw32_a-_newmode.o)
 .data          0x000000014009f6f0        0x0 C:/msys64/ucrt64/bin/../lib/gcc/x86_64-w64-mingw32/13.1.0/../../../../lib/libmingw32.a(lib64_libmingw32_a-tlssup.o)
 .data          0x000000014009f6f0        0x0 C:/msys64/ucrt64/bin/../lib/gcc/x86_64-w64-mingw32/13.1.0/../../../../lib/libmingw32.a(lib64_libmingw32_a-xncommod.o)
 .data          0x000000014009f6f0        0x0 C:/msys64/ucrt64/bin/../lib/gcc/x86_64-w64-mingw32/13.1.0/../../../../lib/libmingw32.a(lib64_libmingw32_a-cinitexe.o)
 .data          0x000000014009f6f0        0x0 C:/msys64/ucrt64/bin/../lib/gcc/x86_64-w64-mingw32/13.1.0/../../../../lib/libmingw32.a(lib64_libmingw32_a-merr.o)
 .data          0x000000014009f6f0        0x0 C:/msys64/ucrt64/bin/../lib/gcc/x86_64-w64-mingw32/13.1.0/../../../../lib/libmingw32.a(lib64_libmingw32_a-CRT_fp10.o)
 .data          0x000000014009f6f0        0x0 C:/msys64/ucrt64/bin/../lib/gcc/x86_64-w64-mingw32/13.1.0/../../../../lib/libmingw32.a(lib64_libmingw32_a-mingw_helpers.o)
 .data          0x000000014009f6f0        0x0 C:/msys64/ucrt64/bin/../lib/gcc/x86_64-w64-mingw32/13.1.0/../../../../lib/libmingw32.a(lib64_libmingw32_a-pseudo-reloc.o)
 .data          0x000000014009f6f0        0x0 C:/msys64/ucrt64/bin/../lib/gcc/x86_64-w64-mingw32/13.1.0/../../../../lib/libmingw32.a(lib64_libmingw32_a-usermatherr.o)
 .data          0x000000014009f6f0        0x0 C:/msys64/ucrt64/bin/../lib/gcc/x86_64-w64-mingw32/13.1.0/../../../../lib/libmingw32.a(lib64_libmingw32_a-xtxtmode.o)
 .data          0x000000014009f6f0        0x0 C:/msys64/ucrt64/bin/../lib/gcc/x86_64-w64-mingw32/13.1.0/../../../../lib/libmingw32.a(lib64_libmingw32_a-crt_handler.o)
 .data          0x000000014009f6f0        0x0 C:/msys64/ucrt64/bin/../lib/gcc/x86_64-w64-mingw32/13.1.0/../../../../lib/libmingw32.a(lib64_libmingw32_a-tlsthrd.o)
 .data          0x000000014009f6f0       0x10 C:/msys64/ucrt64/bin/../lib/gcc/x86_64-w64-mingw32/13.1.0/../../../../lib/libmingw32.a(lib64_libmingw32_a-tlsmcrt.o)
                0x000000014009f6f0                _CRT_MT
 .data          0x000000014009f700        0x0 C:/msys64/ucrt64/bin/../lib/gcc/x86_64-w64-mingw32/13.1.0/../../../../lib/libmingw32.a(lib64_libmingw32_a-pseudo-reloc-list.o)
 .data          0x000000014009f700        0x0 C:/msys64/ucrt64/bin/../lib/gcc/x86_64-w64-mingw32/13.1.0/../../../../lib/libmingw32.a(lib64_libmingw32_a-pesect.o)
 .data          0x000000014009f700        0x0 C:/msys64/ucrt64/bin/../lib/gcc/x86_64-w64-mingw32/13.1.0/libgcc.a(_chkstk_ms.o)
 .data          0x000000014009f700        0x0 C:/msys64/ucrt64/bin/../lib/gcc/x86_64-w64-mingw32/13.1.0/libgcc.a(_ctors.o)
 .data          0x000000014009f700       0x10 C:/msys64/ucrt64/bin/../lib/gcc/x86_64-w64-mingw32/13.1.0/../../../../lib/libmingwex.a(lib64_libmingwex_a-mingw_matherr.o)
                0x000000014009f700                _MINGW_INSTALL_DEBUG_MATHERR
 .data          0x000000014009f710       0x10 C:/msys64/ucrt64/bin/../lib/gcc/x86_64-w64-mingw32/13.1.0/../../../../lib/libmsvcrt.a(lib64_libucrt_extra_a-ucrt_vprintf.o)
                0x000000014009f710                __imp_vprintf
 .data          0x000000014009f720       0x10 C:/msys64/ucrt64/bin/../lib/gcc/x86_64-w64-mingw32/13.1.0/../../../../lib/libmsvcrt.a(lib64_libucrt_extra_a-ucrt_vfprintf.o)
                0x000000014009f720                __imp_vfprintf
 .data          0x000000014009f730       0x10 C:/msys64/ucrt64/bin/../lib/gcc/x86_64-w64-mingw32/13.1.0/../../../../lib/libmsvcrt.a(lib64_libucrt_extra_a-ucrt_fprintf.o)
                0x000000014009f730                __imp_fprintf
 .data          0x000000014009f740       0x10 C:/msys64/ucrt64/bin/../lib/gcc/x86_64-w64-mingw32/13.1.0/../../../../lib/libmsvcrt.a(lib64_libucrt_extra_a-__initenv.o)
                0x000000014009f740                __imp___winitenv
                0x000000014009f748                __imp___initenv
 .data          0x000000014009f750       0x80 C:/msys64/ucrt64/bin/../lib/gcc/x86_64-w64-mingw32/13.1.0/../../../../lib/libmsvcrt.a(lib64_libucrt_extra_a-ucrtbase_compat.o)
                0x000000014009f750                __imp___ms_fwprintf
                0x000000014009f758                __imp_tzset
                0x000000014009f760                __imp__get_output_format
                0x000000014009f768                __imp__amsg_exit
                0x000000014009f770                __imp___wgetmainargs
                0x000000014009f778                __imp___getmainargs
                0x000000014009f780                __imp_daylight
                0x000000014009f788                __imp_timezone
                0x000000014009f790                __imp_tzname
                0x000000014009f7b8                __imp_at_quick_exit
                0x000000014009f7c0                __imp__onexit
 .data          0x000000014009f7d0        0x0 C:/msys64/ucrt64/bin/../lib/gcc/x86_64-w64-mingw32/13.1.0/../../../../lib/libmsvcrt.a(libapi-ms-win-crt-time-l1-1-0s00008.o)
 .data          0x000000014009f7d0        0x0 C:/msys64/ucrt64/bin/../lib/gcc/x86_64-w64-mingw32/13.1.0/../../../../lib/libmsvcrt.a(libapi-ms-win-crt-time-l1-1-0s00010.o)
 .data          0x000000014009f7d0        0x0 C:/msys64/ucrt64/bin/../lib/gcc/x86_64-w64-mingw32/13.1.0/../../../../lib/libmsvcrt.a(libapi-ms-win-crt-time-l1-1-0s00011.o)
 .data          0x000000014009f7d0        0x0 C:/msys64/ucrt64/bin/../lib/gcc/x86_64-w64-mingw32/13.1.0/../../../../lib/libmsvcrt.a(libapi-ms-win-crt-time-l1-1-0s00058.o)
 .data          0x000000014009f7d0        0x0 C:/msys64/ucrt64/bin/../lib/gcc/x86_64-w64-mingw32/13.1.0/../../../../lib/libmsvcrt.a(libapi-ms-win-crt-time-l1-1-0h.o)
 .data          0x000000014009f7d0        0x0 C:/msys64/ucrt64/bin/../lib/gcc/x86_64-w64-mingw32/13.1.0/../../../../lib/libmsvcrt.a(libapi-ms-win-crt-time-l1-1-0t.o)
 .data          0x000000014009f7d0        0x0 C:/msys64/ucrt64/bin/../lib/gcc/x86_64-w64-mingw32/13.1.0/../../../../lib/libmsvcrt.a(libapi-ms-win-crt-string-l1-1-0s00167.o)
 .data          0x000000014009f7d0        0x0 C:/msys64/ucrt64/bin/../lib/gcc/x86_64-w64-mingw32/13.1.0/../../../../lib/libmsvcrt.a(libapi-ms-win-crt-string-l1-1-0s00170.o)
 .data          0x000000014009f7d0        0x0 C:/msys64/ucrt64/bin/../lib/gcc/x86_64-w64-mingw32/13.1.0/../../../../lib/libmsvcrt.a(libapi-ms-win-crt-string-l1-1-0h.o)
 .data          0x000000014009f7d0        0x0 C:/msys64/ucrt64/bin/../lib/gcc/x86_64-w64-mingw32/13.1.0/../../../../lib/libmsvcrt.a(libapi-ms-win-crt-string-l1-1-0t.o)
 .data          0x000000014009f7d0        0x0 C:/msys64/ucrt64/bin/../lib/gcc/x86_64-w64-mingw32/13.1.0/../../../../lib/libmsvcrt.a(libapi-ms-win-crt-stdio-l1-1-0s00000.o)
 .data          0x000000014009f7d0        0x0 C:/msys64/ucrt64/bin/../lib/gcc/x86_64-w64-mingw32/13.1.0/../../../../lib/libmsvcrt.a(libapi-ms-win-crt-stdio-l1-1-0s00001.o)
 .data          0x000000014009f7d0        0x0 C:/msys64/ucrt64/bin/../lib/gcc/x86_64-w64-mingw32/13.1.0/../../../../lib/libmsvcrt.a(libapi-ms-win-crt-stdio-l1-1-0s00002.o)
 .data          0x000000014009f7d0        0x0 C:/msys64/ucrt64/bin/../lib/gcc/x86_64-w64-mingw32/13.1.0/../../../../lib/libmsvcrt.a(libapi-ms-win-crt-stdio-l1-1-0s00003.o)
 .data          0x000000014009f7d0        0x0 C:/msys64/ucrt64/bin/../lib/gcc/x86_64-w64-mingw32/13.1.0/../../../../lib/libmsvcrt.a(libapi-ms-win-crt-stdio-l1-1-0s00007.o)
 .data          0x000000014009f7d0        0x0 C:/msys64/ucrt64/bin/../lib/gcc/x86_64-w64-mingw32/13.1.0/../../../../lib/libmsvcrt.a(libapi-ms-win-crt-stdio-l1-1-0s00168.o)
 .data          0x000000014009f7d0        0x0 C:/msys64/ucrt64/bin/../lib/gcc/x86_64-w64-mingw32/13.1.0/../../../../lib/libmsvcrt.a(libapi-ms-win-crt-stdio-l1-1-0h.o)
 .data          0x000000014009f7d0        0x0 C:/msys64/ucrt64/bin/../lib/gcc/x86_64-w64-mingw32/13.1.0/../../../../lib/libmsvcrt.a(libapi-ms-win-crt-stdio-l1-1-0t.o)
 .data          0x000000014009f7d0        0x0 C:/msys64/ucrt64/bin/../lib/gcc/x86_64-w64-mingw32/13.1.0/../../../../lib/libmsvcrt.a(libapi-ms-win-crt-runtime-l1-1-0s00004.o)
 .data          0x000000014009f7d0        0x0 C:/msys64/ucrt64/bin/../lib/gcc/x86_64-w64-mingw32/13.1.0/../../../../lib/libmsvcrt.a(libapi-ms-win-crt-runtime-l1-1-0s00005.o)
 .data          0x000000014009f7d0        0x0 C:/msys64/ucrt64/bin/../lib/gcc/x86_64-w64-mingw32/13.1.0/../../../../lib/libmsvcrt.a(libapi-ms-win-crt-runtime-l1-1-0s00006.o)
 .data          0x000000014009f7d0        0x0 C:/msys64/ucrt64/bin/../lib/gcc/x86_64-w64-mingw32/13.1.0/../../../../lib/libmsvcrt.a(libapi-ms-win-crt-runtime-l1-1-0s00022.o)
 .data          0x000000014009f7d0        0x0 C:/msys64/ucrt64/bin/../lib/gcc/x86_64-w64-mingw32/13.1.0/../../../../lib/libmsvcrt.a(libapi-ms-win-crt-runtime-l1-1-0s00024.o)
 .data          0x000000014009f7d0        0x0 C:/msys64/ucrt64/bin/../lib/gcc/x86_64-w64-mingw32/13.1.0/../../../../lib/libmsvcrt.a(libapi-ms-win-crt-runtime-l1-1-0s00025.o)
 .data          0x000000014009f7d0        0x0 C:/msys64/ucrt64/bin/../lib/gcc/x86_64-w64-mingw32/13.1.0/../../../../lib/libmsvcrt.a(libapi-ms-win-crt-runtime-l1-1-0s00029.o)
 .data          0x000000014009f7d0        0x0 C:/msys64/ucrt64/bin/../lib/gcc/x86_64-w64-mingw32/13.1.0/../../../../lib/libmsvcrt.a(libapi-ms-win-crt-runtime-l1-1-0s00030.o)
 .data          0x000000014009f7d0        0x0 C:/msys64/ucrt64/bin/../lib/gcc/x86_64-w64-mingw32/13.1.0/../../../../lib/libmsvcrt.a(libapi-ms-win-crt-runtime-l1-1-0s00036.o)
 .data          0x000000014009f7d0        0x0 C:/msys64/ucrt64/bin/../lib/gcc/x86_64-w64-mingw32/13.1.0/../../../../lib/libmsvcrt.a(libapi-ms-win-crt-runtime-l1-1-0s00053.o)
 .data          0x000000014009f7d0        0x0 C:/msys64/ucrt64/bin/../lib/gcc/x86_64-w64-mingw32/13.1.0/../../../../lib/libmsvcrt.a(libapi-ms-win-crt-runtime-l1-1-0s00055.o)
 .data          0x000000014009f7d0        0x0 C:/msys64/ucrt64/bin/../lib/gcc/x86_64-w64-mingw32/13.1.0/../../../../lib/libmsvcrt.a(libapi-ms-win-crt-runtime-l1-1-0s00056.o)
 .data          0x000000014009f7d0        0x0 C:/msys64/ucrt64/bin/../lib/gcc/x86_64-w64-mingw32/13.1.0/../../../../lib/libmsvcrt.a(libapi-ms-win-crt-runtime-l1-1-0s00068.o)
 .data          0x000000014009f7d0        0x0 C:/msys64/ucrt64/bin/../lib/gcc/x86_64-w64-mingw32/13.1.0/../../../../lib/libmsvcrt.a(libapi-ms-win-crt-runtime-l1-1-0s00074.o)
 .data          0x000000014009f7d0        0x0 C:/msys64/ucrt64/bin/../lib/gcc/x86_64-w64-mingw32/13.1.0/../../../../lib/libmsvcrt.a(libapi-ms-win-crt-runtime-l1-1-0s00087.o)
 .data          0x000000014009f7d0        0x0 C:/msys64/ucrt64/bin/../lib/gcc/x86_64-w64-mingw32/13.1.0/../../../../lib/libmsvcrt.a(libapi-ms-win-crt-runtime-l1-1-0s00088.o)
 .data          0x000000014009f7d0        0x0 C:/msys64/ucrt64/bin/../lib/gcc/x86_64-w64-mingw32/13.1.0/../../../../lib/libmsvcrt.a(libapi-ms-win-crt-runtime-l1-1-0s00102.o)
 .data          0x000000014009f7d0        0x0 C:/msys64/ucrt64/bin/../lib/gcc/x86_64-w64-mingw32/13.1.0/../../../../lib/libmsvcrt.a(libapi-ms-win-crt-runtime-l1-1-0h.o)
 .data          0x000000014009f7d0        0x0 C:/msys64/ucrt64/bin/../lib/gcc/x86_64-w64-mingw32/13.1.0/../../../../lib/libmsvcrt.a(libapi-ms-win-crt-runtime-l1-1-0t.o)
 .data          0x000000014009f7d0        0x0 C:/msys64/ucrt64/bin/../lib/gcc/x86_64-w64-mingw32/13.1.0/../../../../lib/libmsvcrt.a(libapi-ms-win-crt-private-l1-1-0s00015.o)
 .data          0x000000014009f7d0        0x0 C:/msys64/ucrt64/bin/../lib/gcc/x86_64-w64-mingw32/13.1.0/../../../../lib/libmsvcrt.a(libapi-ms-win-crt-private-l1-1-0s01143.o)
 .data          0x000000014009f7d0        0x0 C:/msys64/ucrt64/bin/../lib/gcc/x86_64-w64-mingw32/13.1.0/../../../../lib/libmsvcrt.a(libapi-ms-win-crt-private-l1-1-0h.o)
 .data          0x000000014009f7d0        0x0 C:/msys64/ucrt64/bin/../lib/gcc/x86_64-w64-mingw32/13.1.0/../../../../lib/libmsvcrt.a(libapi-ms-win-crt-private-l1-1-0t.o)
 .data          0x000000014009f7d0        0x0 C:/msys64/ucrt64/bin/../lib/gcc/x86_64-w64-mingw32/13.1.0/../../../../lib/libmsvcrt.a(libapi-ms-win-crt-math-l1-1-0s00009.o)
 .data          0x000000014009f7d0        0x0 C:/msys64/ucrt64/bin/../lib/gcc/x86_64-w64-mingw32/13.1.0/../../../../lib/libmsvcrt.a(libapi-ms-win-crt-math-l1-1-0h.o)
 .data          0x000000014009f7d0        0x0 C:/msys64/ucrt64/bin/../lib/gcc/x86_64-w64-mingw32/13.1.0/../../../../lib/libmsvcrt.a(libapi-ms-win-crt-math-l1-1-0t.o)
 .data          0x000000014009f7d0        0x0 C:/msys64/ucrt64/bin/../lib/gcc/x86_64-w64-mingw32/13.1.0/../../../../lib/libmsvcrt.a(libapi-ms-win-crt-heap-l1-1-0s00023.o)
 .data          0x000000014009f7d0        0x0 C:/msys64/ucrt64/bin/../lib/gcc/x86_64-w64-mingw32/13.1.0/../../../../lib/libmsvcrt.a(libapi-ms-win-crt-heap-l1-1-0s00024.o)
 .data          0x000000014009f7d0        0x0 C:/msys64/ucrt64/bin/../lib/gcc/x86_64-w64-mingw32/13.1.0/../../../../lib/libmsvcrt.a(libapi-ms-win-crt-heap-l1-1-0s00025.o)
 .data          0x000000014009f7d0        0x0 C:/msys64/ucrt64/bin/../lib/gcc/x86_64-w64-mingw32/13.1.0/../../../../lib/libmsvcrt.a(libapi-ms-win-crt-heap-l1-1-0s00026.o)
 .data          0x000000014009f7d0        0x0 C:/msys64/ucrt64/bin/../lib/gcc/x86_64-w64-mingw32/13.1.0/../../../../lib/libmsvcrt.a(libapi-ms-win-crt-heap-l1-1-0h.o)
 .data          0x000000014009f7d0        0x0 C:/msys64/ucrt64/bin/../lib/gcc/x86_64-w64-mingw32/13.1.0/../../../../lib/libmsvcrt.a(libapi-ms-win-crt-heap-l1-1-0t.o)
 .data          0x000000014009f7d0        0x0 C:/msys64/ucrt64/bin/../lib/gcc/x86_64-w64-mingw32/13.1.0/../../../../lib/libmsvcrt.a(libapi-ms-win-crt-environment-l1-1-0s00000.o)
 .data          0x000000014009f7d0        0x0 C:/msys64/ucrt64/bin/../lib/gcc/x86_64-w64-mingw32/13.1.0/../../../../lib/libmsvcrt.a(libapi-ms-win-crt-environment-l1-1-0s00001.o)
 .data          0x000000014009f7d0        0x0 C:/msys64/ucrt64/bin/../lib/gcc/x86_64-w64-mingw32/13.1.0/../../../../lib/libmsvcrt.a(libapi-ms-win-crt-environment-l1-1-0h.o)
 .data          0x000000014009f7d0        0x0 C:/msys64/ucrt64/bin/../lib/gcc/x86_64-w64-mingw32/13.1.0/../../../../lib/libmsvcrt.a(libapi-ms-win-crt-environment-l1-1-0t.o)
 .data          0x000000014009f7d0        0x0 C:/msys64/ucrt64/bin/../lib/gcc/x86_64-w64-mingw32/13.1.0/../../../../lib/libkernel32.a(libkernel32s01490.o)
 .data          0x000000014009f7d0        0x0 C:/msys64/ucrt64/bin/../lib/gcc/x86_64-w64-mingw32/13.1.0/../../../../lib/libkernel32.a(libkernel32s01488.o)
 .data          0x000000014009f7d0        0x0 C:/msys64/ucrt64/bin/../lib/gcc/x86_64-w64-mingw32/13.1.0/../../../../lib/libkernel32.a(libkernel32s01441.o)
 .data          0x000000014009f7d0        0x0 C:/msys64/ucrt64/bin/../lib/gcc/x86_64-w64-mingw32/13.1.0/../../../../lib/libkernel32.a(libkernel32s01406.o)
 .data          0x000000014009f7d0        0x0 C:/msys64/ucrt64/bin/../lib/gcc/x86_64-w64-mingw32/13.1.0/../../../../lib/libkernel32.a(libkernel32s01390.o)
 .data          0x000000014009f7d0        0x0 C:/msys64/ucrt64/bin/../lib/gcc/x86_64-w64-mingw32/13.1.0/../../../../lib/libkernel32.a(libkernel32s00981.o)
 .data          0x000000014009f7d0        0x0 C:/msys64/ucrt64/bin/../lib/gcc/x86_64-w64-mingw32/13.1.0/../../../../lib/libkernel32.a(libkernel32s00889.o)
 .data          0x000000014009f7d0        0x0 C:/msys64/ucrt64/bin/../lib/gcc/x86_64-w64-mingw32/13.1.0/../../../../lib/libkernel32.a(libkernel32s00627.o)
 .data          0x000000014009f7d0        0x0 C:/msys64/ucrt64/bin/../lib/gcc/x86_64-w64-mingw32/13.1.0/../../../../lib/libkernel32.a(libkernel32s00316.o)
 .data          0x000000014009f7d0        0x0 C:/msys64/ucrt64/bin/../lib/gcc/x86_64-w64-mingw32/13.1.0/../../../../lib/libkernel32.a(libkernel32s00280.o)
 .data          0x000000014009f7d0        0x0 C:/msys64/ucrt64/bin/../lib/gcc/x86_64-w64-mingw32/13.1.0/../../../../lib/libkernel32.a(libkernel32h.o)
 .data          0x000000014009f7d0        0x0 C:/msys64/ucrt64/bin/../lib/gcc/x86_64-w64-mingw32/13.1.0/../../../../lib/libkernel32.a(libkernel32t.o)
 .data          0x000000014009f7d0        0x0 C:/msys64/ucrt64/bin/../lib/gcc/x86_64-w64-mingw32/13.1.0/crtend.o
 *(.data2)
 *(SORT_BY_NAME(.data$*))
 *(.jcr)
                0x000000014009f7d0                __data_end__ = .
 *(.data_cygwin_nocopy)

.rdata          0x00000001400a0000     0x1600
 *(.rdata)
 .rdata         0x00000001400a0000      0x2d0 exotique.o
 *fill*         0x00000001400a02d0       0x30 
 .rdata         0x00000001400a0300      0x680 mahjong.o
                0x00000001400a0330                hand_tile_spacing
                0x00000001400a0334                wall_tile_spacing
                0x00000001400a0338                camy
                0x00000001400a033c                camx
                0x00000001400a0340                NEAR_Z
                0x00000001400a0344                FAR_Z
                0x00000001400a0348                kScreenHeight
                0x00000001400a034c                kScreenWidth
 .rdata         0x00000001400a0980       0x60 C:/msys64/ucrt64/bin/../lib/gcc/x86_64-w64-mingw32/13.1.0/../../../../lib/libmingw32.a(lib64_libmingw32_a-tlssup.o)
                0x00000001400a0980                __dyn_tls_init_callback
                0x00000001400a09a0                _tls_used
 .rdata         0x00000001400a09e0      0x140 C:/msys64/ucrt64/bin/../lib/gcc/x86_64-w64-mingw32/13.1.0/../../../../lib/libmingw32.a(lib64_libmingw32_a-merr.o)
 .rdata         0x00000001400a0b20      0x160 C:/msys64/ucrt64/bin/../lib/gcc/x86_64-w64-mingw32/13.1.0/../../../../lib/libmingw32.a(lib64_libmingw32_a-pseudo-reloc.o)
 .rdata         0x00000001400a0c80       0x30 C:/msys64/ucrt64/bin/../lib/gcc/x86_64-w64-mingw32/13.1.0/../../../../lib/libmingw32.a(lib64_libmingw32_a-crt_handler.o)
 .rdata         0x00000001400a0cb0       0x20 C:/msys64/ucrt64/bin/../lib/gcc/x86_64-w64-mingw32/13.1.0/../../../../lib/libmsvcrt.a(lib64_libucrt_extra_a-ucrtbase_compat.o)
 *(SORT_BY_NAME(.rdata$*))
 .rdata$.refptr._CRT_MT
                0x00000001400a0cd0       0x10 C:/msys64/ucrt64/bin/../lib/gcc/x86_64-w64-mingw32/13.1.0/../../../../lib/libmingw32.a(lib64_libmingw32_a-tlssup.o)
                0x00000001400a0cd0                .refptr._CRT_MT
 .rdata$.refptr._MINGW_INSTALL_DEBUG_MATHERR
                0x00000001400a0ce0       0x10 C:/msys64/ucrt64/bin/../lib/gcc/x86_64-w64-mingw32/13.1.0/../../../../lib/crt2.o
                0x00000001400a0ce0                .refptr._MINGW_INSTALL_DEBUG_MATHERR
 .rdata$.refptr.__CTOR_LIST__
                0x00000001400a0cf0       0x10 C:/msys64/ucrt64/bin/../lib/gcc/x86_64-w64-mingw32/13.1.0/../../../../lib/libmingw32.a(lib64_libmingw32_a-gccmain.o)
                0x00000001400a0cf0                .refptr.__CTOR_LIST__
 .rdata$.refptr.__RUNTIME_PSEUDO_RELOC_LIST_END__
                0x00000001400a0d00       0x10 C:/msys64/ucrt64/bin/../lib/gcc/x86_64-w64-mingw32/13.1.0/../../../../lib/libmingw32.a(lib64_libmingw32_a-pseudo-reloc.o)
                0x00000001400a0d00                .refptr.__RUNTIME_PSEUDO_RELOC_LIST_END__
 .rdata$.refptr.__RUNTIME_PSEUDO_RELOC_LIST__
                0x00000001400a0d10       0x10 C:/msys64/ucrt64/bin/../lib/gcc/x86_64-w64-mingw32/13.1.0/../../../../lib/libmingw32.a(lib64_libmingw32_a-pseudo-reloc.o)
                0x00000001400a0d10                .refptr.__RUNTIME_PSEUDO_RELOC_LIST__
 .rdata$.refptr.__dyn_tls_init_callback
                0x00000001400a0d20       0x10 C:/msys64/ucrt64/bin/../lib/gcc/x86_64-w64-mingw32/13.1.0/../../../../lib/crt2.o
                0x00000001400a0d20                .refptr.__dyn_tls_init_callback
 .rdata$.refptr.__image_base__
                0x00000001400a0d30       0x10 C:/msys64/ucrt64/bin/../lib/gcc/x86_64-w64-mingw32/13.1.0/../../../../lib/crt2.o
                0x00000001400a0d30                .refptr.__image_base__
 .rdata$.refptr.__imp___initenv
                0x00000001400a0d40       0x10 C:/msys64/ucrt64/bin/../lib/gcc/x86_64-w64-mingw32/13.1.0/../../../../lib/crt2.o
                0x00000001400a0d40                .refptr.__imp___initenv
 .rdata$.refptr.__imp__tzset
                0x00000001400a0d50       0x10 C:/msys64/ucrt64/bin/../lib/gcc/x86_64-w64-mingw32/13.1.0/../../../../lib/libmsvcrt.a(lib64_libucrt_extra_a-ucrtbase_compat.o)
                0x00000001400a0d50                .refptr.__imp__tzset
 .rdata$.refptr.__mingw_app_type
                0x00000001400a0d60       0x10 C:/msys64/ucrt64/bin/../lib/gcc/x86_64-w64-mingw32/13.1.0/../../../../lib/crt2.o
                0x00000001400a0d60                .refptr.__mingw_app_type
 .rdata$.refptr.__mingw_initltsdrot_force
                0x00000001400a0d70       0x10 C:/msys64/ucrt64/bin/../lib/gcc/x86_64-w64-mingw32/13.1.0/../../../../lib/crt2.o
                0x00000001400a0d70                .refptr.__mingw_initltsdrot_force
 .rdata$.refptr.__mingw_initltsdyn_force
                0x00000001400a0d80       0x10 C:/msys64/ucrt64/bin/../lib/gcc/x86_64-w64-mingw32/13.1.0/../../../../lib/crt2.o
                0x00000001400a0d80                .refptr.__mingw_initltsdyn_force
 .rdata$.refptr.__mingw_initltssuo_force
                0x00000001400a0d90       0x10 C:/msys64/ucrt64/bin/../lib/gcc/x86_64-w64-mingw32/13.1.0/../../../../lib/crt2.o
                0x00000001400a0d90                .refptr.__mingw_initltssuo_force
 .rdata$.refptr.__mingw_module_is_dll
                0x00000001400a0da0       0x10 C:/msys64/ucrt64/bin/../lib/gcc/x86_64-w64-mingw32/13.1.0/../../../../lib/libmsvcrt.a(lib64_libucrt_extra_a-ucrtbase_compat.o)
                0x00000001400a0da0                .refptr.__mingw_module_is_dll
 .rdata$.refptr.__mingw_oldexcpt_handler
                0x00000001400a0db0       0x10 C:/msys64/ucrt64/bin/../lib/gcc/x86_64-w64-mingw32/13.1.0/../../../../lib/crt2.o
                0x00000001400a0db0                .refptr.__mingw_oldexcpt_handler
 .rdata$.refptr.__native_startup_lock
                0x00000001400a0dc0       0x10 C:/msys64/ucrt64/bin/../lib/gcc/x86_64-w64-mingw32/13.1.0/../../../../lib/crt2.o
                0x00000001400a0dc0                .refptr.__native_startup_lock
 .rdata$.refptr.__native_startup_state
                0x00000001400a0dd0       0x10 C:/msys64/ucrt64/bin/../lib/gcc/x86_64-w64-mingw32/13.1.0/../../../../lib/crt2.o
                0x00000001400a0dd0                .refptr.__native_startup_state
 .rdata$.refptr.__xc_a
                0x00000001400a0de0       0x10 C:/msys64/ucrt64/bin/../lib/gcc/x86_64-w64-mingw32/13.1.0/../../../../lib/crt2.o
                0x00000001400a0de0                .refptr.__xc_a
 .rdata$.refptr.__xc_z
                0x00000001400a0df0       0x10 C:/msys64/ucrt64/bin/../lib/gcc/x86_64-w64-mingw32/13.1.0/../../../../lib/crt2.o
                0x00000001400a0df0                .refptr.__xc_z
 .rdata$.refptr.__xi_a
                0x00000001400a0e00       0x10 C:/msys64/ucrt64/bin/../lib/gcc/x86_64-w64-mingw32/13.1.0/../../../../lib/crt2.o
                0x00000001400a0e00                .refptr.__xi_a
 .rdata$.refptr.__xi_z
                0x00000001400a0e10       0x10 C:/msys64/ucrt64/bin/../lib/gcc/x86_64-w64-mingw32/13.1.0/../../../../lib/crt2.o
                0x00000001400a0e10                .refptr.__xi_z
 .rdata$.refptr._commode
                0x00000001400a0e20       0x10 C:/msys64/ucrt64/bin/../lib/gcc/x86_64-w64-mingw32/13.1.0/../../../../lib/crt2.o
                0x00000001400a0e20                .refptr._commode
 .rdata$.refptr._dowildcard
                0x00000001400a0e30       0x10 C:/msys64/ucrt64/bin/../lib/gcc/x86_64-w64-mingw32/13.1.0/../../../../lib/crt2.o
                0x00000001400a0e30                .refptr._dowildcard
 .rdata$.refptr._fmode
                0x00000001400a0e40       0x10 C:/msys64/ucrt64/bin/../lib/gcc/x86_64-w64-mingw32/13.1.0/../../../../lib/crt2.o
                0x00000001400a0e40                .refptr._fmode
 .rdata$.refptr._gnu_exception_handler
                0x00000001400a0e50       0x10 C:/msys64/ucrt64/bin/../lib/gcc/x86_64-w64-mingw32/13.1.0/../../../../lib/crt2.o
                0x00000001400a0e50                .refptr._gnu_exception_handler
 .rdata$.refptr._matherr
                0x00000001400a0e60       0x10 C:/msys64/ucrt64/bin/../lib/gcc/x86_64-w64-mingw32/13.1.0/../../../../lib/crt2.o
                0x00000001400a0e60                .refptr._matherr
 .rdata$.refptr._newmode
                0x00000001400a0e70       0x10 C:/msys64/ucrt64/bin/../lib/gcc/x86_64-w64-mingw32/13.1.0/../../../../lib/crt2.o
                0x00000001400a0e70                .refptr._newmode
 .rdata$.refptr.kScreenHeight
                0x00000001400a0e80       0x10 exotique.o
                0x00000001400a0e80                .refptr.kScreenHeight
 .rdata$.refptr.kScreenWidth
                0x00000001400a0e90       0x10 exotique.o
                0x00000001400a0e90                .refptr.kScreenWidth
 .rdata$zzz     0x00000001400a0ea0       0x30 C:/msys64/ucrt64/bin/../lib/gcc/x86_64-w64-mingw32/13.1.0/../../../../lib/crt2.o
 .rdata$zzz     0x00000001400a0ed0       0x30 C:/msys64/ucrt64/bin/../lib/gcc/x86_64-w64-mingw32/13.1.0/crtbegin.o
 .rdata$zzz     0x00000001400a0f00       0x30 exotique.o
 .rdata$zzz     0x00000001400a0f30       0x30 mahjong.o
 .rdata$zzz     0x00000001400a0f60       0x30 C:/msys64/ucrt64/bin/../lib/gcc/x86_64-w64-mingw32/13.1.0/../../../../lib/libmingw32.a(lib64_libmingw32_a-gccmain.o)
 .rdata$zzz     0x00000001400a0f90       0x30 C:/msys64/ucrt64/bin/../lib/gcc/x86_64-w64-mingw32/13.1.0/../../../../lib/libmingw32.a(lib64_libmingw32_a-natstart.o)
 .rdata$zzz     0x00000001400a0fc0       0x30 C:/msys64/ucrt64/bin/../lib/gcc/x86_64-w64-mingw32/13.1.0/../../../../lib/libmingw32.a(lib64_libmingw32_a-wildcard.o)
 .rdata$zzz     0x00000001400a0ff0       0x30 C:/msys64/ucrt64/bin/../lib/gcc/x86_64-w64-mingw32/13.1.0/../../../../lib/libmingw32.a(lib64_libmingw32_a-dllargv.o)
 .rdata$zzz     0x00000001400a1020       0x30 C:/msys64/ucrt64/bin/../lib/gcc/x86_64-w64-mingw32/13.1.0/../../../../lib/libmingw32.a(lib64_libmingw32_a-_newmode.o)
 .rdata$zzz     0x00000001400a1050       0x30 C:/msys64/ucrt64/bin/../lib/gcc/x86_64-w64-mingw32/13.1.0/../../../../lib/libmingw32.a(lib64_libmingw32_a-tlssup.o)
 .rdata$zzz     0x00000001400a1080       0x30 C:/msys64/ucrt64/bin/../lib/gcc/x86_64-w64-mingw32/13.1.0/../../../../lib/libmingw32.a(lib64_libmingw32_a-xncommod.o)
 .rdata$zzz     0x00000001400a10b0       0x30 C:/msys64/ucrt64/bin/../lib/gcc/x86_64-w64-mingw32/13.1.0/../../../../lib/libmingw32.a(lib64_libmingw32_a-cinitexe.o)
 .rdata$zzz     0x00000001400a10e0       0x30 C:/msys64/ucrt64/bin/../lib/gcc/x86_64-w64-mingw32/13.1.0/../../../../lib/libmingw32.a(lib64_libmingw32_a-merr.o)
 .rdata$zzz     0x00000001400a1110       0x30 C:/msys64/ucrt64/bin/../lib/gcc/x86_64-w64-mingw32/13.1.0/../../../../lib/libmingw32.a(lib64_libmingw32_a-CRT_fp10.o)
 .rdata$zzz     0x00000001400a1140       0x30 C:/msys64/ucrt64/bin/../lib/gcc/x86_64-w64-mingw32/13.1.0/../../../../lib/libmingw32.a(lib64_libmingw32_a-mingw_helpers.o)
 .rdata$zzz     0x00000001400a1170       0x30 C:/msys64/ucrt64/bin/../lib/gcc/x86_64-w64-mingw32/13.1.0/../../../../lib/libmingw32.a(lib64_libmingw32_a-pseudo-reloc.o)
 .rdata$zzz     0x00000001400a11a0       0x30 C:/msys64/ucrt64/bin/../lib/gcc/x86_64-w64-mingw32/13.1.0/../../../../lib/libmingw32.a(lib64_libmingw32_a-usermatherr.o)
 .rdata$zzz     0x00000001400a11d0       0x30 C:/msys64/ucrt64/bin/../lib/gcc/x86_64-w64-mingw32/13.1.0/../../../../lib/libmingw32.a(lib64_libmingw32_a-xtxtmode.o)
 .rdata$zzz     0x00000001400a1200       0x30 C:/msys64/ucrt64/bin/../lib/gcc/x86_64-w64-mingw32/13.1.0/../../../../lib/libmingw32.a(lib64_libmingw32_a-crt_handler.o)
 .rdata$zzz     0x00000001400a1230       0x30 C:/msys64/ucrt64/bin/../lib/gcc/x86_64-w64-mingw32/13.1.0/../../../../lib/libmingw32.a(lib64_libmingw32_a-tlsthrd.o)
 .rdata$zzz     0x00000001400a1260       0x30 C:/msys64/ucrt64/bin/../lib/gcc/x86_64-w64-mingw32/13.1.0/../../../../lib/libmingw32.a(lib64_libmingw32_a-tlsmcrt.o)
 .rdata$zzz     0x00000001400a1290       0x30 C:/msys64/ucrt64/bin/../lib/gcc/x86_64-w64-mingw32/13.1.0/../../../../lib/libmingw32.a(lib64_libmingw32_a-pseudo-reloc-list.o)
 .rdata$zzz     0x00000001400a12c0       0x30 C:/msys64/ucrt64/bin/../lib/gcc/x86_64-w64-mingw32/13.1.0/../../../../lib/libmingw32.a(lib64_libmingw32_a-pesect.o)
 .rdata$zzz     0x00000001400a12f0       0x30 C:/msys64/ucrt64/bin/../lib/gcc/x86_64-w64-mingw32/13.1.0/libgcc.a(_ctors.o)
 .rdata$zzz     0x00000001400a1320       0x30 C:/msys64/ucrt64/bin/../lib/gcc/x86_64-w64-mingw32/13.1.0/../../../../lib/libmingwex.a(lib64_libmingwex_a-mingw_matherr.o)
 .rdata$zzz     0x00000001400a1350       0x30 C:/msys64/ucrt64/bin/../lib/gcc/x86_64-w64-mingw32/13.1.0/../../../../lib/libmsvcrt.a(lib64_libucrt_extra_a-ucrt_vprintf.o)
 .rdata$zzz     0x00000001400a1380       0x30 C:/msys64/ucrt64/bin/../lib/gcc/x86_64-w64-mingw32/13.1.0/../../../../lib/libmsvcrt.a(lib64_libucrt_extra_a-ucrt_vfprintf.o)
 .rdata$zzz     0x00000001400a13b0       0x30 C:/msys64/ucrt64/bin/../lib/gcc/x86_64-w64-mingw32/13.1.0/../../../../lib/libmsvcrt.a(lib64_libucrt_extra_a-ucrt_fprintf.o)
 .rdata$zzz     0x00000001400a13e0       0x30 C:/msys64/ucrt64/bin/../lib/gcc/x86_64-w64-mingw32/13.1.0/../../../../lib/libmsvcrt.a(lib64_libucrt_extra_a-__initenv.o)
 .rdata$zzz     0x00000001400a1410       0x30 C:/msys64/ucrt64/bin/../lib/gcc/x86_64-w64-mingw32/13.1.0/../../../../lib/libmsvcrt.a(lib64_libucrt_extra_a-ucrtbase_compat.o)
 .rdata$zzz     0x00000001400a1440       0x30 C:/msys64/ucrt64/bin/../lib/gcc/x86_64-w64-mingw32/13.1.0/crtend.o
                0x00000001400a1470                . = ALIGN (0x4)
                0x00000001400a1470                __rt_psrelocs_start = .
 *(.rdata_runtime_pseudo_reloc)
                0x00000001400a1470                __rt_psrelocs_end = .
                0x0000000000000000                __rt_psrelocs_size = (__rt_psrelocs_end - __rt_psrelocs_start)
                0x00000001400a1470                ___RUNTIME_PSEUDO_RELOC_LIST_END__ = .
                0x00000001400a1470                __RUNTIME_PSEUDO_RELOC_LIST_END__ = .
                0x00000001400a1470                ___RUNTIME_PSEUDO_RELOC_LIST__ = (. - __rt_psrelocs_size)
                0x00000001400a1470                __RUNTIME_PSEUDO_RELOC_LIST__ = (. - __rt_psrelocs_size)

.eh_frame
 *(.eh_frame*)

.pdata          0x00000001400a2000      0x800
 *(.pdata*)
 .pdata         0x00000001400a2000       0x54 C:/msys64/ucrt64/bin/../lib/gcc/x86_64-w64-mingw32/13.1.0/../../../../lib/crt2.o
 .pdata         0x00000001400a2054       0x18 C:/msys64/ucrt64/bin/../lib/gcc/x86_64-w64-mingw32/13.1.0/crtbegin.o
 .pdata         0x00000001400a206c       0x24 exotique.o
 .pdata.startup
                0x00000001400a2090        0xc exotique.o
 .pdata         0x00000001400a209c      0x3cc mahjong.o
 .pdata         0x00000001400a2468       0x24 C:/msys64/ucrt64/bin/../lib/gcc/x86_64-w64-mingw32/13.1.0/../../../../lib/libmingw32.a(lib64_libmingw32_a-gccmain.o)
 .pdata         0x00000001400a248c        0xc C:/msys64/ucrt64/bin/../lib/gcc/x86_64-w64-mingw32/13.1.0/../../../../lib/libmingw32.a(lib64_libmingw32_a-dllargv.o)
 .pdata         0x00000001400a2498       0x24 C:/msys64/ucrt64/bin/../lib/gcc/x86_64-w64-mingw32/13.1.0/../../../../lib/libmingw32.a(lib64_libmingw32_a-tlssup.o)
 .pdata         0x00000001400a24bc        0xc C:/msys64/ucrt64/bin/../lib/gcc/x86_64-w64-mingw32/13.1.0/../../../../lib/libmingw32.a(lib64_libmingw32_a-merr.o)
 .pdata         0x00000001400a24c8        0xc C:/msys64/ucrt64/bin/../lib/gcc/x86_64-w64-mingw32/13.1.0/../../../../lib/libmingw32.a(lib64_libmingw32_a-CRT_fp10.o)
 .pdata         0x00000001400a24d4       0x24 C:/msys64/ucrt64/bin/../lib/gcc/x86_64-w64-mingw32/13.1.0/../../../../lib/libmingw32.a(lib64_libmingw32_a-pseudo-reloc.o)
 .pdata         0x00000001400a24f8       0x18 C:/msys64/ucrt64/bin/../lib/gcc/x86_64-w64-mingw32/13.1.0/../../../../lib/libmingw32.a(lib64_libmingw32_a-usermatherr.o)
 .pdata         0x00000001400a2510        0xc C:/msys64/ucrt64/bin/../lib/gcc/x86_64-w64-mingw32/13.1.0/../../../../lib/libmingw32.a(lib64_libmingw32_a-crt_handler.o)
 .pdata         0x00000001400a251c       0x30 C:/msys64/ucrt64/bin/../lib/gcc/x86_64-w64-mingw32/13.1.0/../../../../lib/libmingw32.a(lib64_libmingw32_a-tlsthrd.o)
 .pdata         0x00000001400a254c       0x6c C:/msys64/ucrt64/bin/../lib/gcc/x86_64-w64-mingw32/13.1.0/../../../../lib/libmingw32.a(lib64_libmingw32_a-pesect.o)
 .pdata         0x00000001400a25b8        0xc C:/msys64/ucrt64/bin/../lib/gcc/x86_64-w64-mingw32/13.1.0/../../../../lib/libmsvcrt.a(lib64_libucrt_extra_a-ucrt_vprintf.o)
 .pdata         0x00000001400a25c4        0xc C:/msys64/ucrt64/bin/../lib/gcc/x86_64-w64-mingw32/13.1.0/../../../../lib/libmsvcrt.a(lib64_libucrt_extra_a-ucrt_vfprintf.o)
 .pdata         0x00000001400a25d0        0xc C:/msys64/ucrt64/bin/../lib/gcc/x86_64-w64-mingw32/13.1.0/../../../../lib/libmsvcrt.a(lib64_libucrt_extra_a-ucrt_fprintf.o)
 .pdata         0x00000001400a25dc       0x6c C:/msys64/ucrt64/bin/../lib/gcc/x86_64-w64-mingw32/13.1.0/../../../../lib/libmsvcrt.a(lib64_libucrt_extra_a-ucrtbase_compat.o)
 .pdata.startup
                0x00000001400a2648        0xc C:/msys64/ucrt64/bin/../lib/gcc/x86_64-w64-mingw32/13.1.0/crtend.o

.xdata          0x00000001400a3000      0x600
 *(.xdata*)
 .xdata         0x00000001400a3000       0x6c C:/msys64/ucrt64/bin/../lib/gcc/x86_64-w64-mingw32/13.1.0/../../../../lib/crt2.o
 .xdata         0x00000001400a306c        0x8 C:/msys64/ucrt64/bin/../lib/gcc/x86_64-w64-mingw32/13.1.0/crtbegin.o
 .xdata         0x00000001400a3074       0x1c exotique.o
 .xdata.startup
                0x00000001400a3090       0x18 exotique.o
 .xdata         0x00000001400a30a8      0x3bc mahjong.o
 .xdata         0x00000001400a3464       0x18 C:/msys64/ucrt64/bin/../lib/gcc/x86_64-w64-mingw32/13.1.0/../../../../lib/libmingw32.a(lib64_libmingw32_a-gccmain.o)
 .xdata         0x00000001400a347c        0x4 C:/msys64/ucrt64/bin/../lib/gcc/x86_64-w64-mingw32/13.1.0/../../../../lib/libmingw32.a(lib64_libmingw32_a-dllargv.o)
 .xdata         0x00000001400a3480       0x18 C:/msys64/ucrt64/bin/../lib/gcc/x86_64-w64-mingw32/13.1.0/../../../../lib/libmingw32.a(lib64_libmingw32_a-tlssup.o)
 .xdata         0x00000001400a3498       0x18 C:/msys64/ucrt64/bin/../lib/gcc/x86_64-w64-mingw32/13.1.0/../../../../lib/libmingw32.a(lib64_libmingw32_a-merr.o)
 .xdata         0x00000001400a34b0        0x4 C:/msys64/ucrt64/bin/../lib/gcc/x86_64-w64-mingw32/13.1.0/../../../../lib/libmingw32.a(lib64_libmingw32_a-CRT_fp10.o)
 .xdata         0x00000001400a34b4       0x30 C:/msys64/ucrt64/bin/../lib/gcc/x86_64-w64-mingw32/13.1.0/../../../../lib/libmingw32.a(lib64_libmingw32_a-pseudo-reloc.o)
 .xdata         0x00000001400a34e4        0xc C:/msys64/ucrt64/bin/../lib/gcc/x86_64-w64-mingw32/13.1.0/../../../../lib/libmingw32.a(lib64_libmingw32_a-usermatherr.o)
 .xdata         0x00000001400a34f0        0x8 C:/msys64/ucrt64/bin/../lib/gcc/x86_64-w64-mingw32/13.1.0/../../../../lib/libmingw32.a(lib64_libmingw32_a-crt_handler.o)
 .xdata         0x00000001400a34f8       0x30 C:/msys64/ucrt64/bin/../lib/gcc/x86_64-w64-mingw32/13.1.0/../../../../lib/libmingw32.a(lib64_libmingw32_a-tlsthrd.o)
 .xdata         0x00000001400a3528       0x2c C:/msys64/ucrt64/bin/../lib/gcc/x86_64-w64-mingw32/13.1.0/../../../../lib/libmingw32.a(lib64_libmingw32_a-pesect.o)
 .xdata         0x00000001400a3554        0xc C:/msys64/ucrt64/bin/../lib/gcc/x86_64-w64-mingw32/13.1.0/../../../../lib/libmsvcrt.a(lib64_libucrt_extra_a-ucrt_vprintf.o)
 .xdata         0x00000001400a3560        0x8 C:/msys64/ucrt64/bin/../lib/gcc/x86_64-w64-mingw32/13.1.0/../../../../lib/libmsvcrt.a(lib64_libucrt_extra_a-ucrt_vfprintf.o)
 .xdata         0x00000001400a3568        0x8 C:/msys64/ucrt64/bin/../lib/gcc/x86_64-w64-mingw32/13.1.0/../../../../lib/libmsvcrt.a(lib64_libucrt_extra_a-ucrt_fprintf.o)
 .xdata         0x00000001400a3570       0x50 C:/msys64/ucrt64/bin/../lib/gcc/x86_64-w64-mingw32/13.1.0/../../../../lib/libmsvcrt.a(lib64_libucrt_extra_a-ucrtbase_compat.o)
 .xdata.startup
                0x00000001400a35c0        0x4 C:/msys64/ucrt64/bin/../lib/gcc/x86_64-w64-mingw32/13.1.0/crtend.o

.bss            0x00000001400a4000  0x9c43e80
                0x00000001400a4000                __bss_start__ = .
 *(.bss)
 .bss           0x00000001400a4000       0x30 C:/msys64/ucrt64/bin/../lib/gcc/x86_64-w64-mingw32/13.1.0/../../../../lib/crt2.o
                0x00000001400a4000                __mingw_module_is_dll
 .bss           0x00000001400a4030        0x0 C:/msys64/ucrt64/bin/../lib/gcc/x86_64-w64-mingw32/13.1.0/crtbegin.o
 *fill*         0x00000001400a4030       0x10 
 .bss           0x00000001400a4040      0x520 exotique.o
                0x00000001400a4040                g_exotique_interface
 .bss           0x00000001400a4560  0x9c437e0 mahjong.o
                0x00000001400a4560                triangles_transformed
                0x00000001400a4564                meshes_transformed
                0x00000001400a4568                triangles_hi_z_culled
                0x00000001400a456c                triangles_rasterized
                0x00000001400a4570                zoom
                0x00000001400a4574                prev_cam_radius
                0x00000001400a4578                last_y_pushed
                0x00000001400a457c                last_x_pushed
                0x00000001400a4580                last_right_pushed
                0x00000001400a4584                last_left_pushed
                0x00000001400a4588                last_a_pushed
                0x00000001400a458c                last_select_pushed
                0x00000001400a4590                last_start_pushed
                0x00000001400a4594                paused
                0x00000001400a4598                cur_player
                0x00000001400a459c                deal_steps
                0x00000001400a45a0                frame
                0x00000001400a45a4                cur_game_state
                0x00000001400a45c0                game_board
                0x00000001400a4e20                texture_mip_3_buffer
                0x00000001400c6e20                texture_mip_2_buffer
                0x000000014014ee20                texture_mip_buffer
                0x000000014036ee20                texture_buffer
                0x0000000140beee20                tile_bbox
                0x0000000140beee40                cam_view_trans
                0x0000000140beee64                draw_mode
                0x0000000140beee80                mix_table
                0x0000000140bfee80                full_light_remap_table
                0x0000000140c00780                light_remap_table
                0x0000000140c00818                camera_rot_y
                0x0000000140c00820                global_tri_buffer
                0x0000000144cda120                tiles
                0x0000000149ce2d20                zbuf
                0x0000000149ce6d20                render_target
 .bss           0x0000000149ce7d40       0x10 C:/msys64/ucrt64/bin/../lib/gcc/x86_64-w64-mingw32/13.1.0/../../../../lib/libmingw32.a(lib64_libmingw32_a-gccmain.o)
 .bss           0x0000000149ce7d50       0x10 C:/msys64/ucrt64/bin/../lib/gcc/x86_64-w64-mingw32/13.1.0/../../../../lib/libmingw32.a(lib64_libmingw32_a-natstart.o)
                0x0000000149ce7d50                __native_startup_lock
                0x0000000149ce7d58                __native_startup_state
 .bss           0x0000000149ce7d60        0x0 C:/msys64/ucrt64/bin/../lib/gcc/x86_64-w64-mingw32/13.1.0/../../../../lib/libmingw32.a(lib64_libmingw32_a-wildcard.o)
 .bss           0x0000000149ce7d60        0x0 C:/msys64/ucrt64/bin/../lib/gcc/x86_64-w64-mingw32/13.1.0/../../../../lib/libmingw32.a(lib64_libmingw32_a-dllargv.o)
 .bss           0x0000000149ce7d60       0x10 C:/msys64/ucrt64/bin/../lib/gcc/x86_64-w64-mingw32/13.1.0/../../../../lib/libmingw32.a(lib64_libmingw32_a-_newmode.o)
                0x0000000149ce7d60                _newmode
 .bss           0x0000000149ce7d70       0x10 C:/msys64/ucrt64/bin/../lib/gcc/x86_64-w64-mingw32/13.1.0/../../../../lib/libmingw32.a(lib64_libmingw32_a-tlssup.o)
                0x0000000149ce7d70                __mingw_initltssuo_force
                0x0000000149ce7d74                __mingw_initltsdyn_force
                0x0000000149ce7d78                __mingw_initltsdrot_force
                0x0000000149ce7d7c                _tls_index
 .bss           0x0000000149ce7d80       0x10 C:/msys64/ucrt64/bin/../lib/gcc/x86_64-w64-mingw32/13.1.0/../../../../lib/libmingw32.a(lib64_libmingw32_a-xncommod.o)
                0x0000000149ce7d80                _commode
 .bss           0x0000000149ce7d90        0x0 C:/msys64/ucrt64/bin/../lib/gcc/x86_64-w64-mingw32/13.1.0/../../../../lib/libmingw32.a(lib64_libmingw32_a-cinitexe.o)
 .bss           0x0000000149ce7d90        0x0 C:/msys64/ucrt64/bin/../lib/gcc/x86_64-w64-mingw32/13.1.0/../../../../lib/libmingw32.a(lib64_libmingw32_a-merr.o)
 .bss           0x0000000149ce7d90        0x0 C:/msys64/ucrt64/bin/../lib/gcc/x86_64-w64-mingw32/13.1.0/../../../../lib/libmingw32.a(lib64_libmingw32_a-CRT_fp10.o)
 .bss           0x0000000149ce7d90       0x10 C:/msys64/ucrt64/bin/../lib/gcc/x86_64-w64-mingw32/13.1.0/../../../../lib/libmingw32.a(lib64_libmingw32_a-mingw_helpers.o)
                0x0000000149ce7d90                __mingw_app_type
 .bss           0x0000000149ce7da0       0x10 C:/msys64/ucrt64/bin/../lib/gcc/x86_64-w64-mingw32/13.1.0/../../../../lib/libmingw32.a(lib64_libmingw32_a-pseudo-reloc.o)
 .bss           0x0000000149ce7db0       0x10 C:/msys64/ucrt64/bin/../lib/gcc/x86_64-w64-mingw32/13.1.0/../../../../lib/libmingw32.a(lib64_libmingw32_a-usermatherr.o)
 .bss           0x0000000149ce7dc0       0x10 C:/msys64/ucrt64/bin/../lib/gcc/x86_64-w64-mingw32/13.1.0/../../../../lib/libmingw32.a(lib64_libmingw32_a-xtxtmode.o)
                0x0000000149ce7dc0                _fmode
 .bss           0x0000000149ce7dd0       0x10 C:/msys64/ucrt64/bin/../lib/gcc/x86_64-w64-mingw32/13.1.0/../../../../lib/libmingw32.a(lib64_libmingw32_a-crt_handler.o)
                0x0000000149ce7dd0                __mingw_oldexcpt_handler
 .bss           0x0000000149ce7de0       0x60 C:/msys64/ucrt64/bin/../lib/gcc/x86_64-w64-mingw32/13.1.0/../../../../lib/libmingw32.a(lib64_libmingw32_a-tlsthrd.o)
 .bss           0x0000000149ce7e40        0x0 C:/msys64/ucrt64/bin/../lib/gcc/x86_64-w64-mingw32/13.1.0/../../../../lib/libmingw32.a(lib64_libmingw32_a-tlsmcrt.o)
 .bss           0x0000000149ce7e40       0x10 C:/msys64/ucrt64/bin/../lib/gcc/x86_64-w64-mingw32/13.1.0/../../../../lib/libmingw32.a(lib64_libmingw32_a-pseudo-reloc-list.o)
 .bss           0x0000000149ce7e50        0x0 C:/msys64/ucrt64/bin/../lib/gcc/x86_64-w64-mingw32/13.1.0/../../../../lib/libmingw32.a(lib64_libmingw32_a-pesect.o)
 .bss           0x0000000149ce7e50        0x0 C:/msys64/ucrt64/bin/../lib/gcc/x86_64-w64-mingw32/13.1.0/libgcc.a(_chkstk_ms.o)
 .bss           0x0000000149ce7e50       0x20 C:/msys64/ucrt64/bin/../lib/gcc/x86_64-w64-mingw32/13.1.0/libgcc.a(_ctors.o)
 .bss           0x0000000149ce7e70        0x0 C:/msys64/ucrt64/bin/../lib/gcc/x86_64-w64-mingw32/13.1.0/../../../../lib/libmingwex.a(lib64_libmingwex_a-mingw_matherr.o)
 .bss           0x0000000149ce7e70        0x0 C:/msys64/ucrt64/bin/../lib/gcc/x86_64-w64-mingw32/13.1.0/../../../../lib/libmsvcrt.a(lib64_libucrt_extra_a-ucrt_vprintf.o)
 .bss           0x0000000149ce7e70        0x0 C:/msys64/ucrt64/bin/../lib/gcc/x86_64-w64-mingw32/13.1.0/../../../../lib/libmsvcrt.a(lib64_libucrt_extra_a-ucrt_vfprintf.o)
 .bss           0x0000000149ce7e70        0x0 C:/msys64/ucrt64/bin/../lib/gcc/x86_64-w64-mingw32/13.1.0/../../../../lib/libmsvcrt.a(lib64_libucrt_extra_a-ucrt_fprintf.o)
 .bss           0x0000000149ce7e70       0x10 C:/msys64/ucrt64/bin/../lib/gcc/x86_64-w64-mingw32/13.1.0/../../../../lib/libmsvcrt.a(lib64_libucrt_extra_a-__initenv.o)
 .bss           0x0000000149ce7e80        0x0 C:/msys64/ucrt64/bin/../lib/gcc/x86_64-w64-mingw32/13.1.0/../../../../lib/libmsvcrt.a(lib64_libucrt_extra_a-ucrtbase_compat.o)
 .bss           0x0000000149ce7e80        0x0 C:/msys64/ucrt64/bin/../lib/gcc/x86_64-w64-mingw32/13.1.0/../../../../lib/libmsvcrt.a(libapi-ms-win-crt-time-l1-1-0s00008.o)
 .bss           0x0000000149ce7e80        0x0 C:/msys64/ucrt64/bin/../lib/gcc/x86_64-w64-mingw32/13.1.0/../../../../lib/libmsvcrt.a(libapi-ms-win-crt-time-l1-1-0s00010.o)
 .bss           0x0000000149ce7e80        0x0 C:/msys64/ucrt64/bin/../lib/gcc/x86_64-w64-mingw32/13.1.0/../../../../lib/libmsvcrt.a(libapi-ms-win-crt-time-l1-1-0s00011.o)
 .bss           0x0000000149ce7e80        0x0 C:/msys64/ucrt64/bin/../lib/gcc/x86_64-w64-mingw32/13.1.0/../../../../lib/libmsvcrt.a(libapi-ms-win-crt-time-l1-1-0s00058.o)
 .bss           0x0000000149ce7e80        0x0 C:/msys64/ucrt64/bin/../lib/gcc/x86_64-w64-mingw32/13.1.0/../../../../lib/libmsvcrt.a(libapi-ms-win-crt-time-l1-1-0h.o)
 .bss           0x0000000149ce7e80        0x0 C:/msys64/ucrt64/bin/../lib/gcc/x86_64-w64-mingw32/13.1.0/../../../../lib/libmsvcrt.a(libapi-ms-win-crt-time-l1-1-0t.o)
 .bss           0x0000000149ce7e80        0x0 C:/msys64/ucrt64/bin/../lib/gcc/x86_64-w64-mingw32/13.1.0/../../../../lib/libmsvcrt.a(libapi-ms-win-crt-string-l1-1-0s00167.o)
 .bss           0x0000000149ce7e80        0x0 C:/msys64/ucrt64/bin/../lib/gcc/x86_64-w64-mingw32/13.1.0/../../../../lib/libmsvcrt.a(libapi-ms-win-crt-string-l1-1-0s00170.o)
 .bss           0x0000000149ce7e80        0x0 C:/msys64/ucrt64/bin/../lib/gcc/x86_64-w64-mingw32/13.1.0/../../../../lib/libmsvcrt.a(libapi-ms-win-crt-string-l1-1-0h.o)
 .bss           0x0000000149ce7e80        0x0 C:/msys64/ucrt64/bin/../lib/gcc/x86_64-w64-mingw32/13.1.0/../../../../lib/libmsvcrt.a(libapi-ms-win-crt-string-l1-1-0t.o)
 .bss           0x0000000149ce7e80        0x0 C:/msys64/ucrt64/bin/../lib/gcc/x86_64-w64-mingw32/13.1.0/../../../../lib/libmsvcrt.a(libapi-ms-win-crt-stdio-l1-1-0s00000.o)
 .bss           0x0000000149ce7e80        0x0 C:/msys64/ucrt64/bin/../lib/gcc/x86_64-w64-mingw32/13.1.0/../../../../lib/libmsvcrt.a(libapi-ms-win-crt-stdio-l1-1-0s00001.o)
 .bss           0x0000000149ce7e80        0x0 C:/msys64/ucrt64/bin/../lib/gcc/x86_64-w64-mingw32/13.1.0/../../../../lib/libmsvcrt.a(libapi-ms-win-crt-stdio-l1-1-0s00002.o)
 .bss           0x0000000149ce7e80        0x0 C:/msys64/ucrt64/bin/../lib/gcc/x86_64-w64-mingw32/13.1.0/../../../../lib/libmsvcrt.a(libapi-ms-win-crt-stdio-l1-1-0s00003.o)
 .bss           0x0000000149ce7e80        0x0 C:/msys64/ucrt64/bin/../lib/gcc/x86_64-w64-mingw32/13.1.0/../../../../lib/libmsvcrt.a(libapi-ms-win-crt-stdio-l1-1-0s00007.o)
 .bss           0x0000000149ce7e80        0x0 C:/msys64/ucrt64/bin/../lib/gcc/x86_64-w64-mingw32/13.1.0/../../../../lib/libmsvcrt.a(libapi-ms-win-crt-stdio-l1-1-0s00168.o)
 .bss           0x0000000149ce7e80        0x0 C:/msys64/ucrt64/bin/../lib/gcc/x86_64-w64-mingw32/13.1.0/../../../../lib/libmsvcrt.a(libapi-ms-win-crt-stdio-l1-1-0h.o)
 .bss           0x0000000149ce7e80        0x0 C:/msys64/ucrt64/bin/../lib/gcc/x86_64-w64-mingw32/13.1.0/../../../../lib/libmsvcrt.a(libapi-ms-win-crt-stdio-l1-1-0t.o)
 .bss           0x0000000149ce7e80        0x0 C:/msys64/ucrt64/bin/../lib/gcc/x86_64-w64-mingw32/13.1.0/../../../../lib/libmsvcrt.a(libapi-ms-win-crt-runtime-l1-1-0s00004.o)
 .bss           0x0000000149ce7e80        0x0 C:/msys64/ucrt64/bin/../lib/gcc/x86_64-w64-mingw32/13.1.0/../../../../lib/libmsvcrt.a(libapi-ms-win-crt-runtime-l1-1-0s00005.o)
 .bss           0x0000000149ce7e80        0x0 C:/msys64/ucrt64/bin/../lib/gcc/x86_64-w64-mingw32/13.1.0/../../../../lib/libmsvcrt.a(libapi-ms-win-crt-runtime-l1-1-0s00006.o)
 .bss           0x0000000149ce7e80        0x0 C:/msys64/ucrt64/bin/../lib/gcc/x86_64-w64-mingw32/13.1.0/../../../../lib/libmsvcrt.a(libapi-ms-win-crt-runtime-l1-1-0s00022.o)
 .bss           0x0000000149ce7e80        0x0 C:/msys64/ucrt64/bin/../lib/gcc/x86_64-w64-mingw32/13.1.0/../../../../lib/libmsvcrt.a(libapi-ms-win-crt-runtime-l1-1-0s00024.o)
 .bss           0x0000000149ce7e80        0x0 C:/msys64/ucrt64/bin/../lib/gcc/x86_64-w64-mingw32/13.1.0/../../../../lib/libmsvcrt.a(libapi-ms-win-crt-runtime-l1-1-0s00025.o)
 .bss           0x0000000149ce7e80        0x0 C:/msys64/ucrt64/bin/../lib/gcc/x86_64-w64-mingw32/13.1.0/../../../../lib/libmsvcrt.a(libapi-ms-win-crt-runtime-l1-1-0s00029.o)
 .bss           0x0000000149ce7e80        0x0 C:/msys64/ucrt64/bin/../lib/gcc/x86_64-w64-mingw32/13.1.0/../../../../lib/libmsvcrt.a(libapi-ms-win-crt-runtime-l1-1-0s00030.o)
 .bss           0x0000000149ce7e80        0x0 C:/msys64/ucrt64/bin/../lib/gcc/x86_64-w64-mingw32/13.1.0/../../../../lib/libmsvcrt.a(libapi-ms-win-crt-runtime-l1-1-0s00036.o)
 .bss           0x0000000149ce7e80        0x0 C:/msys64/ucrt64/bin/../lib/gcc/x86_64-w64-mingw32/13.1.0/../../../../lib/libmsvcrt.a(libapi-ms-win-crt-runtime-l1-1-0s00053.o)
 .bss           0x0000000149ce7e80        0x0 C:/msys64/ucrt64/bin/../lib/gcc/x86_64-w64-mingw32/13.1.0/../../../../lib/libmsvcrt.a(libapi-ms-win-crt-runtime-l1-1-0s00055.o)
 .bss           0x0000000149ce7e80        0x0 C:/msys64/ucrt64/bin/../lib/gcc/x86_64-w64-mingw32/13.1.0/../../../../lib/libmsvcrt.a(libapi-ms-win-crt-runtime-l1-1-0s00056.o)
 .bss           0x0000000149ce7e80        0x0 C:/msys64/ucrt64/bin/../lib/gcc/x86_64-w64-mingw32/13.1.0/../../../../lib/libmsvcrt.a(libapi-ms-win-crt-runtime-l1-1-0s00068.o)
 .bss           0x0000000149ce7e80        0x0 C:/msys64/ucrt64/bin/../lib/gcc/x86_64-w64-mingw32/13.1.0/../../../../lib/libmsvcrt.a(libapi-ms-win-crt-runtime-l1-1-0s00074.o)
 .bss           0x0000000149ce7e80        0x0 C:/msys64/ucrt64/bin/../lib/gcc/x86_64-w64-mingw32/13.1.0/../../../../lib/libmsvcrt.a(libapi-ms-win-crt-runtime-l1-1-0s00087.o)
 .bss           0x0000000149ce7e80        0x0 C:/msys64/ucrt64/bin/../lib/gcc/x86_64-w64-mingw32/13.1.0/../../../../lib/libmsvcrt.a(libapi-ms-win-crt-runtime-l1-1-0s00088.o)
 .bss           0x0000000149ce7e80        0x0 C:/msys64/ucrt64/bin/../lib/gcc/x86_64-w64-mingw32/13.1.0/../../../../lib/libmsvcrt.a(libapi-ms-win-crt-runtime-l1-1-0s00102.o)
 .bss           0x0000000149ce7e80        0x0 C:/msys64/ucrt64/bin/../lib/gcc/x86_64-w64-mingw32/13.1.0/../../../../lib/libmsvcrt.a(libapi-ms-win-crt-runtime-l1-1-0h.o)
 .bss           0x0000000149ce7e80        0x0 C:/msys64/ucrt64/bin/../lib/gcc/x86_64-w64-mingw32/13.1.0/../../../../lib/libmsvcrt.a(libapi-ms-win-crt-runtime-l1-1-0t.o)
 .bss           0x0000000149ce7e80        0x0 C:/msys64/ucrt64/bin/../lib/gcc/x86_64-w64-mingw32/13.1.0/../../../../lib/libmsvcrt.a(libapi-ms-win-crt-private-l1-1-0s00015.o)
 .bss           0x0000000149ce7e80        0x0 C:/msys64/ucrt64/bin/../lib/gcc/x86_64-w64-mingw32/13.1.0/../../../../lib/libmsvcrt.a(libapi-ms-win-crt-private-l1-1-0s01143.o)