Archive member included to satisfy reference by file (symbol)

C:\Users\Erik\code\SDL2-2.32.10\x86_64-w64-mingw32\lib/libSDL2.dll.a(SDL2_dll_d000678.o)
                              exotique.o (SDL_UpdateTexture)
C:\Users\Erik\code\SDL2-2.32.10\x86_64-w64-mingw32\lib/libSDL2.dll.a(SDL2_dll_d000652.o)
                              exotique.o (SDL_ShowCursor)
C:\Users\Erik\code\SDL2-2.32.10\x86_64-w64-mingw32\lib/libSDL2.dll.a(SDL2_dll_d000558.o)
                              exotique.o (SDL_RenderSetLogicalSize)
C:\Users\Erik\code\SDL2-2.32.10\x86_64-w64-mingw32\lib/libSDL2.dll.a(SDL2_dll_d000557.o)
                              exotique.o (SDL_RenderSetIntegerScale)
C:\Users\Erik\code\SDL2-2.32.10\x86_64-w64-mingw32\lib/libSDL2.dll.a(SDL2_dll_d000554.o)
                              exotique.o (SDL_RenderPresent)
C:\Users\Erik\code\SDL2-2.32.10\x86_64-w64-mingw32\lib/libSDL2.dll.a(SDL2_dll_d000518.o)
                              exotique.o (SDL_RenderCopy)
C:\Users\Erik\code\SDL2-2.32.10\x86_64-w64-mingw32\lib/libSDL2.dll.a(SDL2_dll_d000517.o)
                              exotique.o (SDL_RenderClear)
C:\Users\Erik\code\SDL2-2.32.10\x86_64-w64-mingw32\lib/libSDL2.dll.a(SDL2_dll_d000493.o)
                              exotique.o (SDL_Quit)
C:\Users\Erik\code\SDL2-2.32.10\x86_64-w64-mingw32\lib/libSDL2.dll.a(SDL2_dll_d000489.o)
                              exotique.o (SDL_PumpEvents)
C:\Users\Erik\code\SDL2-2.32.10\x86_64-w64-mingw32\lib/libSDL2.dll.a(SDL2_dll_d000487.o)
                              exotique.o (SDL_PollEvent)
C:\Users\Erik\code\SDL2-2.32.10\x86_64-w64-mingw32\lib/libSDL2.dll.a(SDL2_dll_d000453.o)
                              exotique.o (SDL_LogWarn)
C:\Users\Erik\code\SDL2-2.32.10\x86_64-w64-mingw32\lib/libSDL2.dll.a(SDL2_dll_d000449.o)
                              exotique.o (SDL_LogSetAllPriority)
C:\Users\Erik\code\SDL2-2.32.10\x86_64-w64-mingw32\lib/libSDL2.dll.a(SDL2_dll_d000445.o)
                              exotique.o (SDL_LogInfo)
C:\Users\Erik\code\SDL2-2.32.10\x86_64-w64-mingw32\lib/libSDL2.dll.a(SDL2_dll_d000440.o)
                              exotique.o (SDL_LogCritical)
C:\Users\Erik\code\SDL2-2.32.10\x86_64-w64-mingw32\lib/libSDL2.dll.a(SDL2_dll_d000356.o)
                              exotique.o (SDL_Init)
C:\Users\Erik\code\SDL2-2.32.10\x86_64-w64-mingw32\lib/libSDL2.dll.a(SDL2_dll_d000269.o)
                              exotique.o (SDL_GetTicks64)
C:\Users\Erik\code\SDL2-2.32.10\x86_64-w64-mingw32\lib/libSDL2.dll.a(SDL2_dll_d000218.o)
                              exotique.o (SDL_GetMouseState)
C:\Users\Erik\code\SDL2-2.32.10\x86_64-w64-mingw32\lib/libSDL2.dll.a(SDL2_dll_d000214.o)
                              exotique.o (SDL_GetKeyboardState)
C:\Users\Erik\code\SDL2-2.32.10\x86_64-w64-mingw32\lib/libSDL2.dll.a(SDL2_dll_d000202.o)
                              exotique.o (SDL_GetError)
C:\Users\Erik\code\SDL2-2.32.10\x86_64-w64-mingw32\lib/libSDL2.dll.a(SDL2_dll_d000163.o)
                              exotique.o (SDL_GameControllerOpen)
C:\Users\Erik\code\SDL2-2.32.10\x86_64-w64-mingw32\lib/libSDL2.dll.a(SDL2_dll_d000130.o)
                              exotique.o (SDL_GameControllerGetButton)
C:\Users\Erik\code\SDL2-2.32.10\x86_64-w64-mingw32\lib/libSDL2.dll.a(SDL2_dll_d000126.o)
                              exotique.o (SDL_GameControllerGetAxis)
C:\Users\Erik\code\SDL2-2.32.10\x86_64-w64-mingw32\lib/libSDL2.dll.a(SDL2_dll_d000121.o)
                              exotique.o (SDL_GameControllerFromInstanceID)
C:\Users\Erik\code\SDL2-2.32.10\x86_64-w64-mingw32\lib/libSDL2.dll.a(SDL2_dll_d000119.o)
                              exotique.o (SDL_GameControllerClose)
C:\Users\Erik\code\SDL2-2.32.10\x86_64-w64-mingw32\lib/libSDL2.dll.a(SDL2_dll_d000073.o)
                              exotique.o (SDL_DestroyWindow)
C:\Users\Erik\code\SDL2-2.32.10\x86_64-w64-mingw32\lib/libSDL2.dll.a(SDL2_dll_d000072.o)
                              exotique.o (SDL_DestroyTexture)
C:\Users\Erik\code\SDL2-2.32.10\x86_64-w64-mingw32\lib/libSDL2.dll.a(SDL2_dll_d000070.o)
                              exotique.o (SDL_DestroyRenderer)
C:\Users\Erik\code\SDL2-2.32.10\x86_64-w64-mingw32\lib/libSDL2.dll.a(SDL2_dll_d000059.o)
                              exotique.o (SDL_CreateWindow)
C:\Users\Erik\code\SDL2-2.32.10\x86_64-w64-mingw32\lib/libSDL2.dll.a(SDL2_dll_d000055.o)
                              exotique.o (SDL_CreateTexture)
C:\Users\Erik\code\SDL2-2.32.10\x86_64-w64-mingw32\lib/libSDL2.dll.a(SDL2_dll_d000050.o)
                              exotique.o (SDL_CreateRenderer)
C:\Users\Erik\code\SDL2-2.32.10\x86_64-w64-mingw32\lib/libSDL2.dll.a(SDL2_dll_d000000.o)
                              C:\Users\Erik\code\SDL2-2.32.10\x86_64-w64-mingw32\lib/libSDL2.dll.a(SDL2_dll_d000678.o) (_head_SDL2_dll)
C:\Users\Erik\code\SDL2-2.32.10\x86_64-w64-mingw32\lib/libSDL2.dll.a(SDL2_dll_d000846.o)
[...]
Memory Configuration

Name             Origin             Length             Attributes
*default*        0x0000000000000000 0xffffffffffffffff

Linker script and memory map

                0x0000000140000000                __image_base__ = 0x140000000
                0x0000000000000000                __dll__ = 0x0
                0x0000000140000000                __ImageBase = 0x140000000
                0x0000000000001000                __section_alignment__ = 0x1000
                0x0000000000000200                __file_alignment__ = 0x200
                0x0000000000000004                __major_os_version__ = 0x4
                0x0000000000000000                __minor_os_version__ = 0x0
                0x0000000000000000                __major_image_version__ = 0x0
                0x0000000000000000                __minor_image_version__ = 0x0
                0x0000000000000005                __major_subsystem_version__ = 0x5
                0x0000000000000002                __minor_subsystem_version__ = 0x2
                0x0000000000000003                __subsystem__ = 0x3
                0x0000000000200000                __size_of_stack_reserve__ = 0x200000
                0x0000000000001000                __size_of_stack_commit__ = 0x1000
                0x0000000000100000                __size_of_heap_reserve__ = 0x100000
                0x0000000000001000                __size_of_heap_commit__ = 0x1000
                0x0000000000000000                __loader_flags__ = 0x0
                0x0000000000000160                __dll_characteristics__ = 0x160
LOAD C:/msys64/ucrt64/bin/../lib/gcc/x86_64-w64-mingw32/13.1.0/../../../../lib/crt2.o
LOAD C:/msys64/ucrt64/bin/../lib/gcc/x86_64-w64-mingw32/13.1.0/crtbegin.o
LOAD exotique.o
LOAD mahjong.o
LOAD C:\Users\Erik\code\SDL2-2.32.10\x86_64-w64-mingw32\lib/libSDL2.dll.a
LOAD C:/msys64/ucrt64/bin/../lib/gcc/x86_64-w64-mingw32/13.1.0/../../../../lib/libmingw32.a
LOAD C:/msys64/ucrt64/bin/../lib/gcc/x86_64-w64-mingw32/13.1.0/libgcc.a
LOAD C:/msys64/ucrt64/bin/../lib/gcc/x86_64-w64-mingw32/13.1.0/libgcc_eh.a
LOAD C:/msys64/ucrt64/bin/../lib/gcc/x86_64-w64-mingw32/13.1.0/../../../../lib/libmoldname.a
LOAD C:/msys64/ucrt64/bin/../lib/gcc/x86_64-w64-mingw32/13.1.0/../../../../lib/libmingwex.a
LOAD C:/msys64/ucrt64/bin/../lib/gcc/x86_64-w64-mingw32/13.1.0/../../../../lib/libmsvcrt.a
LOAD C:/msys64/ucrt64/bin/../lib/gcc/x86_64-w64-mingw32/13.1.0/../../../../lib/libkernel32.a
LOAD C:/msys64/ucrt64/bin/../lib/gcc/x86_64-w64-mingw32/13.1.0/../../../../lib/libpthread.dll.a
LOAD C:/msys64/ucrt64/bin/../lib/gcc/x86_64-w64-mingw32/13.1.0/../../../../lib/libadvapi32.a
LOAD C:/msys64/ucrt64/bin/../lib/gcc/x86_64-w64-mingw32/13.1.0/../../../../lib/libshell32.a
LOAD C:/msys64/ucrt64/bin/../lib/gcc/x86_64-w64-mingw32/13.1.0/../../../../lib/libuser32.a
LOAD C:/msys64/ucrt64/bin/../lib/gcc/x86_64-w64-mingw32/13.1.0/../../../../lib/libkernel32.a
LOAD C:/msys64/ucrt64/bin/../lib/gcc/x86_64-w64-mingw32/13.1.0/../../../../lib/libmingw32.a
LOAD C:/msys64/ucrt64/bin/../lib/gcc/x86_64-w64-mingw32/13.1.0/libgcc.a
LOAD C:/msys64/ucrt64/bin/../lib/gcc/x86_64-w64-mingw32/13.1.0/libgcc_eh.a
LOAD C:/msys64/ucrt64/bin/../lib/gcc/x86_64-w64-mingw32/13.1.0/../../../../lib/libmoldname.a
LOAD C:/msys64/ucrt64/bin/../lib/gcc/x86_64-w64-mingw32/13.1.0/../../../../lib/libmingwex.a
LOAD C:/msys64/ucrt64/bin/../lib/gcc/x86_64-w64-mingw32/13.1.0/../../../../lib/libmsvcrt.a
LOAD C:/msys64/ucrt64/bin/../lib/gcc/x86_64-w64-mingw32/13.1.0/../../../../lib/libkernel32.a
LOAD C:/msys64/ucrt64/bin/../lib/gcc/x86_64-w64-mingw32/13.1.0/../../../../lib/default-manifest.o
LOAD C:/msys64/ucrt64/bin/../lib/gcc/x86_64-w64-mingw32/13.1.0/crtend.o
                0x00000000000004a8                . = SIZEOF_HEADERS
                0x0000000000001000                . = ALIGN (__section_alignment__)

.text           0x0000000140001000    0x12400
 *(SORT_NONE(.init))
 *(.text)
 .text          0x0000000140001000      0x430 C:/msys64/ucrt64/bin/../lib/gcc/x86_64-w64-mingw32/13.1.0/../../../../lib/crt2.o
                0x00000001400013d0                WinMainCRTStartup
                0x00000001400013f0                mainCRTStartup
                0x0000000140001410                atexit
 .text          0x0000000140001430       0x20 C:/msys64/ucrt64/bin/../lib/gcc/x86_64-w64-mingw32/13.1.0/crtbegin.o
                0x0000000140001430                __gcc_register_frame
                0x0000000140001440                __gcc_deregister_frame
 .text          0x0000000140001450       0xc0 exotique.o
                0x00000001400014df                exotique_printf
 .text          0x0000000140001510     0xfdf0 mahjong.o
                0x0000000140001510                compare_f32
                0x0000000140001540                cos
                0x0000000140001670                sin
                0x00000001400017d0                cosf
                0x0000000140001920                sinf
                0x0000000140001a80                f32s_equal
                0x0000000140001ab0                fabsf
                0x0000000140001ac0                lerp
                0x0000000140001ad0                fast_atan2
                0x0000000140001b50                mat_mul_mat
                0x0000000140001c70                mat_inverse_affine
                0x0000000140001f00                transform_to_matrix
                0x0000000140002550                translation_matrix
                0x00000001400025b0                rotation_x_matrix
                0x00000001400028d0                rotation_y_matrix
                0x0000000140002c00                transform_to_view_matrix
                0x00000001400033a0                mat_mul_vert3
                0x0000000140003460                mat_mul_normal
                0x0000000140003540                triangle_backfacing
                0x00000001400035c0                fast_log2
                0x00000001400035d0                absf
                0x00000001400035e0                parallel_pixel_shader
                0x00000001400037d0                pixel_shader
                0x00000001400038d0                triangle_block
                0x0000000140004670                no_tmap_triangle_block
                0x0000000140005260                orbit_camera_position
                0x0000000140005840                look_at_yx
                0x0000000140005a10                lfsr16
                0x0000000140005a50                rand_word
                0x0000000140005a90                init_tiles
                0x0000000140005b00                clear_tile_bins
                0x0000000140005b50                reset_tile_hi_z
                0x0000000140005ba0                project_coord
                0x0000000140005bf0                clip_bounding_box
                0x0000000140006090                get_mesh_bbox
                0x00000001400063c0                nextrand
                0x0000000140006430                roll_die
                0x00000001400064c0                decompress_texture
                0x00000001400066d0                rgba_to_f32_rgb
                0x0000000140006720                color_dist
                0x00000001400067d0                closest_base_color_idx
                0x0000000140006e50                closest_overall_color_idx
                0x0000000140007040                mip_texture
                0x00000001400072e0                decompress_textures
                0x0000000140007730                get_frames_for_duration
                0x0000000140007760                init_empty_wall
                0x0000000140007840                init_hand
                0x0000000140007860                init_empty_hand
                0x0000000140007890                clear_shuffle
                0x00000001400078a0                reset_game
                0x0000000140007a10                output_palette
                0x0000000140007a70                output_full_light_remap_table
                0x0000000140007b00                game_load
                0x0000000140008ac0                step_shuffle_and_setup
                0x0000000140008bc0                step_deal
                0x0000000140008df0                sort_hand
                0x0000000140008fb0                discard_current_tile
                0x0000000140009280                draw_next_tile
                0x0000000140009310                game_update
                0x000000014000a400                draw_tile
                0x000000014000a650                draw_tiles
                0x000000014000a6c0                orient2d
                0x000000014000a700                calc_edges
                0x000000014000a810                check_trivial_reject_accept
                0x000000014000a980                bin_triangle
                0x000000014000b370                vcache_reset
                0x000000014000b3a0                vcache_lookup
                0x000000014000b450                vcache_insert
                0x000000014000b4a0                vertex_shader
                0x000000014000b6f0                submit_mesh_draw_call
                0x000000014000bce0                sort_draw_calls_near_to_far
                0x000000014000bcf0                submit_draw_calls
                0x000000014000bd60                identity_transform
                0x000000014000bd80                calc_wall_tile_x_position
                0x000000014000bda0                calc_wall_tile_y_position
                0x000000014000be40                mod_positive
                0x000000014000be60                calc_wall_tile_global_position
                0x000000014000c2f0                calc_hand_x_position
                0x000000014000c330                calc_hand_y_position
                0x000000014000c360                calc_global_hand_position
                0x000000014000c400                calc_animated_hand_tile_position
                0x000000014000c620                draw_hand
                0x000000014000f720                draw_wall
                0x0000000140010890                draw_board
                0x00000001400111e0                game_draw
 .text          0x0000000140011300        0x8 C:\Users\Erik\code\SDL2-2.32.10\x86_64-w64-mingw32\lib/libSDL2.dll.a(SDL2_dll_d000678.o)
                0x0000000140011300                SDL_UpdateTexture
 .text          0x0000000140011308        0x8 C:\Users\Erik\code\SDL2-2.32.10\x86_64-w64-mingw32\lib/libSDL2.dll.a(SDL2_dll_d000652.o)
                0x0000000140011308                SDL_ShowCursor
 .text          0x0000000140011310        0x8 C:\Users\Erik\code\SDL2-2.32.10\x86_64-w64-mingw32\lib/libSDL2.dll.a(SDL2_dll_d000558.o)
                0x0000000140011310                SDL_RenderSetLogicalSize
 .text          0x0000000140011318        0x8 C:\Users\Erik\code\SDL2-2.32.10\x86_64-w64-mingw32\lib/libSDL2.dll.a(SDL2_dll_d000557.o)
                0x0000000140011318                SDL_RenderSetIntegerScale
 .text          0x0000000140011320        0x8 C:\Users\Erik\code\SDL2-2.32.10\x86_64-w64-mingw32\lib/libSDL2.dll.a(SDL2_dll_d000554.o)
                0x0000000140011320                SDL_RenderPresent
 .text          0x0000000140011328        0x8 C:\Users\Erik\code\SDL2-2.32.10\x86_64-w64-mingw32\lib/libSDL2.dll.a(SDL2_dll_d000518.o)
                0x0000000140011328                SDL_RenderCopy
 .text          0x0000000140011330        0x8 C:\Users\Erik\code\SDL2-2.32.10\x86_64-w64-mingw32\lib/libSDL2.dll.a(SDL2_dll_d000517.o)
                0x0000000140011330                SDL_RenderClear
 .text          0x0000000140011338        0x8 C:\Users\Erik\code\SDL2-2.32.10\x86_64-w64-mingw32\lib/libSDL2.dll.a(SDL2_dll_d000493.o)
                0x0000000140011338                SDL_Quit
 .text          0x0000000140011340        0x8 C:\Users\Erik\code\SDL2-2.32.10\x86_64-w64-mingw32\lib/libSDL2.dll.a(SDL2_dll_d000489.o)
                0x0000000140011340                SDL_PumpEvents
 .text          0x0000000140011348        0x8 C:\Users\Erik\code\SDL2-2.32.10\x86_64-w64-mingw32\lib/libSDL2.dll.a(SDL2_dll_d000487.o)
                0x0000000140011348                SDL_PollEvent
 .text          0x0000000140011350        0x8 C:\Users\Erik\code\SDL2-2.32.10\x86_64-w64-mingw32\lib/libSDL2.dll.a(SDL2_dll_d000453.o)
                0x0000000140011350                SDL_LogWarn
 .text          0x0000000140011358        0x8 C:\Users\Erik\code\SDL2-2.32.10\x86_64-w64-mingw32\lib/libSDL2.dll.a(SDL2_dll_d000449.o)
                0x0000000140011358                SDL_LogSetAllPriority
 .text          0x0000000140011360        0x8 C:\Users\Erik\code\SDL2-2.32.10\x86_64-w64-mingw32\lib/libSDL2.dll.a(SDL2_dll_d000445.o)
                0x0000000140011360                SDL_LogInfo
 .text          0x0000000140011368        0x8 C:\Users\Erik\code\SDL2-2.32.10\x86_64-w64-mingw32\lib/libSDL2.dll.a(SDL2_dll_d000440.o)
                0x0000000140011368                SDL_LogCritical
 .text          0x0000000140011370        0x8 C:\Users\Erik\code\SDL2-2.32.10\x86_64-w64-mingw32\lib/libSDL2.dll.a(SDL2_dll_d000356.o)
                0x0000000140011370                SDL_Init
 .text          0x0000000140011378        0x8 C:\Users\Erik\code\SDL2-2.32.10\x86_64-w64-mingw32\lib/libSDL2.dll.a(SDL2_dll_d000269.o)
                0x0000000140011378                SDL_GetTicks64
 .text          0x0000000140011380        0x8 C:\Users\Erik\code\SDL2-2.32.10\x86_64-w64-mingw32\lib/libSDL2.dll.a(SDL2_dll_d000218.o)
                0x0000000140011380                SDL_GetMouseState
 .text          0x0000000140011388        0x8 C:\Users\Erik\code\SDL2-2.32.10\x86_64-w64-mingw32\lib/libSDL2.dll.a(SDL2_dll_d000214.o)
                0x0000000140011388                SDL_GetKeyboardState
 .text          0x0000000140011390        0x8 C:\Users\Erik\code\SDL2-2.32.10\x86_64-w64-mingw32\lib/libSDL2.dll.a(SDL2_dll_d000202.o)
                0x0000000140011390                SDL_GetError
 .text          0x0000000140011398        0x8 C:\Users\Erik\code\SDL2-2.32.10\x86_64-w64-mingw32\lib/libSDL2.dll.a(SDL2_dll_d000163.o)
                0x0000000140011398                SDL_GameControllerOpen
 .text          0x00000001400113a0        0x8 C:\Users\Erik\code\SDL2-2.32.10\x86_64-w64-mingw32\lib/libSDL2.dll.a(SDL2_dll_d000130.o)
                0x00000001400113a0                SDL_GameControllerGetButton
 .text          0x00000001400113a8        0x8 C:\Users\Erik\code\SDL2-2.32.10\x86_64-w64-mingw32\lib/libSDL2.dll.a(SDL2_dll_d000126.o)
                0x00000001400113a8                SDL_GameControllerGetAxis
 .text          0x00000001400113b0        0x8 C:\Users\Erik\code\SDL2-2.32.10\x86_64-w64-mingw32\lib/libSDL2.dll.a(SDL2_dll_d000121.o)
                0x00000001400113b0                SDL_GameControllerFromInstanceID
 .text          0x00000001400113b8        0x8 C:\Users\Erik\code\SDL2-2.32.10\x86_64-w64-mingw32\lib/libSDL2.dll.a(SDL2_dll_d000119.o)
                0x00000001400113b8                SDL_GameControllerClose
 .text          0x00000001400113c0        0x8 C:\Users\Erik\code\SDL2-2.32.10\x86_64-w64-mingw32\lib/libSDL2.dll.a(SDL2_dll_d000073.o)
                0x00000001400113c0                SDL_DestroyWindow
 .text          0x00000001400113c8        0x8 C:\Users\Erik\code\SDL2-2.32.10\x86_64-w64-mingw32\lib/libSDL2.dll.a(SDL2_dll_d000072.o)
                0x00000001400113c8                SDL_DestroyTexture
 .text          0x00000001400113d0        0x8 C:\Users\Erik\code\SDL2-2.32.10\x86_64-w64-mingw32\lib/libSDL2.dll.a(SDL2_dll_d000070.o)
                0x00000001400113d0                SDL_DestroyRenderer
 .text          0x00000001400113d8        0x8 C:\Users\Erik\code\SDL2-2.32.10\x86_64-w64-mingw32\lib/libSDL2.dll.a(SDL2_dll_d000059.o)
                0x00000001400113d8                SDL_CreateWindow
 .text          0x00000001400113e0        0x8 C:\Users\Erik\code\SDL2-2.32.10\x86_64-w64-mingw32\lib/libSDL2.dll.a(SDL2_dll_d000055.o)
                0x00000001400113e0                SDL_CreateTexture
 .text          0x00000001400113e8        0x8 C:\Users\Erik\code\SDL2-2.32.10\x86_64-w64-mingw32\lib/libSDL2.dll.a(SDL2_dll_d000050.o)
                0x00000001400113e8                SDL_CreateRenderer
 .text          0x00000001400113f0       0xd0 C:/msys64/ucrt64/bin/../lib/gcc/x86_64-w64-mingw32/13.1.0/../../../../lib/libmingw32.a(lib64_libmingw32_a-gccmain.o)
                0x00000001400113f0                __do_global_dtors
                0x0000000140011430                __do_global_ctors
                0x00000001400114a0                __main
 .text          0x00000001400114c0        0x0 C:/msys64/ucrt64/bin/../lib/gcc/x86_64-w64-mingw32/13.1.0/../../../../lib/libmingw32.a(lib64_libmingw32_a-natstart.o)
 .text          0x00000001400114c0        0x0 C:/msys64/ucrt64/bin/../lib/gcc/x86_64-w64-mingw32/13.1.0/../../../../lib/libmingw32.a(lib64_libmingw32_a-wildcard.o)
 .text          0x00000001400114c0       0x10 C:/msys64/ucrt64/bin/../lib/gcc/x86_64-w64-mingw32/13.1.0/../../../../lib/libmingw32.a(lib64_libmingw32_a-dllargv.o)
                0x00000001400114c0                _setargv
 .text          0x00000001400114d0        0x0 C:/msys64/ucrt64/bin/../lib/gcc/x86_64-w64-mingw32/13.1.0/../../../../lib/libmingw32.a(lib64_libmingw32_a-_newmode.o)
 .text          0x00000001400114d0       0xd0 C:/msys64/ucrt64/bin/../lib/gcc/x86_64-w64-mingw32/13.1.0/../../../../lib/libmingw32.a(lib64_libmingw32_a-tlssup.o)
                0x0000000140011500                __dyn_tls_init
                0x0000000140011590                __tlregdtor
 .text          0x00000001400115a0        0x0 C:/msys64/ucrt64/bin/../lib/gcc/x86_64-w64-mingw32/13.1.0/../../../../lib/libmingw32.a(lib64_libmingw32_a-xncommod.o)
 .text          0x00000001400115a0        0x0 C:/msys64/ucrt64/bin/../lib/gcc/x86_64-w64-mingw32/13.1.0/../../../../lib/libmingw32.a(lib64_libmingw32_a-cinitexe.o)
 .text          0x00000001400115a0      0x100 C:/msys64/ucrt64/bin/../lib/gcc/x86_64-w64-mingw32/13.1.0/../../../../lib/libmingw32.a(lib64_libmingw32_a-merr.o)
                0x00000001400115a0                _matherr
 .text          0x00000001400116a0       0x10 C:/msys64/ucrt64/bin/../lib/gcc/x86_64-w64-mingw32/13.1.0/../../../../lib/libmingw32.a(lib64_libmingw32_a-CRT_fp10.o)
                0x00000001400116a0                fpreset
                0x00000001400116a0                _fpreset
 .text          0x00000001400116b0        0x0 C:/msys64/ucrt64/bin/../lib/gcc/x86_64-w64-mingw32/13.1.0/../../../../lib/libmingw32.a(lib64_libmingw32_a-mingw_helpers.o)
 .text          0x00000001400116b0      0x540 C:/msys64/ucrt64/bin/../lib/gcc/x86_64-w64-mingw32/13.1.0/../../../../lib/libmingw32.a(lib64_libmingw32_a-pseudo-reloc.o)
                0x0000000140011890                _pei386_runtime_relocator
 .text          0x0000000140011bf0       0x50 C:/msys64/ucrt64/bin/../lib/gcc/x86_64-w64-mingw32/13.1.0/../../../../lib/libmingw32.a(lib64_libmingw32_a-usermatherr.o)
                0x0000000140011bf0                __mingw_raise_matherr
                0x0000000140011c30                __mingw_setusermatherr
 .text          0x0000000140011c40        0x0 C:/msys64/ucrt64/bin/../lib/gcc/x86_64-w64-mingw32/13.1.0/../../../../lib/libmingw32.a(lib64_libmingw32_a-xtxtmode.o)
 .text          0x0000000140011c40      0x1a0 C:/msys64/ucrt64/bin/../lib/gcc/x86_64-w64-mingw32/13.1.0/../../../../lib/libmingw32.a(lib64_libmingw32_a-crt_handler.o)
                0x0000000140011c40                _gnu_exception_handler
 .text          0x0000000140011de0      0x270 C:/msys64/ucrt64/bin/../lib/gcc/x86_64-w64-mingw32/13.1.0/../../../../lib/libmingw32.a(lib64_libmingw32_a-tlsthrd.o)
                0x0000000140011e50                ___w64_mingwthr_add_key_dtor
                0x0000000140011ec0                ___w64_mingwthr_remove_key_dtor
                0x0000000140011f50                __mingw_TLScallback
 .text          0x0000000140012050        0x0 C:/msys64/ucrt64/bin/../lib/gcc/x86_64-w64-mingw32/13.1.0/../../../../lib/libmingw32.a(lib64_libmingw32_a-tlsmcrt.o)
 .text          0x0000000140012050        0x0 C:/msys64/ucrt64/bin/../lib/gcc/x86_64-w64-mingw32/13.1.0/../../../../lib/libmingw32.a(lib64_libmingw32_a-pseudo-reloc-list.o)
 .text          0x0000000140012050      0x400 C:/msys64/ucrt64/bin/../lib/gcc/x86_64-w64-mingw32/13.1.0/../../../../lib/libmingw32.a(lib64_libmingw32_a-pesect.o)
                0x0000000140012050                _ValidateImageBase
                0x0000000140012080                _FindPESection
                0x00000001400120d0                _FindPESectionByName
                0x0000000140012170                __mingw_GetSectionForAddress
                0x00000001400121f0                __mingw_GetSectionCount
                0x0000000140012230                _FindPESectionExec
                0x00000001400122b0                _GetPEImageBase
                0x00000001400122f0                _IsNonwritableInCurrentImage
                0x0000000140012380                __mingw_enum_import_library_names
 .text          0x0000000140012450       0x40 C:/msys64/ucrt64/bin/../lib/gcc/x86_64-w64-mingw32/13.1.0/libgcc.a(_chkstk_ms.o)
                0x0000000140012450                ___chkstk_ms
 .text          0x0000000140012490        0x0 C:/msys64/ucrt64/bin/../lib/gcc/x86_64-w64-mingw32/13.1.0/libgcc.a(_ctors.o)
 .text          0x0000000140012490        0x0 C:/msys64/ucrt64/bin/../lib/gcc/x86_64-w64-mingw32/13.1.0/../../../../lib/libmingwex.a(lib64_libmingwex_a-mingw_matherr.o)
 .text          0x0000000140012490       0x40 C:/msys64/ucrt64/bin/../lib/gcc/x86_64-w64-mingw32/13.1.0/../../../../lib/libmsvcrt.a(lib64_libucrt_extra_a-ucrt_vprintf.o)
                0x0000000140012490                vprintf
 .text          0x00000001400124d0       0x20 C:/msys64/ucrt64/bin/../lib/gcc/x86_64-w64-mingw32/13.1.0/../../../../lib/libmsvcrt.a(lib64_libucrt_extra_a-ucrt_vfprintf.o)
                0x00000001400124d0                vfprintf
 .text          0x00000001400124f0       0x40 C:/msys64/ucrt64/bin/../lib/gcc/x86_64-w64-mingw32/13.1.0/../../../../lib/libmsvcrt.a(lib64_libucrt_extra_a-ucrt_fprintf.o)
                0x00000001400124f0                fprintf
 .text          0x0000000140012530        0x0 C:/msys64/ucrt64/bin/../lib/gcc/x86_64-w64-mingw32/13.1.0/../../../../lib/libmsvcrt.a(lib64_libucrt_extra_a-__initenv.o)
 .text          0x0000000140012530      0x220 C:/msys64/ucrt64/bin/../lib/gcc/x86_64-w64-mingw32/13.1.0/../../../../lib/libmsvcrt.a(lib64_libucrt_extra_a-ucrtbase_compat.o)
                0x0000000140012530                _get_output_format
                0x0000000140012540                __getmainargs
                0x00000001400125b0                __wgetmainargs
                0x0000000140012620                _onexit
                0x0000000140012640                at_quick_exit
                0x0000000140012660                _amsg_exit
                0x0000000140012690                __ms_fwprintf
                0x00000001400126d0                tzset
                0x0000000140012710                _tzset
 .text          0x0000000140012750        0x8 C:/msys64/ucrt64/bin/../lib/gcc/x86_64-w64-mingw32/13.1.0/../../../../lib/libmsvcrt.a(libapi-ms-win-crt-time-l1-1-0s00008.o)
                0x0000000140012750                __daylight
 .text          0x0000000140012758        0x8 C:/msys64/ucrt64/bin/../lib/gcc/x86_64-w64-mingw32/13.1.0/../../../../lib/libmsvcrt.a(libapi-ms-win-crt-time-l1-1-0s00010.o)
                0x0000000140012758                __timezone
 .text          0x0000000140012760        0x8 C:/msys64/ucrt64/bin/../lib/gcc/x86_64-w64-mingw32/13.1.0/../../../../lib/libmsvcrt.a(libapi-ms-win-crt-time-l1-1-0s00011.o)
                0x0000000140012760                __tzname
 .text          0x0000000140012768        0x0 C:/msys64/ucrt64/bin/../lib/gcc/x86_64-w64-mingw32/13.1.0/../../../../lib/libmsvcrt.a(libapi-ms-win-crt-time-l1-1-0s00058.o)
 *fill*         0x0000000140012768        0x8 
 .text          0x0000000140012770        0x0 C:/msys64/ucrt64/bin/../lib/gcc/x86_64-w64-mingw32/13.1.0/../../../../lib/libmsvcrt.a(libapi-ms-win-crt-time-l1-1-0h.o)
 .text          0x0000000140012770        0x0 C:/msys64/ucrt64/bin/../lib/gcc/x86_64-w64-mingw32/13.1.0/../../../../lib/libmsvcrt.a(libapi-ms-win-crt-time-l1-1-0t.o)
 .text          0x0000000140012770        0x8 C:/msys64/ucrt64/bin/../lib/gcc/x86_64-w64-mingw32/13.1.0/../../../../lib/libmsvcrt.a(libapi-ms-win-crt-string-l1-1-0s00167.o)
                0x0000000140012770                strlen
 .text          0x0000000140012778        0x8 C:/msys64/ucrt64/bin/../lib/gcc/x86_64-w64-mingw32/13.1.0/../../../../lib/libmsvcrt.a(libapi-ms-win-crt-string-l1-1-0s00170.o)
                0x0000000140012778                strncmp
 .text          0x0000000140012780        0x0 C:/msys64/ucrt64/bin/../lib/gcc/x86_64-w64-mingw32/13.1.0/../../../../lib/libmsvcrt.a(libapi-ms-win-crt-string-l1-1-0h.o)
 .text          0x0000000140012780        0x0 C:/msys64/ucrt64/bin/../lib/gcc/x86_64-w64-mingw32/13.1.0/../../../../lib/libmsvcrt.a(libapi-ms-win-crt-string-l1-1-0t.o)
 .text          0x0000000140012780        0x8 C:/msys64/ucrt64/bin/../lib/gcc/x86_64-w64-mingw32/13.1.0/../../../../lib/libmsvcrt.a(libapi-ms-win-crt-stdio-l1-1-0s00000.o)
                0x0000000140012780                __acrt_iob_func
 .text          0x0000000140012788        0x8 C:/msys64/ucrt64/bin/../lib/gcc/x86_64-w64-mingw32/13.1.0/../../../../lib/libmsvcrt.a(libapi-ms-win-crt-stdio-l1-1-0s00001.o)
                0x0000000140012788                __p__commode
 .text          0x0000000140012790        0x8 C:/msys64/ucrt64/bin/../lib/gcc/x86_64-w64-mingw32/13.1.0/../../../../lib/libmsvcrt.a(libapi-ms-win-crt-stdio-l1-1-0s00002.o)
                0x0000000140012790                __p__fmode
 .text          0x0000000140012798        0x8 C:/msys64/ucrt64/bin/../lib/gcc/x86_64-w64-mingw32/13.1.0/../../../../lib/libmsvcrt.a(libapi-ms-win-crt-stdio-l1-1-0s00003.o)
                0x0000000140012798                __stdio_common_vfprintf
 .text          0x00000001400127a0        0x8 C:/msys64/ucrt64/bin/../lib/gcc/x86_64-w64-mingw32/13.1.0/../../../../lib/libmsvcrt.a(libapi-ms-win-crt-stdio-l1-1-0s00007.o)
                0x00000001400127a0                __stdio_common_vfwprintf
 .text          0x00000001400127a8        0x8 C:/msys64/ucrt64/bin/../lib/gcc/x86_64-w64-mingw32/13.1.0/../../../../lib/libmsvcrt.a(libapi-ms-win-crt-stdio-l1-1-0s00168.o)
                0x00000001400127a8                fwrite
 .text          0x00000001400127b0        0x0 C:/msys64/ucrt64/bin/../lib/gcc/x86_64-w64-mingw32/13.1.0/../../../../lib/libmsvcrt.a(libapi-ms-win-crt-stdio-l1-1-0h.o)
 .text          0x00000001400127b0        0x0 C:/msys64/ucrt64/bin/../lib/gcc/x86_64-w64-mingw32/13.1.0/../../../../lib/libmsvcrt.a(libapi-ms-win-crt-stdio-l1-1-0t.o)
 .text          0x00000001400127b0        0x8 C:/msys64/ucrt64/bin/../lib/gcc/x86_64-w64-mingw32/13.1.0/../../../../lib/libmsvcrt.a(libapi-ms-win-crt-runtime-l1-1-0s00004.o)
                0x00000001400127b0                __p___argc
 .text          0x00000001400127b8        0x8 C:/msys64/ucrt64/bin/../lib/gcc/x86_64-w64-mingw32/13.1.0/../../../../lib/libmsvcrt.a(libapi-ms-win-crt-runtime-l1-1-0s00005.o)
                0x00000001400127b8                __p___argv
 .text          0x00000001400127c0        0x8 C:/msys64/ucrt64/bin/../lib/gcc/x86_64-w64-mingw32/13.1.0/../../../../lib/libmsvcrt.a(libapi-ms-win-crt-runtime-l1-1-0s00006.o)
                0x00000001400127c0                __p___wargv
 .text          0x00000001400127c8        0x8 C:/msys64/ucrt64/bin/../lib/gcc/x86_64-w64-mingw32/13.1.0/../../../../lib/libmsvcrt.a(libapi-ms-win-crt-runtime-l1-1-0s00022.o)
                0x00000001400127c8                _cexit
 .text          0x00000001400127d0        0x8 C:/msys64/ucrt64/bin/../lib/gcc/x86_64-w64-mingw32/13.1.0/../../../../lib/libmsvcrt.a(libapi-ms-win-crt-runtime-l1-1-0s00024.o)
                0x00000001400127d0                _configure_narrow_argv
 .text          0x00000001400127d8        0x8 C:/msys64/ucrt64/bin/../lib/gcc/x86_64-w64-mingw32/13.1.0/../../../../lib/libmsvcrt.a(libapi-ms-win-crt-runtime-l1-1-0s00025.o)
                0x00000001400127d8                _configure_wide_argv
 .text          0x00000001400127e0        0x8 C:/msys64/ucrt64/bin/../lib/gcc/x86_64-w64-mingw32/13.1.0/../../../../lib/libmsvcrt.a(libapi-ms-win-crt-runtime-l1-1-0s00029.o)
                0x00000001400127e0                _crt_at_quick_exit
 .text          0x00000001400127e8        0x8 C:/msys64/ucrt64/bin/../lib/gcc/x86_64-w64-mingw32/13.1.0/../../../../lib/libmsvcrt.a(libapi-ms-win-crt-runtime-l1-1-0s00030.o)
                0x00000001400127e8                _crt_atexit
 .text          0x00000001400127f0        0x8 C:/msys64/ucrt64/bin/../lib/gcc/x86_64-w64-mingw32/13.1.0/../../../../lib/libmsvcrt.a(libapi-ms-win-crt-runtime-l1-1-0s00036.o)
                0x00000001400127f0                _exit
 .text          0x00000001400127f8        0x8 C:/msys64/ucrt64/bin/../lib/gcc/x86_64-w64-mingw32/13.1.0/../../../../lib/libmsvcrt.a(libapi-ms-win-crt-runtime-l1-1-0s00053.o)
                0x00000001400127f8                _initialize_narrow_environment
 .text          0x0000000140012800        0x8 C:/msys64/ucrt64/bin/../lib/gcc/x86_64-w64-mingw32/13.1.0/../../../../lib/libmsvcrt.a(libapi-ms-win-crt-runtime-l1-1-0s00055.o)
                0x0000000140012800                _initialize_wide_environment
 .text          0x0000000140012808        0x8 C:/msys64/ucrt64/bin/../lib/gcc/x86_64-w64-mingw32/13.1.0/../../../../lib/libmsvcrt.a(libapi-ms-win-crt-runtime-l1-1-0s00056.o)
                0x0000000140012808                _initterm
 .text          0x0000000140012810        0x8 C:/msys64/ucrt64/bin/../lib/gcc/x86_64-w64-mingw32/13.1.0/../../../../lib/libmsvcrt.a(libapi-ms-win-crt-runtime-l1-1-0s00068.o)
                0x0000000140012810                __set_app_type
 .text          0x0000000140012818        0x8 C:/msys64/ucrt64/bin/../lib/gcc/x86_64-w64-mingw32/13.1.0/../../../../lib/libmsvcrt.a(libapi-ms-win-crt-runtime-l1-1-0s00074.o)
                0x0000000140012818                _set_invalid_parameter_handler
 .text          0x0000000140012820        0x8 C:/msys64/ucrt64/bin/../lib/gcc/x86_64-w64-mingw32/13.1.0/../../../../lib/libmsvcrt.a(libapi-ms-win-crt-runtime-l1-1-0s00087.o)
                0x0000000140012820                abort
 .text          0x0000000140012828        0x8 C:/msys64/ucrt64/bin/../lib/gcc/x86_64-w64-mingw32/13.1.0/../../../../lib/libmsvcrt.a(libapi-ms-win-crt-runtime-l1-1-0s00088.o)
                0x0000000140012828                exit
 .text          0x0000000140012830        0x8 C:/msys64/ucrt64/bin/../lib/gcc/x86_64-w64-mingw32/13.1.0/../../../../lib/libmsvcrt.a(libapi-ms-win-crt-runtime-l1-1-0s00102.o)
                0x0000000140012830                signal
 *fill*         0x0000000140012838        0x8 
 .text          0x0000000140012840        0x0 C:/msys64/ucrt64/bin/../lib/gcc/x86_64-w64-mingw32/13.1.0/../../../../lib/libmsvcrt.a(libapi-ms-win-crt-runtime-l1-1-0h.o)
 .text          0x0000000140012840        0x0 C:/msys64/ucrt64/bin/../lib/gcc/x86_64-w64-mingw32/13.1.0/../../../../lib/libmsvcrt.a(libapi-ms-win-crt-runtime-l1-1-0t.o)
 .text          0x0000000140012840        0x8 C:/msys64/ucrt64/bin/../lib/gcc/x86_64-w64-mingw32/13.1.0/../../../../lib/libmsvcrt.a(libapi-ms-win-crt-private-l1-1-0s00015.o)
                0x0000000140012840                __C_specific_handler
 .text          0x0000000140012848        0x8 C:/msys64/ucrt64/bin/../lib/gcc/x86_64-w64-mingw32/13.1.0/../../../../lib/libmsvcrt.a(libapi-ms-win-crt-private-l1-1-0s01143.o)
                0x0000000140012848                memcpy
 .text          0x0000000140012850        0x0 C:/msys64/ucrt64/bin/../lib/gcc/x86_64-w64-mingw32/13.1.0/../../../../lib/libmsvcrt.a(libapi-ms-win-crt-private-l1-1-0h.o)
 .text          0x0000000140012850        0x0 C:/msys64/ucrt64/bin/../lib/gcc/x86_64-w64-mingw32/13.1.0/../../../../lib/libmsvcrt.a(libapi-ms-win-crt-private-l1-1-0t.o)
 .text          0x0000000140012850        0x8 C:/msys64/ucrt64/bin/../lib/gcc/x86_64-w64-mingw32/13.1.0/../../../../lib/libmsvcrt.a(libapi-ms-win-crt-math-l1-1-0s00009.o)
                0x0000000140012850                __setusermatherr
 *fill*         0x0000000140012858        0x8 
 .text          0x0000000140012860        0x0 C:/msys64/ucrt64/bin/../lib/gcc/x86_64-w64-mingw32/13.1.0/../../../../lib/libmsvcrt.a(libapi-ms-win-crt-math-l1-1-0h.o)
 .text          0x0000000140012860        0x0 C:/msys64/ucrt64/bin/../lib/gcc/x86_64-w64-mingw32/13.1.0/../../../../lib/libmsvcrt.a(libapi-ms-win-crt-math-l1-1-0t.o)
 .text          0x0000000140012860        0x8 C:/msys64/ucrt64/bin/../lib/gcc/x86_64-w64-mingw32/13.1.0/../../../../lib/libmsvcrt.a(libapi-ms-win-crt-heap-l1-1-0s00023.o)
                0x0000000140012860                _set_new_mode
 .text          0x0000000140012868        0x8 C:/msys64/ucrt64/bin/../lib/gcc/x86_64-w64-mingw32/13.1.0/../../../../lib/libmsvcrt.a(libapi-ms-win-crt-heap-l1-1-0s00024.o)
                0x0000000140012868                calloc
 .text          0x0000000140012870        0x8 C:/msys64/ucrt64/bin/../lib/gcc/x86_64-w64-mingw32/13.1.0/../../../../lib/libmsvcrt.a(libapi-ms-win-crt-heap-l1-1-0s00025.o)
                0x0000000140012870                free
 .text          0x0000000140012878        0x8 C:/msys64/ucrt64/bin/../lib/gcc/x86_64-w64-mingw32/13.1.0/../../../../lib/libmsvcrt.a(libapi-ms-win-crt-heap-l1-1-0s00026.o)
                0x0000000140012878                malloc
 .text          0x0000000140012880        0x0 C:/msys64/ucrt64/bin/../lib/gcc/x86_64-w64-mingw32/13.1.0/../../../../lib/libmsvcrt.a(libapi-ms-win-crt-heap-l1-1-0h.o)
 .text          0x0000000140012880        0x0 C:/msys64/ucrt64/bin/../lib/gcc/x86_64-w64-mingw32/13.1.0/../../../../lib/libmsvcrt.a(libapi-ms-win-crt-heap-l1-1-0t.o)
 .text          0x0000000140012880        0x8 C:/msys64/ucrt64/bin/../lib/gcc/x86_64-w64-mingw32/13.1.0/../../../../lib/libmsvcrt.a(libapi-ms-win-crt-environment-l1-1-0s00000.o)
                0x0000000140012880                __p__environ
 .text          0x0000000140012888        0x8 C:/msys64/ucrt64/bin/../lib/gcc/x86_64-w64-mingw32/13.1.0/../../../../lib/libmsvcrt.a(libapi-ms-win-crt-environment-l1-1-0s00001.o)
                0x0000000140012888                __p__wenviron
 .text          0x0000000140012890        0x0 C:/msys64/ucrt64/bin/../lib/gcc/x86_64-w64-mingw32/13.1.0/../../../../lib/libmsvcrt.a(libapi-ms-win-crt-environment-l1-1-0h.o)
 .text          0x0000000140012890        0x0 C:/msys64/ucrt64/bin/../lib/gcc/x86_64-w64-mingw32/13.1.0/../../../../lib/libmsvcrt.a(libapi-ms-win-crt-environment-l1-1-0t.o)
 .text          0x0000000140012890        0x8 C:/msys64/ucrt64/bin/../lib/gcc/x86_64-w64-mingw32/13.1.0/../../../../lib/libkernel32.a(libkernel32s01490.o)
                0x0000000140012890                VirtualQuery
 .text          0x0000000140012898        0x8 C:/msys64/ucrt64/bin/../lib/gcc/x86_64-w64-mingw32/13.1.0/../../../../lib/libkernel32.a(libkernel32s01488.o)
                0x0000000140012898                VirtualProtect
 .text          0x00000001400128a0        0x8 C:/msys64/ucrt64/bin/../lib/gcc/x86_64-w64-mingw32/13.1.0/../../../../lib/libkernel32.a(libkernel32s01441.o)
                0x00000001400128a0                TlsGetValue
 .text          0x00000001400128a8        0x8 C:/msys64/ucrt64/bin/../lib/gcc/x86_64-w64-mingw32/13.1.0/../../../../lib/libkernel32.a(libkernel32s01406.o)
                0x00000001400128a8                Sleep
 .text          0x00000001400128b0        0x8 C:/msys64/ucrt64/bin/../lib/gcc/x86_64-w64-mingw32/13.1.0/../../../../lib/libkernel32.a(libkernel32s01390.o)
                0x00000001400128b0                SetUnhandledExceptionFilter
 .text          0x00000001400128b8        0x8 C:/msys64/ucrt64/bin/../lib/gcc/x86_64-w64-mingw32/13.1.0/../../../../lib/libkernel32.a(libkernel32s00981.o)
                0x00000001400128b8                LeaveCriticalSection
 .text          0x00000001400128c0        0x8 C:/msys64/ucrt64/bin/../lib/gcc/x86_64-w64-mingw32/13.1.0/../../../../lib/libkernel32.a(libkernel32s00889.o)
                0x00000001400128c0                InitializeCriticalSection
 .text          0x00000001400128c8        0x8 C:/msys64/ucrt64/bin/../lib/gcc/x86_64-w64-mingw32/13.1.0/../../../../lib/libkernel32.a(libkernel32s00627.o)
                0x00000001400128c8                GetLastError
 .text          0x00000001400128d0        0x8 C:/msys64/ucrt64/bin/../lib/gcc/x86_64-w64-mingw32/13.1.0/../../../../lib/libkernel32.a(libkernel32s00316.o)
                0x00000001400128d0                EnterCriticalSection
 .text          0x00000001400128d8        0x8 C:/msys64/ucrt64/bin/../lib/gcc/x86_64-w64-mingw32/13.1.0/../../../../lib/libkernel32.a(libkernel32s00280.o)
                0x00000001400128d8                DeleteCriticalSection
 .text          0x00000001400128e0        0x0 C:/msys64/ucrt64/bin/../lib/gcc/x86_64-w64-mingw32/13.1.0/../../../../lib/libkernel32.a(libkernel32h.o)
 .text          0x00000001400128e0        0x0 C:/msys64/ucrt64/bin/../lib/gcc/x86_64-w64-mingw32/13.1.0/../../../../lib/libkernel32.a(libkernel32t.o)
 .text          0x00000001400128e0        0x0 C:/msys64/ucrt64/bin/../lib/gcc/x86_64-w64-mingw32/13.1.0/crtend.o
 *(SORT_BY_NAME(.text$*))
 *(.text.*)
 .text.startup  0x00000001400128e0      0x930 exotique.o
                0x00000001400128e0                main
 .text.startup  0x0000000140013210       0x10 C:/msys64/ucrt64/bin/../lib/gcc/x86_64-w64-mingw32/13.1.0/crtend.o
 *(.gnu.linkonce.t.*)
 *(.glue_7t)
 *(.glue_7)
                0x0000000140013220                . = ALIGN (0x8)
                0x0000000140013220                ___CTOR_LIST__ = .
                0x0000000140013220                __CTOR_LIST__ = .
                0x0000000140013220        0x4 LONG 0xffffffffffffffff
                0x0000000140013224        0x4 LONG 0xffffffffffffffff
 *(.ctors)
 *(.ctor)
 *(SORT_BY_NAME(.ctors.*))
 .ctors.65535   0x0000000140013228        0x8 C:/msys64/ucrt64/bin/../lib/gcc/x86_64-w64-mingw32/13.1.0/crtend.o
                0x0000000140013230        0x4 LONG 0x0
                0x0000000140013234        0x4 LONG 0x0
                0x0000000140013238                ___DTOR_LIST__ = .
                0x0000000140013238                __DTOR_LIST__ = .
                0x0000000140013238        0x4 LONG 0xffffffffffffffff
                0x000000014001323c        0x4 LONG 0xffffffffffffffff
 *(.dtors)
 *(.dtor)
 *(SORT_BY_NAME(.dtors.*))
                0x0000000140013240        0x4 LONG 0x0
                0x0000000140013244        0x4 LONG 0x0
 *(SORT_NONE(.fini))
 *(.gcc_exc)
                [!provide]                        PROVIDE (etext = .)
 *(.gcc_except_table)

.data           0x0000000140014000    0x78600
                0x0000000140014000                __data_start__ = .
 *(.data)
 .data          0x0000000140014000        0x0 C:/msys64/ucrt64/bin/../lib/gcc/x86_64-w64-mingw32/13.1.0/../../../../lib/crt2.o
 .data          0x0000000140014000        0x0 C:/msys64/ucrt64/bin/../lib/gcc/x86_64-w64-mingw32/13.1.0/crtbegin.o
 .data          0x0000000140014000        0x0 exotique.o
 .data          0x0000000140014000    0x78460 mahjong.o
                0x0000000140014000                wall_rots_y
                0x0000000140014010                wall_offsets_z
                0x0000000140014020                wall_offsets_x
                0x0000000140014040                textures
                0x0000000140014468                texture_board
                0x0000000140014470                comp_tex_two_sou
                0x0000000140014480                comp_tex_two_sou_packets
                0x0000000140014c30                comp_tex_seven_man
                0x0000000140014c40                comp_tex_seven_man_packets
                0x00000001400155b0                comp_tex_five_man
                0x00000001400155c0                comp_tex_five_man_packets
                0x00000001400161c0                comp_tex_eight_pin
                0x00000001400161e0                comp_tex_eight_pin_packets
                0x0000000140018bc0                comp_tex_five_pin
                0x0000000140018be0                comp_tex_five_pin_packets
                0x000000014001a920                comp_tex_four_pin
                0x000000014001a940                comp_tex_four_pin_packets
                0x000000014001c0d0                comp_tex_three_pin
                0x000000014001c0e0                comp_tex_three_pin_packets
                0x000000014001d480                comp_tex_two_pin
                0x000000014001d4a0                comp_tex_two_pin_packets
                0x000000014001e680                comp_tex_one_pin
                0x000000014001e6a0                comp_tex_one_pin_packets
                0x0000000140020b40                comp_tex_west
                0x0000000140020b60                comp_tex_west_packets
                0x00000001400214f0                comp_tex_south
                0x0000000140021500                comp_tex_south_packets
                0x0000000140021e70                comp_tex_east
                0x0000000140021e80                comp_tex_east_packets
                0x0000000140022720                comp_tex_north
                0x0000000140022740                comp_tex_north_packets
                0x0000000140022ea0                comp_tex_white_dragon
                0x0000000140022eb0                comp_tex_white_dragon_packets
                0x0000000140022ed0                comp_tex_red_dragon
                0x0000000140022ee0                comp_tex_red_dragon_packets
                0x0000000140023570                comp_tex_green_dragon
                0x0000000140023580                comp_tex_green_dragon_packets
                0x00000001400240a0                texture_background
                0x00000001400894b4                trivial_reject_enabled
                0x00000001400894b8                hi_z_enabled
                0x00000001400894c0                light
                0x00000001400894cc                camera_radius_top
                0x00000001400894d0                camera_radius
                0x00000001400894d4                camera_rot_x
                0x00000001400894e0                board_mesh
                0x0000000140089500                tile_mesh
                0x0000000140089520                palette_background
                0x0000000140089720                palette
                0x0000000140089b20                board_indexes
                0x0000000140089fa0                board_vertexes
                0x000000014008b2e0                mahjong_tile_indexes
                0x000000014008b460                mahjong_tile_vertexes
 .data          0x000000014008c460       0x10 C:/msys64/ucrt64/bin/../lib/gcc/x86_64-w64-mingw32/13.1.0/../../../../lib/libmingw32.a(lib64_libmingw32_a-gccmain.o)
 .data          0x000000014008c470       0x10 C:/msys64/ucrt64/bin/../lib/gcc/x86_64-w64-mingw32/13.1.0/../../../../lib/libmingw32.a(lib64_libmingw32_a-natstart.o)
                0x000000014008c470                __native_vcclrit_reason
                0x000000014008c474                __native_dllmain_reason
 .data          0x000000014008c480       0x10 C:/msys64/ucrt64/bin/../lib/gcc/x86_64-w64-mingw32/13.1.0/../../../../lib/libmingw32.a(lib64_libmingw32_a-wildcard.o)
                0x000000014008c480                _dowildcard
 .data          0x000000014008c490        0x0 C:/msys64/ucrt64/bin/../lib/gcc/x86_64-w64-mingw32/13.1.0/../../../../lib/libmingw32.a(lib64_libmingw32_a-dllargv.o)
 .data          0x000000014008c490        0x0 C:/msys64/ucrt64/bin/../lib/gcc/x86_64-w64-mingw32/13.1.0/../../../../lib/libmingw32.a(lib64_libmingw32_a-_newmode.o)
 .data          0x000000014008c490        0x0 C:/msys64/ucrt64/bin/../lib/gcc/x86_64-w64-mingw32/13.1.0/../../../../lib/libmingw32.a(lib64_libmingw32_a-tlssup.o)
 .data          0x000000014008c490        0x0 C:/msys64/ucrt64/bin/../lib/gcc/x86_64-w64-mingw32/13.1.0/../../../../lib/libmingw32.a(lib64_libmingw32_a-xncommod.o)
 .data          0x000000014008c490        0x0 C:/msys64/ucrt64/bin/../lib/gcc/x86_64-w64-mingw32/13.1.0/../../../../lib/libmingw32.a(lib64_libmingw32_a-cinitexe.o)
 .data          0x000000014008c490        0x0 C:/msys64/ucrt64/bin/../lib/gcc/x86_64-w64-mingw32/13.1.0/../../../../lib/libmingw32.a(lib64_libmingw32_a-merr.o)
 .data          0x000000014008c490        0x0 C:/msys64/ucrt64/bin/../lib/gcc/x86_64-w64-mingw32/13.1.0/../../../../lib/libmingw32.a(lib64_libmingw32_a-CRT_fp10.o)
 .data          0x000000014008c490        0x0 C:/msys64/ucrt64/bin/../lib/gcc/x86_64-w64-mingw32/13.1.0/../../../../lib/libmingw32.a(lib64_libmingw32_a-mingw_helpers.o)
 .data          0x000000014008c490        0x0 C:/msys64/ucrt64/bin/../lib/gcc/x86_64-w64-mingw32/13.1.0/../../../../lib/libmingw32.a(lib64_libmingw32_a-pseudo-reloc.o)
 .data          0x000000014008c490        0x0 C:/msys64/ucrt64/bin/../lib/gcc/x86_64-w64-mingw32/13.1.0/../../../../lib/libmingw32.a(lib64_libmingw32_a-usermatherr.o)
 .data          0x000000014008c490        0x0 C:/msys64/ucrt64/bin/../lib/gcc/x86_64-w64-mingw32/13.1.0/../../../../lib/libmingw32.a(lib64_libmingw32_a-xtxtmode.o)
 .data          0x000000014008c490        0x0 C:/msys64/ucrt64/bin/../lib/gcc/x86_64-w64-mingw32/13.1.0/../../../../lib/libmingw32.a(lib64_libmingw32_a-crt_handler.o)
 .data          0x000000014008c490        0x0 C:/msys64/ucrt64/bin/../lib/gcc/x86_64-w64-mingw32/13.1.0/../../../../lib/libmingw32.a(lib64_libmingw32_a-tlsthrd.o)
 .data          0x000000014008c490       0x10 C:/msys64/ucrt64/bin/../lib/gcc/x86_64-w64-mingw32/13.1.0/../../../../lib/libmingw32.a(lib64_libmingw32_a-tlsmcrt.o)
                0x000000014008c490                _CRT_MT
 .data          0x000000014008c4a0        0x0 C:/msys64/ucrt64/bin/../lib/gcc/x86_64-w64-mingw32/13.1.0/../../../../lib/libmingw32.a(lib64_libmingw32_a-pseudo-reloc-list.o)
 .data          0x000000014008c4a0        0x0 C:/msys64/ucrt64/bin/../lib/gcc/x86_64-w64-mingw32/13.1.0/../../../../lib/libmingw32.a(lib64_libmingw32_a-pesect.o)
 .data          0x000000014008c4a0        0x0 C:/msys64/ucrt64/bin/../lib/gcc/x86_64-w64-mingw32/13.1.0/libgcc.a(_chkstk_ms.o)
 .data          0x000000014008c4a0        0x0 C:/msys64/ucrt64/bin/../lib/gcc/x86_64-w64-mingw32/13.1.0/libgcc.a(_ctors.o)
 .data          0x000000014008c4a0       0x10 C:/msys64/ucrt64/bin/../lib/gcc/x86_64-w64-mingw32/13.1.0/../../../../lib/libmingwex.a(lib64_libmingwex_a-mingw_matherr.o)
                0x000000014008c4a0                _MINGW_INSTALL_DEBUG_MATHERR
 .data          0x000000014008c4b0       0x10 C:/msys64/ucrt64/bin/../lib/gcc/x86_64-w64-mingw32/13.1.0/../../../../lib/libmsvcrt.a(lib64_libucrt_extra_a-ucrt_vprintf.o)
                0x000000014008c4b0                __imp_vprintf
 .data          0x000000014008c4c0       0x10 C:/msys64/ucrt64/bin/../lib/gcc/x86_64-w64-mingw32/13.1.0/../../../../lib/libmsvcrt.a(lib64_libucrt_extra_a-ucrt_vfprintf.o)
                0x000000014008c4c0                __imp_vfprintf
 .data          0x000000014008c4d0       0x10 C:/msys64/ucrt64/bin/../lib/gcc/x86_64-w64-mingw32/13.1.0/../../../../lib/libmsvcrt.a(lib64_libucrt_extra_a-ucrt_fprintf.o)
                0x000000014008c4d0                __imp_fprintf
 .data          0x000000014008c4e0       0x10 C:/msys64/ucrt64/bin/../lib/gcc/x86_64-w64-mingw32/13.1.0/../../../../lib/libmsvcrt.a(lib64_libucrt_extra_a-__initenv.o)
                0x000000014008c4e0                __imp___winitenv
                0x000000014008c4e8                __imp___initenv
 .data          0x000000014008c4f0       0x80 C:/msys64/ucrt64/bin/../lib/gcc/x86_64-w64-mingw32/13.1.0/../../../../lib/libmsvcrt.a(lib64_libucrt_extra_a-ucrtbase_compat.o)
                0x000000014008c4f0                __imp___ms_fwprintf
                0x000000014008c4f8                __imp_tzset
                0x000000014008c500                __imp__get_output_format
                0x000000014008c508                __imp__amsg_exit
                0x000000014008c510                __imp___wgetmainargs
                0x000000014008c518                __imp___getmainargs
                0x000000014008c520                __imp_daylight
                0x000000014008c528                __imp_timezone
                0x000000014008c530                __imp_tzname
                0x000000014008c558                __imp_at_quick_exit
                0x000000014008c560                __imp__onexit
 .data          0x000000014008c570        0x0 C:/msys64/ucrt64/bin/../lib/gcc/x86_64-w64-mingw32/13.1.0/../../../../lib/libmsvcrt.a(libapi-ms-win-crt-time-l1-1-0s00008.o)
 .data          0x000000014008c570        0x0 C:/msys64/ucrt64/bin/../lib/gcc/x86_64-w64-mingw32/13.1.0/../../../../lib/libmsvcrt.a(libapi-ms-win-crt-time-l1-1-0s00010.o)
 .data          0x000000014008c570        0x0 C:/msys64/ucrt64/bin/../lib/gcc/x86_64-w64-mingw32/13.1.0/../../../../lib/libmsvcrt.a(libapi-ms-win-crt-time-l1-1-0s00011.o)
 .data          0x000000014008c570        0x0 C:/msys64/ucrt64/bin/../lib/gcc/x86_64-w64-mingw32/13.1.0/../../../../lib/libmsvcrt.a(libapi-ms-win-crt-time-l1-1-0s00058.o)
 .data          0x000000014008c570        0x0 C:/msys64/ucrt64/bin/../lib/gcc/x86_64-w64-mingw32/13.1.0/../../../../lib/libmsvcrt.a(libapi-ms-win-crt-time-l1-1-0h.o)
 .data          0x000000014008c570        0x0 C:/msys64/ucrt64/bin/../lib/gcc/x86_64-w64-mingw32/13.1.0/../../../../lib/libmsvcrt.a(libapi-ms-win-crt-time-l1-1-0t.o)
 .data          0x000000014008c570        0x0 C:/msys64/ucrt64/bin/../lib/gcc/x86_64-w64-mingw32/13.1.0/../../../../lib/libmsvcrt.a(libapi-ms-win-crt-string-l1-1-0s00167.o)
 .data          0x000000014008c570        0x0 C:/msys64/ucrt64/bin/../lib/gcc/x86_64-w64-mingw32/13.1.0/../../../../lib/libmsvcrt.a(libapi-ms-win-crt-string-l1-1-0s00170.o)
 .data          0x000000014008c570        0x0 C:/msys64/ucrt64/bin/../lib/gcc/x86_64-w64-mingw32/13.1.0/../../../../lib/libmsvcrt.a(libapi-ms-win-crt-string-l1-1-0h.o)
 .data          0x000000014008c570        0x0 C:/msys64/ucrt64/bin/../lib/gcc/x86_64-w64-mingw32/13.1.0/../../../../lib/libmsvcrt.a(libapi-ms-win-crt-string-l1-1-0t.o)
 .data          0x000000014008c570        0x0 C:/msys64/ucrt64/bin/../lib/gcc/x86_64-w64-mingw32/13.1.0/../../../../lib/libmsvcrt.a(libapi-ms-win-crt-stdio-l1-1-0s00000.o)
 .data          0x000000014008c570        0x0 C:/msys64/ucrt64/bin/../lib/gcc/x86_64-w64-mingw32/13.1.0/../../../../lib/libmsvcrt.a(libapi-ms-win-crt-stdio-l1-1-0s00001.o)
 .data          0x000000014008c570        0x0 C:/msys64/ucrt64/bin/../lib/gcc/x86_64-w64-mingw32/13.1.0/../../../../lib/libmsvcrt.a(libapi-ms-win-crt-stdio-l1-1-0s00002.o)
 .data          0x000000014008c570        0x0 C:/msys64/ucrt64/bin/../lib/gcc/x86_64-w64-mingw32/13.1.0/../../../../lib/libmsvcrt.a(libapi-ms-win-crt-stdio-l1-1-0s00003.o)
 .data          0x000000014008c570        0x0 C:/msys64/ucrt64/bin/../lib/gcc/x86_64-w64-mingw32/13.1.0/../../../../lib/libmsvcrt.a(libapi-ms-win-crt-stdio-l1-1-0s00007.o)
 .data          0x000000014008c570        0x0 C:/msys64/ucrt64/bin/../lib/gcc/x86_64-w64-mingw32/13.1.0/../../../../lib/libmsvcrt.a(libapi-ms-win-crt-stdio-l1-1-0s00168.o)
 .data          0x000000014008c570        0x0 C:/msys64/ucrt64/bin/../lib/gcc/x86_64-w64-mingw32/13.1.0/../../../../lib/libmsvcrt.a(libapi-ms-win-crt-stdio-l1-1-0h.o)
 .data          0x000000014008c570        0x0 C:/msys64/ucrt64/bin/../lib/gcc/x86_64-w64-mingw32/13.1.0/../../../../lib/libmsvcrt.a(libapi-ms-win-crt-stdio-l1-1-0t.o)
 .data          0x000000014008c570        0x0 C:/msys64/ucrt64/bin/../lib/gcc/x86_64-w64-mingw32/13.1.0/../../../../lib/libmsvcrt.a(libapi-ms-win-crt-runtime-l1-1-0s00004.o)
 .data          0x000000014008c570        0x0 C:/msys64/ucrt64/bin/../lib/gcc/x86_64-w64-mingw32/13.1.0/../../../../lib/libmsvcrt.a(libapi-ms-win-crt-runtime-l1-1-0s00005.o)
 .data          0x000000014008c570        0x0 C:/msys64/ucrt64/bin/../lib/gcc/x86_64-w64-mingw32/13.1.0/../../../../lib/libmsvcrt.a(libapi-ms-win-crt-runtime-l1-1-0s00006.o)
 .data          0x000000014008c570        0x0 C:/msys64/ucrt64/bin/../lib/gcc/x86_64-w64-mingw32/13.1.0/../../../../lib/libmsvcrt.a(libapi-ms-win-crt-runtime-l1-1-0s00022.o)
 .data          0x000000014008c570        0x0 C:/msys64/ucrt64/bin/../lib/gcc/x86_64-w64-mingw32/13.1.0/../../../../lib/libmsvcrt.a(libapi-ms-win-crt-runtime-l1-1-0s00024.o)
 .data          0x000000014008c570        0x0 C:/msys64/ucrt64/bin/../lib/gcc/x86_64-w64-mingw32/13.1.0/../../../../lib/libmsvcrt.a(libapi-ms-win-crt-runtime-l1-1-0s00025.o)
 .data          0x000000014008c570        0x0 C:/msys64/ucrt64/bin/../lib/gcc/x86_64-w64-mingw32/13.1.0/../../../../lib/libmsvcrt.a(libapi-ms-win-crt-runtime-l1-1-0s00029.o)
 .data          0x000000014008c570        0x0 C:/msys64/ucrt64/bin/../lib/gcc/x86_64-w64-mingw32/13.1.0/../../../../lib/libmsvcrt.a(libapi-ms-win-crt-runtime-l1-1-0s00030.o)
 .data          0x000000014008c570        0x0 C:/msys64/ucrt64/bin/../lib/gcc/x86_64-w64-mingw32/13.1.0/../../../../lib/libmsvcrt.a(libapi-ms-win-crt-runtime-l1-1-0s00036.o)
 .data          0x000000014008c570        0x0 C:/msys64/ucrt64/bin/../lib/gcc/x86_64-w64-mingw32/13.1.0/../../../../lib/libmsvcrt.a(libapi-ms-win-crt-runtime-l1-1-0s00053.o)
 .data          0x000000014008c570        0x0 C:/msys64/ucrt64/bin/../lib/gcc/x86_64-w64-mingw32/13.1.0/../../../../lib/libmsvcrt.a(libapi-ms-win-crt-runtime-l1-1-0s00055.o)
 .data          0x000000014008c570        0x0 C:/msys64/ucrt64/bin/../lib/gcc/x86_64-w64-mingw32/13.1.0/../../../../lib/libmsvcrt.a(libapi-ms-win-crt-runtime-l1-1-0s00056.o)
 .data          0x000000014008c570        0x0 C:/msys64/ucrt64/bin/../lib/gcc/x86_64-w64-mingw32/13.1.0/../../../../lib/libmsvcrt.a(libapi-ms-win-crt-runtime-l1-1-0s00068.o)
 .data          0x000000014008c570        0x0 C:/msys64/ucrt64/bin/../lib/gcc/x86_64-w64-mingw32/13.1.0/../../../../lib/libmsvcrt.a(libapi-ms-win-crt-runtime-l1-1-0s00074.o)
 .data          0x000000014008c570        0x0 C:/msys64/ucrt64/bin/../lib/gcc/x86_64-w64-mingw32/13.1.0/../../../../lib/libmsvcrt.a(libapi-ms-win-crt-runtime-l1-1-0s00087.o)
 .data          0x000000014008c570        0x0 C:/msys64/ucrt64/bin/../lib/gcc/x86_64-w64-mingw32/13.1.0/../../../../lib/libmsvcrt.a(libapi-ms-win-crt-runtime-l1-1-0s00088.o)
 .data          0x000000014008c570        0x0 C:/msys64/ucrt64/bin/../lib/gcc/x86_64-w64-mingw32/13.1.0/../../../../lib/libmsvcrt.a(libapi-ms-win-crt-runtime-l1-1-0s00102.o)
 .data          0x000000014008c570        0x0 C:/msys64/ucrt64/bin/../lib/gcc/x86_64-w64-mingw32/13.1.0/../../../../lib/libmsvcrt.a(libapi-ms-win-crt-runtime-l1-1-0h.o)
 .data          0x000000014008c570        0x0 C:/msys64/ucrt64/bin/../lib/gcc/x86_64-w64-mingw32/13.1.0/../../../../lib/libmsvcrt.a(libapi-ms-win-crt-runtime-l1-1-0t.o)
 .data          0x000000014008c570        0x0 C:/msys64/ucrt64/bin/../lib/gcc/x86_64-w64-mingw32/13.1.0/../../../../lib/libmsvcrt.a(libapi-ms-win-crt-private-l1-1-0s00015.o)
 .data          0x000000014008c570        0x0 C:/msys64/ucrt64/bin/../lib/gcc/x86_64-w64-mingw32/13.1.0/../../../../lib/libmsvcrt.a(libapi-ms-win-crt-private-l1-1-0s01143.o)
 .data          0x000000014008c570        0x0 C:/msys64/ucrt64/bin/../lib/gcc/x86_64-w64-mingw32/13.1.0/../../../../lib/libmsvcrt.a(libapi-ms-win-crt-private-l1-1-0h.o)
 .data          0x000000014008c570        0x0 C:/msys64/ucrt64/bin/../lib/gcc/x86_64-w64-mingw32/13.1.0/../../../../lib/libmsvcrt.a(libapi-ms-win-crt-private-l1-1-0t.o)
 .data          0x000000014008c570        0x0 C:/msys64/ucrt64/bin/../lib/gcc/x86_64-w64-mingw32/13.1.0/../../../../lib/libmsvcrt.a(libapi-ms-win-crt-math-l1-1-0s00009.o)
 .data          0x000000014008c570        0x0 C:/msys64/ucrt64/bin/../lib/gcc/x86_64-w64-mingw32/13.1.0/../../../../lib/libmsvcrt.a(libapi-ms-win-crt-math-l1-1-0h.o)
 .data          0x000000014008c570        0x0 C:/msys64/ucrt64/bin/../lib/gcc/x86_64-w64-mingw32/13.1.0/../../../../lib/libmsvcrt.a(libapi-ms-win-crt-math-l1-1-0t.o)
 .data          0x000000014008c570        0x0 C:/msys64/ucrt64/bin/../lib/gcc/x86_64-w64-mingw32/13.1.0/../../../../lib/libmsvcrt.a(libapi-ms-win-crt-heap-l1-1-0s00023.o)
 .data          0x000000014008c570        0x0 C:/msys64/ucrt64/bin/../lib/gcc/x86_64-w64-mingw32/13.1.0/../../../../lib/libmsvcrt.a(libapi-ms-win-crt-heap-l1-1-0s00024.o)
 .data          0x000000014008c570        0x0 C:/msys64/ucrt64/bin/../lib/gcc/x86_64-w64-mingw32/13.1.0/../../../../lib/libmsvcrt.a(libapi-ms-win-crt-heap-l1-1-0s00025.o)
 .data          0x000000014008c570        0x0 C:/msys64/ucrt64/bin/../lib/gcc/x86_64-w64-mingw32/13.1.0/../../../../lib/libmsvcrt.a(libapi-ms-win-crt-heap-l1-1-0s00026.o)
 .data          0x000000014008c570        0x0 C:/msys64/ucrt64/bin/../lib/gcc/x86_64-w64-mingw32/13.1.0/../../../../lib/libmsvcrt.a(libapi-ms-win-crt-heap-l1-1-0h.o)
 .data          0x000000014008c570        0x0 C:/msys64/ucrt64/bin/../lib/gcc/x86_64-w64-mingw32/13.1.0/../../../../lib/libmsvcrt.a(libapi-ms-win-crt-heap-l1-1-0t.o)
 .data          0x000000014008c570        0x0 C:/msys64/ucrt64/bin/../lib/gcc/x86_64-w64-mingw32/13.1.0/../../../../lib/libmsvcrt.a(libapi-ms-win-crt-environment-l1-1-0s00000.o)
 .data          0x000000014008c570        0x0 C:/msys64/ucrt64/bin/../lib/gcc/x86_64-w64-mingw32/13.1.0/../../../../lib/libmsvcrt.a(libapi-ms-win-crt-environment-l1-1-0s00001.o)
 .data          0x000000014008c570        0x0 C:/msys64/ucrt64/bin/../lib/gcc/x86_64-w64-mingw32/13.1.0/../../../../lib/libmsvcrt.a(libapi-ms-win-crt-environment-l1-1-0h.o)
 .data          0x000000014008c570        0x0 C:/msys64/ucrt64/bin/../lib/gcc/x86_64-w64-mingw32/13.1.0/../../../../lib/libmsvcrt.a(libapi-ms-win-crt-environment-l1-1-0t.o)
 .data          0x000000014008c570        0x0 C:/msys64/ucrt64/bin/../lib/gcc/x86_64-w64-mingw32/13.1.0/../../../../lib/libkernel32.a(libkernel32s01490.o)
 .data          0x000000014008c570        0x0 C:/msys64/ucrt64/bin/../lib/gcc/x86_64-w64-mingw32/13.1.0/../../../../lib/libkernel32.a(libkernel32s01488.o)
 .data          0x000000014008c570        0x0 C:/msys64/ucrt64/bin/../lib/gcc/x86_64-w64-mingw32/13.1.0/../../../../lib/libkernel32.a(libkernel32s01441.o)
 .data          0x000000014008c570        0x0 C:/msys64/ucrt64/bin/../lib/gcc/x86_64-w64-mingw32/13.1.0/../../../../lib/libkernel32.a(libkernel32s01406.o)
 .data          0x000000014008c570        0x0 C:/msys64/ucrt64/bin/../lib/gcc/x86_64-w64-mingw32/13.1.0/../../../../lib/libkernel32.a(libkernel32s01390.o)
 .data          0x000000014008c570        0x0 C:/msys64/ucrt64/bin/../lib/gcc/x86_64-w64-mingw32/13.1.0/../../../../lib/libkernel32.a(libkernel32s00981.o)
 .data          0x000000014008c570        0x0 C:/msys64/ucrt64/bin/../lib/gcc/x86_64-w64-mingw32/13.1.0/../../../../lib/libkernel32.a(libkernel32s00889.o)
 .data          0x000000014008c570        0x0 C:/msys64/ucrt64/bin/../lib/gcc/x86_64-w64-mingw32/13.1.0/../../../../lib/libkernel32.a(libkernel32s00627.o)
 .data          0x000000014008c570        0x0 C:/msys64/ucrt64/bin/../lib/gcc/x86_64-w64-mingw32/13.1.0/../../../../lib/libkernel32.a(libkernel32s00316.o)
 .data          0x000000014008c570        0x0 C:/msys64/ucrt64/bin/../lib/gcc/x86_64-w64-mingw32/13.1.0/../../../../lib/libkernel32.a(libkernel32s00280.o)
 .data          0x000000014008c570        0x0 C:/msys64/ucrt64/bin/../lib/gcc/x86_64-w64-mingw32/13.1.0/../../../../lib/libkernel32.a(libkernel32h.o)
 .data          0x000000014008c570        0x0 C:/msys64/ucrt64/bin/../lib/gcc/x86_64-w64-mingw32/13.1.0/../../../../lib/libkernel32.a(libkernel32t.o)
 .data          0x000000014008c570        0x0 C:/msys64/ucrt64/bin/../lib/gcc/x86_64-w64-mingw32/13.1.0/crtend.o
 *(.data2)
 *(SORT_BY_NAME(.data$*))
 *(.jcr)
                0x000000014008c570                __data_end__ = .
 *(.data_cygwin_nocopy)

.rdata          0x000000014008d000     0x1200
 *(.rdata)
 .rdata         0x000000014008d000      0x2d0 exotique.o
 .rdata         0x000000014008d2d0      0x3a0 mahjong.o
                0x000000014008d300                hand_tile_spacing
                0x000000014008d304                wall_tile_spacing
                0x000000014008d308                camy
                0x000000014008d30c                camx
                0x000000014008d310                NEAR_Z
                0x000000014008d314                FAR_Z
                0x000000014008d318                kScreenHeight
                0x000000014008d31c                kScreenWidth
 *fill*         0x000000014008d670       0x10 
 .rdata         0x000000014008d680       0x60 C:/msys64/ucrt64/bin/../lib/gcc/x86_64-w64-mingw32/13.1.0/../../../../lib/libmingw32.a(lib64_libmingw32_a-tlssup.o)
                0x000000014008d680                __dyn_tls_init_callback
                0x000000014008d6a0                _tls_used
 .rdata         0x000000014008d6e0      0x140 C:/msys64/ucrt64/bin/../lib/gcc/x86_64-w64-mingw32/13.1.0/../../../../lib/libmingw32.a(lib64_libmingw32_a-merr.o)
 .rdata         0x000000014008d820      0x160 C:/msys64/ucrt64/bin/../lib/gcc/x86_64-w64-mingw32/13.1.0/../../../../lib/libmingw32.a(lib64_libmingw32_a-pseudo-reloc.o)
 .rdata         0x000000014008d980       0x30 C:/msys64/ucrt64/bin/../lib/gcc/x86_64-w64-mingw32/13.1.0/../../../../lib/libmingw32.a(lib64_libmingw32_a-crt_handler.o)
 .rdata         0x000000014008d9b0       0x20 C:/msys64/ucrt64/bin/../lib/gcc/x86_64-w64-mingw32/13.1.0/../../../../lib/libmsvcrt.a(lib64_libucrt_extra_a-ucrtbase_compat.o)
 *(SORT_BY_NAME(.rdata$*))
 .rdata$.refptr._CRT_MT
                0x000000014008d9d0       0x10 C:/msys64/ucrt64/bin/../lib/gcc/x86_64-w64-mingw32/13.1.0/../../../../lib/libmingw32.a(lib64_libmingw32_a-tlssup.o)
                0x000000014008d9d0                .refptr._CRT_MT
 .rdata$.refptr._MINGW_INSTALL_DEBUG_MATHERR
                0x000000014008d9e0       0x10 C:/msys64/ucrt64/bin/../lib/gcc/x86_64-w64-mingw32/13.1.0/../../../../lib/crt2.o
                0x000000014008d9e0                .refptr._MINGW_INSTALL_DEBUG_MATHERR
 .rdata$.refptr.__CTOR_LIST__
                0x000000014008d9f0       0x10 C:/msys64/ucrt64/bin/../lib/gcc/x86_64-w64-mingw32/13.1.0/../../../../lib/libmingw32.a(lib64_libmingw32_a-gccmain.o)
                0x000000014008d9f0                .refptr.__CTOR_LIST__
 .rdata$.refptr.__RUNTIME_PSEUDO_RELOC_LIST_END__
                0x000000014008da00       0x10 C:/msys64/ucrt64/bin/../lib/gcc/x86_64-w64-mingw32/13.1.0/../../../../lib/libmingw32.a(lib64_libmingw32_a-pseudo-reloc.o)
                0x000000014008da00                .refptr.__RUNTIME_PSEUDO_RELOC_LIST_END__
 .rdata$.refptr.__RUNTIME_PSEUDO_RELOC_LIST__
                0x000000014008da10       0x10 C:/msys64/ucrt64/bin/../lib/gcc/x86_64-w64-mingw32/13.1.0/../../../../lib/libmingw32.a(lib64_libmingw32_a-pseudo-reloc.o)
                0x000000014008da10                .refptr.__RUNTIME_PSEUDO_RELOC_LIST__
 .rdata$.refptr.__dyn_tls_init_callback
                0x000000014008da20       0x10 C:/msys64/ucrt64/bin/../lib/gcc/x86_64-w64-mingw32/13.1.0/../../../../lib/crt2.o
                0x000000014008da20                .refptr.__dyn_tls_init_callback
 .rdata$.refptr.__image_base__
                0x000000014008da30       0x10 C:/msys64/ucrt64/bin/../lib/gcc/x86_64-w64-mingw32/13.1.0/../../../../lib/crt2.o
                0x000000014008da30                .refptr.__image_base__
 .rdata$.refptr.__imp___initenv
                0x000000014008da40       0x10 C:/msys64/ucrt64/bin/../lib/gcc/x86_64-w64-mingw32/13.1.0/../../../../lib/crt2.o
                0x000000014008da40                .refptr.__imp___initenv
 .rdata$.refptr.__imp__tzset
                0x000000014008da50       0x10 C:/msys64/ucrt64/bin/../lib/gcc/x86_64-w64-mingw32/13.1.0/../../../../lib/libmsvcrt.a(lib64_libucrt_extra_a-ucrtbase_compat.o)
                0x000000014008da50                .refptr.__imp__tzset
 .rdata$.refptr.__mingw_app_type
                0x000000014008da60       0x10 C:/msys64/ucrt64/bin/../lib/gcc/x86_64-w64-mingw32/13.1.0/../../../../lib/crt2.o
                0x000000014008da60                .refptr.__mingw_app_type
 .rdata$.refptr.__mingw_initltsdrot_force
                0x000000014008da70       0x10 C:/msys64/ucrt64/bin/../lib/gcc/x86_64-w64-mingw32/13.1.0/../../../../lib/crt2.o
                0x000000014008da70                .refptr.__mingw_initltsdrot_force
 .rdata$.refptr.__mingw_initltsdyn_force
                0x000000014008da80       0x10 C:/msys64/ucrt64/bin/../lib/gcc/x86_64-w64-mingw32/13.1.0/../../../../lib/crt2.o
                0x000000014008da80                .refptr.__mingw_initltsdyn_force
 .rdata$.refptr.__mingw_initltssuo_force
                0x000000014008da90       0x10 C:/msys64/ucrt64/bin/../lib/gcc/x86_64-w64-mingw32/13.1.0/../../../../lib/crt2.o
                0x000000014008da90                .refptr.__mingw_initltssuo_force
 .rdata$.refptr.__mingw_module_is_dll
                0x000000014008daa0       0x10 C:/msys64/ucrt64/bin/../lib/gcc/x86_64-w64-mingw32/13.1.0/../../../../lib/libmsvcrt.a(lib64_libucrt_extra_a-ucrtbase_compat.o)
                0x000000014008daa0                .refptr.__mingw_module_is_dll
 .rdata$.refptr.__mingw_oldexcpt_handler
                0x000000014008dab0       0x10 C:/msys64/ucrt64/bin/../lib/gcc/x86_64-w64-mingw32/13.1.0/../../../../lib/crt2.o
                0x000000014008dab0                .refptr.__mingw_oldexcpt_handler
 .rdata$.refptr.__native_startup_lock
                0x000000014008dac0       0x10 C:/msys64/ucrt64/bin/../lib/gcc/x86_64-w64-mingw32/13.1.0/../../../../lib/crt2.o
                0x000000014008dac0                .refptr.__native_startup_lock
 .rdata$.refptr.__native_startup_state
                0x000000014008dad0       0x10 C:/msys64/ucrt64/bin/../lib/gcc/x86_64-w64-mingw32/13.1.0/../../../../lib/crt2.o
                0x000000014008dad0                .refptr.__native_startup_state
 .rdata$.refptr.__xc_a
                0x000000014008dae0       0x10 C:/msys64/ucrt64/bin/../lib/gcc/x86_64-w64-mingw32/13.1.0/../../../../lib/crt2.o
                0x000000014008dae0                .refptr.__xc_a
 .rdata$.refptr.__xc_z
                0x000000014008daf0       0x10 C:/msys64/ucrt64/bin/../lib/gcc/x86_64-w64-mingw32/13.1.0/../../../../lib/crt2.o
                0x000000014008daf0                .refptr.__xc_z
 .rdata$.refptr.__xi_a
                0x000000014008db00       0x10 C:/msys64/ucrt64/bin/../lib/gcc/x86_64-w64-mingw32/13.1.0/../../../../lib/crt2.o
                0x000000014008db00                .refptr.__xi_a
 .rdata$.refptr.__xi_z
                0x000000014008db10       0x10 C:/msys64/ucrt64/bin/../lib/gcc/x86_64-w64-mingw32/13.1.0/../../../../lib/crt2.o
                0x000000014008db10                .refptr.__xi_z
 .rdata$.refptr._commode
                0x000000014008db20       0x10 C:/msys64/ucrt64/bin/../lib/gcc/x86_64-w64-mingw32/13.1.0/../../../../lib/crt2.o
                0x000000014008db20                .refptr._commode
 .rdata$.refptr._dowildcard
                0x000000014008db30       0x10 C:/msys64/ucrt64/bin/../lib/gcc/x86_64-w64-mingw32/13.1.0/../../../../lib/crt2.o
                0x000000014008db30                .refptr._dowildcard
 .rdata$.refptr._fmode
                0x000000014008db40       0x10 C:/msys64/ucrt64/bin/../lib/gcc/x86_64-w64-mingw32/13.1.0/../../../../lib/crt2.o
                0x000000014008db40                .refptr._fmode
 .rdata$.refptr._gnu_exception_handler
                0x000000014008db50       0x10 C:/msys64/ucrt64/bin/../lib/gcc/x86_64-w64-mingw32/13.1.0/../../../../lib/crt2.o
                0x000000014008db50                .refptr._gnu_exception_handler
 .rdata$.refptr._matherr
                0x000000014008db60       0x10 C:/msys64/ucrt64/bin/../lib/gcc/x86_64-w64-mingw32/13.1.0/../../../../lib/crt2.o
                0x000000014008db60                .refptr._matherr
 .rdata$.refptr._newmode
                0x000000014008db70       0x10 C:/msys64/ucrt64/bin/../lib/gcc/x86_64-w64-mingw32/13.1.0/../../../../lib/crt2.o
                0x000000014008db70                .refptr._newmode
 .rdata$.refptr.kScreenHeight
                0x000000014008db80       0x10 exotique.o
                0x000000014008db80                .refptr.kScreenHeight
 .rdata$.refptr.kScreenWidth
                0x000000014008db90       0x10 exotique.o
                0x000000014008db90                .refptr.kScreenWidth
 .rdata$zzz     0x000000014008dba0       0x30 C:/msys64/ucrt64/bin/../lib/gcc/x86_64-w64-mingw32/13.1.0/../../../../lib/crt2.o
 .rdata$zzz     0x000000014008dbd0       0x30 C:/msys64/ucrt64/bin/../lib/gcc/x86_64-w64-mingw32/13.1.0/crtbegin.o
 .rdata$zzz     0x000000014008dc00       0x30 exotique.o
 .rdata$zzz     0x000000014008dc30       0x30 mahjong.o
 .rdata$zzz     0x000000014008dc60       0x30 C:/msys64/ucrt64/bin/../lib/gcc/x86_64-w64-mingw32/13.1.0/../../../../lib/libmingw32.a(lib64_libmingw32_a-gccmain.o)
 .rdata$zzz     0x000000014008dc90       0x30 C:/msys64/ucrt64/bin/../lib/gcc/x86_64-w64-mingw32/13.1.0/../../../../lib/libmingw32.a(lib64_libmingw32_a-natstart.o)
 .rdata$zzz     0x000000014008dcc0       0x30 C:/msys64/ucrt64/bin/../lib/gcc/x86_64-w64-mingw32/13.1.0/../../../../lib/libmingw32.a(lib64_libmingw32_a-wildcard.o)
 .rdata$zzz     0x000000014008dcf0       0x30 C:/msys64/ucrt64/bin/../lib/gcc/x86_64-w64-mingw32/13.1.0/../../../../lib/libmingw32.a(lib64_libmingw32_a-dllargv.o)
 .rdata$zzz     0x000000014008dd20       0x30 C:/msys64/ucrt64/bin/../lib/gcc/x86_64-w64-mingw32/13.1.0/../../../../lib/libmingw32.a(lib64_libmingw32_a-_newmode.o)
 .rdata$zzz     0x000000014008dd50       0x30 C:/msys64/ucrt64/bin/../lib/gcc/x86_64-w64-mingw32/13.1.0/../../../../lib/libmingw32.a(lib64_libmingw32_a-tlssup.o)
 .rdata$zzz     0x000000014008dd80       0x30 C:/msys64/ucrt64/bin/../lib/gcc/x86_64-w64-mingw32/13.1.0/../../../../lib/libmingw32.a(lib64_libmingw32_a-xncommod.o)
 .rdata$zzz     0x000000014008ddb0       0x30 C:/msys64/ucrt64/bin/../lib/gcc/x86_64-w64-mingw32/13.1.0/../../../../lib/libmingw32.a(lib64_libmingw32_a-cinitexe.o)
 .rdata$zzz     0x000000014008dde0       0x30 C:/msys64/ucrt64/bin/../lib/gcc/x86_64-w64-mingw32/13.1.0/../../../../lib/libmingw32.a(lib64_libmingw32_a-merr.o)
 .rdata$zzz     0x000000014008de10       0x30 C:/msys64/ucrt64/bin/../lib/gcc/x86_64-w64-mingw32/13.1.0/../../../../lib/libmingw32.a(lib64_libmingw32_a-CRT_fp10.o)
 .rdata$zzz     0x000000014008de40       0x30 C:/msys64/ucrt64/bin/../lib/gcc/x86_64-w64-mingw32/13.1.0/../../../../lib/libmingw32.a(lib64_libmingw32_a-mingw_helpers.o)
 .rdata$zzz     0x000000014008de70       0x30 C:/msys64/ucrt64/bin/../lib/gcc/x86_64-w64-mingw32/13.1.0/../../../../lib/libmingw32.a(lib64_libmingw32_a-pseudo-reloc.o)
 .rdata$zzz     0x000000014008dea0       0x30 C:/msys64/ucrt64/bin/../lib/gcc/x86_64-w64-mingw32/13.1.0/../../../../lib/libmingw32.a(lib64_libmingw32_a-usermatherr.o)
 .rdata$zzz     0x000000014008ded0       0x30 C:/msys64/ucrt64/bin/../lib/gcc/x86_64-w64-mingw32/13.1.0/../../../../lib/libmingw32.a(lib64_libmingw32_a-xtxtmode.o)
 .rdata$zzz     0x000000014008df00       0x30 C:/msys64/ucrt64/bin/../lib/gcc/x86_64-w64-mingw32/13.1.0/../../../../lib/libmingw32.a(lib64_libmingw32_a-crt_handler.o)
 .rdata$zzz     0x000000014008df30       0x30 C:/msys64/ucrt64/bin/../lib/gcc/x86_64-w64-mingw32/13.1.0/../../../../lib/libmingw32.a(lib64_libmingw32_a-tlsthrd.o)
 .rdata$zzz     0x000000014008df60       0x30 C:/msys64/ucrt64/bin/../lib/gcc/x86_64-w64-mingw32/13.1.0/../../../../lib/libmingw32.a(lib64_libmingw32_a-tlsmcrt.o)
 .rdata$zzz     0x000000014008df90       0x30 C:/msys64/ucrt64/bin/../lib/gcc/x86_64-w64-mingw32/13.1.0/../../../../lib/libmingw32.a(lib64_libmingw32_a-pseudo-reloc-list.o)
 .rdata$zzz     0x000000014008dfc0       0x30 C:/msys64/ucrt64/bin/../lib/gcc/x86_64-w64-mingw32/13.1.0/../../../../lib/libmingw32.a(lib64_libmingw32_a-pesect.o)
 .rdata$zzz     0x000000014008dff0       0x30 C:/msys64/ucrt64/bin/../lib/gcc/x86_64-w64-mingw32/13.1.0/libgcc.a(_ctors.o)
 .rdata$zzz     0x000000014008e020       0x30 C:/msys64/ucrt64/bin/../lib/gcc/x86_64-w64-mingw32/13.1.0/../../../../lib/libmingwex.a(lib64_libmingwex_a-mingw_matherr.o)
 .rdata$zzz     0x000000014008e050       0x30 C:/msys64/ucrt64/bin/../lib/gcc/x86_64-w64-mingw32/13.1.0/../../../../lib/libmsvcrt.a(lib64_libucrt_extra_a-ucrt_vprintf.o)
 .rdata$zzz     0x000000014008e080       0x30 C:/msys64/ucrt64/bin/../lib/gcc/x86_64-w64-mingw32/13.1.0/../../../../lib/libmsvcrt.a(lib64_libucrt_extra_a-ucrt_vfprintf.o)
 .rdata$zzz     0x000000014008e0b0       0x30 C:/msys64/ucrt64/bin/../lib/gcc/x86_64-w64-mingw32/13.1.0/../../../../lib/libmsvcrt.a(lib64_libucrt_extra_a-ucrt_fprintf.o)
 .rdata$zzz     0x000000014008e0e0       0x30 C:/msys64/ucrt64/bin/../lib/gcc/x86_64-w64-mingw32/13.1.0/../../../../lib/libmsvcrt.a(lib64_libucrt_extra_a-__initenv.o)
 .rdata$zzz     0x000000014008e110       0x30 C:/msys64/ucrt64/bin/../lib/gcc/x86_64-w64-mingw32/13.1.0/../../../../lib/libmsvcrt.a(lib64_libucrt_extra_a-ucrtbase_compat.o)
 .rdata$zzz     0x000000014008e140       0x30 C:/msys64/ucrt64/bin/../lib/gcc/x86_64-w64-mingw32/13.1.0/crtend.o
                0x000000014008e170                . = ALIGN (0x4)
                0x000000014008e170                __rt_psrelocs_start = .
 *(.rdata_runtime_pseudo_reloc)
                0x000000014008e170                __rt_psrelocs_end = .
                0x0000000000000000                __rt_psrelocs_size = (__rt_psrelocs_end - __rt_psrelocs_start)
                0x000000014008e170                ___RUNTIME_PSEUDO_RELOC_LIST_END__ = .
                0x000000014008e170                __RUNTIME_PSEUDO_RELOC_LIST_END__ = .
                0x000000014008e170                ___RUNTIME_PSEUDO_RELOC_LIST__ = (. - __rt_psrelocs_size)
                0x000000014008e170                __RUNTIME_PSEUDO_RELOC_LIST__ = (. - __rt_psrelocs_size)

.eh_frame
 *(.eh_frame*)

.pdata          0x000000014008f000      0x800
 *(.pdata*)
 .pdata         0x000000014008f000       0x54 C:/msys64/ucrt64/bin/../lib/gcc/x86_64-w64-mingw32/13.1.0/../../../../lib/crt2.o
 .pdata         0x000000014008f054       0x18 C:/msys64/ucrt64/bin/../lib/gcc/x86_64-w64-mingw32/13.1.0/crtbegin.o
 .pdata         0x000000014008f06c       0x24 exotique.o
 .pdata.startup
                0x000000014008f090        0xc exotique.o
 .pdata         0x000000014008f09c      0x3fc mahjong.o
 .pdata         0x000000014008f498       0x24 C:/msys64/ucrt64/bin/../lib/gcc/x86_64-w64-mingw32/13.1.0/../../../../lib/libmingw32.a(lib64_libmingw32_a-gccmain.o)
 .pdata         0x000000014008f4bc        0xc C:/msys64/ucrt64/bin/../lib/gcc/x86_64-w64-mingw32/13.1.0/../../../../lib/libmingw32.a(lib64_libmingw32_a-dllargv.o)
 .pdata         0x000000014008f4c8       0x24 C:/msys64/ucrt64/bin/../lib/gcc/x86_64-w64-mingw32/13.1.0/../../../../lib/libmingw32.a(lib64_libmingw32_a-tlssup.o)
 .pdata         0x000000014008f4ec        0xc C:/msys64/ucrt64/bin/../lib/gcc/x86_64-w64-mingw32/13.1.0/../../../../lib/libmingw32.a(lib64_libmingw32_a-merr.o)
 .pdata         0x000000014008f4f8        0xc C:/msys64/ucrt64/bin/../lib/gcc/x86_64-w64-mingw32/13.1.0/../../../../lib/libmingw32.a(lib64_libmingw32_a-CRT_fp10.o)
 .pdata         0x000000014008f504       0x24 C:/msys64/ucrt64/bin/../lib/gcc/x86_64-w64-mingw32/13.1.0/../../../../lib/libmingw32.a(lib64_libmingw32_a-pseudo-reloc.o)
 .pdata         0x000000014008f528       0x18 C:/msys64/ucrt64/bin/../lib/gcc/x86_64-w64-mingw32/13.1.0/../../../../lib/libmingw32.a(lib64_libmingw32_a-usermatherr.o)
 .pdata         0x000000014008f540        0xc C:/msys64/ucrt64/bin/../lib/gcc/x86_64-w64-mingw32/13.1.0/../../../../lib/libmingw32.a(lib64_libmingw32_a-crt_handler.o)
 .pdata         0x000000014008f54c       0x30 C:/msys64/ucrt64/bin/../lib/gcc/x86_64-w64-mingw32/13.1.0/../../../../lib/libmingw32.a(lib64_libmingw32_a-tlsthrd.o)
 .pdata         0x000000014008f57c       0x6c C:/msys64/ucrt64/bin/../lib/gcc/x86_64-w64-mingw32/13.1.0/../../../../lib/libmingw32.a(lib64_libmingw32_a-pesect.o)
 .pdata         0x000000014008f5e8        0xc C:/msys64/ucrt64/bin/../lib/gcc/x86_64-w64-mingw32/13.1.0/../../../../lib/libmsvcrt.a(lib64_libucrt_extra_a-ucrt_vprintf.o)
 .pdata         0x000000014008f5f4        0xc C:/msys64/ucrt64/bin/../lib/gcc/x86_64-w64-mingw32/13.1.0/../../../../lib/libmsvcrt.a(lib64_libucrt_extra_a-ucrt_vfprintf.o)
 .pdata         0x000000014008f600        0xc C:/msys64/ucrt64/bin/../lib/gcc/x86_64-w64-mingw32/13.1.0/../../../../lib/libmsvcrt.a(lib64_libucrt_extra_a-ucrt_fprintf.o)
 .pdata         0x000000014008f60c       0x6c C:/msys64/ucrt64/bin/../lib/gcc/x86_64-w64-mingw32/13.1.0/../../../../lib/libmsvcrt.a(lib64_libucrt_extra_a-ucrtbase_compat.o)
 .pdata.startup
                0x000000014008f678        0xc C:/msys64/ucrt64/bin/../lib/gcc/x86_64-w64-mingw32/13.1.0/crtend.o

.xdata          0x0000000140090000      0xa00
 *(.xdata*)
 .xdata         0x0000000140090000       0x6c C:/msys64/ucrt64/bin/../lib/gcc/x86_64-w64-mingw32/13.1.0/../../../../lib/crt2.o
 .xdata         0x000000014009006c        0x8 C:/msys64/ucrt64/bin/../lib/gcc/x86_64-w64-mingw32/13.1.0/crtbegin.o
 .xdata         0x0000000140090074       0x1c exotique.o
 .xdata.startup
                0x0000000140090090       0x18 exotique.o
 .xdata         0x00000001400900a8      0x630 mahjong.o
 .xdata         0x00000001400906d8       0x18 C:/msys64/ucrt64/bin/../lib/gcc/x86_64-w64-mingw32/13.1.0/../../../../lib/libmingw32.a(lib64_libmingw32_a-gccmain.o)
 .xdata         0x00000001400906f0        0x4 C:/msys64/ucrt64/bin/../lib/gcc/x86_64-w64-mingw32/13.1.0/../../../../lib/libmingw32.a(lib64_libmingw32_a-dllargv.o)
 .xdata         0x00000001400906f4       0x18 C:/msys64/ucrt64/bin/../lib/gcc/x86_64-w64-mingw32/13.1.0/../../../../lib/libmingw32.a(lib64_libmingw32_a-tlssup.o)
 .xdata         0x000000014009070c       0x18 C:/msys64/ucrt64/bin/../lib/gcc/x86_64-w64-mingw32/13.1.0/../../../../lib/libmingw32.a(lib64_libmingw32_a-merr.o)
 .xdata         0x0000000140090724        0x4 C:/msys64/ucrt64/bin/../lib/gcc/x86_64-w64-mingw32/13.1.0/../../../../lib/libmingw32.a(lib64_libmingw32_a-CRT_fp10.o)
 .xdata         0x0000000140090728       0x30 C:/msys64/ucrt64/bin/../lib/gcc/x86_64-w64-mingw32/13.1.0/../../../../lib/libmingw32.a(lib64_libmingw32_a-pseudo-reloc.o)
 .xdata         0x0000000140090758        0xc C:/msys64/ucrt64/bin/../lib/gcc/x86_64-w64-mingw32/13.1.0/../../../../lib/libmingw32.a(lib64_libmingw32_a-usermatherr.o)
 .xdata         0x0000000140090764        0x8 C:/msys64/ucrt64/bin/../lib/gcc/x86_64-w64-mingw32/13.1.0/../../../../lib/libmingw32.a(lib64_libmingw32_a-crt_handler.o)
 .xdata         0x000000014009076c       0x30 C:/msys64/ucrt64/bin/../lib/gcc/x86_64-w64-mingw32/13.1.0/../../../../lib/libmingw32.a(lib64_libmingw32_a-tlsthrd.o)
 .xdata         0x000000014009079c       0x2c C:/msys64/ucrt64/bin/../lib/gcc/x86_64-w64-mingw32/13.1.0/../../../../lib/libmingw32.a(lib64_libmingw32_a-pesect.o)
 .xdata         0x00000001400907c8        0xc C:/msys64/ucrt64/bin/../lib/gcc/x86_64-w64-mingw32/13.1.0/../../../../lib/libmsvcrt.a(lib64_libucrt_extra_a-ucrt_vprintf.o)
 .xdata         0x00000001400907d4        0x8 C:/msys64/ucrt64/bin/../lib/gcc/x86_64-w64-mingw32/13.1.0/../../../../lib/libmsvcrt.a(lib64_libucrt_extra_a-ucrt_vfprintf.o)
 .xdata         0x00000001400907dc        0x8 C:/msys64/ucrt64/bin/../lib/gcc/x86_64-w64-mingw32/13.1.0/../../../../lib/libmsvcrt.a(lib64_libucrt_extra_a-ucrt_fprintf.o)
 .xdata         0x00000001400907e4       0x50 C:/msys64/ucrt64/bin/../lib/gcc/x86_64-w64-mingw32/13.1.0/../../../../lib/libmsvcrt.a(lib64_libucrt_extra_a-ucrtbase_compat.o)
 .xdata.startup
                0x0000000140090834        0x4 C:/msys64/ucrt64/bin/../lib/gcc/x86_64-w64-mingw32/13.1.0/crtend.o

.bss            0x0000000140091000  0x9c43f80
                0x0000000140091000                __bss_start__ = .
 *(.bss)
 .bss           0x0000000140091000       0x30 C:/msys64/ucrt64/bin/../lib/gcc/x86_64-w64-mingw32/13.1.0/../../../../lib/crt2.o
                0x0000000140091000                __mingw_module_is_dll
 .bss           0x0000000140091030        0x0 C:/msys64/ucrt64/bin/../lib/gcc/x86_64-w64-mingw32/13.1.0/crtbegin.o
 *fill*         0x0000000140091030       0x10 
 .bss           0x0000000140091040      0x520 exotique.o
                0x0000000140091040                g_exotique_interface
 .bss           0x0000000140091560  0x9c438e0 mahjong.o
                0x0000000140091560                misses
                0x0000000140091564                hits
                0x0000000140091568                vert_cache_next_entry
                0x0000000140091570                vert_cache_idxs
                0x0000000140091580                vert_cache
                0x0000000140091640                triangles_transformed
                0x0000000140091644                meshes_transformed
                0x0000000140091648                triangles_hi_z_culled
                0x000000014009164c                triangles_rasterized
                0x0000000140091650                zoom
                0x0000000140091654                prev_cam_radius
                0x0000000140091658                last_y_pushed
                0x000000014009165c                last_x_pushed
                0x0000000140091660                last_right_pushed
                0x0000000140091664                last_left_pushed
                0x0000000140091668                last_a_pushed
                0x000000014009166c                last_select_pushed
                0x0000000140091670                last_start_pushed
                0x0000000140091674                paused
                0x0000000140091678                cur_player
                0x000000014009167c                deal_steps
                0x0000000140091680                frame
                0x0000000140091684                cur_game_state
                0x00000001400916a0                game_board
                0x0000000140091f00                texture_mip_3_buffer
                0x00000001400b3f00                texture_mip_2_buffer
                0x000000014013bf00                texture_mip_buffer
                0x000000014035bf00                texture_buffer
                0x0000000140bdbf00                board_bbox
                0x0000000140bdbf20                tile_bbox
                0x0000000140bdbf40                cam_view_trans
                0x0000000140bdbf64                draw_mode
                0x0000000140bdbf80                mix_table
                0x0000000140bebf80                full_light_remap_table
                0x0000000140bed880                light_remap_table
                0x0000000140bed918                camera_rot_y
                0x0000000140bed920                global_tri_buffer
                0x0000000144cc7220                tiles
                0x0000000149ccfe20                zbuf
                0x0000000149cd3e20                render_target
 .bss           0x0000000149cd4e40       0x10 C:/msys64/ucrt64/bin/../lib/gcc/x86_64-w64-mingw32/13.1.0/../../../../lib/libmingw32.a(lib64_libmingw32_a-gccmain.o)
 .bss           0x0000000149cd4e50       0x10 C:/msys64/ucrt64/bin/../lib/gcc/x86_64-w64-mingw32/13.1.0/../../../../lib/libmingw32.a(lib64_libmingw32_a-natstart.o)
                0x0000000149cd4e50                __native_startup_lock
                0x0000000149cd4e58                __native_startup_state
 .bss           0x0000000149cd4e60        0x0 C:/msys64/ucrt64/bin/../lib/gcc/x86_64-w64-mingw32/13.1.0/../../../../lib/libmingw32.a(lib64_libmingw32_a-wildcard.o)
 .bss           0x0000000149cd4e60        0x0 C:/msys64/ucrt64/bin/../lib/gcc/x86_64-w64-mingw32/13.1.0/../../../../lib/libmingw32.a(lib64_libmingw32_a-dllargv.o)
 .bss           0x0000000149cd4e60       0x10 C:/msys64/ucrt64/bin/../lib/gcc/x86_64-w64-mingw32/13.1.0/../../../../lib/libmingw32.a(lib64_libmingw32_a-_newmode.o)
                0x0000000149cd4e60                _newmode
 .bss           0x0000000149cd4e70       0x10 C:/msys64/ucrt64/bin/../lib/gcc/x86_64-w64-mingw32/13.1.0/../../../../lib/libmingw32.a(lib64_libmingw32_a-tlssup.o)
                0x0000000149cd4e70                __mingw_initltssuo_force
                0x0000000149cd4e74                __mingw_initltsdyn_force
                0x0000000149cd4e78                __mingw_initltsdrot_force
                0x0000000149cd4e7c                _tls_index
 .bss           0x0000000149cd4e80       0x10 C:/msys64/ucrt64/bin/../lib/gcc/x86_64-w64-mingw32/13.1.0/../../../../lib/libmingw32.a(lib64_libmingw32_a-xncommod.o)
                0x0000000149cd4e80                _commode
 .bss           0x0000000149cd4e90        0x0 C:/msys64/ucrt64/bin/../lib/gcc/x86_64-w64-mingw32/13.1.0/../../../../lib/libmingw32.a(lib64_libmingw32_a-cinitexe.o)
 .bss           0x0000000149cd4e90        0x0 C:/msys64/ucrt64/bin/../lib/gcc/x86_64-w64-mingw32/13.1.0/../../../../lib/libmingw32.a(lib64_libmingw32_a-merr.o)
 .bss           0x0000000149cd4e90        0x0 C:/msys64/ucrt64/bin/../lib/gcc/x86_64-w64-mingw32/13.1.0/../../../../lib/libmingw32.a(lib64_libmingw32_a-CRT_fp10.o)
 .bss           0x0000000149cd4e90       0x10 C:/msys64/ucrt64/bin/../lib/gcc/x86_64-w64-mingw32/13.1.0/../../../../lib/libmingw32.a(lib64_libmingw32_a-mingw_helpers.o)
                0x0000000149cd4e90                __mingw_app_type
 .bss           0x0000000149cd4ea0       0x10 C:/msys64/ucrt64/bin/../lib/gcc/x86_64-w64-mingw32/13.1.0/../../../../lib/libmingw32.a(lib64_libmingw32_a-pseudo-reloc.o)
 .bss           0x0000000149cd4eb0       0x10 C:/msys64/ucrt64/bin/../lib/gcc/x86_64-w64-mingw32/13.1.0/../../../../lib/libmingw32.a(lib64_libmingw32_a-usermatherr.o)
 .bss           0x0000000149cd4ec0       0x10 C:/msys64/ucrt64/bin/../lib/gcc/x86_64-w64-mingw32/13.1.0/../../../../lib/libmingw32.a(lib64_libmingw32_a-xtxtmode.o)
                0x0000000149cd4ec0                _fmode
 .bss           0x0000000149cd4ed0       0x10 C:/msys64/ucrt64/bin/../lib/gcc/x86_64-w64-mingw32/13.1.0/../../../../lib/libmingw32.a(lib64_libmingw32_a-crt_handler.o)
                0x0000000149cd4ed0                __mingw_oldexcpt_handler
 .bss           0x0000000149cd4ee0       0x60 C:/msys64/ucrt64/bin/../lib/gcc/x86_64-w64-mingw32/13.1.0/../../../../lib/libmingw32.a(lib64_libmingw32_a-tlsthrd.o)
 .bss           0x0000000149cd4f40        0x0 C:/msys64/ucrt64/bin/../lib/gcc/x86_64-w64-mingw32/13.1.0/../../../../lib/libmingw32.a(lib64_libmingw32_a-tlsmcrt.o)
 .bss           0x0000000149cd4f40       0x10 C:/msys64/ucrt64/bin/../lib/gcc/x86_64-w64-mingw32/13.1.0/../../../../lib/libmingw32.a(lib64_libmingw32_a-pseudo-reloc-list.o)
 .bss           0x0000000149cd4f50        0x0 C:/msys64/ucrt64/bin/../lib/gcc/x86_64-w64-mingw32/13.1.0/../../../../lib/libmingw32.a(lib64_libmingw32_a-pesect.o)
 .bss           0x0000000149cd4f50        0x0 C:/msys64/ucrt64/bin/../lib/gcc/x86_64-w64-mingw32/13.1.0/libgcc.a(_chkstk_ms.o)
 .bss           0x0000000149cd4f50       0x20 C:/msys64/ucrt64/bin/../lib/gcc/x86_64-w64-mingw32/13.1.0/libgcc.a(_ctors.o)
 .bss           0x0000000149cd4f70        0x0 C:/msys64/ucrt64/bin/../lib/gcc/x86_64-w64-mingw32/13.1.0/../../../../lib/libmingwex.a(lib64_libmingwex_a-mingw_matherr.o)
 .bss           0x0000000149cd4f70        0x0 C:/msys64/ucrt64/bin/../lib/gcc/x86_64-w64-mingw32/13.1.0/../../../../lib/libmsvcrt.a(lib64_libucrt_extra_a-ucrt_vprintf.o)
 .bss           0x0000000149cd4f70        0x0 C:/msys64/ucrt64/bin/../lib/gcc/x86_64-w64-mingw32/13.1.0/../../../../lib/libmsvcrt.a(lib64_libucrt_extra_a-ucrt_vfprintf.o)
 .bss           0x0000000149cd4f70        0x0 C:/msys64/ucrt64/bin/../lib/gcc/x86_64-w64-mingw32/13.1.0/../../../../lib/libmsvcrt.a(lib64_libucrt_extra_a-ucrt_fprintf.o)
 .bss           0x0000000149cd4f70       0x10 C:/msys64/ucrt64/bin/../lib/gcc/x86_64-w64-mingw32/13.1.0/../../../../lib/libmsvcrt.a(lib64_libucrt_extra_a-__initenv.o)
 .bss           0x0000000149cd4f80        0x0 C:/msys64/ucrt64/bin/../lib/gcc/x86_64-w64-mingw32/13.1.0/../../../../lib/libmsvcrt.a(lib64_libucrt_extra_a-ucrtbase_compat.o)
 .bss           0x0000000149cd4f80        0x0 C:/msys64/ucrt64/bin/../lib/gcc/x86_64-w64-mingw32/13.1.0/../../../../lib/libmsvcrt.a(libapi-ms-win-crt-time-l1-1-0s00008.o)
 .bss           0x0000000149cd4f80        0x0 C:/msys64/ucrt64/bin/../lib/gcc/x86_64-w64-mingw32/13.1.0/../../../../lib/libmsvcrt.a(libapi-ms-win-crt-time-l1-1-0s00010.o)
 .bss           0x0000000149cd4f80        0x0 C:/msys64/ucrt64/bin/../lib/gcc/x86_64-w64-mingw32/13.1.0/../../../../lib/libmsvcrt.a(libapi-ms-win-crt-time-l1-1-0s00011.o)
 .bss           0x0000000149cd4f80        0x0 C:/msys64/ucrt64/bin/../lib/gcc/x86_64-w64-mingw32/13.1.0/../../../../lib/libmsvcrt.a(libapi-ms-win-crt-time-l1-1-0s00058.o)
 .bss           0x0000000149cd4f80        0x0 C:/msys64/ucrt64/bin/../lib/gcc/x86_64-w64-mingw32/13.1.0/../../../../lib/libmsvcrt.a(libapi-ms-win-crt-time-l1-1-0h.o)
 .bss           0x0000000149cd4f80        0x0 C:/msys64/ucrt64/bin/../lib/gcc/x86_64-w64-mingw32/13.1.0/../../../../lib/libmsvcrt.a(libapi-ms-win-crt-time-l1-1-0t.o)
 .bss           0x0000000149cd4f80        0x0 C:/msys64/ucrt64/bin/../lib/gcc/x86_64-w64-mingw32/13.1.0/../../../../lib/libmsvcrt.a(libapi-ms-win-crt-string-l1-1-0s00167.o)
 .bss           0x0000000149cd4f80        0x0 C:/msys64/ucrt64/bin/../lib/gcc/x86_64-w64-mingw32/13.1.0/../../../../lib/libmsvcrt.a(libapi-ms-win-crt-string-l1-1-0s00170.o)
 .bss           0x0000000149cd4f80        0x0 C:/msys64/ucrt64/bin/../lib/gcc/x86_64-w64-mingw32/13.1.0/../../../../lib/libmsvcrt.a(libapi-ms-win-crt-string-l1-1-0h.o)
 .bss           0x0000000149cd4f80        0x0 C:/msys64/ucrt64/bin/../lib/gcc/x86_64-w64-mingw32/13.1.0/../../../../lib/libmsvcrt.a(libapi-ms-win-crt-string-l1-1-0t.o)
 .bss           0x0000000149cd4f80        0x0 C:/msys64/ucrt64/bin/../lib/gcc/x86_64-w64-mingw32/13.1.0/../../../../lib/libmsvcrt.a(libapi-ms-win-crt-stdio-l1-1-0s00000.o)
 .bss           0x0000000149cd4f80        0x0 C:/msys64/ucrt64/bin/../lib/gcc/x86_64-w64-mingw32/13.1.0/../../../../lib/libmsvcrt.a(libapi-ms-win-crt-stdio-l1-1-0s00001.o)
 .bss           0x0000000149cd4f80        0x0 C:/msys64/ucrt64/bin/../lib/gcc/x86_64-w64-mingw32/13.1.0/../../../../lib/libmsvcrt.a(libapi-ms-win-crt-stdio-l1-1-0s00002.o)
 .bss           0x0000000149cd4f80        0x0 C:/msys64/ucrt64/bin/../lib/gcc/x86_64-w64-mingw32/13.1.0/../../../../lib/libmsvcrt.a(libapi-ms-win-crt-stdio-l1-1-0s00003.o)
 .bss           0x0000000149cd4f80        0x0 C:/msys64/ucrt64/bin/../lib/gcc/x86_64-w64-mingw32/13.1.0/../../../../lib/libmsvcrt.a(libapi-ms-win-crt-stdio-l1-1-0s00007.o)
 .bss           0x0000000149cd4f80        0x0 C:/msys64/ucrt64/bin/../lib/gcc/x86_64-w64-mingw32/13.1.0/../../../../lib/libmsvcrt.a(libapi-ms-win-crt-stdio-l1-1-0s00168.o)
 .bss           0x0000000149cd4f80        0x0 C:/msys64/ucrt64/bin/../lib/gcc/x86_64-w64-mingw32/13.1.0/../../../../lib/libmsvcrt.a(libapi-ms-win-crt-stdio-l1-1-0h.o)
 .bss           0x0000000149cd4f80        0x0 C:/msys64/ucrt64/bin/../lib/gcc/x86_64-w64-mingw32/13.1.0/../../../../lib/libmsvcrt.a(libapi-ms-win-crt-stdio-l1-1-0t.o)
 .bss           0x0000000149cd4f80        0x0 C:/msys64/ucrt64/bin/../lib/gcc/x86_64-w64-mingw32/13.1.0/../../../../lib/libmsvcrt.a(libapi-ms-win-crt-runtime-l1-1-0s00004.o)
 .bss           0x0000000149cd4f80        0x0 C:/msys64/ucrt64/bin/../lib/gcc/x86_64-w64-mingw32/13.1.0/../../../../lib/libmsvcrt.a(libapi-ms-win-crt-runtime-l1-1-0s00005.o)
 .bss           0x0000000149cd4f80        0x0 C:/msys64/ucrt64/bin/../lib/gcc/x86_64-w64-mingw32/13.1.0/../../../../lib/libmsvcrt.a(libapi-ms-win-crt-runtime-l1-1-0s00006.o)
 .bss           0x0000000149cd4f80        0x0 C:/msys64/ucrt64/bin/../lib/gcc/x86_64-w64-mingw32/13.1.0/../../../../lib/libmsvcrt.a(libapi-ms-win-crt-runtime-l1-1-0s00022.o)
 .bss           0x0000000149cd4f80        0x0 C:/msys64/ucrt64/bin/../lib/gcc/x86_64-w64-mingw32/13.1.0/../../../../lib/libmsvcrt.a(libapi-ms-win-crt-runtime-l1-1-0s00024.o)
 .bss           0x0000000149cd4f80        0x0 C:/msys64/ucrt64/bin/../lib/gcc/x86_64-w64-mingw32/13.1.0/../../../../lib/libmsvcrt.a(libapi-ms-win-crt-runtime-l1-1-0s00025.o)
 .bss           0x0000000149cd4f80        0x0 C:/msys64/ucrt64/bin/../lib/gcc/x86_64-w64-mingw32/13.1.0/../../../../lib/libmsvcrt.a(libapi-ms-win-crt-runtime-l1-1-0s00029.o)
 .bss           0x0000000149cd4f80        0x0 C:/msys64/ucrt64/bin/../lib/gcc/x86_64-w64-mingw32/13.1.0/../../../../lib/libmsvcrt.a(libapi-ms-win-crt-runtime-l1-1-0s00030.o)
 .bss           0x0000000149cd4f80        0x0 C:/msys64/ucrt64/bin/../lib/gcc/x86_64-w64-mingw32/13.1.0/../../../../lib/libmsvcrt.a(libapi-ms-win-crt-runtime-l1-1-0s00036.o)
 .bss           0x0000000149cd4f80        0x0 C:/msys64/ucrt64/bin/../lib/gcc/x86_64-w64-mingw32/13.1.0/../../../../lib/libmsvcrt.a(libapi-ms-win-crt-runtime-l1-1-0s00053.o)
 .bss           0x0000000149cd4f80        0x0 C:/msys64/ucrt64/bin/../lib/gcc/x86_64-w64-mingw32/13.1.0/../../../../lib/libmsvcrt.a(libapi-ms-win-crt-runtime-l1-1-0s00055.o)
 .bss           0x0000000149cd4f80        0x0 C:/msys64/ucrt64/bin/../lib/gcc/x86_64-w64-mingw32/13.1.0/../../../../lib/libmsvcrt.a(libapi-ms-win-crt-runtime-l1-1-0s00056.o)
 .bss           0x0000000149cd4f80        0x0 C:/msys64/ucrt64/bin/../lib/gcc/x86_64-w64-mingw32/13.1.0/../../../../lib/libmsvcrt.a(libapi-ms-win-crt-runtime-l1-1-0s00068.o)
 .bss           0x0000000149cd4f80        0x0 C:/msys64/ucrt64/bin/../lib/gcc/x86_64-w64-mingw32/13.1.0/../../../../lib/libmsvcrt.a(libapi-ms-win-crt-runtime-l1-1-0s00074.o)
 .bss           0x0000000149cd4f80        0x0 C:/msys64/ucrt64/bin/../lib/gcc/x86_64-w64-mingw32/13.1.0/../../../../lib/libmsvcrt.a(libapi-ms-win-crt-runtime-l1-1-0s00087.o)
 .bss           0x0000000149cd4f80        0x0 C:/msys64/ucrt64/bin/../lib/gcc/x86_64-w64-mingw32/13.1.0/../../../../lib/libmsvcrt.a(libapi-ms-win-crt-runtime-l1-1-0s00088.o)
 .bss           0x0000000149cd4f80        0x0 C:/msys64/ucrt64/bin/../lib/gcc/x86_64-w64-mingw32/13.1.0/../../../../lib/libmsvcrt.a(libapi-ms-win-crt-runtime-l1-1-0s00102.o)