Archive member included to satisfy reference by file (symbol)

C:\Users\Erik\code\SDL2-2.32.10\x86_64-w64-mingw32\lib/libSDL2.dll.a(SDL2_dll_d000678.o)
                              exotique.o (SDL_UpdateTexture)
C:\Users\Erik\code\SDL2-2.32.10\x86_64-w64-mingw32\lib/libSDL2.dll.a(SDL2_dll_d000652.o)
                              exotique.o (SDL_ShowCursor)
C:\Users\Erik\code\SDL2-2.32.10\x86_64-w64-mingw32\lib/libSDL2.dll.a(SDL2_dll_d000558.o)
                              exotique.o (SDL_RenderSetLogicalSize)
C:\Users\Erik\code\SDL2-2.32.10\x86_64-w64-mingw32\lib/libSDL2.dll.a(SDL2_dll_d000557.o)
                              exotique.o (SDL_RenderSetIntegerScale)
C:\Users\Erik\code\SDL2-2.32.10\x86_64-w64-mingw32\lib/libSDL2.dll.a(SDL2_dll_d000554.o)
                              exotique.o (SDL_RenderPresent)
C:\Users\Erik\code\SDL2-2.32.10\x86_64-w64-mingw32\lib/libSDL2.dll.a(SDL2_dll_d000518.o)
                              exotique.o (SDL_RenderCopy)
C:\Users\Erik\code\SDL2-2.32.10\x86_64-w64-mingw32\lib/libSDL2.dll.a(SDL2_dll_d000517.o)
                              exotique.o (SDL_RenderClear)
C:\Users\Erik\code\SDL2-2.32.10\x86_64-w64-mingw32\lib/libSDL2.dll.a(SDL2_dll_d000493.o)
                              exotique.o (SDL_Quit)
C:\Users\Erik\code\SDL2-2.32.10\x86_64-w64-mingw32\lib/libSDL2.dll.a(SDL2_dll_d000489.o)
                              exotique.o (SDL_PumpEvents)
C:\Users\Erik\code\SDL2-2.32.10\x86_64-w64-mingw32\lib/libSDL2.dll.a(SDL2_dll_d000487.o)
                              exotique.o (SDL_PollEvent)
C:\Users\Erik\code\SDL2-2.32.10\x86_64-w64-mingw32\lib/libSDL2.dll.a(SDL2_dll_d000453.o)
                              exotique.o (SDL_LogWarn)
C:\Users\Erik\code\SDL2-2.32.10\x86_64-w64-mingw32\lib/libSDL2.dll.a(SDL2_dll_d000449.o)
                              exotique.o (SDL_LogSetAllPriority)
C:\Users\Erik\code\SDL2-2.32.10\x86_64-w64-mingw32\lib/libSDL2.dll.a(SDL2_dll_d000445.o)
                              exotique.o (SDL_LogInfo)
C:\Users\Erik\code\SDL2-2.32.10\x86_64-w64-mingw32\lib/libSDL2.dll.a(SDL2_dll_d000440.o)
                              exotique.o (SDL_LogCritical)
C:\Users\Erik\code\SDL2-2.32.10\x86_64-w64-mingw32\lib/libSDL2.dll.a(SDL2_dll_d000356.o)
                              exotique.o (SDL_Init)
C:\Users\Erik\code\SDL2-2.32.10\x86_64-w64-mingw32\lib/libSDL2.dll.a(SDL2_dll_d000269.o)
                              exotique.o (SDL_GetTicks64)
C:\Users\Erik\code\SDL2-2.32.10\x86_64-w64-mingw32\lib/libSDL2.dll.a(SDL2_dll_d000218.o)
                              exotique.o (SDL_GetMouseState)
C:\Users\Erik\code\SDL2-2.32.10\x86_64-w64-mingw32\lib/libSDL2.dll.a(SDL2_dll_d000214.o)
                              exotique.o (SDL_GetKeyboardState)
C:\Users\Erik\code\SDL2-2.32.10\x86_64-w64-mingw32\lib/libSDL2.dll.a(SDL2_dll_d000202.o)
                              exotique.o (SDL_GetError)
C:\Users\Erik\code\SDL2-2.32.10\x86_64-w64-mingw32\lib/libSDL2.dll.a(SDL2_dll_d000163.o)
                              exotique.o (SDL_GameControllerOpen)
C:\Users\Erik\code\SDL2-2.32.10\x86_64-w64-mingw32\lib/libSDL2.dll.a(SDL2_dll_d000130.o)
                              exotique.o (SDL_GameControllerGetButton)
C:\Users\Erik\code\SDL2-2.32.10\x86_64-w64-mingw32\lib/libSDL2.dll.a(SDL2_dll_d000126.o)
                              exotique.o (SDL_GameControllerGetAxis)
C:\Users\Erik\code\SDL2-2.32.10\x86_64-w64-mingw32\lib/libSDL2.dll.a(SDL2_dll_d000121.o)
                              exotique.o (SDL_GameControllerFromInstanceID)
C:\Users\Erik\code\SDL2-2.32.10\x86_64-w64-mingw32\lib/libSDL2.dll.a(SDL2_dll_d000119.o)
                              exotique.o (SDL_GameControllerClose)
C:\Users\Erik\code\SDL2-2.32.10\x86_64-w64-mingw32\lib/libSDL2.dll.a(SDL2_dll_d000073.o)
                              exotique.o (SDL_DestroyWindow)
C:\Users\Erik\code\SDL2-2.32.10\x86_64-w64-mingw32\lib/libSDL2.dll.a(SDL2_dll_d000072.o)
                              exotique.o (SDL_DestroyTexture)
C:\Users\Erik\code\SDL2-2.32.10\x86_64-w64-mingw32\lib/libSDL2.dll.a(SDL2_dll_d000070.o)
                              exotique.o (SDL_DestroyRenderer)
C:\Users\Erik\code\SDL2-2.32.10\x86_64-w64-mingw32\lib/libSDL2.dll.a(SDL2_dll_d000059.o)
                              exotique.o (SDL_CreateWindow)
C:\Users\Erik\code\SDL2-2.32.10\x86_64-w64-mingw32\lib/libSDL2.dll.a(SDL2_dll_d000055.o)
                              exotique.o (SDL_CreateTexture)
C:\Users\Erik\code\SDL2-2.32.10\x86_64-w64-mingw32\lib/libSDL2.dll.a(SDL2_dll_d000050.o)
                              exotique.o (SDL_CreateRenderer)
C:\Users\Erik\code\SDL2-2.32.10\x86_64-w64-mingw32\lib/libSDL2.dll.a(SDL2_dll_d000000.o)
                              C:\Users\Erik\code\SDL2-2.32.10\x86_64-w64-mingw32\lib/libSDL2.dll.a(SDL2_dll_d000678.o) (_head_SDL2_dll)
C:\Users\Erik\code\SDL2-2.32.10\x86_64-w64-mingw32\lib/libSDL2.dll.a(SDL2_dll_d000846.o)
[...]
Memory Configuration

Name             Origin             Length             Attributes
*default*        0x0000000000000000 0xffffffffffffffff

Linker script and memory map

                0x0000000140000000                __image_base__ = 0x140000000
                0x0000000000000000                __dll__ = 0x0
                0x0000000140000000                __ImageBase = 0x140000000
                0x0000000000001000                __section_alignment__ = 0x1000
                0x0000000000000200                __file_alignment__ = 0x200
                0x0000000000000004                __major_os_version__ = 0x4
                0x0000000000000000                __minor_os_version__ = 0x0
                0x0000000000000000                __major_image_version__ = 0x0
                0x0000000000000000                __minor_image_version__ = 0x0
                0x0000000000000005                __major_subsystem_version__ = 0x5
                0x0000000000000002                __minor_subsystem_version__ = 0x2
                0x0000000000000003                __subsystem__ = 0x3
                0x0000000000200000                __size_of_stack_reserve__ = 0x200000
                0x0000000000001000                __size_of_stack_commit__ = 0x1000
                0x0000000000100000                __size_of_heap_reserve__ = 0x100000
                0x0000000000001000                __size_of_heap_commit__ = 0x1000
                0x0000000000000000                __loader_flags__ = 0x0
                0x0000000000000160                __dll_characteristics__ = 0x160
LOAD C:/msys64/ucrt64/bin/../lib/gcc/x86_64-w64-mingw32/13.1.0/../../../../lib/crt2.o
LOAD C:/msys64/ucrt64/bin/../lib/gcc/x86_64-w64-mingw32/13.1.0/crtbegin.o
LOAD exotique.o
LOAD mahjong.o
LOAD C:\Users\Erik\code\SDL2-2.32.10\x86_64-w64-mingw32\lib/libSDL2.dll.a
LOAD C:/msys64/ucrt64/bin/../lib/gcc/x86_64-w64-mingw32/13.1.0/../../../../lib/libmingw32.a
LOAD C:/msys64/ucrt64/bin/../lib/gcc/x86_64-w64-mingw32/13.1.0/libgcc.a
LOAD C:/msys64/ucrt64/bin/../lib/gcc/x86_64-w64-mingw32/13.1.0/libgcc_eh.a
LOAD C:/msys64/ucrt64/bin/../lib/gcc/x86_64-w64-mingw32/13.1.0/../../../../lib/libmoldname.a
LOAD C:/msys64/ucrt64/bin/../lib/gcc/x86_64-w64-mingw32/13.1.0/../../../../lib/libmingwex.a
LOAD C:/msys64/ucrt64/bin/../lib/gcc/x86_64-w64-mingw32/13.1.0/../../../../lib/libmsvcrt.a
LOAD C:/msys64/ucrt64/bin/../lib/gcc/x86_64-w64-mingw32/13.1.0/../../../../lib/libkernel32.a
LOAD C:/msys64/ucrt64/bin/../lib/gcc/x86_64-w64-mingw32/13.1.0/../../../../lib/libpthread.dll.a
LOAD C:/msys64/ucrt64/bin/../lib/gcc/x86_64-w64-mingw32/13.1.0/../../../../lib/libadvapi32.a
LOAD C:/msys64/ucrt64/bin/../lib/gcc/x86_64-w64-mingw32/13.1.0/../../../../lib/libshell32.a
LOAD C:/msys64/ucrt64/bin/../lib/gcc/x86_64-w64-mingw32/13.1.0/../../../../lib/libuser32.a
LOAD C:/msys64/ucrt64/bin/../lib/gcc/x86_64-w64-mingw32/13.1.0/../../../../lib/libkernel32.a
LOAD C:/msys64/ucrt64/bin/../lib/gcc/x86_64-w64-mingw32/13.1.0/../../../../lib/libmingw32.a
LOAD C:/msys64/ucrt64/bin/../lib/gcc/x86_64-w64-mingw32/13.1.0/libgcc.a
LOAD C:/msys64/ucrt64/bin/../lib/gcc/x86_64-w64-mingw32/13.1.0/libgcc_eh.a
LOAD C:/msys64/ucrt64/bin/../lib/gcc/x86_64-w64-mingw32/13.1.0/../../../../lib/libmoldname.a
LOAD C:/msys64/ucrt64/bin/../lib/gcc/x86_64-w64-mingw32/13.1.0/../../../../lib/libmingwex.a
LOAD C:/msys64/ucrt64/bin/../lib/gcc/x86_64-w64-mingw32/13.1.0/../../../../lib/libmsvcrt.a
LOAD C:/msys64/ucrt64/bin/../lib/gcc/x86_64-w64-mingw32/13.1.0/../../../../lib/libkernel32.a
LOAD C:/msys64/ucrt64/bin/../lib/gcc/x86_64-w64-mingw32/13.1.0/../../../../lib/default-manifest.o
LOAD C:/msys64/ucrt64/bin/../lib/gcc/x86_64-w64-mingw32/13.1.0/crtend.o
                0x00000000000004a8                . = SIZEOF_HEADERS
                0x0000000000001000                . = ALIGN (__section_alignment__)

.text           0x0000000140001000    0x11400
 *(SORT_NONE(.init))
 *(.text)
 .text          0x0000000140001000      0x430 C:/msys64/ucrt64/bin/../lib/gcc/x86_64-w64-mingw32/13.1.0/../../../../lib/crt2.o
                0x00000001400013d0                WinMainCRTStartup
                0x00000001400013f0                mainCRTStartup
                0x0000000140001410                atexit
 .text          0x0000000140001430       0x20 C:/msys64/ucrt64/bin/../lib/gcc/x86_64-w64-mingw32/13.1.0/crtbegin.o
                0x0000000140001430                __gcc_register_frame
                0x0000000140001440                __gcc_deregister_frame
 .text          0x0000000140001450       0xc0 exotique.o
                0x00000001400014df                exotique_printf
 .text          0x0000000140001510     0xef10 mahjong.o
                0x0000000140001510                compare_f32
                0x0000000140001540                cos
                0x0000000140001670                sin
                0x00000001400017d0                cosf
                0x0000000140001920                sinf
                0x0000000140001a80                f32s_equal
                0x0000000140001ab0                fabsf
                0x0000000140001ac0                lerp
                0x0000000140001ad0                fast_atan2
                0x0000000140001b50                mat_mul_mat
                0x0000000140001c70                mat_inverse_affine
                0x0000000140001f00                transform_to_matrix
                0x0000000140002550                translation_matrix
                0x00000001400025b0                rotation_x_matrix
                0x00000001400028d0                rotation_y_matrix
                0x0000000140002c00                transform_to_view_matrix
                0x00000001400033a0                mat_mul_vert3
                0x0000000140003460                mat_mul_normal
                0x0000000140003540                triangle_backfacing
                0x00000001400035c0                fast_log2
                0x00000001400035d0                absf
                0x00000001400035e0                parallel_pixel_shader
                0x00000001400037d0                pixel_shader
                0x00000001400038d0                triangle_block
                0x0000000140004670                orbit_camera_position
                0x0000000140004c50                look_at_yx
                0x0000000140004e20                lfsr16
                0x0000000140004e60                rand_word
                0x0000000140004ea0                init_tiles
                0x0000000140004f10                clear_tile_bins
                0x0000000140004f60                reset_tile_hi_z
                0x0000000140004fb0                project_coord
                0x0000000140005000                clip_bounding_box
                0x00000001400054a0                get_mesh_bbox
                0x00000001400057d0                nextrand
                0x0000000140005840                roll_die
                0x00000001400058d0                decompress_texture
                0x0000000140005ac0                rgba_to_f32_rgb
                0x0000000140005b10                color_dist
                0x0000000140005bc0                closest_base_color_idx
                0x0000000140006240                closest_overall_color_idx
                0x0000000140006430                mip_texture
                0x00000001400066d0                decompress_textures
                0x0000000140006b10                get_frames_for_duration
                0x0000000140006b40                init_empty_wall
                0x0000000140006c20                init_hand
                0x0000000140006c40                init_empty_hand
                0x0000000140006c70                clear_shuffle
                0x0000000140006c80                reset_game
                0x0000000140006de0                output_palette
                0x0000000140006e40                output_full_light_remap_table
                0x0000000140006ed0                game_load
                0x0000000140007bb0                step_shuffle_and_setup
                0x0000000140007cb0                step_deal
                0x0000000140007ee0                sort_hand
                0x00000001400080a0                discard_current_tile
                0x0000000140008370                draw_next_tile
                0x0000000140008400                game_update
                0x00000001400094f0                draw_tile
                0x0000000140009720                draw_tiles
                0x0000000140009790                orient2d
                0x00000001400097d0                calc_edges
                0x00000001400098e0                check_trivial_reject_accept
                0x0000000140009a50                bin_triangle
                0x000000014000a270                submit_mesh_draw_call
                0x000000014000af30                sort_draw_calls_near_to_far
                0x000000014000af40                submit_draw_calls
                0x000000014000afc0                identity_transform
                0x000000014000afe0                calc_wall_tile_x_position
                0x000000014000b000                calc_wall_tile_y_position
                0x000000014000b0a0                mod_positive
                0x000000014000b0c0                calc_wall_tile_global_position
                0x000000014000b550                calc_hand_x_position
                0x000000014000b590                calc_hand_y_position
                0x000000014000b5c0                calc_global_hand_position
                0x000000014000b660                calc_animated_hand_tile_position
                0x000000014000b880                draw_hand
                0x000000014000e8b0                draw_wall
                0x000000014000f9d0                draw_board
                0x0000000140010300                game_draw
 .text          0x0000000140010420        0x8 C:\Users\Erik\code\SDL2-2.32.10\x86_64-w64-mingw32\lib/libSDL2.dll.a(SDL2_dll_d000678.o)
                0x0000000140010420                SDL_UpdateTexture
 .text          0x0000000140010428        0x8 C:\Users\Erik\code\SDL2-2.32.10\x86_64-w64-mingw32\lib/libSDL2.dll.a(SDL2_dll_d000652.o)
                0x0000000140010428                SDL_ShowCursor
 .text          0x0000000140010430        0x8 C:\Users\Erik\code\SDL2-2.32.10\x86_64-w64-mingw32\lib/libSDL2.dll.a(SDL2_dll_d000558.o)
                0x0000000140010430                SDL_RenderSetLogicalSize
 .text          0x0000000140010438        0x8 C:\Users\Erik\code\SDL2-2.32.10\x86_64-w64-mingw32\lib/libSDL2.dll.a(SDL2_dll_d000557.o)
                0x0000000140010438                SDL_RenderSetIntegerScale
 .text          0x0000000140010440        0x8 C:\Users\Erik\code\SDL2-2.32.10\x86_64-w64-mingw32\lib/libSDL2.dll.a(SDL2_dll_d000554.o)
                0x0000000140010440                SDL_RenderPresent
 .text          0x0000000140010448        0x8 C:\Users\Erik\code\SDL2-2.32.10\x86_64-w64-mingw32\lib/libSDL2.dll.a(SDL2_dll_d000518.o)
                0x0000000140010448                SDL_RenderCopy
 .text          0x0000000140010450        0x8 C:\Users\Erik\code\SDL2-2.32.10\x86_64-w64-mingw32\lib/libSDL2.dll.a(SDL2_dll_d000517.o)
                0x0000000140010450                SDL_RenderClear
 .text          0x0000000140010458        0x8 C:\Users\Erik\code\SDL2-2.32.10\x86_64-w64-mingw32\lib/libSDL2.dll.a(SDL2_dll_d000493.o)
                0x0000000140010458                SDL_Quit
 .text          0x0000000140010460        0x8 C:\Users\Erik\code\SDL2-2.32.10\x86_64-w64-mingw32\lib/libSDL2.dll.a(SDL2_dll_d000489.o)
                0x0000000140010460                SDL_PumpEvents
 .text          0x0000000140010468        0x8 C:\Users\Erik\code\SDL2-2.32.10\x86_64-w64-mingw32\lib/libSDL2.dll.a(SDL2_dll_d000487.o)
                0x0000000140010468                SDL_PollEvent
 .text          0x0000000140010470        0x8 C:\Users\Erik\code\SDL2-2.32.10\x86_64-w64-mingw32\lib/libSDL2.dll.a(SDL2_dll_d000453.o)
                0x0000000140010470                SDL_LogWarn
 .text          0x0000000140010478        0x8 C:\Users\Erik\code\SDL2-2.32.10\x86_64-w64-mingw32\lib/libSDL2.dll.a(SDL2_dll_d000449.o)
                0x0000000140010478                SDL_LogSetAllPriority
 .text          0x0000000140010480        0x8 C:\Users\Erik\code\SDL2-2.32.10\x86_64-w64-mingw32\lib/libSDL2.dll.a(SDL2_dll_d000445.o)
                0x0000000140010480                SDL_LogInfo
 .text          0x0000000140010488        0x8 C:\Users\Erik\code\SDL2-2.32.10\x86_64-w64-mingw32\lib/libSDL2.dll.a(SDL2_dll_d000440.o)
                0x0000000140010488                SDL_LogCritical
 .text          0x0000000140010490        0x8 C:\Users\Erik\code\SDL2-2.32.10\x86_64-w64-mingw32\lib/libSDL2.dll.a(SDL2_dll_d000356.o)
                0x0000000140010490                SDL_Init
 .text          0x0000000140010498        0x8 C:\Users\Erik\code\SDL2-2.32.10\x86_64-w64-mingw32\lib/libSDL2.dll.a(SDL2_dll_d000269.o)
                0x0000000140010498                SDL_GetTicks64
 .text          0x00000001400104a0        0x8 C:\Users\Erik\code\SDL2-2.32.10\x86_64-w64-mingw32\lib/libSDL2.dll.a(SDL2_dll_d000218.o)
                0x00000001400104a0                SDL_GetMouseState
 .text          0x00000001400104a8        0x8 C:\Users\Erik\code\SDL2-2.32.10\x86_64-w64-mingw32\lib/libSDL2.dll.a(SDL2_dll_d000214.o)
                0x00000001400104a8                SDL_GetKeyboardState
 .text          0x00000001400104b0        0x8 C:\Users\Erik\code\SDL2-2.32.10\x86_64-w64-mingw32\lib/libSDL2.dll.a(SDL2_dll_d000202.o)
                0x00000001400104b0                SDL_GetError
 .text          0x00000001400104b8        0x8 C:\Users\Erik\code\SDL2-2.32.10\x86_64-w64-mingw32\lib/libSDL2.dll.a(SDL2_dll_d000163.o)
                0x00000001400104b8                SDL_GameControllerOpen
 .text          0x00000001400104c0        0x8 C:\Users\Erik\code\SDL2-2.32.10\x86_64-w64-mingw32\lib/libSDL2.dll.a(SDL2_dll_d000130.o)
                0x00000001400104c0                SDL_GameControllerGetButton
 .text          0x00000001400104c8        0x8 C:\Users\Erik\code\SDL2-2.32.10\x86_64-w64-mingw32\lib/libSDL2.dll.a(SDL2_dll_d000126.o)
                0x00000001400104c8                SDL_GameControllerGetAxis
 .text          0x00000001400104d0        0x8 C:\Users\Erik\code\SDL2-2.32.10\x86_64-w64-mingw32\lib/libSDL2.dll.a(SDL2_dll_d000121.o)
                0x00000001400104d0                SDL_GameControllerFromInstanceID
 .text          0x00000001400104d8        0x8 C:\Users\Erik\code\SDL2-2.32.10\x86_64-w64-mingw32\lib/libSDL2.dll.a(SDL2_dll_d000119.o)
                0x00000001400104d8                SDL_GameControllerClose
 .text          0x00000001400104e0        0x8 C:\Users\Erik\code\SDL2-2.32.10\x86_64-w64-mingw32\lib/libSDL2.dll.a(SDL2_dll_d000073.o)
                0x00000001400104e0                SDL_DestroyWindow
 .text          0x00000001400104e8        0x8 C:\Users\Erik\code\SDL2-2.32.10\x86_64-w64-mingw32\lib/libSDL2.dll.a(SDL2_dll_d000072.o)
                0x00000001400104e8                SDL_DestroyTexture
 .text          0x00000001400104f0        0x8 C:\Users\Erik\code\SDL2-2.32.10\x86_64-w64-mingw32\lib/libSDL2.dll.a(SDL2_dll_d000070.o)
                0x00000001400104f0                SDL_DestroyRenderer
 .text          0x00000001400104f8        0x8 C:\Users\Erik\code\SDL2-2.32.10\x86_64-w64-mingw32\lib/libSDL2.dll.a(SDL2_dll_d000059.o)
                0x00000001400104f8                SDL_CreateWindow
 .text          0x0000000140010500        0x8 C:\Users\Erik\code\SDL2-2.32.10\x86_64-w64-mingw32\lib/libSDL2.dll.a(SDL2_dll_d000055.o)
                0x0000000140010500                SDL_CreateTexture
 .text          0x0000000140010508        0x8 C:\Users\Erik\code\SDL2-2.32.10\x86_64-w64-mingw32\lib/libSDL2.dll.a(SDL2_dll_d000050.o)
                0x0000000140010508                SDL_CreateRenderer
 .text          0x0000000140010510       0xd0 C:/msys64/ucrt64/bin/../lib/gcc/x86_64-w64-mingw32/13.1.0/../../../../lib/libmingw32.a(lib64_libmingw32_a-gccmain.o)
                0x0000000140010510                __do_global_dtors
                0x0000000140010550                __do_global_ctors
                0x00000001400105c0                __main
 .text          0x00000001400105e0        0x0 C:/msys64/ucrt64/bin/../lib/gcc/x86_64-w64-mingw32/13.1.0/../../../../lib/libmingw32.a(lib64_libmingw32_a-natstart.o)
 .text          0x00000001400105e0        0x0 C:/msys64/ucrt64/bin/../lib/gcc/x86_64-w64-mingw32/13.1.0/../../../../lib/libmingw32.a(lib64_libmingw32_a-wildcard.o)
 .text          0x00000001400105e0       0x10 C:/msys64/ucrt64/bin/../lib/gcc/x86_64-w64-mingw32/13.1.0/../../../../lib/libmingw32.a(lib64_libmingw32_a-dllargv.o)
                0x00000001400105e0                _setargv
 .text          0x00000001400105f0        0x0 C:/msys64/ucrt64/bin/../lib/gcc/x86_64-w64-mingw32/13.1.0/../../../../lib/libmingw32.a(lib64_libmingw32_a-_newmode.o)
 .text          0x00000001400105f0       0xd0 C:/msys64/ucrt64/bin/../lib/gcc/x86_64-w64-mingw32/13.1.0/../../../../lib/libmingw32.a(lib64_libmingw32_a-tlssup.o)
                0x0000000140010620                __dyn_tls_init
                0x00000001400106b0                __tlregdtor
 .text          0x00000001400106c0        0x0 C:/msys64/ucrt64/bin/../lib/gcc/x86_64-w64-mingw32/13.1.0/../../../../lib/libmingw32.a(lib64_libmingw32_a-xncommod.o)
 .text          0x00000001400106c0        0x0 C:/msys64/ucrt64/bin/../lib/gcc/x86_64-w64-mingw32/13.1.0/../../../../lib/libmingw32.a(lib64_libmingw32_a-cinitexe.o)
 .text          0x00000001400106c0      0x100 C:/msys64/ucrt64/bin/../lib/gcc/x86_64-w64-mingw32/13.1.0/../../../../lib/libmingw32.a(lib64_libmingw32_a-merr.o)
                0x00000001400106c0                _matherr
 .text          0x00000001400107c0       0x10 C:/msys64/ucrt64/bin/../lib/gcc/x86_64-w64-mingw32/13.1.0/../../../../lib/libmingw32.a(lib64_libmingw32_a-CRT_fp10.o)
                0x00000001400107c0                fpreset
                0x00000001400107c0                _fpreset
 .text          0x00000001400107d0        0x0 C:/msys64/ucrt64/bin/../lib/gcc/x86_64-w64-mingw32/13.1.0/../../../../lib/libmingw32.a(lib64_libmingw32_a-mingw_helpers.o)
 .text          0x00000001400107d0      0x540 C:/msys64/ucrt64/bin/../lib/gcc/x86_64-w64-mingw32/13.1.0/../../../../lib/libmingw32.a(lib64_libmingw32_a-pseudo-reloc.o)
                0x00000001400109b0                _pei386_runtime_relocator
 .text          0x0000000140010d10       0x50 C:/msys64/ucrt64/bin/../lib/gcc/x86_64-w64-mingw32/13.1.0/../../../../lib/libmingw32.a(lib64_libmingw32_a-usermatherr.o)
                0x0000000140010d10                __mingw_raise_matherr
                0x0000000140010d50                __mingw_setusermatherr
 .text          0x0000000140010d60        0x0 C:/msys64/ucrt64/bin/../lib/gcc/x86_64-w64-mingw32/13.1.0/../../../../lib/libmingw32.a(lib64_libmingw32_a-xtxtmode.o)
 .text          0x0000000140010d60      0x1a0 C:/msys64/ucrt64/bin/../lib/gcc/x86_64-w64-mingw32/13.1.0/../../../../lib/libmingw32.a(lib64_libmingw32_a-crt_handler.o)
                0x0000000140010d60                _gnu_exception_handler
 .text          0x0000000140010f00      0x270 C:/msys64/ucrt64/bin/../lib/gcc/x86_64-w64-mingw32/13.1.0/../../../../lib/libmingw32.a(lib64_libmingw32_a-tlsthrd.o)
                0x0000000140010f70                ___w64_mingwthr_add_key_dtor
                0x0000000140010fe0                ___w64_mingwthr_remove_key_dtor
                0x0000000140011070                __mingw_TLScallback
 .text          0x0000000140011170        0x0 C:/msys64/ucrt64/bin/../lib/gcc/x86_64-w64-mingw32/13.1.0/../../../../lib/libmingw32.a(lib64_libmingw32_a-tlsmcrt.o)
 .text          0x0000000140011170        0x0 C:/msys64/ucrt64/bin/../lib/gcc/x86_64-w64-mingw32/13.1.0/../../../../lib/libmingw32.a(lib64_libmingw32_a-pseudo-reloc-list.o)
 .text          0x0000000140011170      0x400 C:/msys64/ucrt64/bin/../lib/gcc/x86_64-w64-mingw32/13.1.0/../../../../lib/libmingw32.a(lib64_libmingw32_a-pesect.o)
                0x0000000140011170                _ValidateImageBase
                0x00000001400111a0                _FindPESection
                0x00000001400111f0                _FindPESectionByName
                0x0000000140011290                __mingw_GetSectionForAddress
                0x0000000140011310                __mingw_GetSectionCount
                0x0000000140011350                _FindPESectionExec
                0x00000001400113d0                _GetPEImageBase
                0x0000000140011410                _IsNonwritableInCurrentImage
                0x00000001400114a0                __mingw_enum_import_library_names
 .text          0x0000000140011570       0x40 C:/msys64/ucrt64/bin/../lib/gcc/x86_64-w64-mingw32/13.1.0/libgcc.a(_chkstk_ms.o)
                0x0000000140011570                ___chkstk_ms
 .text          0x00000001400115b0        0x0 C:/msys64/ucrt64/bin/../lib/gcc/x86_64-w64-mingw32/13.1.0/libgcc.a(_ctors.o)
 .text          0x00000001400115b0        0x0 C:/msys64/ucrt64/bin/../lib/gcc/x86_64-w64-mingw32/13.1.0/../../../../lib/libmingwex.a(lib64_libmingwex_a-mingw_matherr.o)
 .text          0x00000001400115b0       0x40 C:/msys64/ucrt64/bin/../lib/gcc/x86_64-w64-mingw32/13.1.0/../../../../lib/libmsvcrt.a(lib64_libucrt_extra_a-ucrt_vprintf.o)
                0x00000001400115b0                vprintf
 .text          0x00000001400115f0       0x20 C:/msys64/ucrt64/bin/../lib/gcc/x86_64-w64-mingw32/13.1.0/../../../../lib/libmsvcrt.a(lib64_libucrt_extra_a-ucrt_vfprintf.o)
                0x00000001400115f0                vfprintf
 .text          0x0000000140011610       0x40 C:/msys64/ucrt64/bin/../lib/gcc/x86_64-w64-mingw32/13.1.0/../../../../lib/libmsvcrt.a(lib64_libucrt_extra_a-ucrt_fprintf.o)
                0x0000000140011610                fprintf
 .text          0x0000000140011650        0x0 C:/msys64/ucrt64/bin/../lib/gcc/x86_64-w64-mingw32/13.1.0/../../../../lib/libmsvcrt.a(lib64_libucrt_extra_a-__initenv.o)
 .text          0x0000000140011650      0x220 C:/msys64/ucrt64/bin/../lib/gcc/x86_64-w64-mingw32/13.1.0/../../../../lib/libmsvcrt.a(lib64_libucrt_extra_a-ucrtbase_compat.o)
                0x0000000140011650                _get_output_format
                0x0000000140011660                __getmainargs
                0x00000001400116d0                __wgetmainargs
                0x0000000140011740                _onexit
                0x0000000140011760                at_quick_exit
                0x0000000140011780                _amsg_exit
                0x00000001400117b0                __ms_fwprintf
                0x00000001400117f0                tzset
                0x0000000140011830                _tzset
 .text          0x0000000140011870        0x8 C:/msys64/ucrt64/bin/../lib/gcc/x86_64-w64-mingw32/13.1.0/../../../../lib/libmsvcrt.a(libapi-ms-win-crt-time-l1-1-0s00008.o)
                0x0000000140011870                __daylight
 .text          0x0000000140011878        0x8 C:/msys64/ucrt64/bin/../lib/gcc/x86_64-w64-mingw32/13.1.0/../../../../lib/libmsvcrt.a(libapi-ms-win-crt-time-l1-1-0s00010.o)
                0x0000000140011878                __timezone
 .text          0x0000000140011880        0x8 C:/msys64/ucrt64/bin/../lib/gcc/x86_64-w64-mingw32/13.1.0/../../../../lib/libmsvcrt.a(libapi-ms-win-crt-time-l1-1-0s00011.o)
                0x0000000140011880                __tzname
 .text          0x0000000140011888        0x0 C:/msys64/ucrt64/bin/../lib/gcc/x86_64-w64-mingw32/13.1.0/../../../../lib/libmsvcrt.a(libapi-ms-win-crt-time-l1-1-0s00058.o)
 *fill*         0x0000000140011888        0x8 
 .text          0x0000000140011890        0x0 C:/msys64/ucrt64/bin/../lib/gcc/x86_64-w64-mingw32/13.1.0/../../../../lib/libmsvcrt.a(libapi-ms-win-crt-time-l1-1-0h.o)
 .text          0x0000000140011890        0x0 C:/msys64/ucrt64/bin/../lib/gcc/x86_64-w64-mingw32/13.1.0/../../../../lib/libmsvcrt.a(libapi-ms-win-crt-time-l1-1-0t.o)
 .text          0x0000000140011890        0x8 C:/msys64/ucrt64/bin/../lib/gcc/x86_64-w64-mingw32/13.1.0/../../../../lib/libmsvcrt.a(libapi-ms-win-crt-string-l1-1-0s00167.o)
                0x0000000140011890                strlen
 .text          0x0000000140011898        0x8 C:/msys64/ucrt64/bin/../lib/gcc/x86_64-w64-mingw32/13.1.0/../../../../lib/libmsvcrt.a(libapi-ms-win-crt-string-l1-1-0s00170.o)
                0x0000000140011898                strncmp
 .text          0x00000001400118a0        0x0 C:/msys64/ucrt64/bin/../lib/gcc/x86_64-w64-mingw32/13.1.0/../../../../lib/libmsvcrt.a(libapi-ms-win-crt-string-l1-1-0h.o)
 .text          0x00000001400118a0        0x0 C:/msys64/ucrt64/bin/../lib/gcc/x86_64-w64-mingw32/13.1.0/../../../../lib/libmsvcrt.a(libapi-ms-win-crt-string-l1-1-0t.o)
 .text          0x00000001400118a0        0x8 C:/msys64/ucrt64/bin/../lib/gcc/x86_64-w64-mingw32/13.1.0/../../../../lib/libmsvcrt.a(libapi-ms-win-crt-stdio-l1-1-0s00000.o)
                0x00000001400118a0                __acrt_iob_func
 .text          0x00000001400118a8        0x8 C:/msys64/ucrt64/bin/../lib/gcc/x86_64-w64-mingw32/13.1.0/../../../../lib/libmsvcrt.a(libapi-ms-win-crt-stdio-l1-1-0s00001.o)
                0x00000001400118a8                __p__commode
 .text          0x00000001400118b0        0x8 C:/msys64/ucrt64/bin/../lib/gcc/x86_64-w64-mingw32/13.1.0/../../../../lib/libmsvcrt.a(libapi-ms-win-crt-stdio-l1-1-0s00002.o)
                0x00000001400118b0                __p__fmode
 .text          0x00000001400118b8        0x8 C:/msys64/ucrt64/bin/../lib/gcc/x86_64-w64-mingw32/13.1.0/../../../../lib/libmsvcrt.a(libapi-ms-win-crt-stdio-l1-1-0s00003.o)
                0x00000001400118b8                __stdio_common_vfprintf
 .text          0x00000001400118c0        0x8 C:/msys64/ucrt64/bin/../lib/gcc/x86_64-w64-mingw32/13.1.0/../../../../lib/libmsvcrt.a(libapi-ms-win-crt-stdio-l1-1-0s00007.o)
                0x00000001400118c0                __stdio_common_vfwprintf
 .text          0x00000001400118c8        0x8 C:/msys64/ucrt64/bin/../lib/gcc/x86_64-w64-mingw32/13.1.0/../../../../lib/libmsvcrt.a(libapi-ms-win-crt-stdio-l1-1-0s00168.o)
                0x00000001400118c8                fwrite
 .text          0x00000001400118d0        0x0 C:/msys64/ucrt64/bin/../lib/gcc/x86_64-w64-mingw32/13.1.0/../../../../lib/libmsvcrt.a(libapi-ms-win-crt-stdio-l1-1-0h.o)
 .text          0x00000001400118d0        0x0 C:/msys64/ucrt64/bin/../lib/gcc/x86_64-w64-mingw32/13.1.0/../../../../lib/libmsvcrt.a(libapi-ms-win-crt-stdio-l1-1-0t.o)
 .text          0x00000001400118d0        0x8 C:/msys64/ucrt64/bin/../lib/gcc/x86_64-w64-mingw32/13.1.0/../../../../lib/libmsvcrt.a(libapi-ms-win-crt-runtime-l1-1-0s00004.o)
                0x00000001400118d0                __p___argc
 .text          0x00000001400118d8        0x8 C:/msys64/ucrt64/bin/../lib/gcc/x86_64-w64-mingw32/13.1.0/../../../../lib/libmsvcrt.a(libapi-ms-win-crt-runtime-l1-1-0s00005.o)
                0x00000001400118d8                __p___argv
 .text          0x00000001400118e0        0x8 C:/msys64/ucrt64/bin/../lib/gcc/x86_64-w64-mingw32/13.1.0/../../../../lib/libmsvcrt.a(libapi-ms-win-crt-runtime-l1-1-0s00006.o)
                0x00000001400118e0                __p___wargv
 .text          0x00000001400118e8        0x8 C:/msys64/ucrt64/bin/../lib/gcc/x86_64-w64-mingw32/13.1.0/../../../../lib/libmsvcrt.a(libapi-ms-win-crt-runtime-l1-1-0s00022.o)
                0x00000001400118e8                _cexit
 .text          0x00000001400118f0        0x8 C:/msys64/ucrt64/bin/../lib/gcc/x86_64-w64-mingw32/13.1.0/../../../../lib/libmsvcrt.a(libapi-ms-win-crt-runtime-l1-1-0s00024.o)
                0x00000001400118f0                _configure_narrow_argv
 .text          0x00000001400118f8        0x8 C:/msys64/ucrt64/bin/../lib/gcc/x86_64-w64-mingw32/13.1.0/../../../../lib/libmsvcrt.a(libapi-ms-win-crt-runtime-l1-1-0s00025.o)
                0x00000001400118f8                _configure_wide_argv
 .text          0x0000000140011900        0x8 C:/msys64/ucrt64/bin/../lib/gcc/x86_64-w64-mingw32/13.1.0/../../../../lib/libmsvcrt.a(libapi-ms-win-crt-runtime-l1-1-0s00029.o)
                0x0000000140011900                _crt_at_quick_exit
 .text          0x0000000140011908        0x8 C:/msys64/ucrt64/bin/../lib/gcc/x86_64-w64-mingw32/13.1.0/../../../../lib/libmsvcrt.a(libapi-ms-win-crt-runtime-l1-1-0s00030.o)
                0x0000000140011908                _crt_atexit
 .text          0x0000000140011910        0x8 C:/msys64/ucrt64/bin/../lib/gcc/x86_64-w64-mingw32/13.1.0/../../../../lib/libmsvcrt.a(libapi-ms-win-crt-runtime-l1-1-0s00036.o)
                0x0000000140011910                _exit
 .text          0x0000000140011918        0x8 C:/msys64/ucrt64/bin/../lib/gcc/x86_64-w64-mingw32/13.1.0/../../../../lib/libmsvcrt.a(libapi-ms-win-crt-runtime-l1-1-0s00053.o)
                0x0000000140011918                _initialize_narrow_environment
 .text          0x0000000140011920        0x8 C:/msys64/ucrt64/bin/../lib/gcc/x86_64-w64-mingw32/13.1.0/../../../../lib/libmsvcrt.a(libapi-ms-win-crt-runtime-l1-1-0s00055.o)
                0x0000000140011920                _initialize_wide_environment
 .text          0x0000000140011928        0x8 C:/msys64/ucrt64/bin/../lib/gcc/x86_64-w64-mingw32/13.1.0/../../../../lib/libmsvcrt.a(libapi-ms-win-crt-runtime-l1-1-0s00056.o)
                0x0000000140011928                _initterm
 .text          0x0000000140011930        0x8 C:/msys64/ucrt64/bin/../lib/gcc/x86_64-w64-mingw32/13.1.0/../../../../lib/libmsvcrt.a(libapi-ms-win-crt-runtime-l1-1-0s00068.o)
                0x0000000140011930                __set_app_type
 .text          0x0000000140011938        0x8 C:/msys64/ucrt64/bin/../lib/gcc/x86_64-w64-mingw32/13.1.0/../../../../lib/libmsvcrt.a(libapi-ms-win-crt-runtime-l1-1-0s00074.o)
                0x0000000140011938                _set_invalid_parameter_handler
 .text          0x0000000140011940        0x8 C:/msys64/ucrt64/bin/../lib/gcc/x86_64-w64-mingw32/13.1.0/../../../../lib/libmsvcrt.a(libapi-ms-win-crt-runtime-l1-1-0s00087.o)
                0x0000000140011940                abort
 .text          0x0000000140011948        0x8 C:/msys64/ucrt64/bin/../lib/gcc/x86_64-w64-mingw32/13.1.0/../../../../lib/libmsvcrt.a(libapi-ms-win-crt-runtime-l1-1-0s00088.o)
                0x0000000140011948                exit
 .text          0x0000000140011950        0x8 C:/msys64/ucrt64/bin/../lib/gcc/x86_64-w64-mingw32/13.1.0/../../../../lib/libmsvcrt.a(libapi-ms-win-crt-runtime-l1-1-0s00102.o)
                0x0000000140011950                signal
 *fill*         0x0000000140011958        0x8 
 .text          0x0000000140011960        0x0 C:/msys64/ucrt64/bin/../lib/gcc/x86_64-w64-mingw32/13.1.0/../../../../lib/libmsvcrt.a(libapi-ms-win-crt-runtime-l1-1-0h.o)
 .text          0x0000000140011960        0x0 C:/msys64/ucrt64/bin/../lib/gcc/x86_64-w64-mingw32/13.1.0/../../../../lib/libmsvcrt.a(libapi-ms-win-crt-runtime-l1-1-0t.o)
 .text          0x0000000140011960        0x8 C:/msys64/ucrt64/bin/../lib/gcc/x86_64-w64-mingw32/13.1.0/../../../../lib/libmsvcrt.a(libapi-ms-win-crt-private-l1-1-0s00015.o)
                0x0000000140011960                __C_specific_handler
 .text          0x0000000140011968        0x8 C:/msys64/ucrt64/bin/../lib/gcc/x86_64-w64-mingw32/13.1.0/../../../../lib/libmsvcrt.a(libapi-ms-win-crt-private-l1-1-0s01143.o)
                0x0000000140011968                memcpy
 .text          0x0000000140011970        0x0 C:/msys64/ucrt64/bin/../lib/gcc/x86_64-w64-mingw32/13.1.0/../../../../lib/libmsvcrt.a(libapi-ms-win-crt-private-l1-1-0h.o)
 .text          0x0000000140011970        0x0 C:/msys64/ucrt64/bin/../lib/gcc/x86_64-w64-mingw32/13.1.0/../../../../lib/libmsvcrt.a(libapi-ms-win-crt-private-l1-1-0t.o)
 .text          0x0000000140011970        0x8 C:/msys64/ucrt64/bin/../lib/gcc/x86_64-w64-mingw32/13.1.0/../../../../lib/libmsvcrt.a(libapi-ms-win-crt-math-l1-1-0s00009.o)
                0x0000000140011970                __setusermatherr
 *fill*         0x0000000140011978        0x8 
 .text          0x0000000140011980        0x0 C:/msys64/ucrt64/bin/../lib/gcc/x86_64-w64-mingw32/13.1.0/../../../../lib/libmsvcrt.a(libapi-ms-win-crt-math-l1-1-0h.o)
 .text          0x0000000140011980        0x0 C:/msys64/ucrt64/bin/../lib/gcc/x86_64-w64-mingw32/13.1.0/../../../../lib/libmsvcrt.a(libapi-ms-win-crt-math-l1-1-0t.o)
 .text          0x0000000140011980        0x8 C:/msys64/ucrt64/bin/../lib/gcc/x86_64-w64-mingw32/13.1.0/../../../../lib/libmsvcrt.a(libapi-ms-win-crt-heap-l1-1-0s00023.o)
                0x0000000140011980                _set_new_mode
 .text          0x0000000140011988        0x8 C:/msys64/ucrt64/bin/../lib/gcc/x86_64-w64-mingw32/13.1.0/../../../../lib/libmsvcrt.a(libapi-ms-win-crt-heap-l1-1-0s00024.o)
                0x0000000140011988                calloc
 .text          0x0000000140011990        0x8 C:/msys64/ucrt64/bin/../lib/gcc/x86_64-w64-mingw32/13.1.0/../../../../lib/libmsvcrt.a(libapi-ms-win-crt-heap-l1-1-0s00025.o)
                0x0000000140011990                free
 .text          0x0000000140011998        0x8 C:/msys64/ucrt64/bin/../lib/gcc/x86_64-w64-mingw32/13.1.0/../../../../lib/libmsvcrt.a(libapi-ms-win-crt-heap-l1-1-0s00026.o)
                0x0000000140011998                malloc
 .text          0x00000001400119a0        0x0 C:/msys64/ucrt64/bin/../lib/gcc/x86_64-w64-mingw32/13.1.0/../../../../lib/libmsvcrt.a(libapi-ms-win-crt-heap-l1-1-0h.o)
 .text          0x00000001400119a0        0x0 C:/msys64/ucrt64/bin/../lib/gcc/x86_64-w64-mingw32/13.1.0/../../../../lib/libmsvcrt.a(libapi-ms-win-crt-heap-l1-1-0t.o)
 .text          0x00000001400119a0        0x8 C:/msys64/ucrt64/bin/../lib/gcc/x86_64-w64-mingw32/13.1.0/../../../../lib/libmsvcrt.a(libapi-ms-win-crt-environment-l1-1-0s00000.o)
                0x00000001400119a0                __p__environ
 .text          0x00000001400119a8        0x8 C:/msys64/ucrt64/bin/../lib/gcc/x86_64-w64-mingw32/13.1.0/../../../../lib/libmsvcrt.a(libapi-ms-win-crt-environment-l1-1-0s00001.o)
                0x00000001400119a8                __p__wenviron
 .text          0x00000001400119b0        0x0 C:/msys64/ucrt64/bin/../lib/gcc/x86_64-w64-mingw32/13.1.0/../../../../lib/libmsvcrt.a(libapi-ms-win-crt-environment-l1-1-0h.o)
 .text          0x00000001400119b0        0x0 C:/msys64/ucrt64/bin/../lib/gcc/x86_64-w64-mingw32/13.1.0/../../../../lib/libmsvcrt.a(libapi-ms-win-crt-environment-l1-1-0t.o)
 .text          0x00000001400119b0        0x8 C:/msys64/ucrt64/bin/../lib/gcc/x86_64-w64-mingw32/13.1.0/../../../../lib/libkernel32.a(libkernel32s01490.o)
                0x00000001400119b0                VirtualQuery
 .text          0x00000001400119b8        0x8 C:/msys64/ucrt64/bin/../lib/gcc/x86_64-w64-mingw32/13.1.0/../../../../lib/libkernel32.a(libkernel32s01488.o)
                0x00000001400119b8                VirtualProtect
 .text          0x00000001400119c0        0x8 C:/msys64/ucrt64/bin/../lib/gcc/x86_64-w64-mingw32/13.1.0/../../../../lib/libkernel32.a(libkernel32s01441.o)
                0x00000001400119c0                TlsGetValue
 .text          0x00000001400119c8        0x8 C:/msys64/ucrt64/bin/../lib/gcc/x86_64-w64-mingw32/13.1.0/../../../../lib/libkernel32.a(libkernel32s01406.o)
                0x00000001400119c8                Sleep
 .text          0x00000001400119d0        0x8 C:/msys64/ucrt64/bin/../lib/gcc/x86_64-w64-mingw32/13.1.0/../../../../lib/libkernel32.a(libkernel32s01390.o)
                0x00000001400119d0                SetUnhandledExceptionFilter
 .text          0x00000001400119d8        0x8 C:/msys64/ucrt64/bin/../lib/gcc/x86_64-w64-mingw32/13.1.0/../../../../lib/libkernel32.a(libkernel32s00981.o)
                0x00000001400119d8                LeaveCriticalSection
 .text          0x00000001400119e0        0x8 C:/msys64/ucrt64/bin/../lib/gcc/x86_64-w64-mingw32/13.1.0/../../../../lib/libkernel32.a(libkernel32s00889.o)
                0x00000001400119e0                InitializeCriticalSection
 .text          0x00000001400119e8        0x8 C:/msys64/ucrt64/bin/../lib/gcc/x86_64-w64-mingw32/13.1.0/../../../../lib/libkernel32.a(libkernel32s00627.o)
                0x00000001400119e8                GetLastError
 .text          0x00000001400119f0        0x8 C:/msys64/ucrt64/bin/../lib/gcc/x86_64-w64-mingw32/13.1.0/../../../../lib/libkernel32.a(libkernel32s00316.o)
                0x00000001400119f0                EnterCriticalSection
 .text          0x00000001400119f8        0x8 C:/msys64/ucrt64/bin/../lib/gcc/x86_64-w64-mingw32/13.1.0/../../../../lib/libkernel32.a(libkernel32s00280.o)
                0x00000001400119f8                DeleteCriticalSection
 .text          0x0000000140011a00        0x0 C:/msys64/ucrt64/bin/../lib/gcc/x86_64-w64-mingw32/13.1.0/../../../../lib/libkernel32.a(libkernel32h.o)
 .text          0x0000000140011a00        0x0 C:/msys64/ucrt64/bin/../lib/gcc/x86_64-w64-mingw32/13.1.0/../../../../lib/libkernel32.a(libkernel32t.o)
 .text          0x0000000140011a00        0x0 C:/msys64/ucrt64/bin/../lib/gcc/x86_64-w64-mingw32/13.1.0/crtend.o
 *(SORT_BY_NAME(.text$*))
 *(.text.*)
 .text.startup  0x0000000140011a00      0x930 exotique.o
                0x0000000140011a00                main
 .text.startup  0x0000000140012330       0x10 C:/msys64/ucrt64/bin/../lib/gcc/x86_64-w64-mingw32/13.1.0/crtend.o
 *(.gnu.linkonce.t.*)
 *(.glue_7t)
 *(.glue_7)
                0x0000000140012340                . = ALIGN (0x8)
                0x0000000140012340                ___CTOR_LIST__ = .
                0x0000000140012340                __CTOR_LIST__ = .
                0x0000000140012340        0x4 LONG 0xffffffffffffffff
                0x0000000140012344        0x4 LONG 0xffffffffffffffff
 *(.ctors)
 *(.ctor)
 *(SORT_BY_NAME(.ctors.*))
 .ctors.65535   0x0000000140012348        0x8 C:/msys64/ucrt64/bin/../lib/gcc/x86_64-w64-mingw32/13.1.0/crtend.o
                0x0000000140012350        0x4 LONG 0x0
                0x0000000140012354        0x4 LONG 0x0
                0x0000000140012358                ___DTOR_LIST__ = .
                0x0000000140012358                __DTOR_LIST__ = .
                0x0000000140012358        0x4 LONG 0xffffffffffffffff
                0x000000014001235c        0x4 LONG 0xffffffffffffffff
 *(.dtors)
 *(.dtor)
 *(SORT_BY_NAME(.dtors.*))
                0x0000000140012360        0x4 LONG 0x0
                0x0000000140012364        0x4 LONG 0x0
 *(SORT_NONE(.fini))
 *(.gcc_exc)
                [!provide]                        PROVIDE (etext = .)
 *(.gcc_except_table)

.data           0x0000000140013000    0x86a00
                0x0000000140013000                __data_start__ = .
 *(.data)
 .data          0x0000000140013000        0x0 C:/msys64/ucrt64/bin/../lib/gcc/x86_64-w64-mingw32/13.1.0/../../../../lib/crt2.o
 .data          0x0000000140013000        0x0 C:/msys64/ucrt64/bin/../lib/gcc/x86_64-w64-mingw32/13.1.0/crtbegin.o
 .data          0x0000000140013000        0x0 exotique.o
 .data          0x0000000140013000    0x86840 mahjong.o
                0x0000000140013000                wall_rots_y
                0x0000000140013010                wall_offsets_z
                0x0000000140013020                wall_offsets_x
                0x0000000140013040                textures
                0x0000000140013350                texture_board
                0x0000000140013360                comp_tex_two_sou
                0x0000000140013380                comp_tex_two_sou_packets
                0x0000000140013b30                comp_tex_seven_man
                0x0000000140013b40                comp_tex_seven_man_packets
                0x00000001400144b0                comp_tex_five_man
                0x00000001400144c0                comp_tex_five_man_packets
                0x00000001400150c0                comp_tex_eight_pin
                0x00000001400150e0                comp_tex_eight_pin_packets
                0x0000000140017ac0                comp_tex_two_pin
                0x0000000140017ae0                comp_tex_two_pin_packets
                0x0000000140018cc0                comp_tex_west
                0x0000000140018ce0                comp_tex_west_packets
                0x0000000140019670                comp_tex_south
                0x0000000140019680                comp_tex_south_packets
                0x0000000140019ff0                comp_tex_east
                0x000000014001a000                comp_tex_east_packets
                0x000000014001a8a0                comp_tex_north
                0x000000014001a8c0                comp_tex_north_packets
                0x000000014001b020                comp_tex_white_dragon
                0x000000014001b030                comp_tex_white_dragon_packets
                0x000000014001b050                comp_tex_red_dragon
                0x000000014001b060                comp_tex_red_dragon_packets
                0x000000014001b6f0                comp_tex_green_dragon
                0x000000014001b700                comp_tex_green_dragon_packets
                0x000000014001c220                texture_background
                0x0000000140081634                trivial_reject_enabled
                0x0000000140081638                hi_z_enabled
                0x0000000140081640                light
                0x000000014008164c                camera_radius_top
                0x0000000140081650                camera_radius
                0x0000000140081654                camera_rot_x
                0x0000000140081660                board_mesh
                0x0000000140081680                tile_mesh
                0x00000001400816a0                palette_background
                0x00000001400818a0                palette
                0x0000000140081ca0                board_indexes
                0x000000014008aca0                board_vertexes
                0x0000000140098560                mahjong_tile_indexes
                0x0000000140098840                mahjong_tile_vertexes
 .data          0x0000000140099840       0x10 C:/msys64/ucrt64/bin/../lib/gcc/x86_64-w64-mingw32/13.1.0/../../../../lib/libmingw32.a(lib64_libmingw32_a-gccmain.o)
 .data          0x0000000140099850       0x10 C:/msys64/ucrt64/bin/../lib/gcc/x86_64-w64-mingw32/13.1.0/../../../../lib/libmingw32.a(lib64_libmingw32_a-natstart.o)
                0x0000000140099850                __native_vcclrit_reason
                0x0000000140099854                __native_dllmain_reason
 .data          0x0000000140099860       0x10 C:/msys64/ucrt64/bin/../lib/gcc/x86_64-w64-mingw32/13.1.0/../../../../lib/libmingw32.a(lib64_libmingw32_a-wildcard.o)
                0x0000000140099860                _dowildcard
 .data          0x0000000140099870        0x0 C:/msys64/ucrt64/bin/../lib/gcc/x86_64-w64-mingw32/13.1.0/../../../../lib/libmingw32.a(lib64_libmingw32_a-dllargv.o)
 .data          0x0000000140099870        0x0 C:/msys64/ucrt64/bin/../lib/gcc/x86_64-w64-mingw32/13.1.0/../../../../lib/libmingw32.a(lib64_libmingw32_a-_newmode.o)
 .data          0x0000000140099870        0x0 C:/msys64/ucrt64/bin/../lib/gcc/x86_64-w64-mingw32/13.1.0/../../../../lib/libmingw32.a(lib64_libmingw32_a-tlssup.o)
 .data          0x0000000140099870        0x0 C:/msys64/ucrt64/bin/../lib/gcc/x86_64-w64-mingw32/13.1.0/../../../../lib/libmingw32.a(lib64_libmingw32_a-xncommod.o)
 .data          0x0000000140099870        0x0 C:/msys64/ucrt64/bin/../lib/gcc/x86_64-w64-mingw32/13.1.0/../../../../lib/libmingw32.a(lib64_libmingw32_a-cinitexe.o)
 .data          0x0000000140099870        0x0 C:/msys64/ucrt64/bin/../lib/gcc/x86_64-w64-mingw32/13.1.0/../../../../lib/libmingw32.a(lib64_libmingw32_a-merr.o)
 .data          0x0000000140099870        0x0 C:/msys64/ucrt64/bin/../lib/gcc/x86_64-w64-mingw32/13.1.0/../../../../lib/libmingw32.a(lib64_libmingw32_a-CRT_fp10.o)
 .data          0x0000000140099870        0x0 C:/msys64/ucrt64/bin/../lib/gcc/x86_64-w64-mingw32/13.1.0/../../../../lib/libmingw32.a(lib64_libmingw32_a-mingw_helpers.o)
 .data          0x0000000140099870        0x0 C:/msys64/ucrt64/bin/../lib/gcc/x86_64-w64-mingw32/13.1.0/../../../../lib/libmingw32.a(lib64_libmingw32_a-pseudo-reloc.o)
 .data          0x0000000140099870        0x0 C:/msys64/ucrt64/bin/../lib/gcc/x86_64-w64-mingw32/13.1.0/../../../../lib/libmingw32.a(lib64_libmingw32_a-usermatherr.o)
 .data          0x0000000140099870        0x0 C:/msys64/ucrt64/bin/../lib/gcc/x86_64-w64-mingw32/13.1.0/../../../../lib/libmingw32.a(lib64_libmingw32_a-xtxtmode.o)
 .data          0x0000000140099870        0x0 C:/msys64/ucrt64/bin/../lib/gcc/x86_64-w64-mingw32/13.1.0/../../../../lib/libmingw32.a(lib64_libmingw32_a-crt_handler.o)
 .data          0x0000000140099870        0x0 C:/msys64/ucrt64/bin/../lib/gcc/x86_64-w64-mingw32/13.1.0/../../../../lib/libmingw32.a(lib64_libmingw32_a-tlsthrd.o)
 .data          0x0000000140099870       0x10 C:/msys64/ucrt64/bin/../lib/gcc/x86_64-w64-mingw32/13.1.0/../../../../lib/libmingw32.a(lib64_libmingw32_a-tlsmcrt.o)
                0x0000000140099870                _CRT_MT
 .data          0x0000000140099880        0x0 C:/msys64/ucrt64/bin/../lib/gcc/x86_64-w64-mingw32/13.1.0/../../../../lib/libmingw32.a(lib64_libmingw32_a-pseudo-reloc-list.o)
 .data          0x0000000140099880        0x0 C:/msys64/ucrt64/bin/../lib/gcc/x86_64-w64-mingw32/13.1.0/../../../../lib/libmingw32.a(lib64_libmingw32_a-pesect.o)
 .data          0x0000000140099880        0x0 C:/msys64/ucrt64/bin/../lib/gcc/x86_64-w64-mingw32/13.1.0/libgcc.a(_chkstk_ms.o)
 .data          0x0000000140099880        0x0 C:/msys64/ucrt64/bin/../lib/gcc/x86_64-w64-mingw32/13.1.0/libgcc.a(_ctors.o)
 .data          0x0000000140099880       0x10 C:/msys64/ucrt64/bin/../lib/gcc/x86_64-w64-mingw32/13.1.0/../../../../lib/libmingwex.a(lib64_libmingwex_a-mingw_matherr.o)
                0x0000000140099880                _MINGW_INSTALL_DEBUG_MATHERR
 .data          0x0000000140099890       0x10 C:/msys64/ucrt64/bin/../lib/gcc/x86_64-w64-mingw32/13.1.0/../../../../lib/libmsvcrt.a(lib64_libucrt_extra_a-ucrt_vprintf.o)
                0x0000000140099890                __imp_vprintf
 .data          0x00000001400998a0       0x10 C:/msys64/ucrt64/bin/../lib/gcc/x86_64-w64-mingw32/13.1.0/../../../../lib/libmsvcrt.a(lib64_libucrt_extra_a-ucrt_vfprintf.o)
                0x00000001400998a0                __imp_vfprintf
 .data          0x00000001400998b0       0x10 C:/msys64/ucrt64/bin/../lib/gcc/x86_64-w64-mingw32/13.1.0/../../../../lib/libmsvcrt.a(lib64_libucrt_extra_a-ucrt_fprintf.o)
                0x00000001400998b0                __imp_fprintf
 .data          0x00000001400998c0       0x10 C:/msys64/ucrt64/bin/../lib/gcc/x86_64-w64-mingw32/13.1.0/../../../../lib/libmsvcrt.a(lib64_libucrt_extra_a-__initenv.o)
                0x00000001400998c0                __imp___winitenv
                0x00000001400998c8                __imp___initenv
 .data          0x00000001400998d0       0x80 C:/msys64/ucrt64/bin/../lib/gcc/x86_64-w64-mingw32/13.1.0/../../../../lib/libmsvcrt.a(lib64_libucrt_extra_a-ucrtbase_compat.o)
                0x00000001400998d0                __imp___ms_fwprintf
                0x00000001400998d8                __imp_tzset
                0x00000001400998e0                __imp__get_output_format
                0x00000001400998e8                __imp__amsg_exit
                0x00000001400998f0                __imp___wgetmainargs
                0x00000001400998f8                __imp___getmainargs
                0x0000000140099900                __imp_daylight
                0x0000000140099908                __imp_timezone
                0x0000000140099910                __imp_tzname
                0x0000000140099938                __imp_at_quick_exit
                0x0000000140099940                __imp__onexit
 .data          0x0000000140099950        0x0 C:/msys64/ucrt64/bin/../lib/gcc/x86_64-w64-mingw32/13.1.0/../../../../lib/libmsvcrt.a(libapi-ms-win-crt-time-l1-1-0s00008.o)
 .data          0x0000000140099950        0x0 C:/msys64/ucrt64/bin/../lib/gcc/x86_64-w64-mingw32/13.1.0/../../../../lib/libmsvcrt.a(libapi-ms-win-crt-time-l1-1-0s00010.o)
 .data          0x0000000140099950        0x0 C:/msys64/ucrt64/bin/../lib/gcc/x86_64-w64-mingw32/13.1.0/../../../../lib/libmsvcrt.a(libapi-ms-win-crt-time-l1-1-0s00011.o)
 .data          0x0000000140099950        0x0 C:/msys64/ucrt64/bin/../lib/gcc/x86_64-w64-mingw32/13.1.0/../../../../lib/libmsvcrt.a(libapi-ms-win-crt-time-l1-1-0s00058.o)
 .data          0x0000000140099950        0x0 C:/msys64/ucrt64/bin/../lib/gcc/x86_64-w64-mingw32/13.1.0/../../../../lib/libmsvcrt.a(libapi-ms-win-crt-time-l1-1-0h.o)
 .data          0x0000000140099950        0x0 C:/msys64/ucrt64/bin/../lib/gcc/x86_64-w64-mingw32/13.1.0/../../../../lib/libmsvcrt.a(libapi-ms-win-crt-time-l1-1-0t.o)
 .data          0x0000000140099950        0x0 C:/msys64/ucrt64/bin/../lib/gcc/x86_64-w64-mingw32/13.1.0/../../../../lib/libmsvcrt.a(libapi-ms-win-crt-string-l1-1-0s00167.o)
 .data          0x0000000140099950        0x0 C:/msys64/ucrt64/bin/../lib/gcc/x86_64-w64-mingw32/13.1.0/../../../../lib/libmsvcrt.a(libapi-ms-win-crt-string-l1-1-0s00170.o)
 .data          0x0000000140099950        0x0 C:/msys64/ucrt64/bin/../lib/gcc/x86_64-w64-mingw32/13.1.0/../../../../lib/libmsvcrt.a(libapi-ms-win-crt-string-l1-1-0h.o)
 .data          0x0000000140099950        0x0 C:/msys64/ucrt64/bin/../lib/gcc/x86_64-w64-mingw32/13.1.0/../../../../lib/libmsvcrt.a(libapi-ms-win-crt-string-l1-1-0t.o)
 .data          0x0000000140099950        0x0 C:/msys64/ucrt64/bin/../lib/gcc/x86_64-w64-mingw32/13.1.0/../../../../lib/libmsvcrt.a(libapi-ms-win-crt-stdio-l1-1-0s00000.o)
 .data          0x0000000140099950        0x0 C:/msys64/ucrt64/bin/../lib/gcc/x86_64-w64-mingw32/13.1.0/../../../../lib/libmsvcrt.a(libapi-ms-win-crt-stdio-l1-1-0s00001.o)
 .data          0x0000000140099950        0x0 C:/msys64/ucrt64/bin/../lib/gcc/x86_64-w64-mingw32/13.1.0/../../../../lib/libmsvcrt.a(libapi-ms-win-crt-stdio-l1-1-0s00002.o)
 .data          0x0000000140099950        0x0 C:/msys64/ucrt64/bin/../lib/gcc/x86_64-w64-mingw32/13.1.0/../../../../lib/libmsvcrt.a(libapi-ms-win-crt-stdio-l1-1-0s00003.o)
 .data          0x0000000140099950        0x0 C:/msys64/ucrt64/bin/../lib/gcc/x86_64-w64-mingw32/13.1.0/../../../../lib/libmsvcrt.a(libapi-ms-win-crt-stdio-l1-1-0s00007.o)
 .data          0x0000000140099950        0x0 C:/msys64/ucrt64/bin/../lib/gcc/x86_64-w64-mingw32/13.1.0/../../../../lib/libmsvcrt.a(libapi-ms-win-crt-stdio-l1-1-0s00168.o)
 .data          0x0000000140099950        0x0 C:/msys64/ucrt64/bin/../lib/gcc/x86_64-w64-mingw32/13.1.0/../../../../lib/libmsvcrt.a(libapi-ms-win-crt-stdio-l1-1-0h.o)
 .data          0x0000000140099950        0x0 C:/msys64/ucrt64/bin/../lib/gcc/x86_64-w64-mingw32/13.1.0/../../../../lib/libmsvcrt.a(libapi-ms-win-crt-stdio-l1-1-0t.o)
 .data          0x0000000140099950        0x0 C:/msys64/ucrt64/bin/../lib/gcc/x86_64-w64-mingw32/13.1.0/../../../../lib/libmsvcrt.a(libapi-ms-win-crt-runtime-l1-1-0s00004.o)
 .data          0x0000000140099950        0x0 C:/msys64/ucrt64/bin/../lib/gcc/x86_64-w64-mingw32/13.1.0/../../../../lib/libmsvcrt.a(libapi-ms-win-crt-runtime-l1-1-0s00005.o)
 .data          0x0000000140099950        0x0 C:/msys64/ucrt64/bin/../lib/gcc/x86_64-w64-mingw32/13.1.0/../../../../lib/libmsvcrt.a(libapi-ms-win-crt-runtime-l1-1-0s00006.o)
 .data          0x0000000140099950        0x0 C:/msys64/ucrt64/bin/../lib/gcc/x86_64-w64-mingw32/13.1.0/../../../../lib/libmsvcrt.a(libapi-ms-win-crt-runtime-l1-1-0s00022.o)
 .data          0x0000000140099950        0x0 C:/msys64/ucrt64/bin/../lib/gcc/x86_64-w64-mingw32/13.1.0/../../../../lib/libmsvcrt.a(libapi-ms-win-crt-runtime-l1-1-0s00024.o)
 .data          0x0000000140099950        0x0 C:/msys64/ucrt64/bin/../lib/gcc/x86_64-w64-mingw32/13.1.0/../../../../lib/libmsvcrt.a(libapi-ms-win-crt-runtime-l1-1-0s00025.o)
 .data          0x0000000140099950        0x0 C:/msys64/ucrt64/bin/../lib/gcc/x86_64-w64-mingw32/13.1.0/../../../../lib/libmsvcrt.a(libapi-ms-win-crt-runtime-l1-1-0s00029.o)
 .data          0x0000000140099950        0x0 C:/msys64/ucrt64/bin/../lib/gcc/x86_64-w64-mingw32/13.1.0/../../../../lib/libmsvcrt.a(libapi-ms-win-crt-runtime-l1-1-0s00030.o)
 .data          0x0000000140099950        0x0 C:/msys64/ucrt64/bin/../lib/gcc/x86_64-w64-mingw32/13.1.0/../../../../lib/libmsvcrt.a(libapi-ms-win-crt-runtime-l1-1-0s00036.o)
 .data          0x0000000140099950        0x0 C:/msys64/ucrt64/bin/../lib/gcc/x86_64-w64-mingw32/13.1.0/../../../../lib/libmsvcrt.a(libapi-ms-win-crt-runtime-l1-1-0s00053.o)
 .data          0x0000000140099950        0x0 C:/msys64/ucrt64/bin/../lib/gcc/x86_64-w64-mingw32/13.1.0/../../../../lib/libmsvcrt.a(libapi-ms-win-crt-runtime-l1-1-0s00055.o)
 .data          0x0000000140099950        0x0 C:/msys64/ucrt64/bin/../lib/gcc/x86_64-w64-mingw32/13.1.0/../../../../lib/libmsvcrt.a(libapi-ms-win-crt-runtime-l1-1-0s00056.o)
 .data          0x0000000140099950        0x0 C:/msys64/ucrt64/bin/../lib/gcc/x86_64-w64-mingw32/13.1.0/../../../../lib/libmsvcrt.a(libapi-ms-win-crt-runtime-l1-1-0s00068.o)
 .data          0x0000000140099950        0x0 C:/msys64/ucrt64/bin/../lib/gcc/x86_64-w64-mingw32/13.1.0/../../../../lib/libmsvcrt.a(libapi-ms-win-crt-runtime-l1-1-0s00074.o)
 .data          0x0000000140099950        0x0 C:/msys64/ucrt64/bin/../lib/gcc/x86_64-w64-mingw32/13.1.0/../../../../lib/libmsvcrt.a(libapi-ms-win-crt-runtime-l1-1-0s00087.o)
 .data          0x0000000140099950        0x0 C:/msys64/ucrt64/bin/../lib/gcc/x86_64-w64-mingw32/13.1.0/../../../../lib/libmsvcrt.a(libapi-ms-win-crt-runtime-l1-1-0s00088.o)
 .data          0x0000000140099950        0x0 C:/msys64/ucrt64/bin/../lib/gcc/x86_64-w64-mingw32/13.1.0/../../../../lib/libmsvcrt.a(libapi-ms-win-crt-runtime-l1-1-0s00102.o)
 .data          0x0000000140099950        0x0 C:/msys64/ucrt64/bin/../lib/gcc/x86_64-w64-mingw32/13.1.0/../../../../lib/libmsvcrt.a(libapi-ms-win-crt-runtime-l1-1-0h.o)
 .data          0x0000000140099950        0x0 C:/msys64/ucrt64/bin/../lib/gcc/x86_64-w64-mingw32/13.1.0/../../../../lib/libmsvcrt.a(libapi-ms-win-crt-runtime-l1-1-0t.o)
 .data          0x0000000140099950        0x0 C:/msys64/ucrt64/bin/../lib/gcc/x86_64-w64-mingw32/13.1.0/../../../../lib/libmsvcrt.a(libapi-ms-win-crt-private-l1-1-0s00015.o)
 .data          0x0000000140099950        0x0 C:/msys64/ucrt64/bin/../lib/gcc/x86_64-w64-mingw32/13.1.0/../../../../lib/libmsvcrt.a(libapi-ms-win-crt-private-l1-1-0s01143.o)
 .data          0x0000000140099950        0x0 C:/msys64/ucrt64/bin/../lib/gcc/x86_64-w64-mingw32/13.1.0/../../../../lib/libmsvcrt.a(libapi-ms-win-crt-private-l1-1-0h.o)
 .data          0x0000000140099950        0x0 C:/msys64/ucrt64/bin/../lib/gcc/x86_64-w64-mingw32/13.1.0/../../../../lib/libmsvcrt.a(libapi-ms-win-crt-private-l1-1-0t.o)
 .data          0x0000000140099950        0x0 C:/msys64/ucrt64/bin/../lib/gcc/x86_64-w64-mingw32/13.1.0/../../../../lib/libmsvcrt.a(libapi-ms-win-crt-math-l1-1-0s00009.o)
 .data          0x0000000140099950        0x0 C:/msys64/ucrt64/bin/../lib/gcc/x86_64-w64-mingw32/13.1.0/../../../../lib/libmsvcrt.a(libapi-ms-win-crt-math-l1-1-0h.o)
 .data          0x0000000140099950        0x0 C:/msys64/ucrt64/bin/../lib/gcc/x86_64-w64-mingw32/13.1.0/../../../../lib/libmsvcrt.a(libapi-ms-win-crt-math-l1-1-0t.o)
 .data          0x0000000140099950        0x0 C:/msys64/ucrt64/bin/../lib/gcc/x86_64-w64-mingw32/13.1.0/../../../../lib/libmsvcrt.a(libapi-ms-win-crt-heap-l1-1-0s00023.o)
 .data          0x0000000140099950        0x0 C:/msys64/ucrt64/bin/../lib/gcc/x86_64-w64-mingw32/13.1.0/../../../../lib/libmsvcrt.a(libapi-ms-win-crt-heap-l1-1-0s00024.o)
 .data          0x0000000140099950        0x0 C:/msys64/ucrt64/bin/../lib/gcc/x86_64-w64-mingw32/13.1.0/../../../../lib/libmsvcrt.a(libapi-ms-win-crt-heap-l1-1-0s00025.o)
 .data          0x0000000140099950        0x0 C:/msys64/ucrt64/bin/../lib/gcc/x86_64-w64-mingw32/13.1.0/../../../../lib/libmsvcrt.a(libapi-ms-win-crt-heap-l1-1-0s00026.o)
 .data          0x0000000140099950        0x0 C:/msys64/ucrt64/bin/../lib/gcc/x86_64-w64-mingw32/13.1.0/../../../../lib/libmsvcrt.a(libapi-ms-win-crt-heap-l1-1-0h.o)
 .data          0x0000000140099950        0x0 C:/msys64/ucrt64/bin/../lib/gcc/x86_64-w64-mingw32/13.1.0/../../../../lib/libmsvcrt.a(libapi-ms-win-crt-heap-l1-1-0t.o)
 .data          0x0000000140099950        0x0 C:/msys64/ucrt64/bin/../lib/gcc/x86_64-w64-mingw32/13.1.0/../../../../lib/libmsvcrt.a(libapi-ms-win-crt-environment-l1-1-0s00000.o)
 .data          0x0000000140099950        0x0 C:/msys64/ucrt64/bin/../lib/gcc/x86_64-w64-mingw32/13.1.0/../../../../lib/libmsvcrt.a(libapi-ms-win-crt-environment-l1-1-0s00001.o)
 .data          0x0000000140099950        0x0 C:/msys64/ucrt64/bin/../lib/gcc/x86_64-w64-mingw32/13.1.0/../../../../lib/libmsvcrt.a(libapi-ms-win-crt-environment-l1-1-0h.o)
 .data          0x0000000140099950        0x0 C:/msys64/ucrt64/bin/../lib/gcc/x86_64-w64-mingw32/13.1.0/../../../../lib/libmsvcrt.a(libapi-ms-win-crt-environment-l1-1-0t.o)
 .data          0x0000000140099950        0x0 C:/msys64/ucrt64/bin/../lib/gcc/x86_64-w64-mingw32/13.1.0/../../../../lib/libkernel32.a(libkernel32s01490.o)
 .data          0x0000000140099950        0x0 C:/msys64/ucrt64/bin/../lib/gcc/x86_64-w64-mingw32/13.1.0/../../../../lib/libkernel32.a(libkernel32s01488.o)
 .data          0x0000000140099950        0x0 C:/msys64/ucrt64/bin/../lib/gcc/x86_64-w64-mingw32/13.1.0/../../../../lib/libkernel32.a(libkernel32s01441.o)
 .data          0x0000000140099950        0x0 C:/msys64/ucrt64/bin/../lib/gcc/x86_64-w64-mingw32/13.1.0/../../../../lib/libkernel32.a(libkernel32s01406.o)
 .data          0x0000000140099950        0x0 C:/msys64/ucrt64/bin/../lib/gcc/x86_64-w64-mingw32/13.1.0/../../../../lib/libkernel32.a(libkernel32s01390.o)
 .data          0x0000000140099950        0x0 C:/msys64/ucrt64/bin/../lib/gcc/x86_64-w64-mingw32/13.1.0/../../../../lib/libkernel32.a(libkernel32s00981.o)
 .data          0x0000000140099950        0x0 C:/msys64/ucrt64/bin/../lib/gcc/x86_64-w64-mingw32/13.1.0/../../../../lib/libkernel32.a(libkernel32s00889.o)
 .data          0x0000000140099950        0x0 C:/msys64/ucrt64/bin/../lib/gcc/x86_64-w64-mingw32/13.1.0/../../../../lib/libkernel32.a(libkernel32s00627.o)
 .data          0x0000000140099950        0x0 C:/msys64/ucrt64/bin/../lib/gcc/x86_64-w64-mingw32/13.1.0/../../../../lib/libkernel32.a(libkernel32s00316.o)
 .data          0x0000000140099950        0x0 C:/msys64/ucrt64/bin/../lib/gcc/x86_64-w64-mingw32/13.1.0/../../../../lib/libkernel32.a(libkernel32s00280.o)
 .data          0x0000000140099950        0x0 C:/msys64/ucrt64/bin/../lib/gcc/x86_64-w64-mingw32/13.1.0/../../../../lib/libkernel32.a(libkernel32h.o)
 .data          0x0000000140099950        0x0 C:/msys64/ucrt64/bin/../lib/gcc/x86_64-w64-mingw32/13.1.0/../../../../lib/libkernel32.a(libkernel32t.o)
 .data          0x0000000140099950        0x0 C:/msys64/ucrt64/bin/../lib/gcc/x86_64-w64-mingw32/13.1.0/crtend.o
 *(.data2)
 *(SORT_BY_NAME(.data$*))
 *(.jcr)
                0x0000000140099950                __data_end__ = .
 *(.data_cygwin_nocopy)

.rdata          0x000000014009a000     0x1200
 *(.rdata)
 .rdata         0x000000014009a000      0x2d0 exotique.o
 .rdata         0x000000014009a2d0      0x3a0 mahjong.o
                0x000000014009a300                hand_tile_spacing
                0x000000014009a304                wall_tile_spacing
                0x000000014009a308                camy
                0x000000014009a30c                camx
                0x000000014009a310                NEAR_Z
                0x000000014009a314                FAR_Z
                0x000000014009a318                kScreenHeight
                0x000000014009a31c                kScreenWidth
 *fill*         0x000000014009a670       0x10 
 .rdata         0x000000014009a680       0x60 C:/msys64/ucrt64/bin/../lib/gcc/x86_64-w64-mingw32/13.1.0/../../../../lib/libmingw32.a(lib64_libmingw32_a-tlssup.o)
                0x000000014009a680                __dyn_tls_init_callback
                0x000000014009a6a0                _tls_used
 .rdata         0x000000014009a6e0      0x140 C:/msys64/ucrt64/bin/../lib/gcc/x86_64-w64-mingw32/13.1.0/../../../../lib/libmingw32.a(lib64_libmingw32_a-merr.o)
 .rdata         0x000000014009a820      0x160 C:/msys64/ucrt64/bin/../lib/gcc/x86_64-w64-mingw32/13.1.0/../../../../lib/libmingw32.a(lib64_libmingw32_a-pseudo-reloc.o)
 .rdata         0x000000014009a980       0x30 C:/msys64/ucrt64/bin/../lib/gcc/x86_64-w64-mingw32/13.1.0/../../../../lib/libmingw32.a(lib64_libmingw32_a-crt_handler.o)
 .rdata         0x000000014009a9b0       0x20 C:/msys64/ucrt64/bin/../lib/gcc/x86_64-w64-mingw32/13.1.0/../../../../lib/libmsvcrt.a(lib64_libucrt_extra_a-ucrtbase_compat.o)
 *(SORT_BY_NAME(.rdata$*))
 .rdata$.refptr._CRT_MT
                0x000000014009a9d0       0x10 C:/msys64/ucrt64/bin/../lib/gcc/x86_64-w64-mingw32/13.1.0/../../../../lib/libmingw32.a(lib64_libmingw32_a-tlssup.o)
                0x000000014009a9d0                .refptr._CRT_MT
 .rdata$.refptr._MINGW_INSTALL_DEBUG_MATHERR
                0x000000014009a9e0       0x10 C:/msys64/ucrt64/bin/../lib/gcc/x86_64-w64-mingw32/13.1.0/../../../../lib/crt2.o
                0x000000014009a9e0                .refptr._MINGW_INSTALL_DEBUG_MATHERR
 .rdata$.refptr.__CTOR_LIST__
                0x000000014009a9f0       0x10 C:/msys64/ucrt64/bin/../lib/gcc/x86_64-w64-mingw32/13.1.0/../../../../lib/libmingw32.a(lib64_libmingw32_a-gccmain.o)
                0x000000014009a9f0                .refptr.__CTOR_LIST__
 .rdata$.refptr.__RUNTIME_PSEUDO_RELOC_LIST_END__
                0x000000014009aa00       0x10 C:/msys64/ucrt64/bin/../lib/gcc/x86_64-w64-mingw32/13.1.0/../../../../lib/libmingw32.a(lib64_libmingw32_a-pseudo-reloc.o)
                0x000000014009aa00                .refptr.__RUNTIME_PSEUDO_RELOC_LIST_END__
 .rdata$.refptr.__RUNTIME_PSEUDO_RELOC_LIST__
                0x000000014009aa10       0x10 C:/msys64/ucrt64/bin/../lib/gcc/x86_64-w64-mingw32/13.1.0/../../../../lib/libmingw32.a(lib64_libmingw32_a-pseudo-reloc.o)
                0x000000014009aa10                .refptr.__RUNTIME_PSEUDO_RELOC_LIST__
 .rdata$.refptr.__dyn_tls_init_callback
                0x000000014009aa20       0x10 C:/msys64/ucrt64/bin/../lib/gcc/x86_64-w64-mingw32/13.1.0/../../../../lib/crt2.o
                0x000000014009aa20                .refptr.__dyn_tls_init_callback
 .rdata$.refptr.__image_base__
                0x000000014009aa30       0x10 C:/msys64/ucrt64/bin/../lib/gcc/x86_64-w64-mingw32/13.1.0/../../../../lib/crt2.o
                0x000000014009aa30                .refptr.__image_base__
 .rdata$.refptr.__imp___initenv
                0x000000014009aa40       0x10 C:/msys64/ucrt64/bin/../lib/gcc/x86_64-w64-mingw32/13.1.0/../../../../lib/crt2.o
                0x000000014009aa40                .refptr.__imp___initenv
 .rdata$.refptr.__imp__tzset
                0x000000014009aa50       0x10 C:/msys64/ucrt64/bin/../lib/gcc/x86_64-w64-mingw32/13.1.0/../../../../lib/libmsvcrt.a(lib64_libucrt_extra_a-ucrtbase_compat.o)
                0x000000014009aa50                .refptr.__imp__tzset
 .rdata$.refptr.__mingw_app_type
                0x000000014009aa60       0x10 C:/msys64/ucrt64/bin/../lib/gcc/x86_64-w64-mingw32/13.1.0/../../../../lib/crt2.o
                0x000000014009aa60                .refptr.__mingw_app_type
 .rdata$.refptr.__mingw_initltsdrot_force
                0x000000014009aa70       0x10 C:/msys64/ucrt64/bin/../lib/gcc/x86_64-w64-mingw32/13.1.0/../../../../lib/crt2.o
                0x000000014009aa70                .refptr.__mingw_initltsdrot_force
 .rdata$.refptr.__mingw_initltsdyn_force
                0x000000014009aa80       0x10 C:/msys64/ucrt64/bin/../lib/gcc/x86_64-w64-mingw32/13.1.0/../../../../lib/crt2.o
                0x000000014009aa80                .refptr.__mingw_initltsdyn_force
 .rdata$.refptr.__mingw_initltssuo_force
                0x000000014009aa90       0x10 C:/msys64/ucrt64/bin/../lib/gcc/x86_64-w64-mingw32/13.1.0/../../../../lib/crt2.o
                0x000000014009aa90                .refptr.__mingw_initltssuo_force
 .rdata$.refptr.__mingw_module_is_dll
                0x000000014009aaa0       0x10 C:/msys64/ucrt64/bin/../lib/gcc/x86_64-w64-mingw32/13.1.0/../../../../lib/libmsvcrt.a(lib64_libucrt_extra_a-ucrtbase_compat.o)
                0x000000014009aaa0                .refptr.__mingw_module_is_dll
 .rdata$.refptr.__mingw_oldexcpt_handler
                0x000000014009aab0       0x10 C:/msys64/ucrt64/bin/../lib/gcc/x86_64-w64-mingw32/13.1.0/../../../../lib/crt2.o
                0x000000014009aab0                .refptr.__mingw_oldexcpt_handler
 .rdata$.refptr.__native_startup_lock
                0x000000014009aac0       0x10 C:/msys64/ucrt64/bin/../lib/gcc/x86_64-w64-mingw32/13.1.0/../../../../lib/crt2.o
                0x000000014009aac0                .refptr.__native_startup_lock
 .rdata$.refptr.__native_startup_state
                0x000000014009aad0       0x10 C:/msys64/ucrt64/bin/../lib/gcc/x86_64-w64-mingw32/13.1.0/../../../../lib/crt2.o
                0x000000014009aad0                .refptr.__native_startup_state
 .rdata$.refptr.__xc_a
                0x000000014009aae0       0x10 C:/msys64/ucrt64/bin/../lib/gcc/x86_64-w64-mingw32/13.1.0/../../../../lib/crt2.o
                0x000000014009aae0                .refptr.__xc_a
 .rdata$.refptr.__xc_z
                0x000000014009aaf0       0x10 C:/msys64/ucrt64/bin/../lib/gcc/x86_64-w64-mingw32/13.1.0/../../../../lib/crt2.o
                0x000000014009aaf0                .refptr.__xc_z
 .rdata$.refptr.__xi_a
                0x000000014009ab00       0x10 C:/msys64/ucrt64/bin/../lib/gcc/x86_64-w64-mingw32/13.1.0/../../../../lib/crt2.o
                0x000000014009ab00                .refptr.__xi_a
 .rdata$.refptr.__xi_z
                0x000000014009ab10       0x10 C:/msys64/ucrt64/bin/../lib/gcc/x86_64-w64-mingw32/13.1.0/../../../../lib/crt2.o
                0x000000014009ab10                .refptr.__xi_z
 .rdata$.refptr._commode
                0x000000014009ab20       0x10 C:/msys64/ucrt64/bin/../lib/gcc/x86_64-w64-mingw32/13.1.0/../../../../lib/crt2.o
                0x000000014009ab20                .refptr._commode
 .rdata$.refptr._dowildcard
                0x000000014009ab30       0x10 C:/msys64/ucrt64/bin/../lib/gcc/x86_64-w64-mingw32/13.1.0/../../../../lib/crt2.o
                0x000000014009ab30                .refptr._dowildcard
 .rdata$.refptr._fmode
                0x000000014009ab40       0x10 C:/msys64/ucrt64/bin/../lib/gcc/x86_64-w64-mingw32/13.1.0/../../../../lib/crt2.o
                0x000000014009ab40                .refptr._fmode
 .rdata$.refptr._gnu_exception_handler
                0x000000014009ab50       0x10 C:/msys64/ucrt64/bin/../lib/gcc/x86_64-w64-mingw32/13.1.0/../../../../lib/crt2.o
                0x000000014009ab50                .refptr._gnu_exception_handler
 .rdata$.refptr._matherr
                0x000000014009ab60       0x10 C:/msys64/ucrt64/bin/../lib/gcc/x86_64-w64-mingw32/13.1.0/../../../../lib/crt2.o
                0x000000014009ab60                .refptr._matherr
 .rdata$.refptr._newmode
                0x000000014009ab70       0x10 C:/msys64/ucrt64/bin/../lib/gcc/x86_64-w64-mingw32/13.1.0/../../../../lib/crt2.o
                0x000000014009ab70                .refptr._newmode
 .rdata$.refptr.kScreenHeight
                0x000000014009ab80       0x10 exotique.o
                0x000000014009ab80                .refptr.kScreenHeight
 .rdata$.refptr.kScreenWidth
                0x000000014009ab90       0x10 exotique.o
                0x000000014009ab90                .refptr.kScreenWidth
 .rdata$zzz     0x000000014009aba0       0x30 C:/msys64/ucrt64/bin/../lib/gcc/x86_64-w64-mingw32/13.1.0/../../../../lib/crt2.o
 .rdata$zzz     0x000000014009abd0       0x30 C:/msys64/ucrt64/bin/../lib/gcc/x86_64-w64-mingw32/13.1.0/crtbegin.o
 .rdata$zzz     0x000000014009ac00       0x30 exotique.o
 .rdata$zzz     0x000000014009ac30       0x30 mahjong.o
 .rdata$zzz     0x000000014009ac60       0x30 C:/msys64/ucrt64/bin/../lib/gcc/x86_64-w64-mingw32/13.1.0/../../../../lib/libmingw32.a(lib64_libmingw32_a-gccmain.o)
 .rdata$zzz     0x000000014009ac90       0x30 C:/msys64/ucrt64/bin/../lib/gcc/x86_64-w64-mingw32/13.1.0/../../../../lib/libmingw32.a(lib64_libmingw32_a-natstart.o)
 .rdata$zzz     0x000000014009acc0       0x30 C:/msys64/ucrt64/bin/../lib/gcc/x86_64-w64-mingw32/13.1.0/../../../../lib/libmingw32.a(lib64_libmingw32_a-wildcard.o)
 .rdata$zzz     0x000000014009acf0       0x30 C:/msys64/ucrt64/bin/../lib/gcc/x86_64-w64-mingw32/13.1.0/../../../../lib/libmingw32.a(lib64_libmingw32_a-dllargv.o)
 .rdata$zzz     0x000000014009ad20       0x30 C:/msys64/ucrt64/bin/../lib/gcc/x86_64-w64-mingw32/13.1.0/../../../../lib/libmingw32.a(lib64_libmingw32_a-_newmode.o)
 .rdata$zzz     0x000000014009ad50       0x30 C:/msys64/ucrt64/bin/../lib/gcc/x86_64-w64-mingw32/13.1.0/../../../../lib/libmingw32.a(lib64_libmingw32_a-tlssup.o)
 .rdata$zzz     0x000000014009ad80       0x30 C:/msys64/ucrt64/bin/../lib/gcc/x86_64-w64-mingw32/13.1.0/../../../../lib/libmingw32.a(lib64_libmingw32_a-xncommod.o)
 .rdata$zzz     0x000000014009adb0       0x30 C:/msys64/ucrt64/bin/../lib/gcc/x86_64-w64-mingw32/13.1.0/../../../../lib/libmingw32.a(lib64_libmingw32_a-cinitexe.o)
 .rdata$zzz     0x000000014009ade0       0x30 C:/msys64/ucrt64/bin/../lib/gcc/x86_64-w64-mingw32/13.1.0/../../../../lib/libmingw32.a(lib64_libmingw32_a-merr.o)
 .rdata$zzz     0x000000014009ae10       0x30 C:/msys64/ucrt64/bin/../lib/gcc/x86_64-w64-mingw32/13.1.0/../../../../lib/libmingw32.a(lib64_libmingw32_a-CRT_fp10.o)
 .rdata$zzz     0x000000014009ae40       0x30 C:/msys64/ucrt64/bin/../lib/gcc/x86_64-w64-mingw32/13.1.0/../../../../lib/libmingw32.a(lib64_libmingw32_a-mingw_helpers.o)
 .rdata$zzz     0x000000014009ae70       0x30 C:/msys64/ucrt64/bin/../lib/gcc/x86_64-w64-mingw32/13.1.0/../../../../lib/libmingw32.a(lib64_libmingw32_a-pseudo-reloc.o)
 .rdata$zzz     0x000000014009aea0       0x30 C:/msys64/ucrt64/bin/../lib/gcc/x86_64-w64-mingw32/13.1.0/../../../../lib/libmingw32.a(lib64_libmingw32_a-usermatherr.o)
 .rdata$zzz     0x000000014009aed0       0x30 C:/msys64/ucrt64/bin/../lib/gcc/x86_64-w64-mingw32/13.1.0/../../../../lib/libmingw32.a(lib64_libmingw32_a-xtxtmode.o)
 .rdata$zzz     0x000000014009af00       0x30 C:/msys64/ucrt64/bin/../lib/gcc/x86_64-w64-mingw32/13.1.0/../../../../lib/libmingw32.a(lib64_libmingw32_a-crt_handler.o)
 .rdata$zzz     0x000000014009af30       0x30 C:/msys64/ucrt64/bin/../lib/gcc/x86_64-w64-mingw32/13.1.0/../../../../lib/libmingw32.a(lib64_libmingw32_a-tlsthrd.o)
 .rdata$zzz     0x000000014009af60       0x30 C:/msys64/ucrt64/bin/../lib/gcc/x86_64-w64-mingw32/13.1.0/../../../../lib/libmingw32.a(lib64_libmingw32_a-tlsmcrt.o)
 .rdata$zzz     0x000000014009af90       0x30 C:/msys64/ucrt64/bin/../lib/gcc/x86_64-w64-mingw32/13.1.0/../../../../lib/libmingw32.a(lib64_libmingw32_a-pseudo-reloc-list.o)
 .rdata$zzz     0x000000014009afc0       0x30 C:/msys64/ucrt64/bin/../lib/gcc/x86_64-w64-mingw32/13.1.0/../../../../lib/libmingw32.a(lib64_libmingw32_a-pesect.o)
 .rdata$zzz     0x000000014009aff0       0x30 C:/msys64/ucrt64/bin/../lib/gcc/x86_64-w64-mingw32/13.1.0/libgcc.a(_ctors.o)
 .rdata$zzz     0x000000014009b020       0x30 C:/msys64/ucrt64/bin/../lib/gcc/x86_64-w64-mingw32/13.1.0/../../../../lib/libmingwex.a(lib64_libmingwex_a-mingw_matherr.o)
 .rdata$zzz     0x000000014009b050       0x30 C:/msys64/ucrt64/bin/../lib/gcc/x86_64-w64-mingw32/13.1.0/../../../../lib/libmsvcrt.a(lib64_libucrt_extra_a-ucrt_vprintf.o)
 .rdata$zzz     0x000000014009b080       0x30 C:/msys64/ucrt64/bin/../lib/gcc/x86_64-w64-mingw32/13.1.0/../../../../lib/libmsvcrt.a(lib64_libucrt_extra_a-ucrt_vfprintf.o)
 .rdata$zzz     0x000000014009b0b0       0x30 C:/msys64/ucrt64/bin/../lib/gcc/x86_64-w64-mingw32/13.1.0/../../../../lib/libmsvcrt.a(lib64_libucrt_extra_a-ucrt_fprintf.o)
 .rdata$zzz     0x000000014009b0e0       0x30 C:/msys64/ucrt64/bin/../lib/gcc/x86_64-w64-mingw32/13.1.0/../../../../lib/libmsvcrt.a(lib64_libucrt_extra_a-__initenv.o)
 .rdata$zzz     0x000000014009b110       0x30 C:/msys64/ucrt64/bin/../lib/gcc/x86_64-w64-mingw32/13.1.0/../../../../lib/libmsvcrt.a(lib64_libucrt_extra_a-ucrtbase_compat.o)
 .rdata$zzz     0x000000014009b140       0x30 C:/msys64/ucrt64/bin/../lib/gcc/x86_64-w64-mingw32/13.1.0/crtend.o
                0x000000014009b170                . = ALIGN (0x4)
                0x000000014009b170                __rt_psrelocs_start = .
 *(.rdata_runtime_pseudo_reloc)
                0x000000014009b170                __rt_psrelocs_end = .
                0x0000000000000000                __rt_psrelocs_size = (__rt_psrelocs_end - __rt_psrelocs_start)
                0x000000014009b170                ___RUNTIME_PSEUDO_RELOC_LIST_END__ = .
                0x000000014009b170                __RUNTIME_PSEUDO_RELOC_LIST_END__ = .
                0x000000014009b170                ___RUNTIME_PSEUDO_RELOC_LIST__ = (. - __rt_psrelocs_size)
                0x000000014009b170                __RUNTIME_PSEUDO_RELOC_LIST__ = (. - __rt_psrelocs_size)

.eh_frame
 *(.eh_frame*)

.pdata          0x000000014009c000      0x800
 *(.pdata*)
 .pdata         0x000000014009c000       0x54 C:/msys64/ucrt64/bin/../lib/gcc/x86_64-w64-mingw32/13.1.0/../../../../lib/crt2.o
 .pdata         0x000000014009c054       0x18 C:/msys64/ucrt64/bin/../lib/gcc/x86_64-w64-mingw32/13.1.0/crtbegin.o
 .pdata         0x000000014009c06c       0x24 exotique.o
 .pdata.startup
                0x000000014009c090        0xc exotique.o
 .pdata         0x000000014009c09c      0x3c0 mahjong.o
 .pdata         0x000000014009c45c       0x24 C:/msys64/ucrt64/bin/../lib/gcc/x86_64-w64-mingw32/13.1.0/../../../../lib/libmingw32.a(lib64_libmingw32_a-gccmain.o)
 .pdata         0x000000014009c480        0xc C:/msys64/ucrt64/bin/../lib/gcc/x86_64-w64-mingw32/13.1.0/../../../../lib/libmingw32.a(lib64_libmingw32_a-dllargv.o)
 .pdata         0x000000014009c48c       0x24 C:/msys64/ucrt64/bin/../lib/gcc/x86_64-w64-mingw32/13.1.0/../../../../lib/libmingw32.a(lib64_libmingw32_a-tlssup.o)
 .pdata         0x000000014009c4b0        0xc C:/msys64/ucrt64/bin/../lib/gcc/x86_64-w64-mingw32/13.1.0/../../../../lib/libmingw32.a(lib64_libmingw32_a-merr.o)
 .pdata         0x000000014009c4bc        0xc C:/msys64/ucrt64/bin/../lib/gcc/x86_64-w64-mingw32/13.1.0/../../../../lib/libmingw32.a(lib64_libmingw32_a-CRT_fp10.o)
 .pdata         0x000000014009c4c8       0x24 C:/msys64/ucrt64/bin/../lib/gcc/x86_64-w64-mingw32/13.1.0/../../../../lib/libmingw32.a(lib64_libmingw32_a-pseudo-reloc.o)
 .pdata         0x000000014009c4ec       0x18 C:/msys64/ucrt64/bin/../lib/gcc/x86_64-w64-mingw32/13.1.0/../../../../lib/libmingw32.a(lib64_libmingw32_a-usermatherr.o)
 .pdata         0x000000014009c504        0xc C:/msys64/ucrt64/bin/../lib/gcc/x86_64-w64-mingw32/13.1.0/../../../../lib/libmingw32.a(lib64_libmingw32_a-crt_handler.o)
 .pdata         0x000000014009c510       0x30 C:/msys64/ucrt64/bin/../lib/gcc/x86_64-w64-mingw32/13.1.0/../../../../lib/libmingw32.a(lib64_libmingw32_a-tlsthrd.o)
 .pdata         0x000000014009c540       0x6c C:/msys64/ucrt64/bin/../lib/gcc/x86_64-w64-mingw32/13.1.0/../../../../lib/libmingw32.a(lib64_libmingw32_a-pesect.o)
 .pdata         0x000000014009c5ac        0xc C:/msys64/ucrt64/bin/../lib/gcc/x86_64-w64-mingw32/13.1.0/../../../../lib/libmsvcrt.a(lib64_libucrt_extra_a-ucrt_vprintf.o)
 .pdata         0x000000014009c5b8        0xc C:/msys64/ucrt64/bin/../lib/gcc/x86_64-w64-mingw32/13.1.0/../../../../lib/libmsvcrt.a(lib64_libucrt_extra_a-ucrt_vfprintf.o)
 .pdata         0x000000014009c5c4        0xc C:/msys64/ucrt64/bin/../lib/gcc/x86_64-w64-mingw32/13.1.0/../../../../lib/libmsvcrt.a(lib64_libucrt_extra_a-ucrt_fprintf.o)
 .pdata         0x000000014009c5d0       0x6c C:/msys64/ucrt64/bin/../lib/gcc/x86_64-w64-mingw32/13.1.0/../../../../lib/libmsvcrt.a(lib64_libucrt_extra_a-ucrtbase_compat.o)
 .pdata.startup
                0x000000014009c63c        0xc C:/msys64/ucrt64/bin/../lib/gcc/x86_64-w64-mingw32/13.1.0/crtend.o

.xdata          0x000000014009d000      0x800
 *(.xdata*)
 .xdata         0x000000014009d000       0x6c C:/msys64/ucrt64/bin/../lib/gcc/x86_64-w64-mingw32/13.1.0/../../../../lib/crt2.o
 .xdata         0x000000014009d06c        0x8 C:/msys64/ucrt64/bin/../lib/gcc/x86_64-w64-mingw32/13.1.0/crtbegin.o
 .xdata         0x000000014009d074       0x1c exotique.o
 .xdata.startup
                0x000000014009d090       0x18 exotique.o
 .xdata         0x000000014009d0a8      0x5e4 mahjong.o
 .xdata         0x000000014009d68c       0x18 C:/msys64/ucrt64/bin/../lib/gcc/x86_64-w64-mingw32/13.1.0/../../../../lib/libmingw32.a(lib64_libmingw32_a-gccmain.o)
 .xdata         0x000000014009d6a4        0x4 C:/msys64/ucrt64/bin/../lib/gcc/x86_64-w64-mingw32/13.1.0/../../../../lib/libmingw32.a(lib64_libmingw32_a-dllargv.o)
 .xdata         0x000000014009d6a8       0x18 C:/msys64/ucrt64/bin/../lib/gcc/x86_64-w64-mingw32/13.1.0/../../../../lib/libmingw32.a(lib64_libmingw32_a-tlssup.o)
 .xdata         0x000000014009d6c0       0x18 C:/msys64/ucrt64/bin/../lib/gcc/x86_64-w64-mingw32/13.1.0/../../../../lib/libmingw32.a(lib64_libmingw32_a-merr.o)
 .xdata         0x000000014009d6d8        0x4 C:/msys64/ucrt64/bin/../lib/gcc/x86_64-w64-mingw32/13.1.0/../../../../lib/libmingw32.a(lib64_libmingw32_a-CRT_fp10.o)
 .xdata         0x000000014009d6dc       0x30 C:/msys64/ucrt64/bin/../lib/gcc/x86_64-w64-mingw32/13.1.0/../../../../lib/libmingw32.a(lib64_libmingw32_a-pseudo-reloc.o)
 .xdata         0x000000014009d70c        0xc C:/msys64/ucrt64/bin/../lib/gcc/x86_64-w64-mingw32/13.1.0/../../../../lib/libmingw32.a(lib64_libmingw32_a-usermatherr.o)
 .xdata         0x000000014009d718        0x8 C:/msys64/ucrt64/bin/../lib/gcc/x86_64-w64-mingw32/13.1.0/../../../../lib/libmingw32.a(lib64_libmingw32_a-crt_handler.o)
 .xdata         0x000000014009d720       0x30 C:/msys64/ucrt64/bin/../lib/gcc/x86_64-w64-mingw32/13.1.0/../../../../lib/libmingw32.a(lib64_libmingw32_a-tlsthrd.o)
 .xdata         0x000000014009d750       0x2c C:/msys64/ucrt64/bin/../lib/gcc/x86_64-w64-mingw32/13.1.0/../../../../lib/libmingw32.a(lib64_libmingw32_a-pesect.o)
 .xdata         0x000000014009d77c        0xc C:/msys64/ucrt64/bin/../lib/gcc/x86_64-w64-mingw32/13.1.0/../../../../lib/libmsvcrt.a(lib64_libucrt_extra_a-ucrt_vprintf.o)
 .xdata         0x000000014009d788        0x8 C:/msys64/ucrt64/bin/../lib/gcc/x86_64-w64-mingw32/13.1.0/../../../../lib/libmsvcrt.a(lib64_libucrt_extra_a-ucrt_vfprintf.o)
 .xdata         0x000000014009d790        0x8 C:/msys64/ucrt64/bin/../lib/gcc/x86_64-w64-mingw32/13.1.0/../../../../lib/libmsvcrt.a(lib64_libucrt_extra_a-ucrt_fprintf.o)
 .xdata         0x000000014009d798       0x50 C:/msys64/ucrt64/bin/../lib/gcc/x86_64-w64-mingw32/13.1.0/../../../../lib/libmsvcrt.a(lib64_libucrt_extra_a-ucrtbase_compat.o)
 .xdata.startup
                0x000000014009d7e8        0x4 C:/msys64/ucrt64/bin/../lib/gcc/x86_64-w64-mingw32/13.1.0/crtend.o

.bss            0x000000014009e000  0x9c43e80
                0x000000014009e000                __bss_start__ = .
 *(.bss)
 .bss           0x000000014009e000       0x30 C:/msys64/ucrt64/bin/../lib/gcc/x86_64-w64-mingw32/13.1.0/../../../../lib/crt2.o
                0x000000014009e000                __mingw_module_is_dll
 .bss           0x000000014009e030        0x0 C:/msys64/ucrt64/bin/../lib/gcc/x86_64-w64-mingw32/13.1.0/crtbegin.o
 *fill*         0x000000014009e030       0x10 
 .bss           0x000000014009e040      0x520 exotique.o
                0x000000014009e040                g_exotique_interface
 .bss           0x000000014009e560  0x9c437e0 mahjong.o
                0x000000014009e560                triangles_transformed
                0x000000014009e564                meshes_transformed
                0x000000014009e568                triangles_hi_z_culled
                0x000000014009e56c                triangles_rasterized
                0x000000014009e570                zoom
                0x000000014009e574                prev_cam_radius
                0x000000014009e578                last_y_pushed
                0x000000014009e57c                last_x_pushed
                0x000000014009e580                last_right_pushed
                0x000000014009e584                last_left_pushed
                0x000000014009e588                last_a_pushed
                0x000000014009e58c                last_select_pushed
                0x000000014009e590                last_start_pushed
                0x000000014009e594                paused
                0x000000014009e598                cur_player
                0x000000014009e59c                deal_steps
                0x000000014009e5a0                frame
                0x000000014009e5a4                cur_game_state
                0x000000014009e5c0                game_board
                0x000000014009ee20                texture_mip_3_buffer
                0x00000001400c0e20                texture_mip_2_buffer
                0x0000000140148e20                texture_mip_buffer
                0x0000000140368e20                texture_buffer
                0x0000000140be8e20                tile_bbox
                0x0000000140be8e40                cam_view_trans
                0x0000000140be8e64                draw_mode
                0x0000000140be8e80                mix_table
                0x0000000140bf8e80                full_light_remap_table
                0x0000000140bfa780                light_remap_table
                0x0000000140bfa818                camera_rot_y
                0x0000000140bfa820                global_tri_buffer
                0x0000000144cd4120                tiles
                0x0000000149cdcd20                zbuf
                0x0000000149ce0d20                render_target
 .bss           0x0000000149ce1d40       0x10 C:/msys64/ucrt64/bin/../lib/gcc/x86_64-w64-mingw32/13.1.0/../../../../lib/libmingw32.a(lib64_libmingw32_a-gccmain.o)
 .bss           0x0000000149ce1d50       0x10 C:/msys64/ucrt64/bin/../lib/gcc/x86_64-w64-mingw32/13.1.0/../../../../lib/libmingw32.a(lib64_libmingw32_a-natstart.o)
                0x0000000149ce1d50                __native_startup_lock
                0x0000000149ce1d58                __native_startup_state
 .bss           0x0000000149ce1d60        0x0 C:/msys64/ucrt64/bin/../lib/gcc/x86_64-w64-mingw32/13.1.0/../../../../lib/libmingw32.a(lib64_libmingw32_a-wildcard.o)
 .bss           0x0000000149ce1d60        0x0 C:/msys64/ucrt64/bin/../lib/gcc/x86_64-w64-mingw32/13.1.0/../../../../lib/libmingw32.a(lib64_libmingw32_a-dllargv.o)
 .bss           0x0000000149ce1d60       0x10 C:/msys64/ucrt64/bin/../lib/gcc/x86_64-w64-mingw32/13.1.0/../../../../lib/libmingw32.a(lib64_libmingw32_a-_newmode.o)
                0x0000000149ce1d60                _newmode
 .bss           0x0000000149ce1d70       0x10 C:/msys64/ucrt64/bin/../lib/gcc/x86_64-w64-mingw32/13.1.0/../../../../lib/libmingw32.a(lib64_libmingw32_a-tlssup.o)
                0x0000000149ce1d70                __mingw_initltssuo_force
                0x0000000149ce1d74                __mingw_initltsdyn_force
                0x0000000149ce1d78                __mingw_initltsdrot_force
                0x0000000149ce1d7c                _tls_index
 .bss           0x0000000149ce1d80       0x10 C:/msys64/ucrt64/bin/../lib/gcc/x86_64-w64-mingw32/13.1.0/../../../../lib/libmingw32.a(lib64_libmingw32_a-xncommod.o)
                0x0000000149ce1d80                _commode
 .bss           0x0000000149ce1d90        0x0 C:/msys64/ucrt64/bin/../lib/gcc/x86_64-w64-mingw32/13.1.0/../../../../lib/libmingw32.a(lib64_libmingw32_a-cinitexe.o)
 .bss           0x0000000149ce1d90        0x0 C:/msys64/ucrt64/bin/../lib/gcc/x86_64-w64-mingw32/13.1.0/../../../../lib/libmingw32.a(lib64_libmingw32_a-merr.o)
 .bss           0x0000000149ce1d90        0x0 C:/msys64/ucrt64/bin/../lib/gcc/x86_64-w64-mingw32/13.1.0/../../../../lib/libmingw32.a(lib64_libmingw32_a-CRT_fp10.o)
 .bss           0x0000000149ce1d90       0x10 C:/msys64/ucrt64/bin/../lib/gcc/x86_64-w64-mingw32/13.1.0/../../../../lib/libmingw32.a(lib64_libmingw32_a-mingw_helpers.o)
                0x0000000149ce1d90                __mingw_app_type
 .bss           0x0000000149ce1da0       0x10 C:/msys64/ucrt64/bin/../lib/gcc/x86_64-w64-mingw32/13.1.0/../../../../lib/libmingw32.a(lib64_libmingw32_a-pseudo-reloc.o)
 .bss           0x0000000149ce1db0       0x10 C:/msys64/ucrt64/bin/../lib/gcc/x86_64-w64-mingw32/13.1.0/../../../../lib/libmingw32.a(lib64_libmingw32_a-usermatherr.o)
 .bss           0x0000000149ce1dc0       0x10 C:/msys64/ucrt64/bin/../lib/gcc/x86_64-w64-mingw32/13.1.0/../../../../lib/libmingw32.a(lib64_libmingw32_a-xtxtmode.o)
                0x0000000149ce1dc0                _fmode
 .bss           0x0000000149ce1dd0       0x10 C:/msys64/ucrt64/bin/../lib/gcc/x86_64-w64-mingw32/13.1.0/../../../../lib/libmingw32.a(lib64_libmingw32_a-crt_handler.o)
                0x0000000149ce1dd0                __mingw_oldexcpt_handler
 .bss           0x0000000149ce1de0       0x60 C:/msys64/ucrt64/bin/../lib/gcc/x86_64-w64-mingw32/13.1.0/../../../../lib/libmingw32.a(lib64_libmingw32_a-tlsthrd.o)
 .bss           0x0000000149ce1e40        0x0 C:/msys64/ucrt64/bin/../lib/gcc/x86_64-w64-mingw32/13.1.0/../../../../lib/libmingw32.a(lib64_libmingw32_a-tlsmcrt.o)
 .bss           0x0000000149ce1e40       0x10 C:/msys64/ucrt64/bin/../lib/gcc/x86_64-w64-mingw32/13.1.0/../../../../lib/libmingw32.a(lib64_libmingw32_a-pseudo-reloc-list.o)
 .bss           0x0000000149ce1e50        0x0 C:/msys64/ucrt64/bin/../lib/gcc/x86_64-w64-mingw32/13.1.0/../../../../lib/libmingw32.a(lib64_libmingw32_a-pesect.o)
 .bss           0x0000000149ce1e50        0x0 C:/msys64/ucrt64/bin/../lib/gcc/x86_64-w64-mingw32/13.1.0/libgcc.a(_chkstk_ms.o)
 .bss           0x0000000149ce1e50       0x20 C:/msys64/ucrt64/bin/../lib/gcc/x86_64-w64-mingw32/13.1.0/libgcc.a(_ctors.o)
 .bss           0x0000000149ce1e70        0x0 C:/msys64/ucrt64/bin/../lib/gcc/x86_64-w64-mingw32/13.1.0/../../../../lib/libmingwex.a(lib64_libmingwex_a-mingw_matherr.o)
 .bss           0x0000000149ce1e70        0x0 C:/msys64/ucrt64/bin/../lib/gcc/x86_64-w64-mingw32/13.1.0/../../../../lib/libmsvcrt.a(lib64_libucrt_extra_a-ucrt_vprintf.o)
 .bss           0x0000000149ce1e70        0x0 C:/msys64/ucrt64/bin/../lib/gcc/x86_64-w64-mingw32/13.1.0/../../../../lib/libmsvcrt.a(lib64_libucrt_extra_a-ucrt_vfprintf.o)
 .bss           0x0000000149ce1e70        0x0 C:/msys64/ucrt64/bin/../lib/gcc/x86_64-w64-mingw32/13.1.0/../../../../lib/libmsvcrt.a(lib64_libucrt_extra_a-ucrt_fprintf.o)
 .bss           0x0000000149ce1e70       0x10 C:/msys64/ucrt64/bin/../lib/gcc/x86_64-w64-mingw32/13.1.0/../../../../lib/libmsvcrt.a(lib64_libucrt_extra_a-__initenv.o)
 .bss           0x0000000149ce1e80        0x0 C:/msys64/ucrt64/bin/../lib/gcc/x86_64-w64-mingw32/13.1.0/../../../../lib/libmsvcrt.a(lib64_libucrt_extra_a-ucrtbase_compat.o)
 .bss           0x0000000149ce1e80        0x0 C:/msys64/ucrt64/bin/../lib/gcc/x86_64-w64-mingw32/13.1.0/../../../../lib/libmsvcrt.a(libapi-ms-win-crt-time-l1-1-0s00008.o)
 .bss           0x0000000149ce1e80        0x0 C:/msys64/ucrt64/bin/../lib/gcc/x86_64-w64-mingw32/13.1.0/../../../../lib/libmsvcrt.a(libapi-ms-win-crt-time-l1-1-0s00010.o)
 .bss           0x0000000149ce1e80        0x0 C:/msys64/ucrt64/bin/../lib/gcc/x86_64-w64-mingw32/13.1.0/../../../../lib/libmsvcrt.a(libapi-ms-win-crt-time-l1-1-0s00011.o)
 .bss           0x0000000149ce1e80        0x0 C:/msys64/ucrt64/bin/../lib/gcc/x86_64-w64-mingw32/13.1.0/../../../../lib/libmsvcrt.a(libapi-ms-win-crt-time-l1-1-0s00058.o)
 .bss           0x0000000149ce1e80        0x0 C:/msys64/ucrt64/bin/../lib/gcc/x86_64-w64-mingw32/13.1.0/../../../../lib/libmsvcrt.a(libapi-ms-win-crt-time-l1-1-0h.o)
 .bss           0x0000000149ce1e80        0x0 C:/msys64/ucrt64/bin/../lib/gcc/x86_64-w64-mingw32/13.1.0/../../../../lib/libmsvcrt.a(libapi-ms-win-crt-time-l1-1-0t.o)
 .bss           0x0000000149ce1e80        0x0 C:/msys64/ucrt64/bin/../lib/gcc/x86_64-w64-mingw32/13.1.0/../../../../lib/libmsvcrt.a(libapi-ms-win-crt-string-l1-1-0s00167.o)
 .bss           0x0000000149ce1e80        0x0 C:/msys64/ucrt64/bin/../lib/gcc/x86_64-w64-mingw32/13.1.0/../../../../lib/libmsvcrt.a(libapi-ms-win-crt-string-l1-1-0s00170.o)
 .bss           0x0000000149ce1e80        0x0 C:/msys64/ucrt64/bin/../lib/gcc/x86_64-w64-mingw32/13.1.0/../../../../lib/libmsvcrt.a(libapi-ms-win-crt-string-l1-1-0h.o)
 .bss           0x0000000149ce1e80        0x0 C:/msys64/ucrt64/bin/../lib/gcc/x86_64-w64-mingw32/13.1.0/../../../../lib/libmsvcrt.a(libapi-ms-win-crt-string-l1-1-0t.o)
 .bss           0x0000000149ce1e80        0x0 C:/msys64/ucrt64/bin/../lib/gcc/x86_64-w64-mingw32/13.1.0/../../../../lib/libmsvcrt.a(libapi-ms-win-crt-stdio-l1-1-0s00000.o)
 .bss           0x0000000149ce1e80        0x0 C:/msys64/ucrt64/bin/../lib/gcc/x86_64-w64-mingw32/13.1.0/../../../../lib/libmsvcrt.a(libapi-ms-win-crt-stdio-l1-1-0s00001.o)
 .bss           0x0000000149ce1e80        0x0 C:/msys64/ucrt64/bin/../lib/gcc/x86_64-w64-mingw32/13.1.0/../../../../lib/libmsvcrt.a(libapi-ms-win-crt-stdio-l1-1-0s00002.o)
 .bss           0x0000000149ce1e80        0x0 C:/msys64/ucrt64/bin/../lib/gcc/x86_64-w64-mingw32/13.1.0/../../../../lib/libmsvcrt.a(libapi-ms-win-crt-stdio-l1-1-0s00003.o)
 .bss           0x0000000149ce1e80        0x0 C:/msys64/ucrt64/bin/../lib/gcc/x86_64-w64-mingw32/13.1.0/../../../../lib/libmsvcrt.a(libapi-ms-win-crt-stdio-l1-1-0s00007.o)
 .bss           0x0000000149ce1e80        0x0 C:/msys64/ucrt64/bin/../lib/gcc/x86_64-w64-mingw32/13.1.0/../../../../lib/libmsvcrt.a(libapi-ms-win-crt-stdio-l1-1-0s00168.o)
 .bss           0x0000000149ce1e80        0x0 C:/msys64/ucrt64/bin/../lib/gcc/x86_64-w64-mingw32/13.1.0/../../../../lib/libmsvcrt.a(libapi-ms-win-crt-stdio-l1-1-0h.o)
 .bss           0x0000000149ce1e80        0x0 C:/msys64/ucrt64/bin/../lib/gcc/x86_64-w64-mingw32/13.1.0/../../../../lib/libmsvcrt.a(libapi-ms-win-crt-stdio-l1-1-0t.o)
 .bss           0x0000000149ce1e80        0x0 C:/msys64/ucrt64/bin/../lib/gcc/x86_64-w64-mingw32/13.1.0/../../../../lib/libmsvcrt.a(libapi-ms-win-crt-runtime-l1-1-0s00004.o)
 .bss           0x0000000149ce1e80        0x0 C:/msys64/ucrt64/bin/../lib/gcc/x86_64-w64-mingw32/13.1.0/../../../../lib/libmsvcrt.a(libapi-ms-win-crt-runtime-l1-1-0s00005.o)
 .bss           0x0000000149ce1e80        0x0 C:/msys64/ucrt64/bin/../lib/gcc/x86_64-w64-mingw32/13.1.0/../../../../lib/libmsvcrt.a(libapi-ms-win-crt-runtime-l1-1-0s00006.o)
 .bss           0x0000000149ce1e80        0x0 C:/msys64/ucrt64/bin/../lib/gcc/x86_64-w64-mingw32/13.1.0/../../../../lib/libmsvcrt.a(libapi-ms-win-crt-runtime-l1-1-0s00022.o)
 .bss           0x0000000149ce1e80        0x0 C:/msys64/ucrt64/bin/../lib/gcc/x86_64-w64-mingw32/13.1.0/../../../../lib/libmsvcrt.a(libapi-ms-win-crt-runtime-l1-1-0s00024.o)
 .bss           0x0000000149ce1e80        0x0 C:/msys64/ucrt64/bin/../lib/gcc/x86_64-w64-mingw32/13.1.0/../../../../lib/libmsvcrt.a(libapi-ms-win-crt-runtime-l1-1-0s00025.o)
 .bss           0x0000000149ce1e80        0x0 C:/msys64/ucrt64/bin/../lib/gcc/x86_64-w64-mingw32/13.1.0/../../../../lib/libmsvcrt.a(libapi-ms-win-crt-runtime-l1-1-0s00029.o)
 .bss           0x0000000149ce1e80        0x0 C:/msys64/ucrt64/bin/../lib/gcc/x86_64-w64-mingw32/13.1.0/../../../../lib/libmsvcrt.a(libapi-ms-win-crt-runtime-l1-1-0s00030.o)
 .bss           0x0000000149ce1e80        0x0 C:/msys64/ucrt64/bin/../lib/gcc/x86_64-w64-mingw32/13.1.0/../../../../lib/libmsvcrt.a(libapi-ms-win-crt-runtime-l1-1-0s00036.o)
 .bss           0x0000000149ce1e80        0x0 C:/msys64/ucrt64/bin/../lib/gcc/x86_64-w64-mingw32/13.1.0/../../../../lib/libmsvcrt.a(libapi-ms-win-crt-runtime-l1-1-0s00053.o)
 .bss           0x0000000149ce1e80        0x0 C:/msys64/ucrt64/bin/../lib/gcc/x86_64-w64-mingw32/13.1.0/../../../../lib/libmsvcrt.a(libapi-ms-win-crt-runtime-l1-1-0s00055.o)
 .bss           0x0000000149ce1e80        0x0 C:/msys64/ucrt64/bin/../lib/gcc/x86_64-w64-mingw32/13.1.0/../../../../lib/libmsvcrt.a(libapi-ms-win-crt-runtime-l1-1-0s00056.o)
 .bss           0x0000000149ce1e80        0x0 C:/msys64/ucrt64/bin/../lib/gcc/x86_64-w64-mingw32/13.1.0/../../../../lib/libmsvcrt.a(libapi-ms-win-crt-runtime-l1-1-0s00068.o)
 .bss           0x0000000149ce1e80        0x0 C:/msys64/ucrt64/bin/../lib/gcc/x86_64-w64-mingw32/13.1.0/../../../../lib/libmsvcrt.a(libapi-ms-win-crt-runtime-l1-1-0s00074.o)
 .bss           0x0000000149ce1e80        0x0 C:/msys64/ucrt64/bin/../lib/gcc/x86_64-w64-mingw32/13.1.0/../../../../lib/libmsvcrt.a(libapi-ms-win-crt-runtime-l1-1-0s00087.o)
 .bss           0x0000000149ce1e80        0x0 C:/msys64/ucrt64/bin/../lib/gcc/x86_64-w64-mingw32/13.1.0/../../../../lib/libmsvcrt.a(libapi-ms-win-crt-runtime-l1-1-0s00088.o)
 .bss           0x0000000149ce1e80        0x0 C:/msys64/ucrt64/bin/../lib/gcc/x86_64-w64-mingw32/13.1.0/../../../../lib/libmsvcrt.a(libapi-ms-win-crt-runtime-l1-1-0s00102.o)
 .bss           0x0000000149ce1e80        0x0 C:/msys64/ucrt64/bin/../lib/gcc/x86_64-w64-mingw32/13.1.0/../../../../lib/libmsvcrt.a(libapi-ms-win-crt-runtime-l1-1-0h.o)
 .bss           0x0000000149ce1e80        0x0 C:/msys64/ucrt64/bin/../lib/gcc/x86_64-w64-mingw32/13.1.0/../../../../lib/libmsvcrt.a(libapi-ms-win-crt-runtime-l1-1-0t.o)
 .bss           0x0000000149ce1e80        0x0 C:/msys64/ucrt64/bin/../lib/gcc/x86_64-w64-mingw32/13.1.0/../../../../lib/libmsvcrt.a(libapi-ms-win-crt-private-l1-1-0s00015.o)
 .bss           0x0000000149ce1e80        0x0 C:/msys64/ucrt64/bin/../lib/gcc/x86_64-w64-mingw32/13.1.0/../../../../lib/libmsvcrt.a(libapi-ms-win-crt-private-l1-1-0s01143.o)
 .bss           0x0000000149ce1e80        0x0 C:/msys64/ucrt64/bin/../lib/gcc/x86_64-w64-mingw32/13.1.0/../../../../lib/libmsvcrt.a(libapi-ms-win-crt-private-l1-1-0h.o)
 .bss           0x0000000149ce1e80        0x0 C:/msys64/ucrt64/bin/../lib/gcc/x86_64-w64-mingw32/13.1.0/../../../../lib/libmsvcrt.a(libapi-ms-win-crt-private-l1-1-0t.o)
 .bss           0x0000000149ce1e80        0x0 C:/msys64/ucrt64/bin/../lib/gcc/x86_64-w64-mingw32/13.1.0/../../../../lib/libmsvcrt.a(libapi-ms-win-crt-math-l1-1-0s00009.o)
 .bss           0x0000000149ce1e80        0x0 C:/msys64/ucrt64/bin/../lib/gcc/x86_64-w64-mingw32/13.1.0/../../../../lib/libmsvcrt.a(libapi-ms-win-crt-math-l1-1-0h.o)