Archive member included to satisfy reference by file (symbol)

C:\Users\Erik\code\SDL2-2.32.10\x86_64-w64-mingw32\lib/libSDL2.dll.a(SDL2_dll_d000678.o)
                              exotique.o (SDL_UpdateTexture)
C:\Users\Erik\code\SDL2-2.32.10\x86_64-w64-mingw32\lib/libSDL2.dll.a(SDL2_dll_d000652.o)
                              exotique.o (SDL_ShowCursor)
C:\Users\Erik\code\SDL2-2.32.10\x86_64-w64-mingw32\lib/libSDL2.dll.a(SDL2_dll_d000558.o)
                              exotique.o (SDL_RenderSetLogicalSize)
C:\Users\Erik\code\SDL2-2.32.10\x86_64-w64-mingw32\lib/libSDL2.dll.a(SDL2_dll_d000557.o)
                              exotique.o (SDL_RenderSetIntegerScale)
C:\Users\Erik\code\SDL2-2.32.10\x86_64-w64-mingw32\lib/libSDL2.dll.a(SDL2_dll_d000554.o)
                              exotique.o (SDL_RenderPresent)
C:\Users\Erik\code\SDL2-2.32.10\x86_64-w64-mingw32\lib/libSDL2.dll.a(SDL2_dll_d000518.o)
                              exotique.o (SDL_RenderCopy)
C:\Users\Erik\code\SDL2-2.32.10\x86_64-w64-mingw32\lib/libSDL2.dll.a(SDL2_dll_d000517.o)
                              exotique.o (SDL_RenderClear)
C:\Users\Erik\code\SDL2-2.32.10\x86_64-w64-mingw32\lib/libSDL2.dll.a(SDL2_dll_d000493.o)
                              exotique.o (SDL_Quit)
C:\Users\Erik\code\SDL2-2.32.10\x86_64-w64-mingw32\lib/libSDL2.dll.a(SDL2_dll_d000489.o)
                              exotique.o (SDL_PumpEvents)
C:\Users\Erik\code\SDL2-2.32.10\x86_64-w64-mingw32\lib/libSDL2.dll.a(SDL2_dll_d000487.o)
                              exotique.o (SDL_PollEvent)
C:\Users\Erik\code\SDL2-2.32.10\x86_64-w64-mingw32\lib/libSDL2.dll.a(SDL2_dll_d000453.o)
                              exotique.o (SDL_LogWarn)
C:\Users\Erik\code\SDL2-2.32.10\x86_64-w64-mingw32\lib/libSDL2.dll.a(SDL2_dll_d000449.o)
                              exotique.o (SDL_LogSetAllPriority)
C:\Users\Erik\code\SDL2-2.32.10\x86_64-w64-mingw32\lib/libSDL2.dll.a(SDL2_dll_d000445.o)
                              exotique.o (SDL_LogInfo)
C:\Users\Erik\code\SDL2-2.32.10\x86_64-w64-mingw32\lib/libSDL2.dll.a(SDL2_dll_d000440.o)
                              exotique.o (SDL_LogCritical)
C:\Users\Erik\code\SDL2-2.32.10\x86_64-w64-mingw32\lib/libSDL2.dll.a(SDL2_dll_d000356.o)
                              exotique.o (SDL_Init)
C:\Users\Erik\code\SDL2-2.32.10\x86_64-w64-mingw32\lib/libSDL2.dll.a(SDL2_dll_d000269.o)
                              exotique.o (SDL_GetTicks64)
C:\Users\Erik\code\SDL2-2.32.10\x86_64-w64-mingw32\lib/libSDL2.dll.a(SDL2_dll_d000218.o)
                              exotique.o (SDL_GetMouseState)
C:\Users\Erik\code\SDL2-2.32.10\x86_64-w64-mingw32\lib/libSDL2.dll.a(SDL2_dll_d000214.o)
                              exotique.o (SDL_GetKeyboardState)
C:\Users\Erik\code\SDL2-2.32.10\x86_64-w64-mingw32\lib/libSDL2.dll.a(SDL2_dll_d000202.o)
                              exotique.o (SDL_GetError)
C:\Users\Erik\code\SDL2-2.32.10\x86_64-w64-mingw32\lib/libSDL2.dll.a(SDL2_dll_d000163.o)
                              exotique.o (SDL_GameControllerOpen)
C:\Users\Erik\code\SDL2-2.32.10\x86_64-w64-mingw32\lib/libSDL2.dll.a(SDL2_dll_d000130.o)
                              exotique.o (SDL_GameControllerGetButton)
C:\Users\Erik\code\SDL2-2.32.10\x86_64-w64-mingw32\lib/libSDL2.dll.a(SDL2_dll_d000126.o)
                              exotique.o (SDL_GameControllerGetAxis)
C:\Users\Erik\code\SDL2-2.32.10\x86_64-w64-mingw32\lib/libSDL2.dll.a(SDL2_dll_d000121.o)
                              exotique.o (SDL_GameControllerFromInstanceID)
C:\Users\Erik\code\SDL2-2.32.10\x86_64-w64-mingw32\lib/libSDL2.dll.a(SDL2_dll_d000119.o)
                              exotique.o (SDL_GameControllerClose)
C:\Users\Erik\code\SDL2-2.32.10\x86_64-w64-mingw32\lib/libSDL2.dll.a(SDL2_dll_d000073.o)
                              exotique.o (SDL_DestroyWindow)
C:\Users\Erik\code\SDL2-2.32.10\x86_64-w64-mingw32\lib/libSDL2.dll.a(SDL2_dll_d000072.o)
                              exotique.o (SDL_DestroyTexture)
C:\Users\Erik\code\SDL2-2.32.10\x86_64-w64-mingw32\lib/libSDL2.dll.a(SDL2_dll_d000070.o)
                              exotique.o (SDL_DestroyRenderer)
C:\Users\Erik\code\SDL2-2.32.10\x86_64-w64-mingw32\lib/libSDL2.dll.a(SDL2_dll_d000059.o)
                              exotique.o (SDL_CreateWindow)
C:\Users\Erik\code\SDL2-2.32.10\x86_64-w64-mingw32\lib/libSDL2.dll.a(SDL2_dll_d000055.o)
                              exotique.o (SDL_CreateTexture)
C:\Users\Erik\code\SDL2-2.32.10\x86_64-w64-mingw32\lib/libSDL2.dll.a(SDL2_dll_d000050.o)
                              exotique.o (SDL_CreateRenderer)
C:\Users\Erik\code\SDL2-2.32.10\x86_64-w64-mingw32\lib/libSDL2.dll.a(SDL2_dll_d000000.o)
                              C:\Users\Erik\code\SDL2-2.32.10\x86_64-w64-mingw32\lib/libSDL2.dll.a(SDL2_dll_d000678.o) (_head_SDL2_dll)
C:\Users\Erik\code\SDL2-2.32.10\x86_64-w64-mingw32\lib/libSDL2.dll.a(SDL2_dll_d000846.o)
[...]
Memory Configuration

Name             Origin             Length             Attributes
*default*        0x0000000000000000 0xffffffffffffffff

Linker script and memory map

                0x0000000140000000                __image_base__ = 0x140000000
                0x0000000000000000                __dll__ = 0x0
                0x0000000140000000                __ImageBase = 0x140000000
                0x0000000000001000                __section_alignment__ = 0x1000
                0x0000000000000200                __file_alignment__ = 0x200
                0x0000000000000004                __major_os_version__ = 0x4
                0x0000000000000000                __minor_os_version__ = 0x0
                0x0000000000000000                __major_image_version__ = 0x0
                0x0000000000000000                __minor_image_version__ = 0x0
                0x0000000000000005                __major_subsystem_version__ = 0x5
                0x0000000000000002                __minor_subsystem_version__ = 0x2
                0x0000000000000003                __subsystem__ = 0x3
                0x0000000000200000                __size_of_stack_reserve__ = 0x200000
                0x0000000000001000                __size_of_stack_commit__ = 0x1000
                0x0000000000100000                __size_of_heap_reserve__ = 0x100000
                0x0000000000001000                __size_of_heap_commit__ = 0x1000
                0x0000000000000000                __loader_flags__ = 0x0
                0x0000000000000160                __dll_characteristics__ = 0x160
LOAD C:/msys64/ucrt64/bin/../lib/gcc/x86_64-w64-mingw32/13.1.0/../../../../lib/crt2.o
LOAD C:/msys64/ucrt64/bin/../lib/gcc/x86_64-w64-mingw32/13.1.0/crtbegin.o
LOAD exotique.o
LOAD mahjong.o
LOAD C:\Users\Erik\code\SDL2-2.32.10\x86_64-w64-mingw32\lib/libSDL2.dll.a
LOAD C:/msys64/ucrt64/bin/../lib/gcc/x86_64-w64-mingw32/13.1.0/../../../../lib/libmingw32.a
LOAD C:/msys64/ucrt64/bin/../lib/gcc/x86_64-w64-mingw32/13.1.0/libgcc.a
LOAD C:/msys64/ucrt64/bin/../lib/gcc/x86_64-w64-mingw32/13.1.0/libgcc_eh.a
LOAD C:/msys64/ucrt64/bin/../lib/gcc/x86_64-w64-mingw32/13.1.0/../../../../lib/libmoldname.a
LOAD C:/msys64/ucrt64/bin/../lib/gcc/x86_64-w64-mingw32/13.1.0/../../../../lib/libmingwex.a
LOAD C:/msys64/ucrt64/bin/../lib/gcc/x86_64-w64-mingw32/13.1.0/../../../../lib/libmsvcrt.a
LOAD C:/msys64/ucrt64/bin/../lib/gcc/x86_64-w64-mingw32/13.1.0/../../../../lib/libkernel32.a
LOAD C:/msys64/ucrt64/bin/../lib/gcc/x86_64-w64-mingw32/13.1.0/../../../../lib/libpthread.dll.a
LOAD C:/msys64/ucrt64/bin/../lib/gcc/x86_64-w64-mingw32/13.1.0/../../../../lib/libadvapi32.a
LOAD C:/msys64/ucrt64/bin/../lib/gcc/x86_64-w64-mingw32/13.1.0/../../../../lib/libshell32.a
LOAD C:/msys64/ucrt64/bin/../lib/gcc/x86_64-w64-mingw32/13.1.0/../../../../lib/libuser32.a
LOAD C:/msys64/ucrt64/bin/../lib/gcc/x86_64-w64-mingw32/13.1.0/../../../../lib/libkernel32.a
LOAD C:/msys64/ucrt64/bin/../lib/gcc/x86_64-w64-mingw32/13.1.0/../../../../lib/libmingw32.a
LOAD C:/msys64/ucrt64/bin/../lib/gcc/x86_64-w64-mingw32/13.1.0/libgcc.a
LOAD C:/msys64/ucrt64/bin/../lib/gcc/x86_64-w64-mingw32/13.1.0/libgcc_eh.a
LOAD C:/msys64/ucrt64/bin/../lib/gcc/x86_64-w64-mingw32/13.1.0/../../../../lib/libmoldname.a
LOAD C:/msys64/ucrt64/bin/../lib/gcc/x86_64-w64-mingw32/13.1.0/../../../../lib/libmingwex.a
LOAD C:/msys64/ucrt64/bin/../lib/gcc/x86_64-w64-mingw32/13.1.0/../../../../lib/libmsvcrt.a
LOAD C:/msys64/ucrt64/bin/../lib/gcc/x86_64-w64-mingw32/13.1.0/../../../../lib/libkernel32.a
LOAD C:/msys64/ucrt64/bin/../lib/gcc/x86_64-w64-mingw32/13.1.0/../../../../lib/default-manifest.o
LOAD C:/msys64/ucrt64/bin/../lib/gcc/x86_64-w64-mingw32/13.1.0/crtend.o
                0x00000000000004a8                . = SIZEOF_HEADERS
                0x0000000000001000                . = ALIGN (__section_alignment__)

.text           0x0000000140001000     0xf800
 *(SORT_NONE(.init))
 *(.text)
 .text          0x0000000140001000      0x430 C:/msys64/ucrt64/bin/../lib/gcc/x86_64-w64-mingw32/13.1.0/../../../../lib/crt2.o
                0x00000001400013d0                WinMainCRTStartup
                0x00000001400013f0                mainCRTStartup
                0x0000000140001410                atexit
 .text          0x0000000140001430       0x20 C:/msys64/ucrt64/bin/../lib/gcc/x86_64-w64-mingw32/13.1.0/crtbegin.o
                0x0000000140001430                __gcc_register_frame
                0x0000000140001440                __gcc_deregister_frame
 .text          0x0000000140001450       0xc0 exotique.o
                0x00000001400014df                exotique_printf
 .text          0x0000000140001510     0xd210 mahjong.o
                0x0000000140001510                compare_f32
                0x0000000140001540                cos
                0x0000000140001660                sin
                0x00000001400017a0                cosf
                0x00000001400018d0                sinf
                0x0000000140001a10                f32s_equal
                0x0000000140001a40                fabsf
                0x0000000140001a50                lerp
                0x0000000140001a60                fast_atan2
                0x0000000140001ae0                mat_mul_mat
                0x0000000140001b60                mat_inverse_affine
                0x0000000140001cf0                transform_to_matrix
                0x0000000140002280                translation_matrix
                0x00000001400022e0                rotation_x_matrix
                0x00000001400025c0                rotation_y_matrix
                0x00000001400028c0                transform_to_view_matrix
                0x0000000140002f90                mat_mul_vert3
                0x0000000140003030                mat_mul_normal
                0x00000001400030f0                triangle_backfacing
                0x0000000140003150                fast_log2
                0x0000000140003160                absf
                0x0000000140003170                parallel_pixel_shader
                0x00000001400032c0                pixel_shader
                0x0000000140003380                triangle_block
                0x0000000140003e80                orbit_camera_position
                0x0000000140004380                look_at_yx
                0x0000000140004520                lfsr16
                0x0000000140004560                rand_word
                0x00000001400045a0                init_tiles
                0x0000000140004620                clear_tile_bins
                0x0000000140004670                reset_tile_hi_z
                0x00000001400046c0                project_coord
                0x0000000140004710                clip_bounding_box
                0x0000000140004aa0                get_mesh_bbox
                0x0000000140005190                nextrand
                0x0000000140005200                roll_die
                0x0000000140005280                decompress_texture
                0x0000000140005400                rgba_to_f32_rgb
                0x0000000140005450                color_dist
                0x00000001400054f0                closest_base_color_idx
                0x00000001400059c0                closest_overall_color_idx
                0x0000000140005b00                mip_texture
                0x0000000140005d90                decompress_textures
                0x0000000140006160                get_frames_for_duration
                0x0000000140006190                init_empty_wall
                0x0000000140006270                init_hand
                0x0000000140006290                init_empty_hand
                0x00000001400062c0                clear_shuffle
                0x00000001400062d0                reset_game
                0x0000000140006430                output_palette
                0x0000000140006490                output_full_light_remap_table
                0x0000000140006530                game_load
                0x0000000140007510                step_shuffle_and_setup
                0x0000000140007610                step_deal
                0x0000000140007850                sort_hand
                0x0000000140007a10                discard_current_tile
                0x0000000140007cf0                draw_next_tile
                0x0000000140007d70                game_update
                0x0000000140008cc0                draw_tile
                0x0000000140008ee0                draw_tiles
                0x0000000140008f50                orient2d
                0x0000000140008f90                calc_edges
                0x0000000140009080                check_trivial_reject_accept
                0x0000000140009200                bin_triangle
                0x00000001400099b0                submit_mesh_draw_call
                0x000000014000a3d0                sort_draw_calls_near_to_far
                0x000000014000a3e0                submit_draw_calls
                0x000000014000a460                identity_transform
                0x000000014000a480                calc_wall_tile_x_position
                0x000000014000a4a0                calc_wall_tile_y_position
                0x000000014000a530                mod_positive
                0x000000014000a550                calc_wall_tile_global_position
                0x000000014000a970                calc_hand_x_position
                0x000000014000a9a0                calc_hand_y_position
                0x000000014000a9d0                calc_global_hand_position
                0x000000014000aa60                calc_animated_hand_tile_position
                0x000000014000ac20                draw_hand
                0x000000014000d020                draw_wall
                0x000000014000ddb0                draw_board
                0x000000014000e600                game_draw
 .text          0x000000014000e720        0x8 C:\Users\Erik\code\SDL2-2.32.10\x86_64-w64-mingw32\lib/libSDL2.dll.a(SDL2_dll_d000678.o)
                0x000000014000e720                SDL_UpdateTexture
 .text          0x000000014000e728        0x8 C:\Users\Erik\code\SDL2-2.32.10\x86_64-w64-mingw32\lib/libSDL2.dll.a(SDL2_dll_d000652.o)
                0x000000014000e728                SDL_ShowCursor
 .text          0x000000014000e730        0x8 C:\Users\Erik\code\SDL2-2.32.10\x86_64-w64-mingw32\lib/libSDL2.dll.a(SDL2_dll_d000558.o)
                0x000000014000e730                SDL_RenderSetLogicalSize
 .text          0x000000014000e738        0x8 C:\Users\Erik\code\SDL2-2.32.10\x86_64-w64-mingw32\lib/libSDL2.dll.a(SDL2_dll_d000557.o)
                0x000000014000e738                SDL_RenderSetIntegerScale
 .text          0x000000014000e740        0x8 C:\Users\Erik\code\SDL2-2.32.10\x86_64-w64-mingw32\lib/libSDL2.dll.a(SDL2_dll_d000554.o)
                0x000000014000e740                SDL_RenderPresent
 .text          0x000000014000e748        0x8 C:\Users\Erik\code\SDL2-2.32.10\x86_64-w64-mingw32\lib/libSDL2.dll.a(SDL2_dll_d000518.o)
                0x000000014000e748                SDL_RenderCopy
 .text          0x000000014000e750        0x8 C:\Users\Erik\code\SDL2-2.32.10\x86_64-w64-mingw32\lib/libSDL2.dll.a(SDL2_dll_d000517.o)
                0x000000014000e750                SDL_RenderClear
 .text          0x000000014000e758        0x8 C:\Users\Erik\code\SDL2-2.32.10\x86_64-w64-mingw32\lib/libSDL2.dll.a(SDL2_dll_d000493.o)
                0x000000014000e758                SDL_Quit
 .text          0x000000014000e760        0x8 C:\Users\Erik\code\SDL2-2.32.10\x86_64-w64-mingw32\lib/libSDL2.dll.a(SDL2_dll_d000489.o)
                0x000000014000e760                SDL_PumpEvents
 .text          0x000000014000e768        0x8 C:\Users\Erik\code\SDL2-2.32.10\x86_64-w64-mingw32\lib/libSDL2.dll.a(SDL2_dll_d000487.o)
                0x000000014000e768                SDL_PollEvent
 .text          0x000000014000e770        0x8 C:\Users\Erik\code\SDL2-2.32.10\x86_64-w64-mingw32\lib/libSDL2.dll.a(SDL2_dll_d000453.o)
                0x000000014000e770                SDL_LogWarn
 .text          0x000000014000e778        0x8 C:\Users\Erik\code\SDL2-2.32.10\x86_64-w64-mingw32\lib/libSDL2.dll.a(SDL2_dll_d000449.o)
                0x000000014000e778                SDL_LogSetAllPriority
 .text          0x000000014000e780        0x8 C:\Users\Erik\code\SDL2-2.32.10\x86_64-w64-mingw32\lib/libSDL2.dll.a(SDL2_dll_d000445.o)
                0x000000014000e780                SDL_LogInfo
 .text          0x000000014000e788        0x8 C:\Users\Erik\code\SDL2-2.32.10\x86_64-w64-mingw32\lib/libSDL2.dll.a(SDL2_dll_d000440.o)
                0x000000014000e788                SDL_LogCritical
 .text          0x000000014000e790        0x8 C:\Users\Erik\code\SDL2-2.32.10\x86_64-w64-mingw32\lib/libSDL2.dll.a(SDL2_dll_d000356.o)
                0x000000014000e790                SDL_Init
 .text          0x000000014000e798        0x8 C:\Users\Erik\code\SDL2-2.32.10\x86_64-w64-mingw32\lib/libSDL2.dll.a(SDL2_dll_d000269.o)
                0x000000014000e798                SDL_GetTicks64
 .text          0x000000014000e7a0        0x8 C:\Users\Erik\code\SDL2-2.32.10\x86_64-w64-mingw32\lib/libSDL2.dll.a(SDL2_dll_d000218.o)
                0x000000014000e7a0                SDL_GetMouseState
 .text          0x000000014000e7a8        0x8 C:\Users\Erik\code\SDL2-2.32.10\x86_64-w64-mingw32\lib/libSDL2.dll.a(SDL2_dll_d000214.o)
                0x000000014000e7a8                SDL_GetKeyboardState
 .text          0x000000014000e7b0        0x8 C:\Users\Erik\code\SDL2-2.32.10\x86_64-w64-mingw32\lib/libSDL2.dll.a(SDL2_dll_d000202.o)
                0x000000014000e7b0                SDL_GetError
 .text          0x000000014000e7b8        0x8 C:\Users\Erik\code\SDL2-2.32.10\x86_64-w64-mingw32\lib/libSDL2.dll.a(SDL2_dll_d000163.o)
                0x000000014000e7b8                SDL_GameControllerOpen
 .text          0x000000014000e7c0        0x8 C:\Users\Erik\code\SDL2-2.32.10\x86_64-w64-mingw32\lib/libSDL2.dll.a(SDL2_dll_d000130.o)
                0x000000014000e7c0                SDL_GameControllerGetButton
 .text          0x000000014000e7c8        0x8 C:\Users\Erik\code\SDL2-2.32.10\x86_64-w64-mingw32\lib/libSDL2.dll.a(SDL2_dll_d000126.o)
                0x000000014000e7c8                SDL_GameControllerGetAxis
 .text          0x000000014000e7d0        0x8 C:\Users\Erik\code\SDL2-2.32.10\x86_64-w64-mingw32\lib/libSDL2.dll.a(SDL2_dll_d000121.o)
                0x000000014000e7d0                SDL_GameControllerFromInstanceID
 .text          0x000000014000e7d8        0x8 C:\Users\Erik\code\SDL2-2.32.10\x86_64-w64-mingw32\lib/libSDL2.dll.a(SDL2_dll_d000119.o)
                0x000000014000e7d8                SDL_GameControllerClose
 .text          0x000000014000e7e0        0x8 C:\Users\Erik\code\SDL2-2.32.10\x86_64-w64-mingw32\lib/libSDL2.dll.a(SDL2_dll_d000073.o)
                0x000000014000e7e0                SDL_DestroyWindow
 .text          0x000000014000e7e8        0x8 C:\Users\Erik\code\SDL2-2.32.10\x86_64-w64-mingw32\lib/libSDL2.dll.a(SDL2_dll_d000072.o)
                0x000000014000e7e8                SDL_DestroyTexture
 .text          0x000000014000e7f0        0x8 C:\Users\Erik\code\SDL2-2.32.10\x86_64-w64-mingw32\lib/libSDL2.dll.a(SDL2_dll_d000070.o)
                0x000000014000e7f0                SDL_DestroyRenderer
 .text          0x000000014000e7f8        0x8 C:\Users\Erik\code\SDL2-2.32.10\x86_64-w64-mingw32\lib/libSDL2.dll.a(SDL2_dll_d000059.o)
                0x000000014000e7f8                SDL_CreateWindow
 .text          0x000000014000e800        0x8 C:\Users\Erik\code\SDL2-2.32.10\x86_64-w64-mingw32\lib/libSDL2.dll.a(SDL2_dll_d000055.o)
                0x000000014000e800                SDL_CreateTexture
 .text          0x000000014000e808        0x8 C:\Users\Erik\code\SDL2-2.32.10\x86_64-w64-mingw32\lib/libSDL2.dll.a(SDL2_dll_d000050.o)
                0x000000014000e808                SDL_CreateRenderer
 .text          0x000000014000e810       0xd0 C:/msys64/ucrt64/bin/../lib/gcc/x86_64-w64-mingw32/13.1.0/../../../../lib/libmingw32.a(lib64_libmingw32_a-gccmain.o)
                0x000000014000e810                __do_global_dtors
                0x000000014000e850                __do_global_ctors
                0x000000014000e8c0                __main
 .text          0x000000014000e8e0        0x0 C:/msys64/ucrt64/bin/../lib/gcc/x86_64-w64-mingw32/13.1.0/../../../../lib/libmingw32.a(lib64_libmingw32_a-natstart.o)
 .text          0x000000014000e8e0        0x0 C:/msys64/ucrt64/bin/../lib/gcc/x86_64-w64-mingw32/13.1.0/../../../../lib/libmingw32.a(lib64_libmingw32_a-wildcard.o)
 .text          0x000000014000e8e0       0x10 C:/msys64/ucrt64/bin/../lib/gcc/x86_64-w64-mingw32/13.1.0/../../../../lib/libmingw32.a(lib64_libmingw32_a-dllargv.o)
                0x000000014000e8e0                _setargv
 .text          0x000000014000e8f0        0x0 C:/msys64/ucrt64/bin/../lib/gcc/x86_64-w64-mingw32/13.1.0/../../../../lib/libmingw32.a(lib64_libmingw32_a-_newmode.o)
 .text          0x000000014000e8f0       0xd0 C:/msys64/ucrt64/bin/../lib/gcc/x86_64-w64-mingw32/13.1.0/../../../../lib/libmingw32.a(lib64_libmingw32_a-tlssup.o)
                0x000000014000e920                __dyn_tls_init
                0x000000014000e9b0                __tlregdtor
 .text          0x000000014000e9c0        0x0 C:/msys64/ucrt64/bin/../lib/gcc/x86_64-w64-mingw32/13.1.0/../../../../lib/libmingw32.a(lib64_libmingw32_a-xncommod.o)
 .text          0x000000014000e9c0        0x0 C:/msys64/ucrt64/bin/../lib/gcc/x86_64-w64-mingw32/13.1.0/../../../../lib/libmingw32.a(lib64_libmingw32_a-cinitexe.o)
 .text          0x000000014000e9c0      0x100 C:/msys64/ucrt64/bin/../lib/gcc/x86_64-w64-mingw32/13.1.0/../../../../lib/libmingw32.a(lib64_libmingw32_a-merr.o)
                0x000000014000e9c0                _matherr
 .text          0x000000014000eac0       0x10 C:/msys64/ucrt64/bin/../lib/gcc/x86_64-w64-mingw32/13.1.0/../../../../lib/libmingw32.a(lib64_libmingw32_a-CRT_fp10.o)
                0x000000014000eac0                fpreset
                0x000000014000eac0                _fpreset
 .text          0x000000014000ead0        0x0 C:/msys64/ucrt64/bin/../lib/gcc/x86_64-w64-mingw32/13.1.0/../../../../lib/libmingw32.a(lib64_libmingw32_a-mingw_helpers.o)
 .text          0x000000014000ead0      0x540 C:/msys64/ucrt64/bin/../lib/gcc/x86_64-w64-mingw32/13.1.0/../../../../lib/libmingw32.a(lib64_libmingw32_a-pseudo-reloc.o)
                0x000000014000ecb0                _pei386_runtime_relocator
 .text          0x000000014000f010       0x50 C:/msys64/ucrt64/bin/../lib/gcc/x86_64-w64-mingw32/13.1.0/../../../../lib/libmingw32.a(lib64_libmingw32_a-usermatherr.o)
                0x000000014000f010                __mingw_raise_matherr
                0x000000014000f050                __mingw_setusermatherr
 .text          0x000000014000f060        0x0 C:/msys64/ucrt64/bin/../lib/gcc/x86_64-w64-mingw32/13.1.0/../../../../lib/libmingw32.a(lib64_libmingw32_a-xtxtmode.o)
 .text          0x000000014000f060      0x1a0 C:/msys64/ucrt64/bin/../lib/gcc/x86_64-w64-mingw32/13.1.0/../../../../lib/libmingw32.a(lib64_libmingw32_a-crt_handler.o)
                0x000000014000f060                _gnu_exception_handler
 .text          0x000000014000f200      0x270 C:/msys64/ucrt64/bin/../lib/gcc/x86_64-w64-mingw32/13.1.0/../../../../lib/libmingw32.a(lib64_libmingw32_a-tlsthrd.o)
                0x000000014000f270                ___w64_mingwthr_add_key_dtor
                0x000000014000f2e0                ___w64_mingwthr_remove_key_dtor
                0x000000014000f370                __mingw_TLScallback
 .text          0x000000014000f470        0x0 C:/msys64/ucrt64/bin/../lib/gcc/x86_64-w64-mingw32/13.1.0/../../../../lib/libmingw32.a(lib64_libmingw32_a-tlsmcrt.o)
 .text          0x000000014000f470        0x0 C:/msys64/ucrt64/bin/../lib/gcc/x86_64-w64-mingw32/13.1.0/../../../../lib/libmingw32.a(lib64_libmingw32_a-pseudo-reloc-list.o)
 .text          0x000000014000f470      0x400 C:/msys64/ucrt64/bin/../lib/gcc/x86_64-w64-mingw32/13.1.0/../../../../lib/libmingw32.a(lib64_libmingw32_a-pesect.o)
                0x000000014000f470                _ValidateImageBase
                0x000000014000f4a0                _FindPESection
                0x000000014000f4f0                _FindPESectionByName
                0x000000014000f590                __mingw_GetSectionForAddress
                0x000000014000f610                __mingw_GetSectionCount
                0x000000014000f650                _FindPESectionExec
                0x000000014000f6d0                _GetPEImageBase
                0x000000014000f710                _IsNonwritableInCurrentImage
                0x000000014000f7a0                __mingw_enum_import_library_names
 .text          0x000000014000f870       0x40 C:/msys64/ucrt64/bin/../lib/gcc/x86_64-w64-mingw32/13.1.0/libgcc.a(_chkstk_ms.o)
                0x000000014000f870                ___chkstk_ms
 .text          0x000000014000f8b0        0x0 C:/msys64/ucrt64/bin/../lib/gcc/x86_64-w64-mingw32/13.1.0/libgcc.a(_ctors.o)
 .text          0x000000014000f8b0        0x0 C:/msys64/ucrt64/bin/../lib/gcc/x86_64-w64-mingw32/13.1.0/../../../../lib/libmingwex.a(lib64_libmingwex_a-mingw_matherr.o)
 .text          0x000000014000f8b0       0x40 C:/msys64/ucrt64/bin/../lib/gcc/x86_64-w64-mingw32/13.1.0/../../../../lib/libmsvcrt.a(lib64_libucrt_extra_a-ucrt_vprintf.o)
                0x000000014000f8b0                vprintf
 .text          0x000000014000f8f0       0x20 C:/msys64/ucrt64/bin/../lib/gcc/x86_64-w64-mingw32/13.1.0/../../../../lib/libmsvcrt.a(lib64_libucrt_extra_a-ucrt_vfprintf.o)
                0x000000014000f8f0                vfprintf
 .text          0x000000014000f910       0x40 C:/msys64/ucrt64/bin/../lib/gcc/x86_64-w64-mingw32/13.1.0/../../../../lib/libmsvcrt.a(lib64_libucrt_extra_a-ucrt_fprintf.o)
                0x000000014000f910                fprintf
 .text          0x000000014000f950        0x0 C:/msys64/ucrt64/bin/../lib/gcc/x86_64-w64-mingw32/13.1.0/../../../../lib/libmsvcrt.a(lib64_libucrt_extra_a-__initenv.o)
 .text          0x000000014000f950      0x220 C:/msys64/ucrt64/bin/../lib/gcc/x86_64-w64-mingw32/13.1.0/../../../../lib/libmsvcrt.a(lib64_libucrt_extra_a-ucrtbase_compat.o)
                0x000000014000f950                _get_output_format
                0x000000014000f960                __getmainargs
                0x000000014000f9d0                __wgetmainargs
                0x000000014000fa40                _onexit
                0x000000014000fa60                at_quick_exit
                0x000000014000fa80                _amsg_exit
                0x000000014000fab0                __ms_fwprintf
                0x000000014000faf0                tzset
                0x000000014000fb30                _tzset
 .text          0x000000014000fb70        0x8 C:/msys64/ucrt64/bin/../lib/gcc/x86_64-w64-mingw32/13.1.0/../../../../lib/libmsvcrt.a(libapi-ms-win-crt-time-l1-1-0s00008.o)
                0x000000014000fb70                __daylight
 .text          0x000000014000fb78        0x8 C:/msys64/ucrt64/bin/../lib/gcc/x86_64-w64-mingw32/13.1.0/../../../../lib/libmsvcrt.a(libapi-ms-win-crt-time-l1-1-0s00010.o)
                0x000000014000fb78                __timezone
 .text          0x000000014000fb80        0x8 C:/msys64/ucrt64/bin/../lib/gcc/x86_64-w64-mingw32/13.1.0/../../../../lib/libmsvcrt.a(libapi-ms-win-crt-time-l1-1-0s00011.o)
                0x000000014000fb80                __tzname
 .text          0x000000014000fb88        0x0 C:/msys64/ucrt64/bin/../lib/gcc/x86_64-w64-mingw32/13.1.0/../../../../lib/libmsvcrt.a(libapi-ms-win-crt-time-l1-1-0s00058.o)
 *fill*         0x000000014000fb88        0x8 
 .text          0x000000014000fb90        0x0 C:/msys64/ucrt64/bin/../lib/gcc/x86_64-w64-mingw32/13.1.0/../../../../lib/libmsvcrt.a(libapi-ms-win-crt-time-l1-1-0h.o)
 .text          0x000000014000fb90        0x0 C:/msys64/ucrt64/bin/../lib/gcc/x86_64-w64-mingw32/13.1.0/../../../../lib/libmsvcrt.a(libapi-ms-win-crt-time-l1-1-0t.o)
 .text          0x000000014000fb90        0x8 C:/msys64/ucrt64/bin/../lib/gcc/x86_64-w64-mingw32/13.1.0/../../../../lib/libmsvcrt.a(libapi-ms-win-crt-string-l1-1-0s00167.o)
                0x000000014000fb90                strlen
 .text          0x000000014000fb98        0x8 C:/msys64/ucrt64/bin/../lib/gcc/x86_64-w64-mingw32/13.1.0/../../../../lib/libmsvcrt.a(libapi-ms-win-crt-string-l1-1-0s00170.o)
                0x000000014000fb98                strncmp
 .text          0x000000014000fba0        0x0 C:/msys64/ucrt64/bin/../lib/gcc/x86_64-w64-mingw32/13.1.0/../../../../lib/libmsvcrt.a(libapi-ms-win-crt-string-l1-1-0h.o)
 .text          0x000000014000fba0        0x0 C:/msys64/ucrt64/bin/../lib/gcc/x86_64-w64-mingw32/13.1.0/../../../../lib/libmsvcrt.a(libapi-ms-win-crt-string-l1-1-0t.o)
 .text          0x000000014000fba0        0x8 C:/msys64/ucrt64/bin/../lib/gcc/x86_64-w64-mingw32/13.1.0/../../../../lib/libmsvcrt.a(libapi-ms-win-crt-stdio-l1-1-0s00000.o)
                0x000000014000fba0                __acrt_iob_func
 .text          0x000000014000fba8        0x8 C:/msys64/ucrt64/bin/../lib/gcc/x86_64-w64-mingw32/13.1.0/../../../../lib/libmsvcrt.a(libapi-ms-win-crt-stdio-l1-1-0s00001.o)
                0x000000014000fba8                __p__commode
 .text          0x000000014000fbb0        0x8 C:/msys64/ucrt64/bin/../lib/gcc/x86_64-w64-mingw32/13.1.0/../../../../lib/libmsvcrt.a(libapi-ms-win-crt-stdio-l1-1-0s00002.o)
                0x000000014000fbb0                __p__fmode
 .text          0x000000014000fbb8        0x8 C:/msys64/ucrt64/bin/../lib/gcc/x86_64-w64-mingw32/13.1.0/../../../../lib/libmsvcrt.a(libapi-ms-win-crt-stdio-l1-1-0s00003.o)
                0x000000014000fbb8                __stdio_common_vfprintf
 .text          0x000000014000fbc0        0x8 C:/msys64/ucrt64/bin/../lib/gcc/x86_64-w64-mingw32/13.1.0/../../../../lib/libmsvcrt.a(libapi-ms-win-crt-stdio-l1-1-0s00007.o)
                0x000000014000fbc0                __stdio_common_vfwprintf
 .text          0x000000014000fbc8        0x8 C:/msys64/ucrt64/bin/../lib/gcc/x86_64-w64-mingw32/13.1.0/../../../../lib/libmsvcrt.a(libapi-ms-win-crt-stdio-l1-1-0s00168.o)
                0x000000014000fbc8                fwrite
 .text          0x000000014000fbd0        0x0 C:/msys64/ucrt64/bin/../lib/gcc/x86_64-w64-mingw32/13.1.0/../../../../lib/libmsvcrt.a(libapi-ms-win-crt-stdio-l1-1-0h.o)
 .text          0x000000014000fbd0        0x0 C:/msys64/ucrt64/bin/../lib/gcc/x86_64-w64-mingw32/13.1.0/../../../../lib/libmsvcrt.a(libapi-ms-win-crt-stdio-l1-1-0t.o)
 .text          0x000000014000fbd0        0x8 C:/msys64/ucrt64/bin/../lib/gcc/x86_64-w64-mingw32/13.1.0/../../../../lib/libmsvcrt.a(libapi-ms-win-crt-runtime-l1-1-0s00004.o)
                0x000000014000fbd0                __p___argc
 .text          0x000000014000fbd8        0x8 C:/msys64/ucrt64/bin/../lib/gcc/x86_64-w64-mingw32/13.1.0/../../../../lib/libmsvcrt.a(libapi-ms-win-crt-runtime-l1-1-0s00005.o)
                0x000000014000fbd8                __p___argv
 .text          0x000000014000fbe0        0x8 C:/msys64/ucrt64/bin/../lib/gcc/x86_64-w64-mingw32/13.1.0/../../../../lib/libmsvcrt.a(libapi-ms-win-crt-runtime-l1-1-0s00006.o)
                0x000000014000fbe0                __p___wargv
 .text          0x000000014000fbe8        0x8 C:/msys64/ucrt64/bin/../lib/gcc/x86_64-w64-mingw32/13.1.0/../../../../lib/libmsvcrt.a(libapi-ms-win-crt-runtime-l1-1-0s00022.o)
                0x000000014000fbe8                _cexit
 .text          0x000000014000fbf0        0x8 C:/msys64/ucrt64/bin/../lib/gcc/x86_64-w64-mingw32/13.1.0/../../../../lib/libmsvcrt.a(libapi-ms-win-crt-runtime-l1-1-0s00024.o)
                0x000000014000fbf0                _configure_narrow_argv
 .text          0x000000014000fbf8        0x8 C:/msys64/ucrt64/bin/../lib/gcc/x86_64-w64-mingw32/13.1.0/../../../../lib/libmsvcrt.a(libapi-ms-win-crt-runtime-l1-1-0s00025.o)
                0x000000014000fbf8                _configure_wide_argv
 .text          0x000000014000fc00        0x8 C:/msys64/ucrt64/bin/../lib/gcc/x86_64-w64-mingw32/13.1.0/../../../../lib/libmsvcrt.a(libapi-ms-win-crt-runtime-l1-1-0s00029.o)
                0x000000014000fc00                _crt_at_quick_exit
 .text          0x000000014000fc08        0x8 C:/msys64/ucrt64/bin/../lib/gcc/x86_64-w64-mingw32/13.1.0/../../../../lib/libmsvcrt.a(libapi-ms-win-crt-runtime-l1-1-0s00030.o)
                0x000000014000fc08                _crt_atexit
 .text          0x000000014000fc10        0x8 C:/msys64/ucrt64/bin/../lib/gcc/x86_64-w64-mingw32/13.1.0/../../../../lib/libmsvcrt.a(libapi-ms-win-crt-runtime-l1-1-0s00036.o)
                0x000000014000fc10                _exit
 .text          0x000000014000fc18        0x8 C:/msys64/ucrt64/bin/../lib/gcc/x86_64-w64-mingw32/13.1.0/../../../../lib/libmsvcrt.a(libapi-ms-win-crt-runtime-l1-1-0s00053.o)
                0x000000014000fc18                _initialize_narrow_environment
 .text          0x000000014000fc20        0x8 C:/msys64/ucrt64/bin/../lib/gcc/x86_64-w64-mingw32/13.1.0/../../../../lib/libmsvcrt.a(libapi-ms-win-crt-runtime-l1-1-0s00055.o)
                0x000000014000fc20                _initialize_wide_environment
 .text          0x000000014000fc28        0x8 C:/msys64/ucrt64/bin/../lib/gcc/x86_64-w64-mingw32/13.1.0/../../../../lib/libmsvcrt.a(libapi-ms-win-crt-runtime-l1-1-0s00056.o)
                0x000000014000fc28                _initterm
 .text          0x000000014000fc30        0x8 C:/msys64/ucrt64/bin/../lib/gcc/x86_64-w64-mingw32/13.1.0/../../../../lib/libmsvcrt.a(libapi-ms-win-crt-runtime-l1-1-0s00068.o)
                0x000000014000fc30                __set_app_type
 .text          0x000000014000fc38        0x8 C:/msys64/ucrt64/bin/../lib/gcc/x86_64-w64-mingw32/13.1.0/../../../../lib/libmsvcrt.a(libapi-ms-win-crt-runtime-l1-1-0s00074.o)
                0x000000014000fc38                _set_invalid_parameter_handler
 .text          0x000000014000fc40        0x8 C:/msys64/ucrt64/bin/../lib/gcc/x86_64-w64-mingw32/13.1.0/../../../../lib/libmsvcrt.a(libapi-ms-win-crt-runtime-l1-1-0s00087.o)
                0x000000014000fc40                abort
 .text          0x000000014000fc48        0x8 C:/msys64/ucrt64/bin/../lib/gcc/x86_64-w64-mingw32/13.1.0/../../../../lib/libmsvcrt.a(libapi-ms-win-crt-runtime-l1-1-0s00088.o)
                0x000000014000fc48                exit
 .text          0x000000014000fc50        0x8 C:/msys64/ucrt64/bin/../lib/gcc/x86_64-w64-mingw32/13.1.0/../../../../lib/libmsvcrt.a(libapi-ms-win-crt-runtime-l1-1-0s00102.o)
                0x000000014000fc50                signal
 *fill*         0x000000014000fc58        0x8 
 .text          0x000000014000fc60        0x0 C:/msys64/ucrt64/bin/../lib/gcc/x86_64-w64-mingw32/13.1.0/../../../../lib/libmsvcrt.a(libapi-ms-win-crt-runtime-l1-1-0h.o)
 .text          0x000000014000fc60        0x0 C:/msys64/ucrt64/bin/../lib/gcc/x86_64-w64-mingw32/13.1.0/../../../../lib/libmsvcrt.a(libapi-ms-win-crt-runtime-l1-1-0t.o)
 .text          0x000000014000fc60        0x8 C:/msys64/ucrt64/bin/../lib/gcc/x86_64-w64-mingw32/13.1.0/../../../../lib/libmsvcrt.a(libapi-ms-win-crt-private-l1-1-0s00015.o)
                0x000000014000fc60                __C_specific_handler
 .text          0x000000014000fc68        0x8 C:/msys64/ucrt64/bin/../lib/gcc/x86_64-w64-mingw32/13.1.0/../../../../lib/libmsvcrt.a(libapi-ms-win-crt-private-l1-1-0s01143.o)
                0x000000014000fc68                memcpy
 .text          0x000000014000fc70        0x0 C:/msys64/ucrt64/bin/../lib/gcc/x86_64-w64-mingw32/13.1.0/../../../../lib/libmsvcrt.a(libapi-ms-win-crt-private-l1-1-0h.o)
 .text          0x000000014000fc70        0x0 C:/msys64/ucrt64/bin/../lib/gcc/x86_64-w64-mingw32/13.1.0/../../../../lib/libmsvcrt.a(libapi-ms-win-crt-private-l1-1-0t.o)
 .text          0x000000014000fc70        0x8 C:/msys64/ucrt64/bin/../lib/gcc/x86_64-w64-mingw32/13.1.0/../../../../lib/libmsvcrt.a(libapi-ms-win-crt-math-l1-1-0s00009.o)
                0x000000014000fc70                __setusermatherr
 *fill*         0x000000014000fc78        0x8 
 .text          0x000000014000fc80        0x0 C:/msys64/ucrt64/bin/../lib/gcc/x86_64-w64-mingw32/13.1.0/../../../../lib/libmsvcrt.a(libapi-ms-win-crt-math-l1-1-0h.o)
 .text          0x000000014000fc80        0x0 C:/msys64/ucrt64/bin/../lib/gcc/x86_64-w64-mingw32/13.1.0/../../../../lib/libmsvcrt.a(libapi-ms-win-crt-math-l1-1-0t.o)
 .text          0x000000014000fc80        0x8 C:/msys64/ucrt64/bin/../lib/gcc/x86_64-w64-mingw32/13.1.0/../../../../lib/libmsvcrt.a(libapi-ms-win-crt-heap-l1-1-0s00023.o)
                0x000000014000fc80                _set_new_mode
 .text          0x000000014000fc88        0x8 C:/msys64/ucrt64/bin/../lib/gcc/x86_64-w64-mingw32/13.1.0/../../../../lib/libmsvcrt.a(libapi-ms-win-crt-heap-l1-1-0s00024.o)
                0x000000014000fc88                calloc
 .text          0x000000014000fc90        0x8 C:/msys64/ucrt64/bin/../lib/gcc/x86_64-w64-mingw32/13.1.0/../../../../lib/libmsvcrt.a(libapi-ms-win-crt-heap-l1-1-0s00025.o)
                0x000000014000fc90                free
 .text          0x000000014000fc98        0x8 C:/msys64/ucrt64/bin/../lib/gcc/x86_64-w64-mingw32/13.1.0/../../../../lib/libmsvcrt.a(libapi-ms-win-crt-heap-l1-1-0s00026.o)
                0x000000014000fc98                malloc
 .text          0x000000014000fca0        0x0 C:/msys64/ucrt64/bin/../lib/gcc/x86_64-w64-mingw32/13.1.0/../../../../lib/libmsvcrt.a(libapi-ms-win-crt-heap-l1-1-0h.o)
 .text          0x000000014000fca0        0x0 C:/msys64/ucrt64/bin/../lib/gcc/x86_64-w64-mingw32/13.1.0/../../../../lib/libmsvcrt.a(libapi-ms-win-crt-heap-l1-1-0t.o)
 .text          0x000000014000fca0        0x8 C:/msys64/ucrt64/bin/../lib/gcc/x86_64-w64-mingw32/13.1.0/../../../../lib/libmsvcrt.a(libapi-ms-win-crt-environment-l1-1-0s00000.o)
                0x000000014000fca0                __p__environ
 .text          0x000000014000fca8        0x8 C:/msys64/ucrt64/bin/../lib/gcc/x86_64-w64-mingw32/13.1.0/../../../../lib/libmsvcrt.a(libapi-ms-win-crt-environment-l1-1-0s00001.o)
                0x000000014000fca8                __p__wenviron
 .text          0x000000014000fcb0        0x0 C:/msys64/ucrt64/bin/../lib/gcc/x86_64-w64-mingw32/13.1.0/../../../../lib/libmsvcrt.a(libapi-ms-win-crt-environment-l1-1-0h.o)
 .text          0x000000014000fcb0        0x0 C:/msys64/ucrt64/bin/../lib/gcc/x86_64-w64-mingw32/13.1.0/../../../../lib/libmsvcrt.a(libapi-ms-win-crt-environment-l1-1-0t.o)
 .text          0x000000014000fcb0        0x8 C:/msys64/ucrt64/bin/../lib/gcc/x86_64-w64-mingw32/13.1.0/../../../../lib/libkernel32.a(libkernel32s01490.o)
                0x000000014000fcb0                VirtualQuery
 .text          0x000000014000fcb8        0x8 C:/msys64/ucrt64/bin/../lib/gcc/x86_64-w64-mingw32/13.1.0/../../../../lib/libkernel32.a(libkernel32s01488.o)
                0x000000014000fcb8                VirtualProtect
 .text          0x000000014000fcc0        0x8 C:/msys64/ucrt64/bin/../lib/gcc/x86_64-w64-mingw32/13.1.0/../../../../lib/libkernel32.a(libkernel32s01441.o)
                0x000000014000fcc0                TlsGetValue
 .text          0x000000014000fcc8        0x8 C:/msys64/ucrt64/bin/../lib/gcc/x86_64-w64-mingw32/13.1.0/../../../../lib/libkernel32.a(libkernel32s01406.o)
                0x000000014000fcc8                Sleep
 .text          0x000000014000fcd0        0x8 C:/msys64/ucrt64/bin/../lib/gcc/x86_64-w64-mingw32/13.1.0/../../../../lib/libkernel32.a(libkernel32s01390.o)
                0x000000014000fcd0                SetUnhandledExceptionFilter
 .text          0x000000014000fcd8        0x8 C:/msys64/ucrt64/bin/../lib/gcc/x86_64-w64-mingw32/13.1.0/../../../../lib/libkernel32.a(libkernel32s00981.o)
                0x000000014000fcd8                LeaveCriticalSection
 .text          0x000000014000fce0        0x8 C:/msys64/ucrt64/bin/../lib/gcc/x86_64-w64-mingw32/13.1.0/../../../../lib/libkernel32.a(libkernel32s00889.o)
                0x000000014000fce0                InitializeCriticalSection
 .text          0x000000014000fce8        0x8 C:/msys64/ucrt64/bin/../lib/gcc/x86_64-w64-mingw32/13.1.0/../../../../lib/libkernel32.a(libkernel32s00627.o)
                0x000000014000fce8                GetLastError
 .text          0x000000014000fcf0        0x8 C:/msys64/ucrt64/bin/../lib/gcc/x86_64-w64-mingw32/13.1.0/../../../../lib/libkernel32.a(libkernel32s00316.o)
                0x000000014000fcf0                EnterCriticalSection
 .text          0x000000014000fcf8        0x8 C:/msys64/ucrt64/bin/../lib/gcc/x86_64-w64-mingw32/13.1.0/../../../../lib/libkernel32.a(libkernel32s00280.o)
                0x000000014000fcf8                DeleteCriticalSection
 .text          0x000000014000fd00        0x0 C:/msys64/ucrt64/bin/../lib/gcc/x86_64-w64-mingw32/13.1.0/../../../../lib/libkernel32.a(libkernel32h.o)
 .text          0x000000014000fd00        0x0 C:/msys64/ucrt64/bin/../lib/gcc/x86_64-w64-mingw32/13.1.0/../../../../lib/libkernel32.a(libkernel32t.o)
 .text          0x000000014000fd00        0x0 C:/msys64/ucrt64/bin/../lib/gcc/x86_64-w64-mingw32/13.1.0/crtend.o
 *(SORT_BY_NAME(.text$*))
 *(.text.*)
 .text.startup  0x000000014000fd00      0x930 exotique.o
                0x000000014000fd00                main
 .text.startup  0x0000000140010630       0x10 C:/msys64/ucrt64/bin/../lib/gcc/x86_64-w64-mingw32/13.1.0/crtend.o
 *(.gnu.linkonce.t.*)
 *(.glue_7t)
 *(.glue_7)
                0x0000000140010640                . = ALIGN (0x8)
                0x0000000140010640                ___CTOR_LIST__ = .
                0x0000000140010640                __CTOR_LIST__ = .
                0x0000000140010640        0x4 LONG 0xffffffffffffffff
                0x0000000140010644        0x4 LONG 0xffffffffffffffff
 *(.ctors)
 *(.ctor)
 *(SORT_BY_NAME(.ctors.*))
 .ctors.65535   0x0000000140010648        0x8 C:/msys64/ucrt64/bin/../lib/gcc/x86_64-w64-mingw32/13.1.0/crtend.o
                0x0000000140010650        0x4 LONG 0x0
                0x0000000140010654        0x4 LONG 0x0
                0x0000000140010658                ___DTOR_LIST__ = .
                0x0000000140010658                __DTOR_LIST__ = .
                0x0000000140010658        0x4 LONG 0xffffffffffffffff
                0x000000014001065c        0x4 LONG 0xffffffffffffffff
 *(.dtors)
 *(.dtor)
 *(SORT_BY_NAME(.dtors.*))
                0x0000000140010660        0x4 LONG 0x0
                0x0000000140010664        0x4 LONG 0x0
 *(SORT_NONE(.fini))
 *(.gcc_exc)
                [!provide]                        PROVIDE (etext = .)
 *(.gcc_except_table)

.data           0x0000000140011000    0x86e00
                0x0000000140011000                __data_start__ = .
 *(.data)
 .data          0x0000000140011000        0x0 C:/msys64/ucrt64/bin/../lib/gcc/x86_64-w64-mingw32/13.1.0/../../../../lib/crt2.o
 .data          0x0000000140011000        0x0 C:/msys64/ucrt64/bin/../lib/gcc/x86_64-w64-mingw32/13.1.0/crtbegin.o
 .data          0x0000000140011000        0x0 exotique.o
 .data          0x0000000140011000    0x86c40 mahjong.o
                0x0000000140011000                wall_rots_y
                0x0000000140011010                wall_offsets_z
                0x0000000140011020                wall_offsets_x
                0x0000000140011040                textures
                0x0000000140011350                texture_board
                0x0000000140011360                comp_tex_two_sou
                0x0000000140011380                comp_tex_two_sou_packets
                0x0000000140011f20                comp_tex_seven_man
                0x0000000140011f40                comp_tex_seven_man_packets
                0x00000001400128b0                comp_tex_five_man
                0x00000001400128c0                comp_tex_five_man_packets
                0x00000001400134c0                comp_tex_eight_pin
                0x00000001400134e0                comp_tex_eight_pin_packets
                0x0000000140015ec0                comp_tex_two_pin
                0x0000000140015ee0                comp_tex_two_pin_packets
                0x00000001400170c0                comp_tex_west
                0x00000001400170e0                comp_tex_west_packets
                0x0000000140017a70                comp_tex_south
                0x0000000140017a80                comp_tex_south_packets
                0x00000001400183f0                comp_tex_east
                0x0000000140018400                comp_tex_east_packets
                0x0000000140018ca0                comp_tex_north
                0x0000000140018cc0                comp_tex_north_packets
                0x0000000140019420                comp_tex_white_dragon
                0x0000000140019430                comp_tex_white_dragon_packets
                0x0000000140019450                comp_tex_red_dragon
                0x0000000140019460                comp_tex_red_dragon_packets
                0x0000000140019af0                comp_tex_green_dragon
                0x0000000140019b00                comp_tex_green_dragon_packets
                0x000000014001a620                texture_background
                0x000000014007fa34                trivial_reject_enabled
                0x000000014007fa38                hi_z_enabled
                0x000000014007fa40                light
                0x000000014007fa4c                camera_radius_top
                0x000000014007fa50                camera_radius
                0x000000014007fa54                camera_rot_x
                0x000000014007fa60                board_mesh
                0x000000014007fa80                tile_mesh
                0x000000014007faa0                palette_background
                0x000000014007fca0                palette
                0x00000001400800a0                board_indexes
                0x00000001400890a0                board_vertexes
                0x0000000140096960                mahjong_tile_indexes
                0x0000000140096c40                mahjong_tile_vertexes
 .data          0x0000000140097c40       0x10 C:/msys64/ucrt64/bin/../lib/gcc/x86_64-w64-mingw32/13.1.0/../../../../lib/libmingw32.a(lib64_libmingw32_a-gccmain.o)
 .data          0x0000000140097c50       0x10 C:/msys64/ucrt64/bin/../lib/gcc/x86_64-w64-mingw32/13.1.0/../../../../lib/libmingw32.a(lib64_libmingw32_a-natstart.o)
                0x0000000140097c50                __native_vcclrit_reason
                0x0000000140097c54                __native_dllmain_reason
 .data          0x0000000140097c60       0x10 C:/msys64/ucrt64/bin/../lib/gcc/x86_64-w64-mingw32/13.1.0/../../../../lib/libmingw32.a(lib64_libmingw32_a-wildcard.o)
                0x0000000140097c60                _dowildcard
 .data          0x0000000140097c70        0x0 C:/msys64/ucrt64/bin/../lib/gcc/x86_64-w64-mingw32/13.1.0/../../../../lib/libmingw32.a(lib64_libmingw32_a-dllargv.o)
 .data          0x0000000140097c70        0x0 C:/msys64/ucrt64/bin/../lib/gcc/x86_64-w64-mingw32/13.1.0/../../../../lib/libmingw32.a(lib64_libmingw32_a-_newmode.o)
 .data          0x0000000140097c70        0x0 C:/msys64/ucrt64/bin/../lib/gcc/x86_64-w64-mingw32/13.1.0/../../../../lib/libmingw32.a(lib64_libmingw32_a-tlssup.o)
 .data          0x0000000140097c70        0x0 C:/msys64/ucrt64/bin/../lib/gcc/x86_64-w64-mingw32/13.1.0/../../../../lib/libmingw32.a(lib64_libmingw32_a-xncommod.o)
 .data          0x0000000140097c70        0x0 C:/msys64/ucrt64/bin/../lib/gcc/x86_64-w64-mingw32/13.1.0/../../../../lib/libmingw32.a(lib64_libmingw32_a-cinitexe.o)
 .data          0x0000000140097c70        0x0 C:/msys64/ucrt64/bin/../lib/gcc/x86_64-w64-mingw32/13.1.0/../../../../lib/libmingw32.a(lib64_libmingw32_a-merr.o)
 .data          0x0000000140097c70        0x0 C:/msys64/ucrt64/bin/../lib/gcc/x86_64-w64-mingw32/13.1.0/../../../../lib/libmingw32.a(lib64_libmingw32_a-CRT_fp10.o)
 .data          0x0000000140097c70        0x0 C:/msys64/ucrt64/bin/../lib/gcc/x86_64-w64-mingw32/13.1.0/../../../../lib/libmingw32.a(lib64_libmingw32_a-mingw_helpers.o)
 .data          0x0000000140097c70        0x0 C:/msys64/ucrt64/bin/../lib/gcc/x86_64-w64-mingw32/13.1.0/../../../../lib/libmingw32.a(lib64_libmingw32_a-pseudo-reloc.o)
 .data          0x0000000140097c70        0x0 C:/msys64/ucrt64/bin/../lib/gcc/x86_64-w64-mingw32/13.1.0/../../../../lib/libmingw32.a(lib64_libmingw32_a-usermatherr.o)
 .data          0x0000000140097c70        0x0 C:/msys64/ucrt64/bin/../lib/gcc/x86_64-w64-mingw32/13.1.0/../../../../lib/libmingw32.a(lib64_libmingw32_a-xtxtmode.o)
 .data          0x0000000140097c70        0x0 C:/msys64/ucrt64/bin/../lib/gcc/x86_64-w64-mingw32/13.1.0/../../../../lib/libmingw32.a(lib64_libmingw32_a-crt_handler.o)
 .data          0x0000000140097c70        0x0 C:/msys64/ucrt64/bin/../lib/gcc/x86_64-w64-mingw32/13.1.0/../../../../lib/libmingw32.a(lib64_libmingw32_a-tlsthrd.o)
 .data          0x0000000140097c70       0x10 C:/msys64/ucrt64/bin/../lib/gcc/x86_64-w64-mingw32/13.1.0/../../../../lib/libmingw32.a(lib64_libmingw32_a-tlsmcrt.o)
                0x0000000140097c70                _CRT_MT
 .data          0x0000000140097c80        0x0 C:/msys64/ucrt64/bin/../lib/gcc/x86_64-w64-mingw32/13.1.0/../../../../lib/libmingw32.a(lib64_libmingw32_a-pseudo-reloc-list.o)
 .data          0x0000000140097c80        0x0 C:/msys64/ucrt64/bin/../lib/gcc/x86_64-w64-mingw32/13.1.0/../../../../lib/libmingw32.a(lib64_libmingw32_a-pesect.o)
 .data          0x0000000140097c80        0x0 C:/msys64/ucrt64/bin/../lib/gcc/x86_64-w64-mingw32/13.1.0/libgcc.a(_chkstk_ms.o)
 .data          0x0000000140097c80        0x0 C:/msys64/ucrt64/bin/../lib/gcc/x86_64-w64-mingw32/13.1.0/libgcc.a(_ctors.o)
 .data          0x0000000140097c80       0x10 C:/msys64/ucrt64/bin/../lib/gcc/x86_64-w64-mingw32/13.1.0/../../../../lib/libmingwex.a(lib64_libmingwex_a-mingw_matherr.o)
                0x0000000140097c80                _MINGW_INSTALL_DEBUG_MATHERR
 .data          0x0000000140097c90       0x10 C:/msys64/ucrt64/bin/../lib/gcc/x86_64-w64-mingw32/13.1.0/../../../../lib/libmsvcrt.a(lib64_libucrt_extra_a-ucrt_vprintf.o)
                0x0000000140097c90                __imp_vprintf
 .data          0x0000000140097ca0       0x10 C:/msys64/ucrt64/bin/../lib/gcc/x86_64-w64-mingw32/13.1.0/../../../../lib/libmsvcrt.a(lib64_libucrt_extra_a-ucrt_vfprintf.o)
                0x0000000140097ca0                __imp_vfprintf
 .data          0x0000000140097cb0       0x10 C:/msys64/ucrt64/bin/../lib/gcc/x86_64-w64-mingw32/13.1.0/../../../../lib/libmsvcrt.a(lib64_libucrt_extra_a-ucrt_fprintf.o)
                0x0000000140097cb0                __imp_fprintf
 .data          0x0000000140097cc0       0x10 C:/msys64/ucrt64/bin/../lib/gcc/x86_64-w64-mingw32/13.1.0/../../../../lib/libmsvcrt.a(lib64_libucrt_extra_a-__initenv.o)
                0x0000000140097cc0                __imp___winitenv
                0x0000000140097cc8                __imp___initenv
 .data          0x0000000140097cd0       0x80 C:/msys64/ucrt64/bin/../lib/gcc/x86_64-w64-mingw32/13.1.0/../../../../lib/libmsvcrt.a(lib64_libucrt_extra_a-ucrtbase_compat.o)
                0x0000000140097cd0                __imp___ms_fwprintf
                0x0000000140097cd8                __imp_tzset
                0x0000000140097ce0                __imp__get_output_format
                0x0000000140097ce8                __imp__amsg_exit
                0x0000000140097cf0                __imp___wgetmainargs
                0x0000000140097cf8                __imp___getmainargs
                0x0000000140097d00                __imp_daylight
                0x0000000140097d08                __imp_timezone
                0x0000000140097d10                __imp_tzname
                0x0000000140097d38                __imp_at_quick_exit
                0x0000000140097d40                __imp__onexit
 .data          0x0000000140097d50        0x0 C:/msys64/ucrt64/bin/../lib/gcc/x86_64-w64-mingw32/13.1.0/../../../../lib/libmsvcrt.a(libapi-ms-win-crt-time-l1-1-0s00008.o)
 .data          0x0000000140097d50        0x0 C:/msys64/ucrt64/bin/../lib/gcc/x86_64-w64-mingw32/13.1.0/../../../../lib/libmsvcrt.a(libapi-ms-win-crt-time-l1-1-0s00010.o)
 .data          0x0000000140097d50        0x0 C:/msys64/ucrt64/bin/../lib/gcc/x86_64-w64-mingw32/13.1.0/../../../../lib/libmsvcrt.a(libapi-ms-win-crt-time-l1-1-0s00011.o)
 .data          0x0000000140097d50        0x0 C:/msys64/ucrt64/bin/../lib/gcc/x86_64-w64-mingw32/13.1.0/../../../../lib/libmsvcrt.a(libapi-ms-win-crt-time-l1-1-0s00058.o)
 .data          0x0000000140097d50        0x0 C:/msys64/ucrt64/bin/../lib/gcc/x86_64-w64-mingw32/13.1.0/../../../../lib/libmsvcrt.a(libapi-ms-win-crt-time-l1-1-0h.o)
 .data          0x0000000140097d50        0x0 C:/msys64/ucrt64/bin/../lib/gcc/x86_64-w64-mingw32/13.1.0/../../../../lib/libmsvcrt.a(libapi-ms-win-crt-time-l1-1-0t.o)
 .data          0x0000000140097d50        0x0 C:/msys64/ucrt64/bin/../lib/gcc/x86_64-w64-mingw32/13.1.0/../../../../lib/libmsvcrt.a(libapi-ms-win-crt-string-l1-1-0s00167.o)
 .data          0x0000000140097d50        0x0 C:/msys64/ucrt64/bin/../lib/gcc/x86_64-w64-mingw32/13.1.0/../../../../lib/libmsvcrt.a(libapi-ms-win-crt-string-l1-1-0s00170.o)
 .data          0x0000000140097d50        0x0 C:/msys64/ucrt64/bin/../lib/gcc/x86_64-w64-mingw32/13.1.0/../../../../lib/libmsvcrt.a(libapi-ms-win-crt-string-l1-1-0h.o)
 .data          0x0000000140097d50        0x0 C:/msys64/ucrt64/bin/../lib/gcc/x86_64-w64-mingw32/13.1.0/../../../../lib/libmsvcrt.a(libapi-ms-win-crt-string-l1-1-0t.o)
 .data          0x0000000140097d50        0x0 C:/msys64/ucrt64/bin/../lib/gcc/x86_64-w64-mingw32/13.1.0/../../../../lib/libmsvcrt.a(libapi-ms-win-crt-stdio-l1-1-0s00000.o)
 .data          0x0000000140097d50        0x0 C:/msys64/ucrt64/bin/../lib/gcc/x86_64-w64-mingw32/13.1.0/../../../../lib/libmsvcrt.a(libapi-ms-win-crt-stdio-l1-1-0s00001.o)
 .data          0x0000000140097d50        0x0 C:/msys64/ucrt64/bin/../lib/gcc/x86_64-w64-mingw32/13.1.0/../../../../lib/libmsvcrt.a(libapi-ms-win-crt-stdio-l1-1-0s00002.o)
 .data          0x0000000140097d50        0x0 C:/msys64/ucrt64/bin/../lib/gcc/x86_64-w64-mingw32/13.1.0/../../../../lib/libmsvcrt.a(libapi-ms-win-crt-stdio-l1-1-0s00003.o)
 .data          0x0000000140097d50        0x0 C:/msys64/ucrt64/bin/../lib/gcc/x86_64-w64-mingw32/13.1.0/../../../../lib/libmsvcrt.a(libapi-ms-win-crt-stdio-l1-1-0s00007.o)
 .data          0x0000000140097d50        0x0 C:/msys64/ucrt64/bin/../lib/gcc/x86_64-w64-mingw32/13.1.0/../../../../lib/libmsvcrt.a(libapi-ms-win-crt-stdio-l1-1-0s00168.o)
 .data          0x0000000140097d50        0x0 C:/msys64/ucrt64/bin/../lib/gcc/x86_64-w64-mingw32/13.1.0/../../../../lib/libmsvcrt.a(libapi-ms-win-crt-stdio-l1-1-0h.o)
 .data          0x0000000140097d50        0x0 C:/msys64/ucrt64/bin/../lib/gcc/x86_64-w64-mingw32/13.1.0/../../../../lib/libmsvcrt.a(libapi-ms-win-crt-stdio-l1-1-0t.o)
 .data          0x0000000140097d50        0x0 C:/msys64/ucrt64/bin/../lib/gcc/x86_64-w64-mingw32/13.1.0/../../../../lib/libmsvcrt.a(libapi-ms-win-crt-runtime-l1-1-0s00004.o)
 .data          0x0000000140097d50        0x0 C:/msys64/ucrt64/bin/../lib/gcc/x86_64-w64-mingw32/13.1.0/../../../../lib/libmsvcrt.a(libapi-ms-win-crt-runtime-l1-1-0s00005.o)
 .data          0x0000000140097d50        0x0 C:/msys64/ucrt64/bin/../lib/gcc/x86_64-w64-mingw32/13.1.0/../../../../lib/libmsvcrt.a(libapi-ms-win-crt-runtime-l1-1-0s00006.o)
 .data          0x0000000140097d50        0x0 C:/msys64/ucrt64/bin/../lib/gcc/x86_64-w64-mingw32/13.1.0/../../../../lib/libmsvcrt.a(libapi-ms-win-crt-runtime-l1-1-0s00022.o)
 .data          0x0000000140097d50        0x0 C:/msys64/ucrt64/bin/../lib/gcc/x86_64-w64-mingw32/13.1.0/../../../../lib/libmsvcrt.a(libapi-ms-win-crt-runtime-l1-1-0s00024.o)
 .data          0x0000000140097d50        0x0 C:/msys64/ucrt64/bin/../lib/gcc/x86_64-w64-mingw32/13.1.0/../../../../lib/libmsvcrt.a(libapi-ms-win-crt-runtime-l1-1-0s00025.o)
 .data          0x0000000140097d50        0x0 C:/msys64/ucrt64/bin/../lib/gcc/x86_64-w64-mingw32/13.1.0/../../../../lib/libmsvcrt.a(libapi-ms-win-crt-runtime-l1-1-0s00029.o)
 .data          0x0000000140097d50        0x0 C:/msys64/ucrt64/bin/../lib/gcc/x86_64-w64-mingw32/13.1.0/../../../../lib/libmsvcrt.a(libapi-ms-win-crt-runtime-l1-1-0s00030.o)
 .data          0x0000000140097d50        0x0 C:/msys64/ucrt64/bin/../lib/gcc/x86_64-w64-mingw32/13.1.0/../../../../lib/libmsvcrt.a(libapi-ms-win-crt-runtime-l1-1-0s00036.o)
 .data          0x0000000140097d50        0x0 C:/msys64/ucrt64/bin/../lib/gcc/x86_64-w64-mingw32/13.1.0/../../../../lib/libmsvcrt.a(libapi-ms-win-crt-runtime-l1-1-0s00053.o)
 .data          0x0000000140097d50        0x0 C:/msys64/ucrt64/bin/../lib/gcc/x86_64-w64-mingw32/13.1.0/../../../../lib/libmsvcrt.a(libapi-ms-win-crt-runtime-l1-1-0s00055.o)
 .data          0x0000000140097d50        0x0 C:/msys64/ucrt64/bin/../lib/gcc/x86_64-w64-mingw32/13.1.0/../../../../lib/libmsvcrt.a(libapi-ms-win-crt-runtime-l1-1-0s00056.o)
 .data          0x0000000140097d50        0x0 C:/msys64/ucrt64/bin/../lib/gcc/x86_64-w64-mingw32/13.1.0/../../../../lib/libmsvcrt.a(libapi-ms-win-crt-runtime-l1-1-0s00068.o)
 .data          0x0000000140097d50        0x0 C:/msys64/ucrt64/bin/../lib/gcc/x86_64-w64-mingw32/13.1.0/../../../../lib/libmsvcrt.a(libapi-ms-win-crt-runtime-l1-1-0s00074.o)
 .data          0x0000000140097d50        0x0 C:/msys64/ucrt64/bin/../lib/gcc/x86_64-w64-mingw32/13.1.0/../../../../lib/libmsvcrt.a(libapi-ms-win-crt-runtime-l1-1-0s00087.o)
 .data          0x0000000140097d50        0x0 C:/msys64/ucrt64/bin/../lib/gcc/x86_64-w64-mingw32/13.1.0/../../../../lib/libmsvcrt.a(libapi-ms-win-crt-runtime-l1-1-0s00088.o)
 .data          0x0000000140097d50        0x0 C:/msys64/ucrt64/bin/../lib/gcc/x86_64-w64-mingw32/13.1.0/../../../../lib/libmsvcrt.a(libapi-ms-win-crt-runtime-l1-1-0s00102.o)
 .data          0x0000000140097d50        0x0 C:/msys64/ucrt64/bin/../lib/gcc/x86_64-w64-mingw32/13.1.0/../../../../lib/libmsvcrt.a(libapi-ms-win-crt-runtime-l1-1-0h.o)
 .data          0x0000000140097d50        0x0 C:/msys64/ucrt64/bin/../lib/gcc/x86_64-w64-mingw32/13.1.0/../../../../lib/libmsvcrt.a(libapi-ms-win-crt-runtime-l1-1-0t.o)
 .data          0x0000000140097d50        0x0 C:/msys64/ucrt64/bin/../lib/gcc/x86_64-w64-mingw32/13.1.0/../../../../lib/libmsvcrt.a(libapi-ms-win-crt-private-l1-1-0s00015.o)
 .data          0x0000000140097d50        0x0 C:/msys64/ucrt64/bin/../lib/gcc/x86_64-w64-mingw32/13.1.0/../../../../lib/libmsvcrt.a(libapi-ms-win-crt-private-l1-1-0s01143.o)
 .data          0x0000000140097d50        0x0 C:/msys64/ucrt64/bin/../lib/gcc/x86_64-w64-mingw32/13.1.0/../../../../lib/libmsvcrt.a(libapi-ms-win-crt-private-l1-1-0h.o)
 .data          0x0000000140097d50        0x0 C:/msys64/ucrt64/bin/../lib/gcc/x86_64-w64-mingw32/13.1.0/../../../../lib/libmsvcrt.a(libapi-ms-win-crt-private-l1-1-0t.o)
 .data          0x0000000140097d50        0x0 C:/msys64/ucrt64/bin/../lib/gcc/x86_64-w64-mingw32/13.1.0/../../../../lib/libmsvcrt.a(libapi-ms-win-crt-math-l1-1-0s00009.o)
 .data          0x0000000140097d50        0x0 C:/msys64/ucrt64/bin/../lib/gcc/x86_64-w64-mingw32/13.1.0/../../../../lib/libmsvcrt.a(libapi-ms-win-crt-math-l1-1-0h.o)
 .data          0x0000000140097d50        0x0 C:/msys64/ucrt64/bin/../lib/gcc/x86_64-w64-mingw32/13.1.0/../../../../lib/libmsvcrt.a(libapi-ms-win-crt-math-l1-1-0t.o)
 .data          0x0000000140097d50        0x0 C:/msys64/ucrt64/bin/../lib/gcc/x86_64-w64-mingw32/13.1.0/../../../../lib/libmsvcrt.a(libapi-ms-win-crt-heap-l1-1-0s00023.o)
 .data          0x0000000140097d50        0x0 C:/msys64/ucrt64/bin/../lib/gcc/x86_64-w64-mingw32/13.1.0/../../../../lib/libmsvcrt.a(libapi-ms-win-crt-heap-l1-1-0s00024.o)
 .data          0x0000000140097d50        0x0 C:/msys64/ucrt64/bin/../lib/gcc/x86_64-w64-mingw32/13.1.0/../../../../lib/libmsvcrt.a(libapi-ms-win-crt-heap-l1-1-0s00025.o)
 .data          0x0000000140097d50        0x0 C:/msys64/ucrt64/bin/../lib/gcc/x86_64-w64-mingw32/13.1.0/../../../../lib/libmsvcrt.a(libapi-ms-win-crt-heap-l1-1-0s00026.o)
 .data          0x0000000140097d50        0x0 C:/msys64/ucrt64/bin/../lib/gcc/x86_64-w64-mingw32/13.1.0/../../../../lib/libmsvcrt.a(libapi-ms-win-crt-heap-l1-1-0h.o)
 .data          0x0000000140097d50        0x0 C:/msys64/ucrt64/bin/../lib/gcc/x86_64-w64-mingw32/13.1.0/../../../../lib/libmsvcrt.a(libapi-ms-win-crt-heap-l1-1-0t.o)
 .data          0x0000000140097d50        0x0 C:/msys64/ucrt64/bin/../lib/gcc/x86_64-w64-mingw32/13.1.0/../../../../lib/libmsvcrt.a(libapi-ms-win-crt-environment-l1-1-0s00000.o)
 .data          0x0000000140097d50        0x0 C:/msys64/ucrt64/bin/../lib/gcc/x86_64-w64-mingw32/13.1.0/../../../../lib/libmsvcrt.a(libapi-ms-win-crt-environment-l1-1-0s00001.o)
 .data          0x0000000140097d50        0x0 C:/msys64/ucrt64/bin/../lib/gcc/x86_64-w64-mingw32/13.1.0/../../../../lib/libmsvcrt.a(libapi-ms-win-crt-environment-l1-1-0h.o)
 .data          0x0000000140097d50        0x0 C:/msys64/ucrt64/bin/../lib/gcc/x86_64-w64-mingw32/13.1.0/../../../../lib/libmsvcrt.a(libapi-ms-win-crt-environment-l1-1-0t.o)
 .data          0x0000000140097d50        0x0 C:/msys64/ucrt64/bin/../lib/gcc/x86_64-w64-mingw32/13.1.0/../../../../lib/libkernel32.a(libkernel32s01490.o)
 .data          0x0000000140097d50        0x0 C:/msys64/ucrt64/bin/../lib/gcc/x86_64-w64-mingw32/13.1.0/../../../../lib/libkernel32.a(libkernel32s01488.o)
 .data          0x0000000140097d50        0x0 C:/msys64/ucrt64/bin/../lib/gcc/x86_64-w64-mingw32/13.1.0/../../../../lib/libkernel32.a(libkernel32s01441.o)
 .data          0x0000000140097d50        0x0 C:/msys64/ucrt64/bin/../lib/gcc/x86_64-w64-mingw32/13.1.0/../../../../lib/libkernel32.a(libkernel32s01406.o)
 .data          0x0000000140097d50        0x0 C:/msys64/ucrt64/bin/../lib/gcc/x86_64-w64-mingw32/13.1.0/../../../../lib/libkernel32.a(libkernel32s01390.o)
 .data          0x0000000140097d50        0x0 C:/msys64/ucrt64/bin/../lib/gcc/x86_64-w64-mingw32/13.1.0/../../../../lib/libkernel32.a(libkernel32s00981.o)
 .data          0x0000000140097d50        0x0 C:/msys64/ucrt64/bin/../lib/gcc/x86_64-w64-mingw32/13.1.0/../../../../lib/libkernel32.a(libkernel32s00889.o)
 .data          0x0000000140097d50        0x0 C:/msys64/ucrt64/bin/../lib/gcc/x86_64-w64-mingw32/13.1.0/../../../../lib/libkernel32.a(libkernel32s00627.o)
 .data          0x0000000140097d50        0x0 C:/msys64/ucrt64/bin/../lib/gcc/x86_64-w64-mingw32/13.1.0/../../../../lib/libkernel32.a(libkernel32s00316.o)
 .data          0x0000000140097d50        0x0 C:/msys64/ucrt64/bin/../lib/gcc/x86_64-w64-mingw32/13.1.0/../../../../lib/libkernel32.a(libkernel32s00280.o)
 .data          0x0000000140097d50        0x0 C:/msys64/ucrt64/bin/../lib/gcc/x86_64-w64-mingw32/13.1.0/../../../../lib/libkernel32.a(libkernel32h.o)
 .data          0x0000000140097d50        0x0 C:/msys64/ucrt64/bin/../lib/gcc/x86_64-w64-mingw32/13.1.0/../../../../lib/libkernel32.a(libkernel32t.o)
 .data          0x0000000140097d50        0x0 C:/msys64/ucrt64/bin/../lib/gcc/x86_64-w64-mingw32/13.1.0/crtend.o
 *(.data2)
 *(SORT_BY_NAME(.data$*))
 *(.jcr)
                0x0000000140097d50                __data_end__ = .
 *(.data_cygwin_nocopy)

.rdata          0x0000000140098000     0x1600
 *(.rdata)
 .rdata         0x0000000140098000      0x2d0 exotique.o
 *fill*         0x00000001400982d0       0x30 
 .rdata         0x0000000140098300      0x680 mahjong.o
                0x0000000140098330                hand_tile_spacing
                0x0000000140098334                wall_tile_spacing
                0x0000000140098338                camy
                0x000000014009833c                camx
                0x0000000140098340                NEAR_Z
                0x0000000140098344                FAR_Z
                0x0000000140098348                kScreenHeight
                0x000000014009834c                kScreenWidth
 .rdata         0x0000000140098980       0x60 C:/msys64/ucrt64/bin/../lib/gcc/x86_64-w64-mingw32/13.1.0/../../../../lib/libmingw32.a(lib64_libmingw32_a-tlssup.o)
                0x0000000140098980                __dyn_tls_init_callback
                0x00000001400989a0                _tls_used
 .rdata         0x00000001400989e0      0x140 C:/msys64/ucrt64/bin/../lib/gcc/x86_64-w64-mingw32/13.1.0/../../../../lib/libmingw32.a(lib64_libmingw32_a-merr.o)
 .rdata         0x0000000140098b20      0x160 C:/msys64/ucrt64/bin/../lib/gcc/x86_64-w64-mingw32/13.1.0/../../../../lib/libmingw32.a(lib64_libmingw32_a-pseudo-reloc.o)
 .rdata         0x0000000140098c80       0x30 C:/msys64/ucrt64/bin/../lib/gcc/x86_64-w64-mingw32/13.1.0/../../../../lib/libmingw32.a(lib64_libmingw32_a-crt_handler.o)
 .rdata         0x0000000140098cb0       0x20 C:/msys64/ucrt64/bin/../lib/gcc/x86_64-w64-mingw32/13.1.0/../../../../lib/libmsvcrt.a(lib64_libucrt_extra_a-ucrtbase_compat.o)
 *(SORT_BY_NAME(.rdata$*))
 .rdata$.refptr._CRT_MT
                0x0000000140098cd0       0x10 C:/msys64/ucrt64/bin/../lib/gcc/x86_64-w64-mingw32/13.1.0/../../../../lib/libmingw32.a(lib64_libmingw32_a-tlssup.o)
                0x0000000140098cd0                .refptr._CRT_MT
 .rdata$.refptr._MINGW_INSTALL_DEBUG_MATHERR
                0x0000000140098ce0       0x10 C:/msys64/ucrt64/bin/../lib/gcc/x86_64-w64-mingw32/13.1.0/../../../../lib/crt2.o
                0x0000000140098ce0                .refptr._MINGW_INSTALL_DEBUG_MATHERR
 .rdata$.refptr.__CTOR_LIST__
                0x0000000140098cf0       0x10 C:/msys64/ucrt64/bin/../lib/gcc/x86_64-w64-mingw32/13.1.0/../../../../lib/libmingw32.a(lib64_libmingw32_a-gccmain.o)
                0x0000000140098cf0                .refptr.__CTOR_LIST__
 .rdata$.refptr.__RUNTIME_PSEUDO_RELOC_LIST_END__
                0x0000000140098d00       0x10 C:/msys64/ucrt64/bin/../lib/gcc/x86_64-w64-mingw32/13.1.0/../../../../lib/libmingw32.a(lib64_libmingw32_a-pseudo-reloc.o)
                0x0000000140098d00                .refptr.__RUNTIME_PSEUDO_RELOC_LIST_END__
 .rdata$.refptr.__RUNTIME_PSEUDO_RELOC_LIST__
                0x0000000140098d10       0x10 C:/msys64/ucrt64/bin/../lib/gcc/x86_64-w64-mingw32/13.1.0/../../../../lib/libmingw32.a(lib64_libmingw32_a-pseudo-reloc.o)
                0x0000000140098d10                .refptr.__RUNTIME_PSEUDO_RELOC_LIST__
 .rdata$.refptr.__dyn_tls_init_callback
                0x0000000140098d20       0x10 C:/msys64/ucrt64/bin/../lib/gcc/x86_64-w64-mingw32/13.1.0/../../../../lib/crt2.o
                0x0000000140098d20                .refptr.__dyn_tls_init_callback
 .rdata$.refptr.__image_base__
                0x0000000140098d30       0x10 C:/msys64/ucrt64/bin/../lib/gcc/x86_64-w64-mingw32/13.1.0/../../../../lib/crt2.o
                0x0000000140098d30                .refptr.__image_base__
 .rdata$.refptr.__imp___initenv
                0x0000000140098d40       0x10 C:/msys64/ucrt64/bin/../lib/gcc/x86_64-w64-mingw32/13.1.0/../../../../lib/crt2.o
                0x0000000140098d40                .refptr.__imp___initenv
 .rdata$.refptr.__imp__tzset
                0x0000000140098d50       0x10 C:/msys64/ucrt64/bin/../lib/gcc/x86_64-w64-mingw32/13.1.0/../../../../lib/libmsvcrt.a(lib64_libucrt_extra_a-ucrtbase_compat.o)
                0x0000000140098d50                .refptr.__imp__tzset
 .rdata$.refptr.__mingw_app_type
                0x0000000140098d60       0x10 C:/msys64/ucrt64/bin/../lib/gcc/x86_64-w64-mingw32/13.1.0/../../../../lib/crt2.o
                0x0000000140098d60                .refptr.__mingw_app_type
 .rdata$.refptr.__mingw_initltsdrot_force
                0x0000000140098d70       0x10 C:/msys64/ucrt64/bin/../lib/gcc/x86_64-w64-mingw32/13.1.0/../../../../lib/crt2.o
                0x0000000140098d70                .refptr.__mingw_initltsdrot_force
 .rdata$.refptr.__mingw_initltsdyn_force
                0x0000000140098d80       0x10 C:/msys64/ucrt64/bin/../lib/gcc/x86_64-w64-mingw32/13.1.0/../../../../lib/crt2.o
                0x0000000140098d80                .refptr.__mingw_initltsdyn_force
 .rdata$.refptr.__mingw_initltssuo_force
                0x0000000140098d90       0x10 C:/msys64/ucrt64/bin/../lib/gcc/x86_64-w64-mingw32/13.1.0/../../../../lib/crt2.o
                0x0000000140098d90                .refptr.__mingw_initltssuo_force
 .rdata$.refptr.__mingw_module_is_dll
                0x0000000140098da0       0x10 C:/msys64/ucrt64/bin/../lib/gcc/x86_64-w64-mingw32/13.1.0/../../../../lib/libmsvcrt.a(lib64_libucrt_extra_a-ucrtbase_compat.o)
                0x0000000140098da0                .refptr.__mingw_module_is_dll
 .rdata$.refptr.__mingw_oldexcpt_handler
                0x0000000140098db0       0x10 C:/msys64/ucrt64/bin/../lib/gcc/x86_64-w64-mingw32/13.1.0/../../../../lib/crt2.o
                0x0000000140098db0                .refptr.__mingw_oldexcpt_handler
 .rdata$.refptr.__native_startup_lock
                0x0000000140098dc0       0x10 C:/msys64/ucrt64/bin/../lib/gcc/x86_64-w64-mingw32/13.1.0/../../../../lib/crt2.o
                0x0000000140098dc0                .refptr.__native_startup_lock
 .rdata$.refptr.__native_startup_state
                0x0000000140098dd0       0x10 C:/msys64/ucrt64/bin/../lib/gcc/x86_64-w64-mingw32/13.1.0/../../../../lib/crt2.o
                0x0000000140098dd0                .refptr.__native_startup_state
 .rdata$.refptr.__xc_a
                0x0000000140098de0       0x10 C:/msys64/ucrt64/bin/../lib/gcc/x86_64-w64-mingw32/13.1.0/../../../../lib/crt2.o
                0x0000000140098de0                .refptr.__xc_a
 .rdata$.refptr.__xc_z
                0x0000000140098df0       0x10 C:/msys64/ucrt64/bin/../lib/gcc/x86_64-w64-mingw32/13.1.0/../../../../lib/crt2.o
                0x0000000140098df0                .refptr.__xc_z
 .rdata$.refptr.__xi_a
                0x0000000140098e00       0x10 C:/msys64/ucrt64/bin/../lib/gcc/x86_64-w64-mingw32/13.1.0/../../../../lib/crt2.o
                0x0000000140098e00                .refptr.__xi_a
 .rdata$.refptr.__xi_z
                0x0000000140098e10       0x10 C:/msys64/ucrt64/bin/../lib/gcc/x86_64-w64-mingw32/13.1.0/../../../../lib/crt2.o
                0x0000000140098e10                .refptr.__xi_z
 .rdata$.refptr._commode
                0x0000000140098e20       0x10 C:/msys64/ucrt64/bin/../lib/gcc/x86_64-w64-mingw32/13.1.0/../../../../lib/crt2.o
                0x0000000140098e20                .refptr._commode
 .rdata$.refptr._dowildcard
                0x0000000140098e30       0x10 C:/msys64/ucrt64/bin/../lib/gcc/x86_64-w64-mingw32/13.1.0/../../../../lib/crt2.o
                0x0000000140098e30                .refptr._dowildcard
 .rdata$.refptr._fmode
                0x0000000140098e40       0x10 C:/msys64/ucrt64/bin/../lib/gcc/x86_64-w64-mingw32/13.1.0/../../../../lib/crt2.o
                0x0000000140098e40                .refptr._fmode
 .rdata$.refptr._gnu_exception_handler
                0x0000000140098e50       0x10 C:/msys64/ucrt64/bin/../lib/gcc/x86_64-w64-mingw32/13.1.0/../../../../lib/crt2.o
                0x0000000140098e50                .refptr._gnu_exception_handler
 .rdata$.refptr._matherr
                0x0000000140098e60       0x10 C:/msys64/ucrt64/bin/../lib/gcc/x86_64-w64-mingw32/13.1.0/../../../../lib/crt2.o
                0x0000000140098e60                .refptr._matherr
 .rdata$.refptr._newmode
                0x0000000140098e70       0x10 C:/msys64/ucrt64/bin/../lib/gcc/x86_64-w64-mingw32/13.1.0/../../../../lib/crt2.o
                0x0000000140098e70                .refptr._newmode
 .rdata$.refptr.kScreenHeight
                0x0000000140098e80       0x10 exotique.o
                0x0000000140098e80                .refptr.kScreenHeight
 .rdata$.refptr.kScreenWidth
                0x0000000140098e90       0x10 exotique.o
                0x0000000140098e90                .refptr.kScreenWidth
 .rdata$zzz     0x0000000140098ea0       0x30 C:/msys64/ucrt64/bin/../lib/gcc/x86_64-w64-mingw32/13.1.0/../../../../lib/crt2.o
 .rdata$zzz     0x0000000140098ed0       0x30 C:/msys64/ucrt64/bin/../lib/gcc/x86_64-w64-mingw32/13.1.0/crtbegin.o
 .rdata$zzz     0x0000000140098f00       0x30 exotique.o
 .rdata$zzz     0x0000000140098f30       0x30 mahjong.o
 .rdata$zzz     0x0000000140098f60       0x30 C:/msys64/ucrt64/bin/../lib/gcc/x86_64-w64-mingw32/13.1.0/../../../../lib/libmingw32.a(lib64_libmingw32_a-gccmain.o)
 .rdata$zzz     0x0000000140098f90       0x30 C:/msys64/ucrt64/bin/../lib/gcc/x86_64-w64-mingw32/13.1.0/../../../../lib/libmingw32.a(lib64_libmingw32_a-natstart.o)
 .rdata$zzz     0x0000000140098fc0       0x30 C:/msys64/ucrt64/bin/../lib/gcc/x86_64-w64-mingw32/13.1.0/../../../../lib/libmingw32.a(lib64_libmingw32_a-wildcard.o)
 .rdata$zzz     0x0000000140098ff0       0x30 C:/msys64/ucrt64/bin/../lib/gcc/x86_64-w64-mingw32/13.1.0/../../../../lib/libmingw32.a(lib64_libmingw32_a-dllargv.o)
 .rdata$zzz     0x0000000140099020       0x30 C:/msys64/ucrt64/bin/../lib/gcc/x86_64-w64-mingw32/13.1.0/../../../../lib/libmingw32.a(lib64_libmingw32_a-_newmode.o)
 .rdata$zzz     0x0000000140099050       0x30 C:/msys64/ucrt64/bin/../lib/gcc/x86_64-w64-mingw32/13.1.0/../../../../lib/libmingw32.a(lib64_libmingw32_a-tlssup.o)
 .rdata$zzz     0x0000000140099080       0x30 C:/msys64/ucrt64/bin/../lib/gcc/x86_64-w64-mingw32/13.1.0/../../../../lib/libmingw32.a(lib64_libmingw32_a-xncommod.o)
 .rdata$zzz     0x00000001400990b0       0x30 C:/msys64/ucrt64/bin/../lib/gcc/x86_64-w64-mingw32/13.1.0/../../../../lib/libmingw32.a(lib64_libmingw32_a-cinitexe.o)
 .rdata$zzz     0x00000001400990e0       0x30 C:/msys64/ucrt64/bin/../lib/gcc/x86_64-w64-mingw32/13.1.0/../../../../lib/libmingw32.a(lib64_libmingw32_a-merr.o)
 .rdata$zzz     0x0000000140099110       0x30 C:/msys64/ucrt64/bin/../lib/gcc/x86_64-w64-mingw32/13.1.0/../../../../lib/libmingw32.a(lib64_libmingw32_a-CRT_fp10.o)
 .rdata$zzz     0x0000000140099140       0x30 C:/msys64/ucrt64/bin/../lib/gcc/x86_64-w64-mingw32/13.1.0/../../../../lib/libmingw32.a(lib64_libmingw32_a-mingw_helpers.o)
 .rdata$zzz     0x0000000140099170       0x30 C:/msys64/ucrt64/bin/../lib/gcc/x86_64-w64-mingw32/13.1.0/../../../../lib/libmingw32.a(lib64_libmingw32_a-pseudo-reloc.o)
 .rdata$zzz     0x00000001400991a0       0x30 C:/msys64/ucrt64/bin/../lib/gcc/x86_64-w64-mingw32/13.1.0/../../../../lib/libmingw32.a(lib64_libmingw32_a-usermatherr.o)
 .rdata$zzz     0x00000001400991d0       0x30 C:/msys64/ucrt64/bin/../lib/gcc/x86_64-w64-mingw32/13.1.0/../../../../lib/libmingw32.a(lib64_libmingw32_a-xtxtmode.o)
 .rdata$zzz     0x0000000140099200       0x30 C:/msys64/ucrt64/bin/../lib/gcc/x86_64-w64-mingw32/13.1.0/../../../../lib/libmingw32.a(lib64_libmingw32_a-crt_handler.o)
 .rdata$zzz     0x0000000140099230       0x30 C:/msys64/ucrt64/bin/../lib/gcc/x86_64-w64-mingw32/13.1.0/../../../../lib/libmingw32.a(lib64_libmingw32_a-tlsthrd.o)
 .rdata$zzz     0x0000000140099260       0x30 C:/msys64/ucrt64/bin/../lib/gcc/x86_64-w64-mingw32/13.1.0/../../../../lib/libmingw32.a(lib64_libmingw32_a-tlsmcrt.o)
 .rdata$zzz     0x0000000140099290       0x30 C:/msys64/ucrt64/bin/../lib/gcc/x86_64-w64-mingw32/13.1.0/../../../../lib/libmingw32.a(lib64_libmingw32_a-pseudo-reloc-list.o)
 .rdata$zzz     0x00000001400992c0       0x30 C:/msys64/ucrt64/bin/../lib/gcc/x86_64-w64-mingw32/13.1.0/../../../../lib/libmingw32.a(lib64_libmingw32_a-pesect.o)
 .rdata$zzz     0x00000001400992f0       0x30 C:/msys64/ucrt64/bin/../lib/gcc/x86_64-w64-mingw32/13.1.0/libgcc.a(_ctors.o)
 .rdata$zzz     0x0000000140099320       0x30 C:/msys64/ucrt64/bin/../lib/gcc/x86_64-w64-mingw32/13.1.0/../../../../lib/libmingwex.a(lib64_libmingwex_a-mingw_matherr.o)
 .rdata$zzz     0x0000000140099350       0x30 C:/msys64/ucrt64/bin/../lib/gcc/x86_64-w64-mingw32/13.1.0/../../../../lib/libmsvcrt.a(lib64_libucrt_extra_a-ucrt_vprintf.o)
 .rdata$zzz     0x0000000140099380       0x30 C:/msys64/ucrt64/bin/../lib/gcc/x86_64-w64-mingw32/13.1.0/../../../../lib/libmsvcrt.a(lib64_libucrt_extra_a-ucrt_vfprintf.o)
 .rdata$zzz     0x00000001400993b0       0x30 C:/msys64/ucrt64/bin/../lib/gcc/x86_64-w64-mingw32/13.1.0/../../../../lib/libmsvcrt.a(lib64_libucrt_extra_a-ucrt_fprintf.o)
 .rdata$zzz     0x00000001400993e0       0x30 C:/msys64/ucrt64/bin/../lib/gcc/x86_64-w64-mingw32/13.1.0/../../../../lib/libmsvcrt.a(lib64_libucrt_extra_a-__initenv.o)
 .rdata$zzz     0x0000000140099410       0x30 C:/msys64/ucrt64/bin/../lib/gcc/x86_64-w64-mingw32/13.1.0/../../../../lib/libmsvcrt.a(lib64_libucrt_extra_a-ucrtbase_compat.o)
 .rdata$zzz     0x0000000140099440       0x30 C:/msys64/ucrt64/bin/../lib/gcc/x86_64-w64-mingw32/13.1.0/crtend.o
                0x0000000140099470                . = ALIGN (0x4)
                0x0000000140099470                __rt_psrelocs_start = .
 *(.rdata_runtime_pseudo_reloc)
                0x0000000140099470                __rt_psrelocs_end = .
                0x0000000000000000                __rt_psrelocs_size = (__rt_psrelocs_end - __rt_psrelocs_start)
                0x0000000140099470                ___RUNTIME_PSEUDO_RELOC_LIST_END__ = .
                0x0000000140099470                __RUNTIME_PSEUDO_RELOC_LIST_END__ = .
                0x0000000140099470                ___RUNTIME_PSEUDO_RELOC_LIST__ = (. - __rt_psrelocs_size)
                0x0000000140099470                __RUNTIME_PSEUDO_RELOC_LIST__ = (. - __rt_psrelocs_size)

.eh_frame
 *(.eh_frame*)

.pdata          0x000000014009a000      0x800
 *(.pdata*)
 .pdata         0x000000014009a000       0x54 C:/msys64/ucrt64/bin/../lib/gcc/x86_64-w64-mingw32/13.1.0/../../../../lib/crt2.o
 .pdata         0x000000014009a054       0x18 C:/msys64/ucrt64/bin/../lib/gcc/x86_64-w64-mingw32/13.1.0/crtbegin.o
 .pdata         0x000000014009a06c       0x24 exotique.o
 .pdata.startup
                0x000000014009a090        0xc exotique.o
 .pdata         0x000000014009a09c      0x3c0 mahjong.o
 .pdata         0x000000014009a45c       0x24 C:/msys64/ucrt64/bin/../lib/gcc/x86_64-w64-mingw32/13.1.0/../../../../lib/libmingw32.a(lib64_libmingw32_a-gccmain.o)
 .pdata         0x000000014009a480        0xc C:/msys64/ucrt64/bin/../lib/gcc/x86_64-w64-mingw32/13.1.0/../../../../lib/libmingw32.a(lib64_libmingw32_a-dllargv.o)
 .pdata         0x000000014009a48c       0x24 C:/msys64/ucrt64/bin/../lib/gcc/x86_64-w64-mingw32/13.1.0/../../../../lib/libmingw32.a(lib64_libmingw32_a-tlssup.o)
 .pdata         0x000000014009a4b0        0xc C:/msys64/ucrt64/bin/../lib/gcc/x86_64-w64-mingw32/13.1.0/../../../../lib/libmingw32.a(lib64_libmingw32_a-merr.o)
 .pdata         0x000000014009a4bc        0xc C:/msys64/ucrt64/bin/../lib/gcc/x86_64-w64-mingw32/13.1.0/../../../../lib/libmingw32.a(lib64_libmingw32_a-CRT_fp10.o)
 .pdata         0x000000014009a4c8       0x24 C:/msys64/ucrt64/bin/../lib/gcc/x86_64-w64-mingw32/13.1.0/../../../../lib/libmingw32.a(lib64_libmingw32_a-pseudo-reloc.o)
 .pdata         0x000000014009a4ec       0x18 C:/msys64/ucrt64/bin/../lib/gcc/x86_64-w64-mingw32/13.1.0/../../../../lib/libmingw32.a(lib64_libmingw32_a-usermatherr.o)
 .pdata         0x000000014009a504        0xc C:/msys64/ucrt64/bin/../lib/gcc/x86_64-w64-mingw32/13.1.0/../../../../lib/libmingw32.a(lib64_libmingw32_a-crt_handler.o)
 .pdata         0x000000014009a510       0x30 C:/msys64/ucrt64/bin/../lib/gcc/x86_64-w64-mingw32/13.1.0/../../../../lib/libmingw32.a(lib64_libmingw32_a-tlsthrd.o)
 .pdata         0x000000014009a540       0x6c C:/msys64/ucrt64/bin/../lib/gcc/x86_64-w64-mingw32/13.1.0/../../../../lib/libmingw32.a(lib64_libmingw32_a-pesect.o)
 .pdata         0x000000014009a5ac        0xc C:/msys64/ucrt64/bin/../lib/gcc/x86_64-w64-mingw32/13.1.0/../../../../lib/libmsvcrt.a(lib64_libucrt_extra_a-ucrt_vprintf.o)
 .pdata         0x000000014009a5b8        0xc C:/msys64/ucrt64/bin/../lib/gcc/x86_64-w64-mingw32/13.1.0/../../../../lib/libmsvcrt.a(lib64_libucrt_extra_a-ucrt_vfprintf.o)
 .pdata         0x000000014009a5c4        0xc C:/msys64/ucrt64/bin/../lib/gcc/x86_64-w64-mingw32/13.1.0/../../../../lib/libmsvcrt.a(lib64_libucrt_extra_a-ucrt_fprintf.o)
 .pdata         0x000000014009a5d0       0x6c C:/msys64/ucrt64/bin/../lib/gcc/x86_64-w64-mingw32/13.1.0/../../../../lib/libmsvcrt.a(lib64_libucrt_extra_a-ucrtbase_compat.o)
 .pdata.startup
                0x000000014009a63c        0xc C:/msys64/ucrt64/bin/../lib/gcc/x86_64-w64-mingw32/13.1.0/crtend.o

.xdata          0x000000014009b000      0x600
 *(.xdata*)
 .xdata         0x000000014009b000       0x6c C:/msys64/ucrt64/bin/../lib/gcc/x86_64-w64-mingw32/13.1.0/../../../../lib/crt2.o
 .xdata         0x000000014009b06c        0x8 C:/msys64/ucrt64/bin/../lib/gcc/x86_64-w64-mingw32/13.1.0/crtbegin.o
 .xdata         0x000000014009b074       0x1c exotique.o
 .xdata.startup
                0x000000014009b090       0x18 exotique.o
 .xdata         0x000000014009b0a8      0x394 mahjong.o
 .xdata         0x000000014009b43c       0x18 C:/msys64/ucrt64/bin/../lib/gcc/x86_64-w64-mingw32/13.1.0/../../../../lib/libmingw32.a(lib64_libmingw32_a-gccmain.o)
 .xdata         0x000000014009b454        0x4 C:/msys64/ucrt64/bin/../lib/gcc/x86_64-w64-mingw32/13.1.0/../../../../lib/libmingw32.a(lib64_libmingw32_a-dllargv.o)
 .xdata         0x000000014009b458       0x18 C:/msys64/ucrt64/bin/../lib/gcc/x86_64-w64-mingw32/13.1.0/../../../../lib/libmingw32.a(lib64_libmingw32_a-tlssup.o)
 .xdata         0x000000014009b470       0x18 C:/msys64/ucrt64/bin/../lib/gcc/x86_64-w64-mingw32/13.1.0/../../../../lib/libmingw32.a(lib64_libmingw32_a-merr.o)
 .xdata         0x000000014009b488        0x4 C:/msys64/ucrt64/bin/../lib/gcc/x86_64-w64-mingw32/13.1.0/../../../../lib/libmingw32.a(lib64_libmingw32_a-CRT_fp10.o)
 .xdata         0x000000014009b48c       0x30 C:/msys64/ucrt64/bin/../lib/gcc/x86_64-w64-mingw32/13.1.0/../../../../lib/libmingw32.a(lib64_libmingw32_a-pseudo-reloc.o)
 .xdata         0x000000014009b4bc        0xc C:/msys64/ucrt64/bin/../lib/gcc/x86_64-w64-mingw32/13.1.0/../../../../lib/libmingw32.a(lib64_libmingw32_a-usermatherr.o)
 .xdata         0x000000014009b4c8        0x8 C:/msys64/ucrt64/bin/../lib/gcc/x86_64-w64-mingw32/13.1.0/../../../../lib/libmingw32.a(lib64_libmingw32_a-crt_handler.o)
 .xdata         0x000000014009b4d0       0x30 C:/msys64/ucrt64/bin/../lib/gcc/x86_64-w64-mingw32/13.1.0/../../../../lib/libmingw32.a(lib64_libmingw32_a-tlsthrd.o)
 .xdata         0x000000014009b500       0x2c C:/msys64/ucrt64/bin/../lib/gcc/x86_64-w64-mingw32/13.1.0/../../../../lib/libmingw32.a(lib64_libmingw32_a-pesect.o)
 .xdata         0x000000014009b52c        0xc C:/msys64/ucrt64/bin/../lib/gcc/x86_64-w64-mingw32/13.1.0/../../../../lib/libmsvcrt.a(lib64_libucrt_extra_a-ucrt_vprintf.o)
 .xdata         0x000000014009b538        0x8 C:/msys64/ucrt64/bin/../lib/gcc/x86_64-w64-mingw32/13.1.0/../../../../lib/libmsvcrt.a(lib64_libucrt_extra_a-ucrt_vfprintf.o)
 .xdata         0x000000014009b540        0x8 C:/msys64/ucrt64/bin/../lib/gcc/x86_64-w64-mingw32/13.1.0/../../../../lib/libmsvcrt.a(lib64_libucrt_extra_a-ucrt_fprintf.o)
 .xdata         0x000000014009b548       0x50 C:/msys64/ucrt64/bin/../lib/gcc/x86_64-w64-mingw32/13.1.0/../../../../lib/libmsvcrt.a(lib64_libucrt_extra_a-ucrtbase_compat.o)
 .xdata.startup
                0x000000014009b598        0x4 C:/msys64/ucrt64/bin/../lib/gcc/x86_64-w64-mingw32/13.1.0/crtend.o

.bss            0x000000014009c000  0x9c43e80
                0x000000014009c000                __bss_start__ = .
 *(.bss)
 .bss           0x000000014009c000       0x30 C:/msys64/ucrt64/bin/../lib/gcc/x86_64-w64-mingw32/13.1.0/../../../../lib/crt2.o
                0x000000014009c000                __mingw_module_is_dll
 .bss           0x000000014009c030        0x0 C:/msys64/ucrt64/bin/../lib/gcc/x86_64-w64-mingw32/13.1.0/crtbegin.o
 *fill*         0x000000014009c030       0x10 
 .bss           0x000000014009c040      0x520 exotique.o
                0x000000014009c040                g_exotique_interface
 .bss           0x000000014009c560  0x9c437e0 mahjong.o
                0x000000014009c560                triangles_transformed
                0x000000014009c564                meshes_transformed
                0x000000014009c568                triangles_hi_z_culled
                0x000000014009c56c                triangles_rasterized
                0x000000014009c570                zoom
                0x000000014009c574                prev_cam_radius
                0x000000014009c578                last_y_pushed
                0x000000014009c57c                last_x_pushed
                0x000000014009c580                last_right_pushed
                0x000000014009c584                last_left_pushed
                0x000000014009c588                last_a_pushed
                0x000000014009c58c                last_select_pushed
                0x000000014009c590                last_start_pushed
                0x000000014009c594                paused
                0x000000014009c598                cur_player
                0x000000014009c59c                deal_steps
                0x000000014009c5a0                frame
                0x000000014009c5a4                cur_game_state
                0x000000014009c5c0                game_board
                0x000000014009ce20                texture_mip_3_buffer
                0x00000001400bee20                texture_mip_2_buffer
                0x0000000140146e20                texture_mip_buffer
                0x0000000140366e20                texture_buffer
                0x0000000140be6e20                tile_bbox
                0x0000000140be6e40                cam_view_trans
                0x0000000140be6e64                draw_mode
                0x0000000140be6e80                mix_table
                0x0000000140bf6e80                full_light_remap_table
                0x0000000140bf8780                light_remap_table
                0x0000000140bf8818                camera_rot_y
                0x0000000140bf8820                global_tri_buffer
                0x0000000144cd2120                tiles
                0x0000000149cdad20                zbuf
                0x0000000149cded20                render_target
 .bss           0x0000000149cdfd40       0x10 C:/msys64/ucrt64/bin/../lib/gcc/x86_64-w64-mingw32/13.1.0/../../../../lib/libmingw32.a(lib64_libmingw32_a-gccmain.o)
 .bss           0x0000000149cdfd50       0x10 C:/msys64/ucrt64/bin/../lib/gcc/x86_64-w64-mingw32/13.1.0/../../../../lib/libmingw32.a(lib64_libmingw32_a-natstart.o)
                0x0000000149cdfd50                __native_startup_lock
                0x0000000149cdfd58                __native_startup_state
 .bss           0x0000000149cdfd60        0x0 C:/msys64/ucrt64/bin/../lib/gcc/x86_64-w64-mingw32/13.1.0/../../../../lib/libmingw32.a(lib64_libmingw32_a-wildcard.o)
 .bss           0x0000000149cdfd60        0x0 C:/msys64/ucrt64/bin/../lib/gcc/x86_64-w64-mingw32/13.1.0/../../../../lib/libmingw32.a(lib64_libmingw32_a-dllargv.o)
 .bss           0x0000000149cdfd60       0x10 C:/msys64/ucrt64/bin/../lib/gcc/x86_64-w64-mingw32/13.1.0/../../../../lib/libmingw32.a(lib64_libmingw32_a-_newmode.o)
                0x0000000149cdfd60                _newmode
 .bss           0x0000000149cdfd70       0x10 C:/msys64/ucrt64/bin/../lib/gcc/x86_64-w64-mingw32/13.1.0/../../../../lib/libmingw32.a(lib64_libmingw32_a-tlssup.o)
                0x0000000149cdfd70                __mingw_initltssuo_force
                0x0000000149cdfd74                __mingw_initltsdyn_force
                0x0000000149cdfd78                __mingw_initltsdrot_force
                0x0000000149cdfd7c                _tls_index
 .bss           0x0000000149cdfd80       0x10 C:/msys64/ucrt64/bin/../lib/gcc/x86_64-w64-mingw32/13.1.0/../../../../lib/libmingw32.a(lib64_libmingw32_a-xncommod.o)
                0x0000000149cdfd80                _commode
 .bss           0x0000000149cdfd90        0x0 C:/msys64/ucrt64/bin/../lib/gcc/x86_64-w64-mingw32/13.1.0/../../../../lib/libmingw32.a(lib64_libmingw32_a-cinitexe.o)
 .bss           0x0000000149cdfd90        0x0 C:/msys64/ucrt64/bin/../lib/gcc/x86_64-w64-mingw32/13.1.0/../../../../lib/libmingw32.a(lib64_libmingw32_a-merr.o)
 .bss           0x0000000149cdfd90        0x0 C:/msys64/ucrt64/bin/../lib/gcc/x86_64-w64-mingw32/13.1.0/../../../../lib/libmingw32.a(lib64_libmingw32_a-CRT_fp10.o)
 .bss           0x0000000149cdfd90       0x10 C:/msys64/ucrt64/bin/../lib/gcc/x86_64-w64-mingw32/13.1.0/../../../../lib/libmingw32.a(lib64_libmingw32_a-mingw_helpers.o)
                0x0000000149cdfd90                __mingw_app_type
 .bss           0x0000000149cdfda0       0x10 C:/msys64/ucrt64/bin/../lib/gcc/x86_64-w64-mingw32/13.1.0/../../../../lib/libmingw32.a(lib64_libmingw32_a-pseudo-reloc.o)
 .bss           0x0000000149cdfdb0       0x10 C:/msys64/ucrt64/bin/../lib/gcc/x86_64-w64-mingw32/13.1.0/../../../../lib/libmingw32.a(lib64_libmingw32_a-usermatherr.o)
 .bss           0x0000000149cdfdc0       0x10 C:/msys64/ucrt64/bin/../lib/gcc/x86_64-w64-mingw32/13.1.0/../../../../lib/libmingw32.a(lib64_libmingw32_a-xtxtmode.o)
                0x0000000149cdfdc0                _fmode
 .bss           0x0000000149cdfdd0       0x10 C:/msys64/ucrt64/bin/../lib/gcc/x86_64-w64-mingw32/13.1.0/../../../../lib/libmingw32.a(lib64_libmingw32_a-crt_handler.o)
                0x0000000149cdfdd0                __mingw_oldexcpt_handler
 .bss           0x0000000149cdfde0       0x60 C:/msys64/ucrt64/bin/../lib/gcc/x86_64-w64-mingw32/13.1.0/../../../../lib/libmingw32.a(lib64_libmingw32_a-tlsthrd.o)
 .bss           0x0000000149cdfe40        0x0 C:/msys64/ucrt64/bin/../lib/gcc/x86_64-w64-mingw32/13.1.0/../../../../lib/libmingw32.a(lib64_libmingw32_a-tlsmcrt.o)
 .bss           0x0000000149cdfe40       0x10 C:/msys64/ucrt64/bin/../lib/gcc/x86_64-w64-mingw32/13.1.0/../../../../lib/libmingw32.a(lib64_libmingw32_a-pseudo-reloc-list.o)
 .bss           0x0000000149cdfe50        0x0 C:/msys64/ucrt64/bin/../lib/gcc/x86_64-w64-mingw32/13.1.0/../../../../lib/libmingw32.a(lib64_libmingw32_a-pesect.o)
 .bss           0x0000000149cdfe50        0x0 C:/msys64/ucrt64/bin/../lib/gcc/x86_64-w64-mingw32/13.1.0/libgcc.a(_chkstk_ms.o)
 .bss           0x0000000149cdfe50       0x20 C:/msys64/ucrt64/bin/../lib/gcc/x86_64-w64-mingw32/13.1.0/libgcc.a(_ctors.o)
 .bss           0x0000000149cdfe70        0x0 C:/msys64/ucrt64/bin/../lib/gcc/x86_64-w64-mingw32/13.1.0/../../../../lib/libmingwex.a(lib64_libmingwex_a-mingw_matherr.o)
 .bss           0x0000000149cdfe70        0x0 C:/msys64/ucrt64/bin/../lib/gcc/x86_64-w64-mingw32/13.1.0/../../../../lib/libmsvcrt.a(lib64_libucrt_extra_a-ucrt_vprintf.o)
 .bss           0x0000000149cdfe70        0x0 C:/msys64/ucrt64/bin/../lib/gcc/x86_64-w64-mingw32/13.1.0/../../../../lib/libmsvcrt.a(lib64_libucrt_extra_a-ucrt_vfprintf.o)
 .bss           0x0000000149cdfe70        0x0 C:/msys64/ucrt64/bin/../lib/gcc/x86_64-w64-mingw32/13.1.0/../../../../lib/libmsvcrt.a(lib64_libucrt_extra_a-ucrt_fprintf.o)
 .bss           0x0000000149cdfe70       0x10 C:/msys64/ucrt64/bin/../lib/gcc/x86_64-w64-mingw32/13.1.0/../../../../lib/libmsvcrt.a(lib64_libucrt_extra_a-__initenv.o)
 .bss           0x0000000149cdfe80        0x0 C:/msys64/ucrt64/bin/../lib/gcc/x86_64-w64-mingw32/13.1.0/../../../../lib/libmsvcrt.a(lib64_libucrt_extra_a-ucrtbase_compat.o)
 .bss           0x0000000149cdfe80        0x0 C:/msys64/ucrt64/bin/../lib/gcc/x86_64-w64-mingw32/13.1.0/../../../../lib/libmsvcrt.a(libapi-ms-win-crt-time-l1-1-0s00008.o)
 .bss           0x0000000149cdfe80        0x0 C:/msys64/ucrt64/bin/../lib/gcc/x86_64-w64-mingw32/13.1.0/../../../../lib/libmsvcrt.a(libapi-ms-win-crt-time-l1-1-0s00010.o)
 .bss           0x0000000149cdfe80        0x0 C:/msys64/ucrt64/bin/../lib/gcc/x86_64-w64-mingw32/13.1.0/../../../../lib/libmsvcrt.a(libapi-ms-win-crt-time-l1-1-0s00011.o)
 .bss           0x0000000149cdfe80        0x0 C:/msys64/ucrt64/bin/../lib/gcc/x86_64-w64-mingw32/13.1.0/../../../../lib/libmsvcrt.a(libapi-ms-win-crt-time-l1-1-0s00058.o)
 .bss           0x0000000149cdfe80        0x0 C:/msys64/ucrt64/bin/../lib/gcc/x86_64-w64-mingw32/13.1.0/../../../../lib/libmsvcrt.a(libapi-ms-win-crt-time-l1-1-0h.o)
 .bss           0x0000000149cdfe80        0x0 C:/msys64/ucrt64/bin/../lib/gcc/x86_64-w64-mingw32/13.1.0/../../../../lib/libmsvcrt.a(libapi-ms-win-crt-time-l1-1-0t.o)
 .bss           0x0000000149cdfe80        0x0 C:/msys64/ucrt64/bin/../lib/gcc/x86_64-w64-mingw32/13.1.0/../../../../lib/libmsvcrt.a(libapi-ms-win-crt-string-l1-1-0s00167.o)
 .bss           0x0000000149cdfe80        0x0 C:/msys64/ucrt64/bin/../lib/gcc/x86_64-w64-mingw32/13.1.0/../../../../lib/libmsvcrt.a(libapi-ms-win-crt-string-l1-1-0s00170.o)
 .bss           0x0000000149cdfe80        0x0 C:/msys64/ucrt64/bin/../lib/gcc/x86_64-w64-mingw32/13.1.0/../../../../lib/libmsvcrt.a(libapi-ms-win-crt-string-l1-1-0h.o)
 .bss           0x0000000149cdfe80        0x0 C:/msys64/ucrt64/bin/../lib/gcc/x86_64-w64-mingw32/13.1.0/../../../../lib/libmsvcrt.a(libapi-ms-win-crt-string-l1-1-0t.o)
 .bss           0x0000000149cdfe80        0x0 C:/msys64/ucrt64/bin/../lib/gcc/x86_64-w64-mingw32/13.1.0/../../../../lib/libmsvcrt.a(libapi-ms-win-crt-stdio-l1-1-0s00000.o)
 .bss           0x0000000149cdfe80        0x0 C:/msys64/ucrt64/bin/../lib/gcc/x86_64-w64-mingw32/13.1.0/../../../../lib/libmsvcrt.a(libapi-ms-win-crt-stdio-l1-1-0s00001.o)
 .bss           0x0000000149cdfe80        0x0 C:/msys64/ucrt64/bin/../lib/gcc/x86_64-w64-mingw32/13.1.0/../../../../lib/libmsvcrt.a(libapi-ms-win-crt-stdio-l1-1-0s00002.o)
 .bss           0x0000000149cdfe80        0x0 C:/msys64/ucrt64/bin/../lib/gcc/x86_64-w64-mingw32/13.1.0/../../../../lib/libmsvcrt.a(libapi-ms-win-crt-stdio-l1-1-0s00003.o)
 .bss           0x0000000149cdfe80        0x0 C:/msys64/ucrt64/bin/../lib/gcc/x86_64-w64-mingw32/13.1.0/../../../../lib/libmsvcrt.a(libapi-ms-win-crt-stdio-l1-1-0s00007.o)
 .bss           0x0000000149cdfe80        0x0 C:/msys64/ucrt64/bin/../lib/gcc/x86_64-w64-mingw32/13.1.0/../../../../lib/libmsvcrt.a(libapi-ms-win-crt-stdio-l1-1-0s00168.o)
 .bss           0x0000000149cdfe80        0x0 C:/msys64/ucrt64/bin/../lib/gcc/x86_64-w64-mingw32/13.1.0/../../../../lib/libmsvcrt.a(libapi-ms-win-crt-stdio-l1-1-0h.o)
 .bss           0x0000000149cdfe80        0x0 C:/msys64/ucrt64/bin/../lib/gcc/x86_64-w64-mingw32/13.1.0/../../../../lib/libmsvcrt.a(libapi-ms-win-crt-stdio-l1-1-0t.o)
 .bss           0x0000000149cdfe80        0x0 C:/msys64/ucrt64/bin/../lib/gcc/x86_64-w64-mingw32/13.1.0/../../../../lib/libmsvcrt.a(libapi-ms-win-crt-runtime-l1-1-0s00004.o)
 .bss           0x0000000149cdfe80        0x0 C:/msys64/ucrt64/bin/../lib/gcc/x86_64-w64-mingw32/13.1.0/../../../../lib/libmsvcrt.a(libapi-ms-win-crt-runtime-l1-1-0s00005.o)
 .bss           0x0000000149cdfe80        0x0 C:/msys64/ucrt64/bin/../lib/gcc/x86_64-w64-mingw32/13.1.0/../../../../lib/libmsvcrt.a(libapi-ms-win-crt-runtime-l1-1-0s00006.o)
 .bss           0x0000000149cdfe80        0x0 C:/msys64/ucrt64/bin/../lib/gcc/x86_64-w64-mingw32/13.1.0/../../../../lib/libmsvcrt.a(libapi-ms-win-crt-runtime-l1-1-0s00022.o)
 .bss           0x0000000149cdfe80        0x0 C:/msys64/ucrt64/bin/../lib/gcc/x86_64-w64-mingw32/13.1.0/../../../../lib/libmsvcrt.a(libapi-ms-win-crt-runtime-l1-1-0s00024.o)
 .bss           0x0000000149cdfe80        0x0 C:/msys64/ucrt64/bin/../lib/gcc/x86_64-w64-mingw32/13.1.0/../../../../lib/libmsvcrt.a(libapi-ms-win-crt-runtime-l1-1-0s00025.o)
 .bss           0x0000000149cdfe80        0x0 C:/msys64/ucrt64/bin/../lib/gcc/x86_64-w64-mingw32/13.1.0/../../../../lib/libmsvcrt.a(libapi-ms-win-crt-runtime-l1-1-0s00029.o)
 .bss           0x0000000149cdfe80        0x0 C:/msys64/ucrt64/bin/../lib/gcc/x86_64-w64-mingw32/13.1.0/../../../../lib/libmsvcrt.a(libapi-ms-win-crt-runtime-l1-1-0s00030.o)
 .bss           0x0000000149cdfe80        0x0 C:/msys64/ucrt64/bin/../lib/gcc/x86_64-w64-mingw32/13.1.0/../../../../lib/libmsvcrt.a(libapi-ms-win-crt-runtime-l1-1-0s00036.o)
 .bss           0x0000000149cdfe80        0x0 C:/msys64/ucrt64/bin/../lib/gcc/x86_64-w64-mingw32/13.1.0/../../../../lib/libmsvcrt.a(libapi-ms-win-crt-runtime-l1-1-0s00053.o)
 .bss           0x0000000149cdfe80        0x0 C:/msys64/ucrt64/bin/../lib/gcc/x86_64-w64-mingw32/13.1.0/../../../../lib/libmsvcrt.a(libapi-ms-win-crt-runtime-l1-1-0s00055.o)
 .bss           0x0000000149cdfe80        0x0 C:/msys64/ucrt64/bin/../lib/gcc/x86_64-w64-mingw32/13.1.0/../../../../lib/libmsvcrt.a(libapi-ms-win-crt-runtime-l1-1-0s00056.o)
 .bss           0x0000000149cdfe80        0x0 C:/msys64/ucrt64/bin/../lib/gcc/x86_64-w64-mingw32/13.1.0/../../../../lib/libmsvcrt.a(libapi-ms-win-crt-runtime-l1-1-0s00068.o)
 .bss           0x0000000149cdfe80        0x0 C:/msys64/ucrt64/bin/../lib/gcc/x86_64-w64-mingw32/13.1.0/../../../../lib/libmsvcrt.a(libapi-ms-win-crt-runtime-l1-1-0s00074.o)
 .bss           0x0000000149cdfe80        0x0 C:/msys64/ucrt64/bin/../lib/gcc/x86_64-w64-mingw32/13.1.0/../../../../lib/libmsvcrt.a(libapi-ms-win-crt-runtime-l1-1-0s00087.o)
 .bss           0x0000000149cdfe80        0x0 C:/msys64/ucrt64/bin/../lib/gcc/x86_64-w64-mingw32/13.1.0/../../../../lib/libmsvcrt.a(libapi-ms-win-crt-runtime-l1-1-0s00088.o)
 .bss           0x0000000149cdfe80        0x0 C:/msys64/ucrt64/bin/../lib/gcc/x86_64-w64-mingw32/13.1.0/../../../../lib/libmsvcrt.a(libapi-ms-win-crt-runtime-l1-1-0s00102.o)
 .bss           0x0000000149cdfe80        0x0 C:/msys64/ucrt64/bin/../lib/gcc/x86_64-w64-mingw32/13.1.0/../../../../lib/libmsvcrt.a(libapi-ms-win-crt-runtime-l1-1-0h.o)
 .bss           0x0000000149cdfe80        0x0 C:/msys64/ucrt64/bin/../lib/gcc/x86_64-w64-mingw32/13.1.0/../../../../lib/libmsvcrt.a(libapi-ms-win-crt-runtime-l1-1-0t.o)
 .bss           0x0000000149cdfe80        0x0 C:/msys64/ucrt64/bin/../lib/gcc/x86_64-w64-mingw32/13.1.0/../../../../lib/libmsvcrt.a(libapi-ms-win-crt-private-l1-1-0s00015.o)
 .bss           0x0000000149cdfe80        0x0 C:/msys64/ucrt64/bin/../lib/gcc/x86_64-w64-mingw32/13.1.0/../../../../lib/libmsvcrt.a(libapi-ms-win-crt-private-l1-1-0s01143.o)
 .bss           0x0000000149cdfe80        0x0 C:/msys64/ucrt64/bin/../lib/gcc/x86_64-w64-mingw32/13.1.0/../../../../lib/libmsvcrt.a(libapi-ms-win-crt-private-l1-1-0h.o)
 .bss           0x0000000149cdfe80        0x0 C:/msys64/ucrt64/bin/../lib/gcc/x86_64-w64-mingw32/13.1.0/../../../../lib/libmsvcrt.a(libapi-ms-win-crt-private-l1-1-0t.o)
 .bss           0x0000000149cdfe80        0x0 C:/msys64/ucrt64/bin/../lib/gcc/x86_64-w64-mingw32/13.1.0/../../../../lib/libmsvcrt.a(libapi-ms-win-crt-math-l1-1-0s00009.o)
 .bss           0x0000000149cdfe80        0x0 C:/msys64/ucrt64/bin/../lib/gcc/x86_64-w64-mingw32/13.1.0/../../../../lib/libmsvcrt.a(libapi-ms-win-crt-math-l1-1-0h.o)